Initialized native services in: C:\Users\NMS-PC\.gradle\native
Initialized jansi services in: C:\Users\NMS-PC\.gradle\native
The client will now receive all logging from the daemon (pid: 10128). The daemon log file: C:\Users\NMS-PC\.gradle\daemon\8.13\daemon-10128.out.log
Starting 3rd build in daemon [uptime: 2 mins 25.402 secs, performance: 99%, GC rate: 0.00/s, heap usage: 0% of 2 GiB]
Using 4 worker leases.
Now considering [D:\LUXPRO] as hierarchies to watch
Watching the file system is configured to be enabled if available
File system watching is active
Starting Build
Settings evaluated using settings file 'D:\LUXPRO\settings.gradle.kts'.
Projects loaded. Root project using build file 'D:\LUXPRO\build.gradle.kts'.
Included projects: [root project 'LUX_PRO', project ':app']

> Configure project :
Evaluating root project 'LUX_PRO' using build file 'D:\LUXPRO\build.gradle.kts'.
Resolved plugin [id: 'com.android.application', version: '8.13.2', apply: false]
Resolved plugin [id: 'com.android.library', version: '8.13.2', apply: false]
Resolved plugin [id: 'org.jetbrains.kotlin.android', version: '1.9.22', apply: false]
Resolved plugin [id: 'com.google.gms.google-services', version: '4.4.1', apply: false]
Resolved plugin [id: 'com.google.firebase.crashlytics', version: '2.9.9', apply: false]

> Configure project :app
Evaluating project ':app' using build file 'D:\LUXPRO\app\build.gradle.kts'.
Resolved plugin [id: 'com.android.application']
Resolved plugin [id: 'org.jetbrains.kotlin.android']
Resolved plugin [id: 'com.google.gms.google-services']
Resolved plugin [id: 'com.google.firebase.crashlytics']
Using default execution profile
Using Kotlin Gradle Plugin gradle82 variant
C/C++: android.ndkVersion from module build.gradle is [27.0.12077973]
C/C++: android.ndkPath from module build.gradle is not set
C/C++: ndk.dir in local.properties is not set
C/C++: Not considering ANDROID_NDK_HOME because support was removed after deprecation period.
C/C++: sdkFolder is C:\Users\NMS-PC\AppData\Local\Android\Sdk
C/C++: android.ndkVersion from module build.gradle is [27.0.12077973]
C/C++: android.ndkPath from module build.gradle is not set
C/C++: ndk.dir in local.properties is not set
C/C++: Not considering ANDROID_NDK_HOME because support was removed after deprecation period.
C/C++: sdkFolder is C:\Users\NMS-PC\AppData\Local\Android\Sdk
C/C++: android.ndkVersion from module build.gradle is [27.0.12077973]
C/C++: android.ndkPath from module build.gradle is not set
C/C++: ndk.dir in local.properties is not set
C/C++: Not considering ANDROID_NDK_HOME because support was removed after deprecation period.
C/C++: sdkFolder is C:\Users\NMS-PC\AppData\Local\Android\Sdk
C/C++: android.ndkVersion from module build.gradle is [27.0.12077973]
C/C++: android.ndkPath from module build.gradle is not set
C/C++: ndk.dir in local.properties is not set
C/C++: Not considering ANDROID_NDK_HOME because support was removed after deprecation period.
C/C++: sdkFolder is C:\Users\NMS-PC\AppData\Local\Android\Sdk
C/C++: android.ndkVersion from module build.gradle is [27.0.12077973]
C/C++: android.ndkPath from module build.gradle is not set
C/C++: ndk.dir in local.properties is not set
C/C++: Not considering ANDROID_NDK_HOME because support was removed after deprecation period.
C/C++: sdkFolder is C:\Users\NMS-PC\AppData\Local\Android\Sdk
C/C++: android.ndkVersion from module build.gradle is [27.0.12077973]
C/C++: android.ndkPath from module build.gradle is not set
C/C++: ndk.dir in local.properties is not set
C/C++: Not considering ANDROID_NDK_HOME because support was removed after deprecation period.
C/C++: sdkFolder is C:\Users\NMS-PC\AppData\Local\Android\Sdk
C/C++: android.ndkVersion from module build.gradle is [27.0.12077973]
C/C++: android.ndkPath from module build.gradle is not set
C/C++: ndk.dir in local.properties is not set
C/C++: Not considering ANDROID_NDK_HOME because support was removed after deprecation period.
C/C++: sdkFolder is C:\Users\NMS-PC\AppData\Local\Android\Sdk
C/C++: android.ndkVersion from module build.gradle is [27.0.12077973]
C/C++: android.ndkPath from module build.gradle is not set
C/C++: ndk.dir in local.properties is not set
C/C++: Not considering ANDROID_NDK_HOME because support was removed after deprecation period.
C/C++: sdkFolder is C:\Users\NMS-PC\AppData\Local\Android\Sdk
C/C++: android.ndkVersion from module build.gradle is [27.0.12077973]
C/C++: android.ndkPath from module build.gradle is not set
C/C++: ndk.dir in local.properties is not set
C/C++: Not considering ANDROID_NDK_HOME because support was removed after deprecation period.
C/C++: sdkFolder is C:\Users\NMS-PC\AppData\Local\Android\Sdk
C/C++: android.ndkVersion from module build.gradle is [27.0.12077973]
C/C++: android.ndkPath from module build.gradle is not set
C/C++: ndk.dir in local.properties is not set
C/C++: Not considering ANDROID_NDK_HOME because support was removed after deprecation period.
C/C++: sdkFolder is C:\Users\NMS-PC\AppData\Local\Android\Sdk
C/C++: android.ndkVersion from module build.gradle is [27.0.12077973]
C/C++: android.ndkPath from module build.gradle is not set
C/C++: ndk.dir in local.properties is not set
C/C++: Not considering ANDROID_NDK_HOME because support was removed after deprecation period.
C/C++: sdkFolder is C:\Users\NMS-PC\AppData\Local\Android\Sdk
C/C++: android.ndkVersion from module build.gradle is [27.0.12077973]
C/C++: android.ndkPath from module build.gradle is not set
C/C++: ndk.dir in local.properties is not set
C/C++: Not considering ANDROID_NDK_HOME because support was removed after deprecation period.
C/C++: sdkFolder is C:\Users\NMS-PC\AppData\Local\Android\Sdk
C/C++: android.ndkVersion from module build.gradle is [27.0.12077973]
C/C++: android.ndkPath from module build.gradle is not set
C/C++: ndk.dir in local.properties is not set
C/C++: Not considering ANDROID_NDK_HOME because support was removed after deprecation period.
C/C++: sdkFolder is C:\Users\NMS-PC\AppData\Local\Android\Sdk
strippedNativeLibsDir is deprecated and no longer used. Please remove it from your build configuration.
strippedNativeLibsDir is deprecated and no longer used. Please remove it from your build configuration.
All projects evaluated.
Task name matched 'assembleDebug'
Selected primary task 'assembleDebug' from project :
Tasks to be executed: [task ':app:preBuild', task ':app:preDebugBuild', task ':app:mergeDebugNativeDebugMetadata', task ':app:checkKotlinGradlePluginConfigurationErrors', task ':app:dataBindingMergeDependencyArtifactsDebug', task ':app:generateDebugResValues', task ':app:generateDebugResources', task ':app:configureCMakeDebug[arm64-v8a]', task ':app:buildCMakeDebug[arm64-v8a]', task ':app:mergeDebugJniLibFolders', task ':app:mergeDebugNativeLibs', task ':app:stripDebugDebugSymbols', task ':app:injectCrashlyticsBuildIdsDebug', task ':app:injectCrashlyticsMappingFileIdDebug', task ':app:processDebugGoogleServices', task ':app:mergeDebugResources', task ':app:packageDebugResources', task ':app:processDebugNavigationResources', task ':app:parseDebugLocalResources', task ':app:dataBindingGenBaseClassesDebug', task ':app:generateDebugBuildConfig', task ':app:checkDebugAarMetadata', task ':app:compileDebugNavigationResources', task ':app:mapDebugSourceSetPaths', task ':app:createDebugCompatibleScreenManifests', task ':app:extractDeepLinksDebug', task ':app:processDebugMainManifest', task ':app:processDebugManifest', task ':app:processDebugManifestForPackage', task ':app:processDebugResources', task ':app:compileDebugKotlin', task ':app:javaPreCompileDebug', task ':app:compileDebugJavaWithJavac', task ':app:mergeDebugShaders', task ':app:compileDebugShaders', task ':app:generateDebugAssets', task ':app:mergeDebugAssets', task ':app:compressDebugAssets', task ':app:processDebugJavaRes', task ':app:mergeDebugJavaResource', task ':app:checkDebugDuplicateClasses', task ':app:desugarDebugFileDependencies', task ':app:mergeExtDexDebug', task ':app:mergeLibDexDebug', task ':app:dexBuilderDebug', task ':app:mergeProjectDexDebug', task ':app:validateSigningDebug', task ':app:writeDebugAppMetadata', task ':app:writeDebugSigningConfigVersions', task ':app:packageDebug', task ':app:createDebugApkListingFileRedirect', task ':app:assembleDebug']
Tasks that were excluded: []
Resolve mutations for :app:preBuild (Thread[included builds,5,main]) started.
:app:preBuild (Thread[included builds,5,main]) started.

> Task :app:preBuild UP-TO-DATE
Skipping task ':app:preBuild' as it has no actions.
Resolve mutations for :app:preDebugBuild (Thread[included builds,5,main]) started.
:app:preDebugBuild (Thread[included builds,5,main]) started.

> Task :app:preDebugBuild UP-TO-DATE
Skipping task ':app:preDebugBuild' as it has no actions.
Resolve mutations for :app:mergeDebugNativeDebugMetadata (Thread[included builds,5,main]) started.
:app:mergeDebugNativeDebugMetadata (Thread[included builds,5,main]) started.

> Task :app:mergeDebugNativeDebugMetadata NO-SOURCE
Skipping task ':app:mergeDebugNativeDebugMetadata' as it has no source files and no previous output files.
Resolve mutations for :app:checkKotlinGradlePluginConfigurationErrors (Thread[included builds,5,main]) started.
:app:checkKotlinGradlePluginConfigurationErrors (Thread[included builds,5,main]) started.

> Task :app:checkKotlinGradlePluginConfigurationErrors
Caching disabled for task ':app:checkKotlinGradlePluginConfigurationErrors' because:
  Build cache is disabled
Task ':app:checkKotlinGradlePluginConfigurationErrors' is not up-to-date because:
  Task has not declared any outputs despite executing actions.
Resolve mutations for :app:dataBindingMergeDependencyArtifactsDebug (Thread[included builds,5,main]) started.
:app:dataBindingMergeDependencyArtifactsDebug (Thread[included builds,5,main]) started.

> Task :app:dataBindingMergeDependencyArtifactsDebug UP-TO-DATE
Registered task dependencies: app:debugCompileClasspath
Skipping misunderstood TO dep string: com.google.firebase:firebase-auth
Skipping misunderstood TO dep string: com.google.firebase:firebase-database
Skipping misunderstood TO dep string: com.google.firebase:firebase-storage
Skipping misunderstood TO dep string: com.google.firebase:firebase-analytics
Skipping misunderstood TO dep string: com.squareup.okhttp3:okhttp
Starting dependency analysis
Caching disabled for task ':app:dataBindingMergeDependencyArtifactsDebug' because:
  Build cache is disabled
  Caching has been disabled for the task
Skipping task ':app:dataBindingMergeDependencyArtifactsDebug' as it is up-to-date.
Resolve mutations for :app:generateDebugResValues (Thread[included builds,5,main]) started.
:app:generateDebugResValues (Thread[included builds,5,main]) started.

> Task :app:generateDebugResValues UP-TO-DATE
Caching disabled for task ':app:generateDebugResValues' because:
  Build cache is disabled
Skipping task ':app:generateDebugResValues' as it is up-to-date.
Resolve mutations for :app:generateDebugResources (Thread[included builds,5,main]) started.
:app:generateDebugResources (Thread[included builds,5,main]) started.

> Task :app:generateDebugResources UP-TO-DATE
Caching disabled for task ':app:generateDebugResources' because:
  Build cache is disabled
Skipping task ':app:generateDebugResources' as it is up-to-date.
Resolve mutations for :app:configureCMakeDebug[arm64-v8a] (Thread[included builds,5,main]) started.
:app:configureCMakeDebug[arm64-v8a] (Thread[included builds,5,main]) started.

> Task :app:configureCMakeDebug[arm64-v8a]
Caching disabled for task ':app:configureCMakeDebug[arm64-v8a]' because:
  Build cache is disabled
  Caching has been disabled for the task
Task ':app:configureCMakeDebug[arm64-v8a]' is not up-to-date because:
  Task.upToDateWhen is false.
C/C++: D:\LUXPRO\app\src\main\cpp\CMakeLists.txt debug|arm64-v8a : Start JSON generation. Platform version: 24 min SDK version: arm64-v8a
C/C++: D:\LUXPRO\app\src\main\cpp\CMakeLists.txt debug|arm64-v8a : JSON 'D:\LUXPRO\app\.cxx\Debug\2m1o5169\arm64-v8a\android_gradle_build.json' was up-to-date
C/C++: D:\LUXPRO\app\src\main\cpp\CMakeLists.txt debug|arm64-v8a : JSON generation completed without problems
C/C++: D:\LUXPRO\app\src\main\cpp\CMakeLists.txt debug|arm64-v8a : Writing build model to D:\LUXPRO\app\build\intermediates\cxx\Debug\2m1o5169\logs\arm64-v8a\build_model.json
Resolve mutations for :app:buildCMakeDebug[arm64-v8a] (Thread[included builds,5,main]) started.
:app:buildCMakeDebug[arm64-v8a] (Thread[included builds,5,main]) started.

> Task :app:buildCMakeDebug[arm64-v8a]
Caching disabled for task ':app:buildCMakeDebug[arm64-v8a]' because:
  Build cache is disabled
  Caching has been disabled for the task
Task ':app:buildCMakeDebug[arm64-v8a]' is not up-to-date because:
  Task.upToDateWhen is false.
C/C++: starting build
C/C++: reading expected JSONs
C/C++: done reading expected JSONs
C/C++: executing build commands for targets that produce .so files or executables
C/C++: evaluate miniconfig
C/C++: evaluate library LUXPRO (arm64-v8a)
C/C++: building target library LUXPRO because no targets are specified.
C/C++: about to build targets LUXPRO
C/C++: Build LUXPRO
C/C++: @echo off
"C:\\Users\\NMS-PC\\AppData\\Local\\Android\\Sdk\\cmake\\3.22.1\\bin\\ninja.exe" ^
  -C ^
  "D:\\LUXPRO\\app\\.cxx\\Debug\\2m1o5169\\arm64-v8a" ^
  LUXPRO

Starting process 'command 'C:\Users\NMS-PC\AppData\Local\Android\Sdk\cmake\3.22.1\bin\ninja.exe''. Working directory: D:\LUXPRO\app Command: C:\Users\NMS-PC\AppData\Local\Android\Sdk\cmake\3.22.1\bin\ninja.exe -C D:\LUXPRO\app\.cxx\Debug\2m1o5169\arm64-v8a LUXPRO
Successfully started process 'command 'C:\Users\NMS-PC\AppData\Local\Android\Sdk\cmake\3.22.1\bin\ninja.exe''
C/C++: ninja: Entering directory `D:\LUXPRO\app\.cxx\Debug\2m1o5169\arm64-v8a'
C/C++: C:\Users\NMS-PC\AppData\Local\Android\Sdk\ndk\27.0.12077973\toolchains\llvm\prebuilt\windows-x86_64\bin\clang++.exe --target=aarch64-none-linux-android24 --sysroot=C:/Users/NMS-PC/AppData/Local/Android/Sdk/ndk/27.0.12077973/toolchains/llvm/prebuilt/windows-x86_64/sysroot -DLUXPRO_EXPORTS -ID:/LUXPRO/app/src/main/cpp -ID:/LUXPRO/app/src/main/cpp/imgui -ID:/LUXPRO/app/src/main/cpp/imgui/backends -isystem C:/Users/NMS-PC/.gradle/caches/8.13/transforms/204006710edd097c9261c3772653ad02/transformed/shadowhook-1.0.9/prefab/modules/shadowhook/include -g -DANDROID -fdata-sections -ffunction-sections -funwind-tables -fstack-protector-strong -no-canonical-prefixes -D_FORTIFY_SOURCE=2 -Wformat -Werror=format-security  -std=c++17 -fno-limit-debug-info  -fPIC -MD -MT CMakeFiles/LUXPRO.dir/core/bot_automation.cpp.o -MF CMakeFiles\LUXPRO.dir\core\bot_automation.cpp.o.d -o CMakeFiles/LUXPRO.dir/core/bot_automation.cpp.o -c D:/LUXPRO/app/src/main/cpp/core/bot_automation.cpp
C/C++: D:/LUXPRO/app/src/main/cpp/core/bot_automation.cpp:49:21: error: use of undeclared identifier 'JniBridge'
C/C++:    49 |                     JniBridge::injectMotionEvent(0, 500.0f, 250.0f); // ACTION_DOWN
C/C++:       |                     ^
C/C++: D:/LUXPRO/app/src/main/cpp/core/bot_automation.cpp:51:21: error: use of undeclared identifier 'JniBridge'
C/C++:    51 |                     JniBridge::injectMotionEvent(2, 510.0f, 300.0f); // ACTION_MOVE
C/C++:       |                     ^
C/C++: D:/LUXPRO/app/src/main/cpp/core/bot_automation.cpp:53:21: error: use of undeclared identifier 'JniBridge'
C/C++:    53 |                     JniBridge::injectMotionEvent(1, 480.0f, 100.0f); // ACTION_UP
C/C++:       |                     ^
C/C++: 3 errors generated.
C/C++: C:\Users\NMS-PC\AppData\Local\Android\Sdk\ndk\27.0.12077973\toolchains\llvm\prebuilt\windows-x86_64\bin\clang++.exe --target=aarch64-none-linux-android24 --sysroot=C:/Users/NMS-PC/AppData/Local/Android/Sdk/ndk/27.0.12077973/toolchains/llvm/prebuilt/windows-x86_64/sysroot -DLUXPRO_EXPORTS -ID:/LUXPRO/app/src/main/cpp -ID:/LUXPRO/app/src/main/cpp/imgui -ID:/LUXPRO/app/src/main/cpp/imgui/backends -isystem C:/Users/NMS-PC/.gradle/caches/8.13/transforms/204006710edd097c9261c3772653ad02/transformed/shadowhook-1.0.9/prefab/modules/shadowhook/include -g -DANDROID -fdata-sections -ffunction-sections -funwind-tables -fstack-protector-strong -no-canonical-prefixes -D_FORTIFY_SOURCE=2 -Wformat -Werror=format-security  -std=c++17 -fno-limit-debug-info  -fPIC -MD -MT CMakeFiles/LUXPRO.dir/core/jni_bridge.cpp.o -MF CMakeFiles\LUXPRO.dir\core\jni_bridge.cpp.o.d -o CMakeFiles/LUXPRO.dir/core/jni_bridge.cpp.o -c D:/LUXPRO/app/src/main/cpp/core/jni_bridge.cpp
C/C++: D:/LUXPRO/app/src/main/cpp/core/jni_bridge.cpp:329:37: error: no type named 'setPhantomState' in 'LuxSecurity::GhostProtocol'
C/C++:   329 |         LuxSecurity::GhostProtocol::setPhantomState(enabled);
C/C++:       |         ~~~~~~~~~~~~~~~~~~~~~~~~~~~~^
C/C++: D:/LUXPRO/app/src/main/cpp/core/jni_bridge.cpp:334:33: error: no type named 'setWinSequence' in 'LuxCore::BotAutomation'
C/C++:   334 |         LuxCore::BotAutomation::setWinSequence(enabled);
C/C++:       |         ~~~~~~~~~~~~~~~~~~~~~~~~^
C/C++: D:/LUXPRO/app/src/main/cpp/core/jni_bridge.cpp:339:18: error: no member named 'CoreEngine' in namespace 'LuxCore'
C/C++:   339 |         LuxCore::CoreEngine::setTimeSpeed(scale);
C/C++:       |         ~~~~~~~~~^
C/C++: D:/LUXPRO/app/src/main/cpp/core/jni_bridge.cpp:353:50: error: 'currentFocusTable' is a private member of 'LuxSecurity::Sentinel'
C/C++:   353 |         return (jboolean)(LuxSecurity::Sentinel::currentFocusTable != -2); 
C/C++:       |                                                  ^
C/C++: D:/LUXPRO/app/src/main/cpp/core/sentinel.hpp:39:20: note: declared private here
C/C++:    39 |         static int currentFocusTable;
C/C++:       |                    ^
C/C++: 4 errors generated.
C/C++: Received process result: 1

> Task :app:buildCMakeDebug[arm64-v8a] FAILED
./gradlew : 
At line:1 char:55
+ ... \jdk-17.0.18"; ./gradlew assembleDebug --info > build_output.txt 2>&1
+                    ~~~~~~~~~~~~~~~~~~~~~~~~~~~~~~~~~~~~~~~~~~~~~~~~~~~~~~
    + CategoryInfo          : NotSpecified: (:String) [], RemoteException
    + FullyQualifiedErrorId : NativeCommandError
 
FAILURE: Build failed with an exception.

* What went wrong:
Execution failed for task ':app:buildCMakeDebug[arm64-v8a]'.
> com.android.ide.common.process.ProcessException: ninja: Entering directory 
`D:\LUXPRO\app\.cxx\Debug\2m1o5169\arm64-v8a'
  [1/18] Building CXX object CMakeFiles/LUXPRO.dir/security/anti_telemetry.cpp.o
  [2/18] Building CXX object CMakeFiles/LUXPRO.dir/vfx/vfx_shader.cpp.o
  [3/18] Building CXX object CMakeFiles/LUXPRO.dir/security/crypto_layer.cpp.o
  [4/18] Building CXX object CMakeFiles/LUXPRO.dir/core/bot_automation.cpp.o
  FAILED: CMakeFiles/LUXPRO.dir/core/bot_automation.cpp.o 
  C:\Users\NMS-PC\AppData\Local\Android\Sdk\ndk\27.0.12077973\toolchains\llvm\prebuilt\windows-x86_64\bin\clang++.exe 
--target=aarch64-none-linux-android24 
--sysroot=C:/Users/NMS-PC/AppData/Local/Android/Sdk/ndk/27.0.12077973/toolchains/llvm/prebuilt/windows-x86_64/sysroot 
-DLUXPRO_EXPORTS -ID:/LUXPRO/app/src/main/cpp -ID:/LUXPRO/app/src/main/cpp/imgui 
-ID:/LUXPRO/app/src/main/cpp/imgui/backends -isystem C:/Users/NMS-PC/.gradle/caches/8.13/transforms/204006710edd097c926
1c3772653ad02/transformed/shadowhook-1.0.9/prefab/modules/shadowhook/include -g -DANDROID -fdata-sections 
-ffunction-sections -funwind-tables -fstack-protector-strong -no-canonical-prefixes -D_FORTIFY_SOURCE=2 -Wformat 
-Werror=format-security  -std=c++17 -fno-limit-debug-info  -fPIC -MD -MT 
CMakeFiles/LUXPRO.dir/core/bot_automation.cpp.o -MF CMakeFiles\LUXPRO.dir\core\bot_automation.cpp.o.d -o 
CMakeFiles/LUXPRO.dir/core/bot_automation.cpp.o -c D:/LUXPRO/app/src/main/cpp/core/bot_automation.cpp
  D:/LUXPRO/app/src/main/cpp/core/bot_automation.cpp:49:21: error: use of undeclared identifier 'JniBridge'
     49 |                     JniBridge::injectMotionEvent(0, 500.0f, 250.0f); // ACTION_DOWN
        |                     ^
  D:/LUXPRO/app/src/main/cpp/core/bot_automation.cpp:51:21: error: use of undeclared identifier 'JniBridge'
     51 |                     JniBridge::injectMotionEvent(2, 510.0f, 300.0f); // ACTION_MOVE
        |                     ^
  D:/LUXPRO/app/src/main/cpp/core/bot_automation.cpp:53:21: error: use of undeclared identifier 'JniBridge'
     53 |                     JniBridge::injectMotionEvent(1, 480.0f, 100.0f); // ACTION_UP
        |                     ^
  3 errors generated.
  [5/18] Building CXX object CMakeFiles/LUXPRO.dir/security/ghost_protocol.cpp.o
  [6/18] Building CXX object CMakeFiles/LUXPRO.dir/security/polymorphic_engine.cpp.o
  [7/18] Building CXX object CMakeFiles/LUXPRO.dir/core/jni_bridge.cpp.o
  FAILED: CMakeFiles/LUXPRO.dir/core/jni_bridge.cpp.o 
  C:\Users\NMS-PC\AppData\Local\Android\Sdk\ndk\27.0.12077973\toolchains\llvm\prebuilt\windows-x86_64\bin\clang++.exe 
--target=aarch64-none-linux-android24 
--sysroot=C:/Users/NMS-PC/AppData/Local/Android/Sdk/ndk/27.0.12077973/toolchains/llvm/prebuilt/windows-x86_64/sysroot 
-DLUXPRO_EXPORTS -ID:/LUXPRO/app/src/main/cpp -ID:/LUXPRO/app/src/main/cpp/imgui 
-ID:/LUXPRO/app/src/main/cpp/imgui/backends -isystem C:/Users/NMS-PC/.gradle/caches/8.13/transforms/204006710edd097c926
1c3772653ad02/transformed/shadowhook-1.0.9/prefab/modules/shadowhook/include -g -DANDROID -fdata-sections 
-ffunction-sections -funwind-tables -fstack-protector-strong -no-canonical-prefixes -D_FORTIFY_SOURCE=2 -Wformat 
-Werror=format-security  -std=c++17 -fno-limit-debug-info  -fPIC -MD -MT CMakeFiles/LUXPRO.dir/core/jni_bridge.cpp.o 
-MF CMakeFiles\LUXPRO.dir\core\jni_bridge.cpp.o.d -o CMakeFiles/LUXPRO.dir/core/jni_bridge.cpp.o -c 
D:/LUXPRO/app/src/main/cpp/core/jni_bridge.cpp
  D:/LUXPRO/app/src/main/cpp/core/jni_bridge.cpp:329:37: error: no type named 'setPhantomState' in 
'LuxSecurity::GhostProtocol'
    329 |         LuxSecurity::GhostProtocol::setPhantomState(enabled);
        |         ~~~~~~~~~~~~~~~~~~~~~~~~~~~~^
  D:/LUXPRO/app/src/main/cpp/core/jni_bridge.cpp:334:33: error: no type named 'setWinSequence' in 
'LuxCore::BotAutomation'
    334 |         LuxCore::BotAutomation::setWinSequence(enabled);
        |         ~~~~~~~~~~~~~~~~~~~~~~~~^
  D:/LUXPRO/app/src/main/cpp/core/jni_bridge.cpp:339:18: error: no member named 'CoreEngine' in namespace 'LuxCore'
    339 |         LuxCore::CoreEngine::setTimeSpeed(scale);
        |         ~~~~~~~~~^
  D:/LUXPRO/app/src/main/cpp/core/jni_bridge.cpp:353:50: error: 'currentFocusTable' is a private member of 
'LuxSecurity::Sentinel'
    353 |         return (jboolean)(LuxSecurity::Sentinel::currentFocusTable != -2); 
        |                                                  ^
  D:/LUXPRO/app/src/main/cpp/core/sentinel.hpp:39:20: note: declared private here
     39 |         static int currentFocusTable;
        |                    ^
  4 errors generated.
  [8/18] Building CXX object CMakeFiles/LUXPRO.dir/native-lib.cpp.o
  [9/18] Building CXX object CMakeFiles/LUXPRO.dir/lux_os.cpp.o
  ninja: build stopped: subcommand failed.
  
  C++ build system [build] failed while executing:
      @echo off
      "C:\\Users\\NMS-PC\\AppData\\Local\\Android\\Sdk\\cmake\\3.22.1\\bin\\ninja.exe" ^
        -C ^
        "D:\\LUXPRO\\app\\.cxx\\Debug\\2m1o5169\\arm64-v8a" ^
        LUXPRO
    from D:\LUXPRO\app

* Try:
> Run with --stacktrace option to get the stack trace.
> Run with --debug option to get more log output.
> Run with --scan to get full insights.
> Get more help at https://help.gradle.org.

BUILD FAILED in 9s
6 actionable tasks: 3 executed, 3 up-to-date
Watched directory hierarchies: [D:\LUXPRO]
