03-13 12:13:17.179  1222  1610 E SDM     : HWCSession::GetClientTargetProperty: GetClinetTargetProperty interface enter
03-13 12:13:17.179  1226  1226 E ANDR-PERF-DATA-POOL: EventDataPool is Full
03-13 12:13:17.179  1226  1226 E ANDR-PERF-MPCTL: perf request submission limit reached.
03-13 12:13:17.186  1222  1610 E SDM     : HWCSession::GetClientTargetProperty: GetClinetTargetProperty interface enter
03-13 12:13:17.186  1226  1226 E ANDR-PERF-DATA-POOL: EventDataPool is Full
03-13 12:13:17.187  1226  1226 E ANDR-PERF-MPCTL: perf request submission limit reached.
03-13 12:13:17.195  1222  1610 E SDM     : HWCSession::GetClientTargetProperty: GetClinetTargetProperty interface enter
03-13 12:13:17.195  1226  1226 E ANDR-PERF-DATA-POOL: EventDataPool is Full
03-13 12:13:17.195  1226  1226 E ANDR-PERF-MPCTL: perf request submission limit reached.
03-13 12:13:17.203  1222  1610 E SDM     : HWCSession::GetClientTargetProperty: GetClinetTargetProperty interface enter
03-13 12:13:17.203  1226  1226 E ANDR-PERF-DATA-POOL: EventDataPool is Full
03-13 12:13:17.203  1226  1226 E ANDR-PERF-MPCTL: perf request submission limit reached.
03-13 12:13:17.211  1222  1610 E SDM     : HWCSession::GetClientTargetProperty: GetClinetTargetProperty interface enter
03-13 12:13:17.212  1226  1226 E ANDR-PERF-DATA-POOL: EventDataPool is Full
03-13 12:13:17.212  1226  1226 E ANDR-PERF-MPCTL: perf request submission limit reached.
03-13 12:13:17.220  1222  1610 E SDM     : HWCSession::GetClientTargetProperty: GetClinetTargetProperty interface enter
03-13 12:13:17.220  1226  1226 E ANDR-PERF-DATA-POOL: EventDataPool is Full
03-13 12:13:17.220  1226  1226 E ANDR-PERF-MPCTL: perf request submission limit reached.
03-13 12:13:17.228  1222  1610 E SDM     : HWCSession::GetClientTargetProperty: GetClinetTargetProperty interface enter
03-13 12:13:17.228  1226  1226 E ANDR-PERF-DATA-POOL: EventDataPool is Full
03-13 12:13:17.228  1226  1226 E ANDR-PERF-MPCTL: perf request submission limit reached.
03-13 12:13:17.236  1222  1610 E SDM     : HWCSession::GetClientTargetProperty: GetClinetTargetProperty interface enter
03-13 12:13:17.237  1226  1226 E ANDR-PERF-DATA-POOL: EventDataPool is Full
03-13 12:13:17.237  1226  1226 E ANDR-PERF-MPCTL: perf request submission limit reached.
03-13 12:13:17.245  1222  1610 E SDM     : HWCSession::GetClientTargetProperty: GetClinetTargetProperty interface enter
03-13 12:13:17.245  1226  1226 E ANDR-PERF-DATA-POOL: EventDataPool is Full
03-13 12:13:17.245  1226  1226 E ANDR-PERF-MPCTL: perf request submission limit reached.
03-13 12:13:17.253  1222  1610 E SDM     : HWCSession::GetClientTargetProperty: GetClinetTargetProperty interface enter
03-13 12:13:17.253  1226  1226 E ANDR-PERF-DATA-POOL: EventDataPool is Full
03-13 12:13:17.254  1226  1226 E ANDR-PERF-MPCTL: perf request submission limit reached.
03-13 12:13:17.262  1222  1610 E SDM     : HWCSession::GetClientTargetProperty: GetClinetTargetProperty interface enter
03-13 12:13:17.262  1226  1226 E ANDR-PERF-DATA-POOL: EventDataPool is Full
03-13 12:13:17.262  1226  1226 E ANDR-PERF-MPCTL: perf request submission limit reached.
03-13 12:13:17.263 11692 11752 E MiuiUtils: Cannot find package: com.android.quicksearchbox
03-13 12:13:17.263 11692 11752 E MiuiUtils: android.content.pm.PackageManager$NameNotFoundException: com.android.quicksearchbox
03-13 12:13:17.263 11692 11752 E MiuiUtils: 	at android.app.ApplicationPackageManager.getPackageInfoAsUser(ApplicationPackageManager.java:259)
03-13 12:13:17.263 11692 11752 E MiuiUtils: 	at android.app.ApplicationPackageManager.getPackageInfo(ApplicationPackageManager.java:219)
03-13 12:13:17.263 11692 11752 E MiuiUtils: 	at android.app.ApplicationPackageManager.getPackageInfo(ApplicationPackageManager.java:213)
03-13 12:13:17.263 11692 11752 E MiuiUtils: 	at com.android.settings.MiuiUtils.getAppLongVersionCode(MiuiUtils.java:1650)
03-13 12:13:17.263 11692 11752 E MiuiUtils: 	at com.android.settings.personal.FullScreenDisplayController.quickSearchBoxTooOld(FullScreenDisplayController.java:63)
03-13 12:13:17.263 11692 11752 E MiuiUtils: 	at com.android.settings.personal.FullScreenDisplayController.isRemoveEntryFromSettings(FullScreenDisplayController.java:69)
03-13 12:13:17.263 11692 11752 E MiuiUtils: 	at com.android.settings.personal.FullScreenDisplayController.initInfinityDisplaySettings(FullScreenDisplayController.java:47)
03-13 12:13:17.263 11692 11752 E MiuiUtils: 	at com.android.settings.SettingsApplication$InitTask.doInBackground(SettingsApplication.java:457)
03-13 12:13:17.263 11692 11752 E MiuiUtils: 	at com.android.settings.SettingsApplication$InitTask.doInBackground(SettingsApplication.java:437)
03-13 12:13:17.263 11692 11752 E MiuiUtils: 	at android.os.AsyncTask$3.call(AsyncTask.java:394)
03-13 12:13:17.263 11692 11752 E MiuiUtils: 	at java.util.concurrent.FutureTask.run(FutureTask.java:317)
03-13 12:13:17.263 11692 11752 E MiuiUtils: 	at java.util.concurrent.ThreadPoolExecutor.runWorker(ThreadPoolExecutor.java:1156)
03-13 12:13:17.263 11692 11752 E MiuiUtils: 	at java.util.concurrent.ThreadPoolExecutor$Worker.run(ThreadPoolExecutor.java:651)
03-13 12:13:17.263 11692 11752 E MiuiUtils: 	at java.lang.Thread.run(Thread.java:1119)
03-13 12:13:17.270  1222  1610 E SDM     : HWCSession::GetClientTargetProperty: GetClinetTargetProperty interface enter
03-13 12:13:17.270  1226  1226 E ANDR-PERF-DATA-POOL: EventDataPool is Full
03-13 12:13:17.271  1226  1226 E ANDR-PERF-MPCTL: perf request submission limit reached.
03-13 12:13:17.274 11692 11692 E FileUtils: err open mi_exception_log errno=2
03-13 12:13:17.274 11692 11692 E FileUtils: err write to mi_exception_log
03-13 12:13:17.278  1222  1610 E SDM     : HWCSession::GetClientTargetProperty: GetClinetTargetProperty interface enter
03-13 12:13:17.279  1226  1226 E ANDR-PERF-DATA-POOL: EventDataPool is Full
03-13 12:13:17.279  1226  1226 E ANDR-PERF-MPCTL: perf request submission limit reached.
03-13 12:13:17.287  1222  1610 E SDM     : HWCSession::GetClientTargetProperty: GetClinetTargetProperty interface enter
03-13 12:13:17.287  1226  1226 E ANDR-PERF-DATA-POOL: EventDataPool is Full
03-13 12:13:17.287  1226  1226 E ANDR-PERF-MPCTL: perf request submission limit reached.
03-13 12:13:17.292 11692 11747 E DynamicRefreshRate recy: dynamic is not enable
03-13 12:13:17.295  1222  1610 E SDM     : HWCSession::GetClientTargetProperty: GetClinetTargetProperty interface enter
03-13 12:13:17.295  1226  1226 E ANDR-PERF-DATA-POOL: EventDataPool is Full
03-13 12:13:17.295  1226  1226 E ANDR-PERF-MPCTL: perf request submission limit reached.
03-13 12:13:17.304  1222  1610 E SDM     : HWCSession::GetClientTargetProperty: GetClinetTargetProperty interface enter
03-13 12:13:17.304  1226  1226 E ANDR-PERF-DATA-POOL: EventDataPool is Full
03-13 12:13:17.304  1226  1226 E ANDR-PERF-MPCTL: perf request submission limit reached.
03-13 12:13:17.312  1222  1610 E SDM     : HWCSession::GetClientTargetProperty: GetClinetTargetProperty interface enter
03-13 12:13:17.312  1226  1226 E ANDR-PERF-DATA-POOL: EventDataPool is Full
03-13 12:13:17.312  1226  1226 E ANDR-PERF-MPCTL: perf request submission limit reached.
03-13 12:13:17.320  1222  1610 E SDM     : HWCSession::GetClientTargetProperty: GetClinetTargetProperty interface enter
03-13 12:13:17.320  1226  1226 E ANDR-PERF-DATA-POOL: EventDataPool is Full
03-13 12:13:17.320  1226  1226 E ANDR-PERF-MPCTL: perf request submission limit reached.
03-13 12:13:17.328  1222  1610 E SDM     : HWCSession::GetClientTargetProperty: GetClinetTargetProperty interface enter
03-13 12:13:17.329  1226  1226 E ANDR-PERF-DATA-POOL: EventDataPool is Full
03-13 12:13:17.329  1226  1226 E ANDR-PERF-MPCTL: perf request submission limit reached.
03-13 12:13:17.336  1222  1610 E SDM     : HWCSession::GetClientTargetProperty: GetClinetTargetProperty interface enter
03-13 12:13:17.336  1226  1226 E ANDR-PERF-DATA-POOL: EventDataPool is Full
03-13 12:13:17.337  1226  1226 E ANDR-PERF-MPCTL: perf request submission limit reached.
03-13 12:13:17.345  1222  1610 E SDM     : HWCSession::GetClientTargetProperty: GetClinetTargetProperty interface enter
03-13 12:13:17.345  1226  1226 E ANDR-PERF-DATA-POOL: EventDataPool is Full
03-13 12:13:17.345  1226  1226 E ANDR-PERF-MPCTL: perf request submission limit reached.
03-13 12:13:17.353  1222  1610 E SDM     : HWCSession::GetClientTargetProperty: GetClinetTargetProperty interface enter
03-13 12:13:17.354  1226  1226 E ANDR-PERF-DATA-POOL: EventDataPool is Full
03-13 12:13:17.354  1226  1226 E ANDR-PERF-MPCTL: perf request submission limit reached.
03-13 12:13:17.362  1222  1610 E SDM     : HWCSession::GetClientTargetProperty: GetClinetTargetProperty interface enter
03-13 12:13:17.362  1226  1226 E ANDR-PERF-DATA-POOL: EventDataPool is Full
03-13 12:13:17.362  1226  1226 E ANDR-PERF-MPCTL: perf request submission limit reached.
03-13 12:13:17.370  1222  1610 E SDM     : HWCSession::GetClientTargetProperty: GetClinetTargetProperty interface enter
03-13 12:13:17.370  1226  1226 E ANDR-PERF-DATA-POOL: EventDataPool is Full
03-13 12:13:17.370  1226  1226 E ANDR-PERF-MPCTL: perf request submission limit reached.
03-13 12:13:17.378  1222  1610 E SDM     : HWCSession::GetClientTargetProperty: GetClinetTargetProperty interface enter
03-13 12:13:17.379  1226  1226 E ANDR-PERF-DATA-POOL: EventDataPool is Full
03-13 12:13:17.379  1226  1226 E ANDR-PERF-MPCTL: perf request submission limit reached.
03-13 12:13:17.387  1222  1610 E SDM     : HWCSession::GetClientTargetProperty: GetClinetTargetProperty interface enter
03-13 12:13:17.387  1226  1226 E ANDR-PERF-DATA-POOL: EventDataPool is Full
03-13 12:13:17.387  1226  1226 E ANDR-PERF-MPCTL: perf request submission limit reached.
03-13 12:13:17.395  1222  1610 E SDM     : HWCSession::GetClientTargetProperty: GetClinetTargetProperty interface enter
03-13 12:13:17.395  1226  1226 E ANDR-PERF-DATA-POOL: EventDataPool is Full
03-13 12:13:17.395  1226  1226 E ANDR-PERF-MPCTL: perf request submission limit reached.
03-13 12:13:17.403  1222  1610 E SDM     : HWCSession::GetClientTargetProperty: GetClinetTargetProperty interface enter
03-13 12:13:17.403  1226  1226 E ANDR-PERF-DATA-POOL: EventDataPool is Full
03-13 12:13:17.403  1226  1226 E ANDR-PERF-MPCTL: perf request submission limit reached.
03-13 12:13:17.411  1222  1610 E SDM     : HWCSession::GetClientTargetProperty: GetClinetTargetProperty interface enter
03-13 12:13:17.412  1226  1226 E ANDR-PERF-DATA-POOL: EventDataPool is Full
03-13 12:13:17.412  1226  1226 E ANDR-PERF-MPCTL: perf request submission limit reached.
03-13 12:13:17.420  1222  1610 E SDM     : HWCSession::GetClientTargetProperty: GetClinetTargetProperty interface enter
03-13 12:13:17.420  1226  1226 E ANDR-PERF-DATA-POOL: EventDataPool is Full
03-13 12:13:17.420  1226  1226 E ANDR-PERF-MPCTL: perf request submission limit reached.
03-13 12:13:17.428  1222  1610 E SDM     : HWCSession::GetClientTargetProperty: GetClinetTargetProperty interface enter
03-13 12:13:17.429  1226  1226 E ANDR-PERF-DATA-POOL: EventDataPool is Full
03-13 12:13:17.429  1226  1226 E ANDR-PERF-MPCTL: perf request submission limit reached.
03-13 12:13:17.437  1222  1610 E SDM     : HWCSession::GetClientTargetProperty: GetClinetTargetProperty interface enter
03-13 12:13:17.437  1226  1226 E ANDR-PERF-DATA-POOL: EventDataPool is Full
03-13 12:13:17.437  1226  1226 E ANDR-PERF-MPCTL: perf request submission limit reached.
03-13 12:13:17.445  1222  1610 E SDM     : HWCSession::GetClientTargetProperty: GetClinetTargetProperty interface enter
03-13 12:13:17.445  1226  1226 E ANDR-PERF-DATA-POOL: EventDataPool is Full
03-13 12:13:17.445  1226  1226 E ANDR-PERF-MPCTL: perf request submission limit reached.
03-13 12:13:17.453  1222  1610 E SDM     : HWCSession::GetClientTargetProperty: GetClinetTargetProperty interface enter
03-13 12:13:17.453  1226  1226 E ANDR-PERF-DATA-POOL: EventDataPool is Full
03-13 12:13:17.453  1226  1226 E ANDR-PERF-MPCTL: perf request submission limit reached.
03-13 12:13:17.462  1222  1610 E SDM     : HWCSession::GetClientTargetProperty: GetClinetTargetProperty interface enter
03-13 12:13:17.462  1226  1226 E ANDR-PERF-DATA-POOL: EventDataPool is Full
03-13 12:13:17.462  1226  1226 E ANDR-PERF-MPCTL: perf request submission limit reached.
03-13 12:13:17.470  1222  1610 E SDM     : HWCSession::GetClientTargetProperty: GetClinetTargetProperty interface enter
03-13 12:13:17.471  1226  1226 E ANDR-PERF-DATA-POOL: EventDataPool is Full
03-13 12:13:17.471  1226  1226 E ANDR-PERF-MPCTL: perf request submission limit reached.
03-13 12:13:17.508 11791 11791 E Zygote  : process_name_ptr:11791 com.android.htmlviewer
03-13 12:13:17.517 11791 11791 E roid.htmlviewer: Not starting debugger since process cannot load the jdwp agent.
03-13 12:13:17.565 11692 11692 E FileUtils: err write to mi_exception_log
03-13 12:13:17.565 11692 11692 E FileUtils: err write to mi_exception_log
03-13 12:13:17.565 11692 11692 E FileUtils: err write to mi_exception_log
03-13 12:13:17.619  1226  1226 E vendor.qti.hardware.perf@2.2-service: Unknown params
03-13 12:13:17.619  1226  1226 E ANDR-PERF-DATA-POOL: EventDataPool is Full
03-13 12:13:17.619  1226  1226 E ANDR-PERF-MPCTL: perf request submission limit reached.
03-13 12:13:17.628 11791 11791 E FileUtils: err open mi_exception_log errno=2
03-13 12:13:17.628 11791 11791 E FileUtils: err write to mi_exception_log
03-13 12:13:17.665 11692 11692 E FileUtils: err write to mi_exception_log
03-13 12:13:17.667 11692 11692 E OpenGLRenderer: setMiShadow is not show
03-13 12:13:17.669 11692 11692 E OpenGLRenderer: setMiShadow is not show
03-13 12:13:17.701 11692 11692 E OpenGLRenderer: setMiShadow is not show
03-13 12:13:17.769 11692 11765 E OpenGLRenderer: Unable to match the desired swap behavior.
03-13 12:13:17.789 11692 11765 E LB      : fail to open node: No such file or directory
03-13 12:13:17.791 11692 11692 E FileUtils: err write to mi_exception_log
03-13 12:13:17.793 11692 11692 E OpenGLRenderer: setMiShadow is not show
03-13 12:13:17.811  1226  1226 E vendor.qti.hardware.perf@2.2-service: Unknown params
03-13 12:13:17.811  1226  1226 E vendor.qti.hardware.perf@2.2-service: Unknown params
03-13 12:13:18.366  6907  6923 E AuthPII : [RequestTokenManager] getToken() -> BAD_AUTHENTICATION. App: com.android.vending, Service: oauth2:https://www.googleapis.com/auth/googleplay
03-13 12:13:18.366  6907  6923 E AuthPII : bgcc: Long live credential not available.
03-13 12:13:18.366  6907  6923 E AuthPII : 	at agtw.a(:com.google.android.gms@260931029@26.09.31 (190400-877989800):1347)
03-13 12:13:18.366  6907  6923 E AuthPII : 	at agud.b(:com.google.android.gms@260931029@26.09.31 (190400-877989800):26)
03-13 12:13:18.366  6907  6923 E AuthPII : 	at agub.a(:com.google.android.gms@260931029@26.09.31 (190400-877989800):738)
03-13 12:13:18.366  6907  6923 E AuthPII : 	at agua.b(:com.google.android.gms@260931029@26.09.31 (190400-877989800):145)
03-13 12:13:18.366  6907  6923 E AuthPII : 	at aaeo.d(:com.google.android.gms@260931029@26.09.31 (190400-877989800):800)
03-13 12:13:18.366  6907  6923 E AuthPII : 	at agnm.getAuthToken(:com.google.android.gms@260931029@26.09.31 (190400-877989800):411)
03-13 12:13:18.366  6907  6923 E AuthPII : 	at android.accounts.AbstractAccountAuthenticator$Transport.getAuthToken(AbstractAccountAuthenticator.java:251)
03-13 12:13:18.366  6907  6923 E AuthPII : 	at android.accounts.IAccountAuthenticator$Stub.onTransact(IAccountAuthenticator.java:253)
03-13 12:13:18.366  6907  6923 E AuthPII : 	at android.os.Binder.transact(Binder.java:1190)
03-13 12:13:18.366  6907  6923 E AuthPII : 	at cjzi.onTransact(:com.google.android.gms@260931029@26.09.31 (190400-877989800):10)
03-13 12:13:18.366  6907  6923 E AuthPII : 	at android.os.Binder.transact(Binder.java:1190)
03-13 12:13:18.366  6907  6923 E AuthPII : 	at bygo.onTransact(:com.google.android.gms@260931029@26.09.31 (190400-877989800):161)
03-13 12:13:18.366  6907  6923 E AuthPII : 	at android.os.Binder.execTransactInternal(Binder.java:1351)
03-13 12:13:18.366  6907  6923 E AuthPII : 	at android.os.Binder.execTransact(Binder.java:1282)
03-13 12:13:18.366  6907  6923 E AuthPII : Message is Long live credential not available.
03-13 12:13:18.366  6907  6923 E AuthPII : bgcc: Long live credential not available.
03-13 12:13:18.366  6907  6923 E AuthPII : 	at agtw.a(:com.google.android.gms@260931029@26.09.31 (190400-877989800):1347)
03-13 12:13:18.366  6907  6923 E AuthPII : 	at agud.b(:com.google.android.gms@260931029@26.09.31 (190400-877989800):26)
03-13 12:13:18.366  6907  6923 E AuthPII : 	at agub.a(:com.google.android.gms@260931029@26.09.31 (190400-877989800):738)
03-13 12:13:18.366  6907  6923 E AuthPII : 	at agua.b(:com.google.android.gms@260931029@26.09.31 (190400-877989800):145)
03-13 12:13:18.366  6907  6923 E AuthPII : 	at aaeo.d(:com.google.android.gms@260931029@26.09.31 (190400-877989800):800)
03-13 12:13:18.366  6907  6923 E AuthPII : 	at agnm.getAuthToken(:com.google.android.gms@260931029@26.09.31 (190400-877989800):411)
03-13 12:13:18.366  6907  6923 E AuthPII : 	at android.accounts.AbstractAccountAuthenticator$Transport.getAuthToken(AbstractAccountAuthenticator.java:251)
03-13 12:13:18.366  6907  6923 E AuthPII : 	at android.accounts.IAccountAuthenticator$Stub.onTransact(IAccountAuthenticator.java:253)
03-13 12:13:18.366  6907  6923 E AuthPII : 	at android.os.Binder.transact(Binder.java:1190)
03-13 12:13:18.366  6907  6923 E AuthPII : 	at cjzi.onTransact(:com.google.android.gms@260931029@26.09.31 (190400-877989800):10)
03-13 12:13:18.366  6907  6923 E AuthPII : 	at android.os.Binder.transact(Binder.java:1190)
03-13 12:13:18.366  6907  6923 E AuthPII : 	at bygo.onTransact(:com.google.android.gms@260931029@26.09.31 (190400-877989800):161)
03-13 12:13:18.366  6907  6923 E AuthPII : 	at android.os.Binder.execTransactInternal(Binder.java:1351)
03-13 12:13:18.366  6907  6923 E AuthPII : 	at android.os.Binder.execTransact(Binder.java:1282)
03-13 12:13:18.383  6907 24482 E AuthPII : [RequestTokenManager] getToken() -> BAD_AUTHENTICATION. App: com.android.vending, Service: oauth2:https://www.googleapis.com/auth/googleplay
03-13 12:13:18.383  6907 24482 E AuthPII : bgcc: Long live credential not available.
03-13 12:13:18.383  6907 24482 E AuthPII : 	at agtw.a(:com.google.android.gms@260931029@26.09.31 (190400-877989800):1347)
03-13 12:13:18.383  6907 24482 E AuthPII : 	at agud.b(:com.google.android.gms@260931029@26.09.31 (190400-877989800):26)
03-13 12:13:18.383  6907 24482 E AuthPII : 	at agub.a(:com.google.android.gms@260931029@26.09.31 (190400-877989800):738)
03-13 12:13:18.383  6907 24482 E AuthPII : 	at agua.b(:com.google.android.gms@260931029@26.09.31 (190400-877989800):145)
03-13 12:13:18.383  6907 24482 E AuthPII : 	at aaeo.d(:com.google.android.gms@260931029@26.09.31 (190400-877989800):800)
03-13 12:13:18.383  6907 24482 E AuthPII : 	at agnm.getAuthToken(:com.google.android.gms@260931029@26.09.31 (190400-877989800):411)
03-13 12:13:18.383  6907 24482 E AuthPII : 	at android.accounts.AbstractAccountAuthenticator$Transport.getAuthToken(AbstractAccountAuthenticator.java:251)
03-13 12:13:18.383  6907 24482 E AuthPII : 	at android.accounts.IAccountAuthenticator$Stub.onTransact(IAccountAuthenticator.java:253)
03-13 12:13:18.383  6907 24482 E AuthPII : 	at android.os.Binder.transact(Binder.java:1190)
03-13 12:13:18.383  6907 24482 E AuthPII : 	at cjzi.onTransact(:com.google.android.gms@260931029@26.09.31 (190400-877989800):10)
03-13 12:13:18.383  6907 24482 E AuthPII : 	at android.os.Binder.transact(Binder.java:1190)
03-13 12:13:18.383  6907 24482 E AuthPII : 	at bygo.onTransact(:com.google.android.gms@260931029@26.09.31 (190400-877989800):161)
03-13 12:13:18.383  6907 24482 E AuthPII : 	at android.os.Binder.execTransactInternal(Binder.java:1351)
03-13 12:13:18.383  6907 24482 E AuthPII : 	at android.os.Binder.execTransact(Binder.java:1282)
03-13 12:13:18.384  6907 24482 E AuthPII : Message is Long live credential not available.
03-13 12:13:18.384  6907 24482 E AuthPII : bgcc: Long live credential not available.
03-13 12:13:18.384  6907 24482 E AuthPII : 	at agtw.a(:com.google.android.gms@260931029@26.09.31 (190400-877989800):1347)
03-13 12:13:18.384  6907 24482 E AuthPII : 	at agud.b(:com.google.android.gms@260931029@26.09.31 (190400-877989800):26)
03-13 12:13:18.384  6907 24482 E AuthPII : 	at agub.a(:com.google.android.gms@260931029@26.09.31 (190400-877989800):738)
03-13 12:13:18.384  6907 24482 E AuthPII : 	at agua.b(:com.google.android.gms@260931029@26.09.31 (190400-877989800):145)
03-13 12:13:18.384  6907 24482 E AuthPII : 	at aaeo.d(:com.google.android.gms@260931029@26.09.31 (190400-877989800):800)
03-13 12:13:18.384  6907 24482 E AuthPII : 	at agnm.getAuthToken(:com.google.android.gms@260931029@26.09.31 (190400-877989800):411)
03-13 12:13:18.384  6907 24482 E AuthPII : 	at android.accounts.AbstractAccountAuthenticator$Transport.getAuthToken(AbstractAccountAuthenticator.java:251)
03-13 12:13:18.384  6907 24482 E AuthPII : 	at android.accounts.IAccountAuthenticator$Stub.onTransact(IAccountAuthenticator.java:253)
03-13 12:13:18.384  6907 24482 E AuthPII : 	at android.os.Binder.transact(Binder.java:1190)
03-13 12:13:18.384  6907 24482 E AuthPII : 	at cjzi.onTransact(:com.google.android.gms@260931029@26.09.31 (190400-877989800):10)
03-13 12:13:18.384  6907 24482 E AuthPII : 	at android.os.Binder.transact(Binder.java:1190)
03-13 12:13:18.384  6907 24482 E AuthPII : 	at bygo.onTransact(:com.google.android.gms@260931029@26.09.31 (190400-877989800):161)
03-13 12:13:18.384  6907 24482 E AuthPII : 	at android.os.Binder.execTransactInternal(Binder.java:1351)
03-13 12:13:18.384  6907 24482 E AuthPII : 	at android.os.Binder.execTransact(Binder.java:1282)
03-13 12:13:18.407  6907  6923 E AuthPII : [RequestTokenManager] getToken() -> BAD_AUTHENTICATION. App: com.android.vending, Service: oauth2:https://www.googleapis.com/auth/googleplay
03-13 12:13:18.407  6907  6923 E AuthPII : bgcc: Long live credential not available.
03-13 12:13:18.407  6907  6923 E AuthPII : 	at agtw.a(:com.google.android.gms@260931029@26.09.31 (190400-877989800):1347)
03-13 12:13:18.407  6907  6923 E AuthPII : 	at agud.b(:com.google.android.gms@260931029@26.09.31 (190400-877989800):26)
03-13 12:13:18.407  6907  6923 E AuthPII : 	at agub.a(:com.google.android.gms@260931029@26.09.31 (190400-877989800):738)
03-13 12:13:18.407  6907  6923 E AuthPII : 	at agua.b(:com.google.android.gms@260931029@26.09.31 (190400-877989800):145)
03-13 12:13:18.407  6907  6923 E AuthPII : 	at aaeo.d(:com.google.android.gms@260931029@26.09.31 (190400-877989800):800)
03-13 12:13:18.407  6907  6923 E AuthPII : 	at agnm.getAuthToken(:com.google.android.gms@260931029@26.09.31 (190400-877989800):411)
03-13 12:13:18.407  6907  6923 E AuthPII : 	at android.accounts.AbstractAccountAuthenticator$Transport.getAuthToken(AbstractAccountAuthenticator.java:251)
03-13 12:13:18.407  6907  6923 E AuthPII : 	at android.accounts.IAccountAuthenticator$Stub.onTransact(IAccountAuthenticator.java:253)
03-13 12:13:18.407  6907  6923 E AuthPII : 	at android.os.Binder.transact(Binder.java:1190)
03-13 12:13:18.407  6907  6923 E AuthPII : 	at cjzi.onTransact(:com.google.android.gms@260931029@26.09.31 (190400-877989800):10)
03-13 12:13:18.407  6907  6923 E AuthPII : 	at android.os.Binder.transact(Binder.java:1190)
03-13 12:13:18.407  6907  6923 E AuthPII : 	at bygo.onTransact(:com.google.android.gms@260931029@26.09.31 (190400-877989800):161)
03-13 12:13:18.407  6907  6923 E AuthPII : 	at android.os.Binder.execTransactInternal(Binder.java:1351)
03-13 12:13:18.407  6907  6923 E AuthPII : 	at android.os.Binder.execTransact(Binder.java:1282)
03-13 12:13:18.407  6907  6923 E AuthPII : Message is Long live credential not available.
03-13 12:13:18.407  6907  6923 E AuthPII : bgcc: Long live credential not available.
03-13 12:13:18.407  6907  6923 E AuthPII : 	at agtw.a(:com.google.android.gms@260931029@26.09.31 (190400-877989800):1347)
03-13 12:13:18.407  6907  6923 E AuthPII : 	at agud.b(:com.google.android.gms@260931029@26.09.31 (190400-877989800):26)
03-13 12:13:18.407  6907  6923 E AuthPII : 	at agub.a(:com.google.android.gms@260931029@26.09.31 (190400-877989800):738)
03-13 12:13:18.407  6907  6923 E AuthPII : 	at agua.b(:com.google.android.gms@260931029@26.09.31 (190400-877989800):145)
03-13 12:13:18.407  6907  6923 E AuthPII : 	at aaeo.d(:com.google.android.gms@260931029@26.09.31 (190400-877989800):800)
03-13 12:13:18.407  6907  6923 E AuthPII : 	at agnm.getAuthToken(:com.google.android.gms@260931029@26.09.31 (190400-877989800):411)
03-13 12:13:18.407  6907  6923 E AuthPII : 	at android.accounts.AbstractAccountAuthenticator$Transport.getAuthToken(AbstractAccountAuthenticator.java:251)
03-13 12:13:18.407  6907  6923 E AuthPII : 	at android.accounts.IAccountAuthenticator$Stub.onTransact(IAccountAuthenticator.java:253)
03-13 12:13:18.407  6907  6923 E AuthPII : 	at android.os.Binder.transact(Binder.java:1190)
03-13 12:13:18.407  6907  6923 E AuthPII : 	at cjzi.onTransact(:com.google.android.gms@260931029@26.09.31 (190400-877989800):10)
03-13 12:13:18.407  6907  6923 E AuthPII : 	at android.os.Binder.transact(Binder.java:1190)
03-13 12:13:18.407  6907  6923 E AuthPII : 	at bygo.onTransact(:com.google.android.gms@260931029@26.09.31 (190400-877989800):161)
03-13 12:13:18.407  6907  6923 E AuthPII : 	at android.os.Binder.execTransactInternal(Binder.java:1351)
03-13 12:13:18.407  6907  6923 E AuthPII : 	at android.os.Binder.execTransact(Binder.java:1282)
03-13 12:13:18.423  6907 24482 E AuthPII : [RequestTokenManager] getToken() -> BAD_AUTHENTICATION. App: com.android.vending, Service: oauth2:https://www.googleapis.com/auth/googleplay
03-13 12:13:18.423  6907 24482 E AuthPII : bgcc: Long live credential not available.
03-13 12:13:18.423  6907 24482 E AuthPII : 	at agtw.a(:com.google.android.gms@260931029@26.09.31 (190400-877989800):1347)
03-13 12:13:18.423  6907 24482 E AuthPII : 	at agud.b(:com.google.android.gms@260931029@26.09.31 (190400-877989800):26)
03-13 12:13:18.423  6907 24482 E AuthPII : 	at agub.a(:com.google.android.gms@260931029@26.09.31 (190400-877989800):738)
03-13 12:13:18.423  6907 24482 E AuthPII : 	at agua.b(:com.google.android.gms@260931029@26.09.31 (190400-877989800):145)
03-13 12:13:18.423  6907 24482 E AuthPII : 	at aaeo.d(:com.google.android.gms@260931029@26.09.31 (190400-877989800):800)
03-13 12:13:18.423  6907 24482 E AuthPII : 	at agnm.getAuthToken(:com.google.android.gms@260931029@26.09.31 (190400-877989800):411)
03-13 12:13:18.423  6907 24482 E AuthPII : 	at android.accounts.AbstractAccountAuthenticator$Transport.getAuthToken(AbstractAccountAuthenticator.java:251)
03-13 12:13:18.423  6907 24482 E AuthPII : 	at android.accounts.IAccountAuthenticator$Stub.onTransact(IAccountAuthenticator.java:253)
03-13 12:13:18.423  6907 24482 E AuthPII : 	at android.os.Binder.transact(Binder.java:1190)
03-13 12:13:18.423  6907 24482 E AuthPII : 	at cjzi.onTransact(:com.google.android.gms@260931029@26.09.31 (190400-877989800):10)
03-13 12:13:18.423  6907 24482 E AuthPII : 	at android.os.Binder.transact(Binder.java:1190)
03-13 12:13:18.423  6907 24482 E AuthPII : 	at bygo.onTransact(:com.google.android.gms@260931029@26.09.31 (190400-877989800):161)
03-13 12:13:18.423  6907 24482 E AuthPII : 	at android.os.Binder.execTransactInternal(Binder.java:1351)
03-13 12:13:18.423  6907 24482 E AuthPII : 	at android.os.Binder.execTransact(Binder.java:1282)
03-13 12:13:18.423  6907 24482 E AuthPII : Message is Long live credential not available.
03-13 12:13:18.423  6907 24482 E AuthPII : bgcc: Long live credential not available.
03-13 12:13:18.423  6907 24482 E AuthPII : 	at agtw.a(:com.google.android.gms@260931029@26.09.31 (190400-877989800):1347)
03-13 12:13:18.423  6907 24482 E AuthPII : 	at agud.b(:com.google.android.gms@260931029@26.09.31 (190400-877989800):26)
03-13 12:13:18.423  6907 24482 E AuthPII : 	at agub.a(:com.google.android.gms@260931029@26.09.31 (190400-877989800):738)
03-13 12:13:18.423  6907 24482 E AuthPII : 	at agua.b(:com.google.android.gms@260931029@26.09.31 (190400-877989800):145)
03-13 12:13:18.423  6907 24482 E AuthPII : 	at aaeo.d(:com.google.android.gms@260931029@26.09.31 (190400-877989800):800)
03-13 12:13:18.423  6907 24482 E AuthPII : 	at agnm.getAuthToken(:com.google.android.gms@260931029@26.09.31 (190400-877989800):411)
03-13 12:13:18.423  6907 24482 E AuthPII : 	at android.accounts.AbstractAccountAuthenticator$Transport.getAuthToken(AbstractAccountAuthenticator.java:251)
03-13 12:13:18.423  6907 24482 E AuthPII : 	at android.accounts.IAccountAuthenticator$Stub.onTransact(IAccountAuthenticator.java:253)
03-13 12:13:18.423  6907 24482 E AuthPII : 	at android.os.Binder.transact(Binder.java:1190)
03-13 12:13:18.423  6907 24482 E AuthPII : 	at cjzi.onTransact(:com.google.android.gms@260931029@26.09.31 (190400-877989800):10)
03-13 12:13:18.423  6907 24482 E AuthPII : 	at android.os.Binder.transact(Binder.java:1190)
03-13 12:13:18.423  6907 24482 E AuthPII : 	at bygo.onTransact(:com.google.android.gms@260931029@26.09.31 (190400-877989800):161)
03-13 12:13:18.423  6907 24482 E AuthPII : 	at android.os.Binder.execTransactInternal(Binder.java:1351)
03-13 12:13:18.423  6907 24482 E AuthPII : 	at android.os.Binder.execTransact(Binder.java:1282)
03-13 12:13:21.316 11692 11692 E FileUtils: err write to mi_exception_log
03-13 12:13:21.504 11692 11692 E FileUtils: err write to mi_exception_log
03-13 12:13:21.528  3941  5055 E PhoneAdapter: get ntnphones failed, exception: java.lang.IllegalStateException: Default phones haven't been made yet!
03-13 12:13:23.056  1226  1226 E vendor.qti.hardware.perf@2.2-service: Unknown params
03-13 12:13:23.060  1226  1226 E vendor.qti.hardware.perf@2.2-service: Unknown params
03-13 12:13:23.060  1226  1226 E ANDR-PERF-DATA-POOL: EventDataPool is Full
03-13 12:13:23.062  1226  1226 E ANDR-PERF-MPCTL: perf request submission limit reached.
03-13 12:13:23.064  1226  1226 E vendor.qti.hardware.perf@2.2-service: Unknown params
03-13 12:13:23.064  1226  1226 E vendor.qti.hardware.perf@2.2-service: Unknown params
03-13 12:13:23.064  1226  1226 E ANDR-PERF-DATA-POOL: EventDataPool is Full
03-13 12:13:23.064  1226  1226 E ANDR-PERF-MPCTL: perf request submission limit reached.
03-13 12:13:23.068 11692 11765 E ndroid.settings: FrameInsert open fail: No such file or directory
03-13 12:13:23.121  1226  1226 E vendor.qti.hardware.perf@2.2-service: Unknown params
03-13 12:13:23.121  1226  1226 E vendor.qti.hardware.perf@2.2-service: Unknown params
03-13 12:13:23.121  1226  1226 E ANDR-PERF-DATA-POOL: EventDataPool is Full
03-13 12:13:23.121  1226  1226 E ANDR-PERF-MPCTL: perf request submission limit reached.
03-13 12:13:23.122  1226  1226 E vendor.qti.hardware.perf@2.2-service: Unknown params
03-13 12:13:23.762  1226  1226 E vendor.qti.hardware.perf@2.2-service: Unknown params
03-13 12:13:23.762  1226  1226 E vendor.qti.hardware.perf@2.2-service: Unknown params
03-13 12:13:23.762  1226  1226 E ANDR-PERF-DATA-POOL: EventDataPool is Full
03-13 12:13:23.762  1226  1226 E ANDR-PERF-MPCTL: perf request submission limit reached.
03-13 12:13:23.762  1226  1226 E vendor.qti.hardware.perf@2.2-service: Unknown params
03-13 12:13:23.762  1226  1226 E vendor.qti.hardware.perf@2.2-service: Unknown params
03-13 12:13:23.762  1226  1226 E ANDR-PERF-DATA-POOL: EventDataPool is Full
03-13 12:13:23.762  1226  1226 E ANDR-PERF-MPCTL: perf request submission limit reached.
03-13 12:13:24.504  1226  1226 E vendor.qti.hardware.perf@2.2-service: Unknown params
03-13 12:13:24.504  1226  1226 E vendor.qti.hardware.perf@2.2-service: Unknown params
03-13 12:13:24.504  1226  1226 E ANDR-PERF-DATA-POOL: EventDataPool is Full
03-13 12:13:24.504  1226  1226 E ANDR-PERF-MPCTL: perf request submission limit reached.
03-13 12:13:24.505  1226  1226 E vendor.qti.hardware.perf@2.2-service: Unknown params
03-13 12:13:25.960  1226  1226 E vendor.qti.hardware.perf@2.2-service: Unknown params
03-13 12:13:25.960  1226  1226 E ANDR-PERF-DATA-POOL: EventDataPool is Full
03-13 12:13:25.960  1226  1226 E ANDR-PERF-MPCTL: perf request submission limit reached.
03-13 12:13:25.982  1922  2440 E KernelCpuSpeedReader: Failed to read cpu-freq: /sys/devices/system/cpu/cpu┘د/cpufreq/stats/time_in_state: open failed: ENOENT (No such file or directory)
03-13 12:13:25.982  1922  2440 E KernelCpuSpeedReader: Failed to read cpu-freq: /sys/devices/system/cpu/cpu┘ج/cpufreq/stats/time_in_state: open failed: ENOENT (No such file or directory)
03-13 12:13:25.983  1922  2440 E KernelCpuSpeedReader: Failed to read cpu-freq: /sys/devices/system/cpu/cpu┘ب/cpufreq/stats/time_in_state: open failed: ENOENT (No such file or directory)
03-13 12:13:25.992  1226  1226 E vendor.qti.hardware.perf@2.2-service: Unknown params
03-13 12:13:25.992  1259 12799 E vendor.xiaomi.hardware.micharge@1.0-service: Failed to open node /sys/class/qcom-battery/reverse_chg_mode
03-13 12:13:25.993  1226  1226 E vendor.qti.hardware.perf@2.2-service: Unknown params
03-13 12:13:25.993  1226  1226 E ANDR-PERF-DATA-POOL: EventDataPool is Full
03-13 12:13:25.993  1226  1226 E ANDR-PERF-MPCTL: perf request submission limit reached.
03-13 12:13:25.995  1226  1226 E vendor.qti.hardware.perf@2.2-service: Unknown params
03-13 12:13:25.998  1922  2010 E Transition: Trying to add a ready-group twice: Display{#0 state=ON size=1080x2400 ROTATION_0}
03-13 12:13:25.999 11692 11692 E BinderMonitor: err open binder_delay errno=2
03-13 12:13:26.001 11692 11692 E FileUtils: err write to mi_exception_log
03-13 12:13:26.004 11692 11692 E FileUtils: err write to mi_exception_log
03-13 12:13:26.060  1226  1226 E vendor.qti.hardware.perf@2.2-service: Unknown params
03-13 12:13:26.060  1226  1226 E vendor.qti.hardware.perf@2.2-service: Unknown params
03-13 12:13:26.060  1226  1226 E ANDR-PERF-DATA-POOL: EventDataPool is Full
03-13 12:13:26.060  1226  1226 E ANDR-PERF-MPCTL: perf request submission limit reached.
03-13 12:13:26.064  1226  1226 E vendor.qti.hardware.perf@2.2-service: Unknown params
03-13 12:13:26.064  1226  1226 E ANDR-PERF-DATA-POOL: EventDataPool is Full
03-13 12:13:26.064  1226  1226 E ANDR-PERF-MPCTL: perf request submission limit reached.
03-13 12:13:26.066  1226  1430 E ANDR-PERF-LM: MetaMeter: handleAsync() 166: AdaptLaunch Invalid Async
03-13 12:13:26.179  3982  4422 E ActivityManagerWrapper: get all recent tasks force including 10523
03-13 12:13:26.183  3982  4422 E ActivityManagerWrapper: getRecentTasksForceIncludingTaskIdIfValid: getRecentTasks: size=3
03-13 12:13:26.183  3982  4422 E ActivityManagerWrapper:  mainTaskId=10523   userId=0   windowMode=1   baseIntent=Intent { act=android.intent.action.MAIN flag=270532608 cmp=ComponentInfo{com.luxpro.vip/com.luxpro.vip.SplashActivity} }
03-13 12:13:26.183  3982  4422 E ActivityManagerWrapper:  mainTaskId=10517   userId=0   windowMode=1   baseIntent=Intent { act=com.tmessages.openchat0.249437130106551222147483647 flag=352321536 cmp=ComponentInfo{org.telegram.messenger.web/org.telegram.ui.LaunchActivity} }
03-13 12:13:26.183  3982  4422 E ActivityManagerWrapper:  mainTaskId=10520   userId=0   windowMode=1   baseIntent=Intent { act=null flag=369098752 cmp=ComponentInfo{com.google.android.googlequicksearchbox/com.google.android.apps.search.assistant.surfaces.voice.robin.main.MainActivity} }
03-13 12:13:26.191 11692 11692 E DynamicRefreshRate recy: dynamic is not enable
03-13 12:13:26.200 11692 11692 E RecommendFilter: getListByPageIndex not found:-1
03-13 12:13:26.200  3982  4422 E ActivityManagerWrapper: get all recent tasks force including 10523
03-13 12:13:26.203  3982  4422 E ActivityManagerWrapper: getRecentTasksForceIncludingTaskIdIfValid: getRecentTasks: size=3
03-13 12:13:26.203  3982  4422 E ActivityManagerWrapper:  mainTaskId=10523   userId=0   windowMode=1   baseIntent=Intent { act=android.intent.action.MAIN flag=270532608 cmp=ComponentInfo{com.luxpro.vip/com.luxpro.vip.SplashActivity} }
03-13 12:13:26.203  3982  4422 E ActivityManagerWrapper:  mainTaskId=10517   userId=0   windowMode=1   baseIntent=Intent { act=com.tmessages.openchat0.249437130106551222147483647 flag=352321536 cmp=ComponentInfo{org.telegram.messenger.web/org.telegram.ui.LaunchActivity} }
03-13 12:13:26.203  3982  4422 E ActivityManagerWrapper:  mainTaskId=10520   userId=0   windowMode=1   baseIntent=Intent { act=null flag=369098752 cmp=ComponentInfo{com.google.android.googlequicksearchbox/com.google.android.apps.search.assistant.surfaces.voice.robin.main.MainActivity} }
03-13 12:13:26.277 11692 11692 E FileUtils: err write to mi_exception_log
03-13 12:13:26.279 11692 11692 E OpenGLRenderer: setMiShadow is not show
03-13 12:13:26.281 11692 11692 E OpenGLRenderer: setMiShadow is not show
03-13 12:13:26.302 11692 11765 E OpenGLRenderer: Unable to match the desired swap behavior.
03-13 12:13:26.365 11692 11692 E FileUtils: err write to mi_exception_log
03-13 12:13:26.368 11692 11692 E OpenGLRenderer: setMiShadow is not show
03-13 12:13:26.380 11692 11692 E OpenGLRenderer: setMiShadow is not show
03-13 12:13:26.386  1226  1226 E vendor.qti.hardware.perf@2.2-service: Unknown params
03-13 12:13:26.393  1226  1226 E vendor.qti.hardware.perf@2.2-service: Unknown params
03-13 12:13:26.434  1222  1544 E SDM     : HWCSession::GetClientTargetProperty: GetClinetTargetProperty interface enter
03-13 12:13:26.434  1226  1226 E ANDR-PERF-DATA-POOL: EventDataPool is Full
03-13 12:13:26.434  1226  1226 E ANDR-PERF-MPCTL: perf request submission limit reached.
03-13 12:13:26.443  1222  1544 E SDM     : HWCSession::GetClientTargetProperty: GetClinetTargetProperty interface enter
03-13 12:13:26.443  1226  1226 E ANDR-PERF-DATA-POOL: EventDataPool is Full
03-13 12:13:26.444  1226  1226 E ANDR-PERF-MPCTL: perf request submission limit reached.
03-13 12:13:26.450  1222  1544 E SDM     : HWCSession::GetClientTargetProperty: GetClinetTargetProperty interface enter
03-13 12:13:26.450  1226  1226 E ANDR-PERF-DATA-POOL: EventDataPool is Full
03-13 12:13:26.450  1226  1226 E ANDR-PERF-MPCTL: perf request submission limit reached.
03-13 12:13:26.458  1222  1544 E SDM     : HWCSession::GetClientTargetProperty: GetClinetTargetProperty interface enter
03-13 12:13:26.459  1226  1226 E ANDR-PERF-DATA-POOL: EventDataPool is Full
03-13 12:13:26.459  1226  1226 E ANDR-PERF-MPCTL: perf request submission limit reached.
03-13 12:13:26.466  1222  1544 E SDM     : HWCSession::GetClientTargetProperty: GetClinetTargetProperty interface enter
03-13 12:13:26.466  1226  1226 E ANDR-PERF-DATA-POOL: EventDataPool is Full
03-13 12:13:26.466  1226  1226 E ANDR-PERF-MPCTL: perf request submission limit reached.
03-13 12:13:26.475  1222  1544 E SDM     : HWCSession::GetClientTargetProperty: GetClinetTargetProperty interface enter
03-13 12:13:26.475  1226  1226 E ANDR-PERF-DATA-POOL: EventDataPool is Full
03-13 12:13:26.475  1226  1226 E ANDR-PERF-MPCTL: perf request submission limit reached.
03-13 12:13:26.483  1222  1544 E SDM     : HWCSession::GetClientTargetProperty: GetClinetTargetProperty interface enter
03-13 12:13:26.483  1226  1226 E ANDR-PERF-DATA-POOL: EventDataPool is Full
03-13 12:13:26.483  1226  1226 E ANDR-PERF-MPCTL: perf request submission limit reached.
03-13 12:13:26.492  1222  1544 E SDM     : HWCSession::GetClientTargetProperty: GetClinetTargetProperty interface enter
03-13 12:13:26.492  1226  1226 E ANDR-PERF-DATA-POOL: EventDataPool is Full
03-13 12:13:26.492  1226  1226 E ANDR-PERF-MPCTL: perf request submission limit reached.
03-13 12:13:26.500  1222  1544 E SDM     : HWCSession::GetClientTargetProperty: GetClinetTargetProperty interface enter
03-13 12:13:26.500  1226  1226 E ANDR-PERF-DATA-POOL: EventDataPool is Full
03-13 12:13:26.500  1226  1226 E ANDR-PERF-MPCTL: perf request submission limit reached.
03-13 12:13:26.508  1222  1544 E SDM     : HWCSession::GetClientTargetProperty: GetClinetTargetProperty interface enter
03-13 12:13:26.509  1226  1226 E ANDR-PERF-DATA-POOL: EventDataPool is Full
03-13 12:13:26.509  1226  1226 E ANDR-PERF-MPCTL: perf request submission limit reached.
03-13 12:13:26.517  1222  1544 E SDM     : HWCSession::GetClientTargetProperty: GetClinetTargetProperty interface enter
03-13 12:13:26.517  1226  1226 E ANDR-PERF-DATA-POOL: EventDataPool is Full
03-13 12:13:26.517  1226  1226 E ANDR-PERF-MPCTL: perf request submission limit reached.
03-13 12:13:26.525  1222  1544 E SDM     : HWCSession::GetClientTargetProperty: GetClinetTargetProperty interface enter
03-13 12:13:26.525  1226  1226 E ANDR-PERF-DATA-POOL: EventDataPool is Full
03-13 12:13:26.525  1226  1226 E ANDR-PERF-MPCTL: perf request submission limit reached.
03-13 12:13:26.533  1222  1544 E SDM     : HWCSession::GetClientTargetProperty: GetClinetTargetProperty interface enter
03-13 12:13:26.534  1226  1226 E ANDR-PERF-DATA-POOL: EventDataPool is Full
03-13 12:13:26.534  1226  1226 E ANDR-PERF-MPCTL: perf request submission limit reached.
03-13 12:13:26.542  1222  1544 E SDM     : HWCSession::GetClientTargetProperty: GetClinetTargetProperty interface enter
03-13 12:13:26.542  1226  1226 E ANDR-PERF-DATA-POOL: EventDataPool is Full
03-13 12:13:26.542  1226  1226 E ANDR-PERF-MPCTL: perf request submission limit reached.
03-13 12:13:26.550  1222  1544 E SDM     : HWCSession::GetClientTargetProperty: GetClinetTargetProperty interface enter
03-13 12:13:26.550  1226  1226 E ANDR-PERF-DATA-POOL: EventDataPool is Full
03-13 12:13:26.550  1226  1226 E ANDR-PERF-MPCTL: perf request submission limit reached.
03-13 12:13:26.558  1222  1544 E SDM     : HWCSession::GetClientTargetProperty: GetClinetTargetProperty interface enter
03-13 12:13:26.559  1226  1226 E ANDR-PERF-DATA-POOL: EventDataPool is Full
03-13 12:13:26.559  1226  1226 E ANDR-PERF-MPCTL: perf request submission limit reached.
03-13 12:13:26.567  1222  1544 E SDM     : HWCSession::GetClientTargetProperty: GetClinetTargetProperty interface enter
03-13 12:13:26.567  1226  1226 E ANDR-PERF-DATA-POOL: EventDataPool is Full
03-13 12:13:26.567  1226  1226 E ANDR-PERF-MPCTL: perf request submission limit reached.
03-13 12:13:26.575  1222  1544 E SDM     : HWCSession::GetClientTargetProperty: GetClinetTargetProperty interface enter
03-13 12:13:26.575  1226  1226 E ANDR-PERF-DATA-POOL: EventDataPool is Full
03-13 12:13:26.575  1226  1226 E ANDR-PERF-MPCTL: perf request submission limit reached.
03-13 12:13:26.584  1222  1544 E SDM     : HWCSession::GetClientTargetProperty: GetClinetTargetProperty interface enter
03-13 12:13:26.584  1226  1226 E ANDR-PERF-DATA-POOL: EventDataPool is Full
03-13 12:13:26.584  1226  1226 E ANDR-PERF-MPCTL: perf request submission limit reached.
03-13 12:13:26.592  1222  1544 E SDM     : HWCSession::GetClientTargetProperty: GetClinetTargetProperty interface enter
03-13 12:13:26.593  1226  1226 E ANDR-PERF-DATA-POOL: EventDataPool is Full
03-13 12:13:26.593  1226  1226 E ANDR-PERF-MPCTL: perf request submission limit reached.
03-13 12:13:26.601  1222  1544 E SDM     : HWCSession::GetClientTargetProperty: GetClinetTargetProperty interface enter
03-13 12:13:26.601  1226  1226 E ANDR-PERF-DATA-POOL: EventDataPool is Full
03-13 12:13:26.601  1226  1226 E ANDR-PERF-MPCTL: perf request submission limit reached.
03-13 12:13:26.609  1222  1544 E SDM     : HWCSession::GetClientTargetProperty: GetClinetTargetProperty interface enter
03-13 12:13:26.609  1226  1226 E ANDR-PERF-DATA-POOL: EventDataPool is Full
03-13 12:13:26.609  1226  1226 E ANDR-PERF-MPCTL: perf request submission limit reached.
03-13 12:13:26.617  1222  1544 E SDM     : HWCSession::GetClientTargetProperty: GetClinetTargetProperty interface enter
03-13 12:13:26.617  1226  1226 E ANDR-PERF-DATA-POOL: EventDataPool is Full
03-13 12:13:26.617  1226  1226 E ANDR-PERF-MPCTL: perf request submission limit reached.
03-13 12:13:26.626  1222  1544 E SDM     : HWCSession::GetClientTargetProperty: GetClinetTargetProperty interface enter
03-13 12:13:26.626  1226  1226 E ANDR-PERF-DATA-POOL: EventDataPool is Full
03-13 12:13:26.626  1226  1226 E ANDR-PERF-MPCTL: perf request submission limit reached.
03-13 12:13:26.634  1222  1544 E SDM     : HWCSession::GetClientTargetProperty: GetClinetTargetProperty interface enter
03-13 12:13:26.634  1226  1226 E ANDR-PERF-DATA-POOL: EventDataPool is Full
03-13 12:13:26.634  1226  1226 E ANDR-PERF-MPCTL: perf request submission limit reached.
03-13 12:13:26.642  1222  1544 E SDM     : HWCSession::GetClientTargetProperty: GetClinetTargetProperty interface enter
03-13 12:13:26.642  1226  1226 E ANDR-PERF-DATA-POOL: EventDataPool is Full
03-13 12:13:26.642  1226  1226 E ANDR-PERF-MPCTL: perf request submission limit reached.
03-13 12:13:26.650  1222  1544 E SDM     : HWCSession::GetClientTargetProperty: GetClinetTargetProperty interface enter
03-13 12:13:26.650  1226  1226 E ANDR-PERF-DATA-POOL: EventDataPool is Full
03-13 12:13:26.650  1226  1226 E ANDR-PERF-MPCTL: perf request submission limit reached.
03-13 12:13:26.659  1222  1544 E SDM     : HWCSession::GetClientTargetProperty: GetClinetTargetProperty interface enter
03-13 12:13:26.659  1226  1226 E ANDR-PERF-DATA-POOL: EventDataPool is Full
03-13 12:13:26.659  1226  1226 E ANDR-PERF-MPCTL: perf request submission limit reached.
03-13 12:13:26.667  1222  1544 E SDM     : HWCSession::GetClientTargetProperty: GetClinetTargetProperty interface enter
03-13 12:13:26.667  1226  1226 E ANDR-PERF-DATA-POOL: EventDataPool is Full
03-13 12:13:26.667  1226  1226 E ANDR-PERF-MPCTL: perf request submission limit reached.
03-13 12:13:26.675  1222  1544 E SDM     : HWCSession::GetClientTargetProperty: GetClinetTargetProperty interface enter
03-13 12:13:26.675  1226  1226 E ANDR-PERF-DATA-POOL: EventDataPool is Full
03-13 12:13:26.675  1226  1226 E ANDR-PERF-MPCTL: perf request submission limit reached.
03-13 12:13:26.684  1222  1544 E SDM     : HWCSession::GetClientTargetProperty: GetClinetTargetProperty interface enter
03-13 12:13:26.684  1226  1226 E ANDR-PERF-DATA-POOL: EventDataPool is Full
03-13 12:13:26.684  1226  1226 E ANDR-PERF-MPCTL: perf request submission limit reached.
03-13 12:13:26.692  1222  1544 E SDM     : HWCSession::GetClientTargetProperty: GetClinetTargetProperty interface enter
03-13 12:13:26.692  1226  1226 E ANDR-PERF-DATA-POOL: EventDataPool is Full
03-13 12:13:26.692  1226  1226 E ANDR-PERF-MPCTL: perf request submission limit reached.
03-13 12:13:26.700  1222  1544 E SDM     : HWCSession::GetClientTargetProperty: GetClinetTargetProperty interface enter
03-13 12:13:26.700  1226  1226 E ANDR-PERF-DATA-POOL: EventDataPool is Full
03-13 12:13:26.700  1226  1226 E ANDR-PERF-MPCTL: perf request submission limit reached.
03-13 12:13:26.709  1222  1544 E SDM     : HWCSession::GetClientTargetProperty: GetClinetTargetProperty interface enter
03-13 12:13:26.709  1226  1226 E ANDR-PERF-DATA-POOL: EventDataPool is Full
03-13 12:13:26.709  1226  1226 E ANDR-PERF-MPCTL: perf request submission limit reached.
03-13 12:13:26.717  1222  1544 E SDM     : HWCSession::GetClientTargetProperty: GetClinetTargetProperty interface enter
03-13 12:13:26.717  1226  1226 E ANDR-PERF-DATA-POOL: EventDataPool is Full
03-13 12:13:26.717  1226  1226 E ANDR-PERF-MPCTL: perf request submission limit reached.
03-13 12:13:26.725  1222  1544 E SDM     : HWCSession::GetClientTargetProperty: GetClinetTargetProperty interface enter
03-13 12:13:26.725  1226  1226 E ANDR-PERF-DATA-POOL: EventDataPool is Full
03-13 12:13:26.725  1226  1226 E ANDR-PERF-MPCTL: perf request submission limit reached.
03-13 12:13:26.734  1222  1544 E SDM     : HWCSession::GetClientTargetProperty: GetClinetTargetProperty interface enter
03-13 12:13:26.734  1226  1226 E ANDR-PERF-DATA-POOL: EventDataPool is Full
03-13 12:13:26.734  1226  1226 E ANDR-PERF-MPCTL: perf request submission limit reached.
03-13 12:13:26.742  1222  1544 E SDM     : HWCSession::GetClientTargetProperty: GetClinetTargetProperty interface enter
03-13 12:13:26.742  1226  1226 E ANDR-PERF-DATA-POOL: EventDataPool is Full
03-13 12:13:26.742  1226  1226 E ANDR-PERF-MPCTL: perf request submission limit reached.
03-13 12:13:26.750  1222  1544 E SDM     : HWCSession::GetClientTargetProperty: GetClinetTargetProperty interface enter
03-13 12:13:26.751  1226  1226 E ANDR-PERF-DATA-POOL: EventDataPool is Full
03-13 12:13:26.751  1226  1226 E ANDR-PERF-MPCTL: perf request submission limit reached.
03-13 12:13:26.759  1222  1544 E SDM     : HWCSession::GetClientTargetProperty: GetClinetTargetProperty interface enter
03-13 12:13:26.759  1226  1226 E ANDR-PERF-DATA-POOL: EventDataPool is Full
03-13 12:13:26.759  1226  1226 E ANDR-PERF-MPCTL: perf request submission limit reached.
03-13 12:13:26.767  1222  1544 E SDM     : HWCSession::GetClientTargetProperty: GetClinetTargetProperty interface enter
03-13 12:13:26.767  1226  1226 E ANDR-PERF-DATA-POOL: EventDataPool is Full
03-13 12:13:26.767  1226  1226 E ANDR-PERF-MPCTL: perf request submission limit reached.
03-13 12:13:26.776  1222  1544 E SDM     : HWCSession::GetClientTargetProperty: GetClinetTargetProperty interface enter
03-13 12:13:26.776  1226  1226 E ANDR-PERF-DATA-POOL: EventDataPool is Full
03-13 12:13:26.776  1226  1226 E ANDR-PERF-MPCTL: perf request submission limit reached.
03-13 12:13:26.784  1222  1544 E SDM     : HWCSession::GetClientTargetProperty: GetClinetTargetProperty interface enter
03-13 12:13:26.784  1226  1226 E ANDR-PERF-DATA-POOL: EventDataPool is Full
03-13 12:13:26.784  1226  1226 E ANDR-PERF-MPCTL: perf request submission limit reached.
03-13 12:13:26.792  1222  1544 E SDM     : HWCSession::GetClientTargetProperty: GetClinetTargetProperty interface enter
03-13 12:13:26.793  1226  1226 E ANDR-PERF-DATA-POOL: EventDataPool is Full
03-13 12:13:26.793  1226  1226 E ANDR-PERF-MPCTL: perf request submission limit reached.
03-13 12:13:26.801  1222  1544 E SDM     : HWCSession::GetClientTargetProperty: GetClinetTargetProperty interface enter
03-13 12:13:26.801  1226  1226 E ANDR-PERF-DATA-POOL: EventDataPool is Full
