--------- beginning of main
03-13 12:12:49.375  1226  1226 E vendor.qti.hardware.perf@2.2-service: Unknown params
03-13 12:12:49.375  1226  1226 E ANDR-PERF-DATA-POOL: EventDataPool is Full
03-13 12:12:49.375  1226  1226 E ANDR-PERF-MPCTL: perf request submission limit reached.
03-13 12:12:49.393  1226  1226 E vendor.qti.hardware.perf@2.2-service: Unknown params
03-13 12:12:49.393  1226  1226 E ANDR-PERF-DATA-POOL: EventDataPool is Full
03-13 12:12:49.393  1226  1226 E ANDR-PERF-MPCTL: perf request submission limit reached.
03-13 12:12:49.475 17877 17877 E FileUtils: err write to mi_exception_log
03-13 12:12:49.562 17877 10893 E AbstractLogEventBuilder: The provided ProductIdOrigin 3 is not one of the process-level expected values: 1 or 2
03-13 12:12:49.573 17877 17922 E AbstractLogEventBuilder: The provided ProductIdOrigin 3 is not one of the process-level expected values: 1 or 2
03-13 12:12:49.670 17877 17922 E Finsky  : [236] 5 file not found
03-13 12:12:49.676 17877 17922 E Finsky  : [236] APK Analysis allow list check failed; APK Analysis will be skipped!
03-13 12:12:49.676 17877 17922 E Finsky  : com.google.android.finsky.verifier.apkanalysis.client.ApkAnalysisException: DOWNLOAD_FILE_NOT_FOUND_EXCEPTION while analyzing APK
03-13 12:12:49.676 17877 17922 E Finsky  : 	at axzh.b(PG:852)
03-13 12:12:49.676 17877 17922 E Finsky  : 	at byox.oq(PG:5)
03-13 12:12:49.676 17877 17922 E Finsky  : 	at bywa.run(PG:109)
03-13 12:12:49.676 17877 17922 E Finsky  : 	at java.util.concurrent.ThreadPoolExecutor.runWorker(ThreadPoolExecutor.java:1156)
03-13 12:12:49.676 17877 17922 E Finsky  : 	at java.util.concurrent.ThreadPoolExecutor$Worker.run(ThreadPoolExecutor.java:651)
03-13 12:12:49.676 17877 17922 E Finsky  : 	at uxs.run(PG:635)
03-13 12:12:49.676 17877 17922 E Finsky  : 	at java.lang.Thread.run(Thread.java:1119)
03-13 12:12:49.677 17877 17922 E AbstractLogEventBuilder: The provided ProductIdOrigin 3 is not one of the process-level expected values: 1 or 2
03-13 12:12:49.677 17877 17922 E Finsky  : [236] Logging timeout report message
03-13 12:12:49.677 17877 17922 E Finsky  : com.google.android.finsky.verifier.apkanalysis.client.ApkAnalysisException: DOWNLOAD_FILE_NOT_FOUND_EXCEPTION while analyzing APK
03-13 12:12:49.677 17877 17922 E Finsky  : 	at axzh.b(PG:852)
03-13 12:12:49.677 17877 17922 E Finsky  : 	at byox.oq(PG:5)
03-13 12:12:49.677 17877 17922 E Finsky  : 	at bywa.run(PG:109)
03-13 12:12:49.677 17877 17922 E Finsky  : 	at java.util.concurrent.ThreadPoolExecutor.runWorker(ThreadPoolExecutor.java:1156)
03-13 12:12:49.677 17877 17922 E Finsky  : 	at java.util.concurrent.ThreadPoolExecutor$Worker.run(ThreadPoolExecutor.java:651)
03-13 12:12:49.677 17877 17922 E Finsky  : 	at uxs.run(PG:635)
03-13 12:12:49.677 17877 17922 E Finsky  : 	at java.lang.Thread.run(Thread.java:1119)
03-13 12:12:49.678 17877 17922 E Finsky  : [236] VerifyApps: APK Analysis scan failed for com.luxpro.vip
03-13 12:12:49.678 17877 17922 E Finsky  : com.google.android.finsky.verifier.apkanalysis.client.ApkAnalysisException: DOWNLOAD_FILE_NOT_FOUND_EXCEPTION while analyzing APK
03-13 12:12:49.678 17877 17922 E Finsky  : 	at axzh.b(PG:852)
03-13 12:12:49.678 17877 17922 E Finsky  : 	at byox.oq(PG:5)
03-13 12:12:49.678 17877 17922 E Finsky  : 	at bywa.run(PG:109)
03-13 12:12:49.678 17877 17922 E Finsky  : 	at java.util.concurrent.ThreadPoolExecutor.runWorker(ThreadPoolExecutor.java:1156)
03-13 12:12:49.678 17877 17922 E Finsky  : 	at java.util.concurrent.ThreadPoolExecutor$Worker.run(ThreadPoolExecutor.java:651)
03-13 12:12:49.678 17877 17922 E Finsky  : 	at uxs.run(PG:635)
03-13 12:12:49.678 17877 17922 E Finsky  : 	at java.lang.Thread.run(Thread.java:1119)
03-13 12:12:49.682 17877 17924 E AbstractLogEventBuilder: The provided ProductIdOrigin 3 is not one of the process-level expected values: 1 or 2
03-13 12:12:50.401 17877 17877 E AbstractLogEventBuilder: The provided ProductIdOrigin 3 is not one of the process-level expected values: 1 or 2
03-13 12:12:50.405 17877 10893 E AbstractLogEventBuilder: The provided ProductIdOrigin 3 is not one of the process-level expected values: 1 or 2
--------- beginning of system
03-13 12:12:50.449  1922  2819 E KamiOpenBrowserWithUrl: openBrowserWithUrl error :
03-13 12:12:50.449  1922  2819 E KamiOpenBrowserWithUrl: android.content.pm.PackageManager$NameNotFoundException: pm
03-13 12:12:50.449  1922  2819 E KamiOpenBrowserWithUrl: 	at android.app.ApplicationPackageManager.getPackageInfoAsUser(ApplicationPackageManager.java:259)
03-13 12:12:50.449  1922  2819 E KamiOpenBrowserWithUrl: 	at android.app.ApplicationPackageManager.getPackageInfo(ApplicationPackageManager.java:219)
03-13 12:12:50.449  1922  2819 E KamiOpenBrowserWithUrl: 	at android.app.ApplicationPackageManager.getPackageInfo(ApplicationPackageManager.java:213)
03-13 12:12:50.449  1922  2819 E KamiOpenBrowserWithUrl: 	at com.android.server.wm.OpenBrowserWithUrlImpl.openBrowserWithUrl(OpenBrowserWithUrlImpl.java:226)
03-13 12:12:50.449  1922  2819 E KamiOpenBrowserWithUrl: 	at com.android.server.wm.ActivityTaskManagerService.startActivityAsUser(ActivityTaskManagerService.java:1487)
03-13 12:12:50.449  1922  2819 E KamiOpenBrowserWithUrl: 	at com.android.server.wm.ActivityTaskManagerService.startActivityAsUser(ActivityTaskManagerService.java:1450)
03-13 12:12:50.449  1922  2819 E KamiOpenBrowserWithUrl: 	at com.android.server.wm.ActivityTaskManagerService.startActivity(ActivityTaskManagerService.java:1425)
03-13 12:12:50.449  1922  2819 E KamiOpenBrowserWithUrl: 	at com.android.server.am.ActivityManagerService.startActivity(ActivityManagerService.java:3455)
03-13 12:12:50.449  1922  2819 E KamiOpenBrowserWithUrl: 	at com.android.server.pm.PmInjector.installVerify(PmInjector.java:65)
03-13 12:12:50.449  1922  2819 E KamiOpenBrowserWithUrl: 	at com.android.server.pm.PackageManagerServiceImpl.verifyInstallFromShell(PackageManagerServiceImpl.java:1233)
03-13 12:12:50.449  1922  2819 E KamiOpenBrowserWithUrl: 	at com.android.server.pm.PackageManagerServiceImpl.assertValidApkAndInstaller(PackageManagerServiceImpl.java:1172)
03-13 12:12:50.449  1922  2819 E KamiOpenBrowserWithUrl: 	at com.android.server.pm.PackageInstallerSession.installNonStaged(PackageInstallerSession.java:3048)
03-13 12:12:50.449  1922  2819 E KamiOpenBrowserWithUrl: 	at com.android.server.pm.PackageInstallerSession.install(PackageInstallerSession.java:2994)
03-13 12:12:50.449  1922  2819 E KamiOpenBrowserWithUrl: 	at com.android.server.pm.PackageInstallerSession.onVerificationComplete(PackageInstallerSession.java:3090)
03-13 12:12:50.449  1922  2819 E KamiOpenBrowserWithUrl: 	at com.android.server.pm.PackageInstallerSession.lambda$verifyNonStaged$3(PackageInstallerSession.java:2970)
03-13 12:12:50.449  1922  2819 E KamiOpenBrowserWithUrl: 	at com.android.server.pm.PackageInstallerSession.$r8$lambda$tSvsq6urlQWyPw6rsQyJ2WpYOB8(Unknown Source:0)
03-13 12:12:50.449  1922  2819 E KamiOpenBrowserWithUrl: 	at com.android.server.pm.PackageInstallerSession$$ExternalSyntheticLambda2.run(Unknown Source:6)
03-13 12:12:50.449  1922  2819 E KamiOpenBrowserWithUrl: 	at android.os.Handler.handleCallback(Handler.java:958)
03-13 12:12:50.449  1922  2819 E KamiOpenBrowserWithUrl: 	at android.os.Handler.dispatchMessage(Handler.java:99)
03-13 12:12:50.449  1922  2819 E KamiOpenBrowserWithUrl: 	at android.os.Looper.loopOnce(Looper.java:222)
03-13 12:12:50.449  1922  2819 E KamiOpenBrowserWithUrl: 	at android.os.Looper.loop(Looper.java:314)
03-13 12:12:50.449  1922  2819 E KamiOpenBrowserWithUrl: 	at android.os.HandlerThread.run(HandlerThread.java:67)
03-13 12:12:50.480 15539 10907 E AD-PLUGIN-SplashController: Get miui intent sender : null
03-13 12:12:50.482  7384  7639 E SystemAdContentProvider: query flag: 672
03-13 12:12:50.577  1226  1226 E vendor.qti.hardware.perf@2.2-service: Unknown params
03-13 12:12:50.577  1226  1226 E ANDR-PERF-DATA-POOL: EventDataPool is Full
03-13 12:12:50.577  1226  1226 E ANDR-PERF-MPCTL: perf request submission limit reached.
03-13 12:12:50.583  1226  1226 E vendor.qti.hardware.perf@2.2-service: Unknown params
03-13 12:12:50.584  1226  1226 E vendor.qti.hardware.perf@2.2-service: Unknown params
03-13 12:12:50.584  1226  1226 E ANDR-PERF-DATA-POOL: EventDataPool is Full
03-13 12:12:50.584  1226  1226 E ANDR-PERF-MPCTL: perf request submission limit reached.
03-13 12:12:50.584  1226  1226 E vendor.qti.hardware.perf@2.2-service: Unknown params
03-13 12:12:50.599  1226  1226 E vendor.qti.hardware.perf@2.2-service: Unknown params
03-13 12:12:50.600  1226  1226 E vendor.qti.hardware.perf@2.2-service: Unknown params
03-13 12:12:50.600  1226  1226 E ANDR-PERF-DATA-POOL: EventDataPool is Full
03-13 12:12:50.600  1226  1226 E ANDR-PERF-MPCTL: perf request submission limit reached.
03-13 12:12:50.601  1226  1226 E vendor.qti.hardware.perf@2.2-service: Unknown params
03-13 12:12:50.602  1226  1226 E ANDR-PERF-DATA-POOL: EventDataPool is Full
03-13 12:12:50.602  1226  1226 E ANDR-PERF-MPCTL: perf request submission limit reached.
03-13 12:12:50.602  1226  1430 E ANDR-PERF-LM: MetaMeter: handleAsync() 166: AdaptLaunch Invalid Async
03-13 12:12:50.609  1226  1226 E vendor.qti.hardware.perf@2.2-service: Unknown params
03-13 12:12:50.609  1226  1226 E ANDR-PERF-DATA-POOL: EventDataPool is Full
03-13 12:12:50.609  1226  1226 E ANDR-PERF-MPCTL: perf request submission limit reached.
03-13 12:12:50.609  1226  1226 E vendor.qti.hardware.perf@2.2-service: Unknown params
03-13 12:12:50.609  1226  1226 E ANDR-PERF-DATA-POOL: EventDataPool is Full
03-13 12:12:50.609  1226  1226 E ANDR-PERF-MPCTL: perf request submission limit reached.
03-13 12:12:50.615  3982  4422 E ActivityManagerWrapper: get all recent tasks force including 10522
03-13 12:12:50.620  3982  4422 E ActivityManagerWrapper: getRecentTasksForceIncludingTaskIdIfValid: getRecentTasks: size=3
03-13 12:12:50.620  3982  4422 E ActivityManagerWrapper:  mainTaskId=10522   userId=0   windowMode=1   baseIntent=Intent { act=android.intent.action.VIEW flag=411041792 cmp=ComponentInfo{com.miui.securitycenter/com.miui.permcenter.install.AdbInstallActivity} }
03-13 12:12:50.620  3982  4422 E ActivityManagerWrapper:  mainTaskId=10517   userId=0   windowMode=1   baseIntent=Intent { act=com.tmessages.openchat0.249437130106551222147483647 flag=352321536 cmp=ComponentInfo{org.telegram.messenger.web/org.telegram.ui.LaunchActivity} }
03-13 12:12:50.620  3982  4422 E ActivityManagerWrapper:  mainTaskId=10520   userId=0   windowMode=1   baseIntent=Intent { act=null flag=369098752 cmp=ComponentInfo{com.google.android.googlequicksearchbox/com.google.android.apps.search.assistant.surfaces.voice.robin.main.MainActivity} }
03-13 12:12:50.711  3982  4422 E ActivityManagerWrapper: get all recent tasks force including 10522
03-13 12:12:50.713  3982  4422 E ActivityManagerWrapper: getRecentTasksForceIncludingTaskIdIfValid: getRecentTasks: size=3
03-13 12:12:50.713  3982  4422 E ActivityManagerWrapper:  mainTaskId=10522   userId=0   windowMode=1   baseIntent=Intent { act=android.intent.action.VIEW flag=411041792 cmp=ComponentInfo{com.miui.securitycenter/com.miui.permcenter.install.AdbInstallActivity} }
03-13 12:12:50.713  3982  4422 E ActivityManagerWrapper:  mainTaskId=10517   userId=0   windowMode=1   baseIntent=Intent { act=com.tmessages.openchat0.249437130106551222147483647 flag=352321536 cmp=ComponentInfo{org.telegram.messenger.web/org.telegram.ui.LaunchActivity} }
03-13 12:12:50.713  3982  4422 E ActivityManagerWrapper:  mainTaskId=10520   userId=0   windowMode=1   baseIntent=Intent { act=null flag=369098752 cmp=ComponentInfo{com.google.android.googlequicksearchbox/com.google.android.apps.search.assistant.surfaces.voice.robin.main.MainActivity} }
03-13 12:12:50.717  3982  4422 E ActivityManagerWrapper: get all recent tasks force including 10522
03-13 12:12:50.719  3982  4422 E ActivityManagerWrapper: getRecentTasksForceIncludingTaskIdIfValid: getRecentTasks: size=3
03-13 12:12:50.719  3982  4422 E ActivityManagerWrapper:  mainTaskId=10522   userId=0   windowMode=1   baseIntent=Intent { act=android.intent.action.VIEW flag=411041792 cmp=ComponentInfo{com.miui.securitycenter/com.miui.permcenter.install.AdbInstallActivity} }
03-13 12:12:50.719  3982  4422 E ActivityManagerWrapper:  mainTaskId=10517   userId=0   windowMode=1   baseIntent=Intent { act=com.tmessages.openchat0.249437130106551222147483647 flag=352321536 cmp=ComponentInfo{org.telegram.messenger.web/org.telegram.ui.LaunchActivity} }
03-13 12:12:50.719  3982  4422 E ActivityManagerWrapper:  mainTaskId=10520   userId=0   windowMode=1   baseIntent=Intent { act=null flag=369098752 cmp=ComponentInfo{com.google.android.googlequicksearchbox/com.google.android.apps.search.assistant.surfaces.voice.robin.main.MainActivity} }
03-13 12:12:50.753  4728  4728 E DeviceUtils: static init: ComputilityLevel Load Class Exception:java.lang.ClassNotFoundException: Didn't find class "com.miui.performance.ComputilityLevelUtils" on path: DexPathList[[zip file "/system_ext/framework/MiuiBooster.jar"],nativeLibraryDirectories=[/system/lib64, /system_ext/lib64]]
03-13 12:12:50.841  4728  4728 E FileUtils: err write to mi_exception_log
03-13 12:12:50.876  4728  4903 E OpenGLRenderer: Unable to match the desired swap behavior.
03-13 12:12:50.913  4728  4903 E OpenGLRenderer: Unable to match the desired swap behavior.
03-13 12:12:50.914  4728  4728 E FileUtils: err write to mi_exception_log
03-13 12:12:50.938  3947  3947 E onWindowDecorRectChanged: start size:1
03-13 12:12:50.938  3947  3947 E onWindowDecorRectChanged: windowDecorRects: Rect(454, 12 - 625, 123)
03-13 12:12:50.942  1226  1226 E vendor.qti.hardware.perf@2.2-service: Unknown params
03-13 12:12:50.942  1226  1226 E vendor.qti.hardware.perf@2.2-service: Unknown params
03-13 12:12:51.487  3941  4792 E PhoneAdapter: get ntnphones failed, exception: java.lang.IllegalStateException: Default phones haven't been made yet!
03-13 12:12:53.119  1922  7688 E VibratorManagerServiceImpl: skipandroid.os.RemoteException: Method setUsageExt is unimplemented.
03-13 12:12:53.326  1226  1226 E vendor.qti.hardware.perf@2.2-service: Unknown params
03-13 12:12:53.347  1226  1226 E vendor.qti.hardware.perf@2.2-service: Unknown params
03-13 12:12:53.348  1226  1226 E vendor.qti.hardware.perf@2.2-service: Unknown params
03-13 12:12:53.348  1226  1226 E ANDR-PERF-DATA-POOL: EventDataPool is Full
03-13 12:12:53.348  1226  1226 E ANDR-PERF-MPCTL: perf request submission limit reached.
03-13 12:12:53.358  3982  3982 E Launcher.application: setClickAppWaitForCallback = false
03-13 12:12:53.359  3947  3947 E onWindowDecorRectChanged: start size:0
03-13 12:12:53.376  4728  4728 E FileUtils: err write to mi_exception_log
03-13 12:12:53.379  1226  1226 E vendor.qti.hardware.perf@2.2-service: Unknown params
03-13 12:12:53.379  1226  1226 E ANDR-PERF-DATA-POOL: EventDataPool is Full
03-13 12:12:53.379  1226  1226 E ANDR-PERF-MPCTL: perf request submission limit reached.
03-13 12:12:53.379  1226  1226 E vendor.qti.hardware.perf@2.2-service: Unknown params
03-13 12:12:53.379  1226  1226 E ANDR-PERF-DATA-POOL: EventDataPool is Full
03-13 12:12:53.379  1226  1226 E ANDR-PERF-MPCTL: perf request submission limit reached.
03-13 12:12:53.384  3982  4115 E Launcher: mFsGestureStatusRefreshRunnable:run usingFsGesture=true   show=true   focus=false   pause=false
03-13 12:12:53.405  1226  1226 E vendor.qti.hardware.perf@2.2-service: Unknown params
03-13 12:12:53.405  1226  1226 E ANDR-PERF-DATA-POOL: EventDataPool is Full
03-13 12:12:53.405  1226  1226 E ANDR-PERF-MPCTL: perf request submission limit reached.
03-13 12:12:53.412  1226  1226 E vendor.qti.hardware.perf@2.2-service: Unknown params
03-13 12:12:53.412  1226  1226 E vendor.qti.hardware.perf@2.2-service: Unknown params
03-13 12:12:53.412  1226  1226 E vendor.qti.hardware.perf@2.2-service: Unknown params
03-13 12:12:53.412  1226  1226 E ANDR-PERF-DATA-POOL: EventDataPool is Full
03-13 12:12:53.412  1226  1226 E ANDR-PERF-MPCTL: perf request submission limit reached.
03-13 12:12:53.422  1922  2368 E libprocessgroup: No such cgroup attribute: /sys/fs/cgroup/uid_4294877599/cgroup.freeze
03-13 12:12:53.425  1922  2368 E libprocessgroup: No such cgroup attribute: /sys/fs/cgroup/uid_4294877599/cgroup.freeze
03-13 12:12:53.625  1922  2310 E FileUtils: err open mi_exception_log errno=2
03-13 12:12:53.625  1922  2310 E FileUtils: err write to mi_exception_log
03-13 12:12:53.627  3982  4422 E ActivityManagerWrapper: get all recent tasks force including 2
03-13 12:12:53.632  3982  4422 E ActivityManagerWrapper: getRecentTasksForceIncludingTaskIdIfValid: getRecentTasks: size=3
03-13 12:12:53.632  3982  4422 E ActivityManagerWrapper:  mainTaskId=10522   userId=0   windowMode=1   baseIntent=Intent { act=android.intent.action.VIEW flag=411041792 cmp=ComponentInfo{com.miui.securitycenter/com.miui.permcenter.install.AdbInstallActivity} }
03-13 12:12:53.632  3982  4422 E ActivityManagerWrapper:  mainTaskId=10517   userId=0   windowMode=1   baseIntent=Intent { act=com.tmessages.openchat0.249437130106551222147483647 flag=352321536 cmp=ComponentInfo{org.telegram.messenger.web/org.telegram.ui.LaunchActivity} }
03-13 12:12:53.632  3982  4422 E ActivityManagerWrapper:  mainTaskId=10520   userId=0   windowMode=1   baseIntent=Intent { act=null flag=369098752 cmp=ComponentInfo{com.google.android.googlequicksearchbox/com.google.android.apps.search.assistant.surfaces.voice.robin.main.MainActivity} }
03-13 12:12:53.638  3982  4422 E ActivityManagerWrapper: get all recent tasks force including 2
03-13 12:12:53.641  3982  4422 E ActivityManagerWrapper: getRecentTasksForceIncludingTaskIdIfValid: getRecentTasks: size=3
03-13 12:12:53.641  3982  4422 E ActivityManagerWrapper:  mainTaskId=10522   userId=0   windowMode=1   baseIntent=Intent { act=android.intent.action.VIEW flag=411041792 cmp=ComponentInfo{com.miui.securitycenter/com.miui.permcenter.install.AdbInstallActivity} }
03-13 12:12:53.641  3982  4422 E ActivityManagerWrapper:  mainTaskId=10517   userId=0   windowMode=1   baseIntent=Intent { act=com.tmessages.openchat0.249437130106551222147483647 flag=352321536 cmp=ComponentInfo{org.telegram.messenger.web/org.telegram.ui.LaunchActivity} }
03-13 12:12:53.641  3982  4422 E ActivityManagerWrapper:  mainTaskId=10520   userId=0   windowMode=1   baseIntent=Intent { act=null flag=369098752 cmp=ComponentInfo{com.google.android.googlequicksearchbox/com.google.android.apps.search.assistant.surfaces.voice.robin.main.MainActivity} }
03-13 12:12:53.801  1226  5239 E ANDR-PERF-DATA-POOL: EventDataPool is Full
03-13 12:12:53.801  1226  5239 E ANDR-PERF-MPCTL: perf request submission limit reached.
03-13 12:12:54.234  1922  3141 E AppOps  : attributionTag VCN not declared in manifest of android
03-13 12:12:54.235  1922  3141 E AppOps  : attributionTag VCN not declared in manifest of android
03-13 12:12:54.241  1922  3141 E AppOps  : attributionTag VCN not declared in manifest of android
03-13 12:12:54.241  1922  3141 E AppOps  : attributionTag VCN not declared in manifest of android
03-13 12:12:54.281  1922  3420 E AppScanObserverService: Try to add a invalid package: com.luxpro.vip | 10303 | 0
03-13 12:12:54.288  1922  1922 E SLM-SRV-SLAAppLib: initBroadcastReceivercom.luxpro.vip
03-13 12:12:54.303  1922  2310 E FileUtils: err open mi_exception_log errno=2
03-13 12:12:54.304  1922  2310 E FileUtils: err write to mi_exception_log
03-13 12:12:54.308 29072 29072 E FileUtils: err write to mi_exception_log
03-13 12:12:54.328 10982 10982 E Zygote  : process_name_ptr:10982 com.google.android.packageinstaller
03-13 12:12:54.333  5617  5617 E FileUtils: err write to mi_exception_log
03-13 12:12:54.335 10983 10983 E Zygote  : process_name_ptr:10983 com.miui.global.packageinstaller
03-13 12:12:54.335  6180  6180 E FileUtils: err write to mi_exception_log
03-13 12:12:54.338  6872  6872 E FileUtils: err write to mi_exception_log
03-13 12:12:54.341 10982 10982 E ackageinstaller: Not starting debugger since process cannot load the jdwp agent.
03-13 12:12:54.348 10983 10983 E ackageinstaller: Not starting debugger since process cannot load the jdwp agent.
03-13 12:12:54.357  3982  4185 E Launcher.AllAppsList: Can't load postion for packageName: com.luxpro.vip activityName: com.luxpro.vip.SplashActivity
03-13 12:12:54.363 10983 10983 E ackageinstaller: Can't find memory status under: /sys/block/zram0/
03-13 12:12:54.441 11007 11007 E Zygote  : process_name_ptr:11007 com.miui.cleaner
03-13 12:12:54.450  5617  5617 E NfcApduServiceInfo: SE extension not present, Setting default offhost seID
03-13 12:12:54.453  5617  5617 E RegisteredServicesCache: Next Tag=services
03-13 12:12:54.453  5617  5617 E RegisteredServicesCache: installedServices no uidString 
03-13 12:12:54.453  5617  5617 E RegisteredServicesCache: installedServices contains uidString : 10146
03-13 12:12:54.453  5617  5617 E RegisteredServicesCache: installedServices contains uidString : 10146
03-13 12:12:54.453  5617  5617 E RegisteredServicesCache: installedServices contains uidString : 10146
03-13 12:12:54.453  5617  5617 E RegisteredServicesCache: 1invalidateCache:WriteServiceStateToFile
03-13 12:12:54.453  5617  5617 E RegisteredServicesCache:  Writing service state Data Always
03-13 12:12:54.457  5617  5617 E RegisteredServicesCache: component namecom.google.android.gms/com.google.android.gms.nearby.mediums.nearfieldcommunication.NfcAdvertisingService
03-13 12:12:54.457  5617  5617 E RegisteredServicesCache: component namecom.google.android.gms/com.google.android.gms.fido.fido2.ui.hybrid.NfcEmulationService
03-13 12:12:54.457  5617  5617 E RegisteredServicesCache: component namecom.google.android.gms/com.google.android.gms.pay.hce.service.PayHceService
03-13 12:12:54.457  5617  5617 E RegisteredServicesCache: component namecom.google.android.gms/com.google.android.gms.dck.service.DckNfcApduService
03-13 12:12:54.459 11007 11007 E om.miui.cleaner: Not starting debugger since process cannot load the jdwp agent.
03-13 12:12:54.472 11007 11007 E om.miui.cleaner: Can't find memory status under: /sys/block/zram0/
03-13 12:12:54.474  6180 10987 E RoleControllerServiceImpl: Default/fallback role holder package doesn't qualify for the role, package: com.google.android.gms.supervision, role: android.app.role.SYSTEM_SUPERVISION, user: 0
03-13 12:12:54.487  5617  5617 E libnfc_nci: [ERROR:nfa_ee_api.cc(130)] NFA_EeGetInfo bad em state: 0
03-13 12:12:54.487  5617  5617 E libnfc_nci: [ERROR:SecureElement.cpp(1463)] SecureElement::getEeInfo: fail get info; error=0x3
03-13 12:12:54.494  5617  5617 E FileUtils: err write to mi_exception_log
03-13 12:12:54.541 10982 10982 E FileUtils: err open mi_exception_log errno=2
03-13 12:12:54.541 10982 10982 E FileUtils: err write to mi_exception_log
03-13 12:12:54.662 10983 10983 E FileUtils: err open mi_exception_log errno=2
03-13 12:12:54.662 10983 10983 E FileUtils: err write to mi_exception_log
03-13 12:12:54.728  3982  4115 E InstallApkReceiver: install:package:com.luxpro.vip
03-13 12:12:54.786  5870  5870 E FileUtils: err write to mi_exception_log
03-13 12:12:54.810  6540  6540 E FileUtils: err write to mi_exception_log
03-13 12:12:54.836 24996 24996 E FileUtils: err write to mi_exception_log
03-13 12:12:54.840 18146 18146 E FileUtils: err write to mi_exception_log
03-13 12:12:54.872 14060 14060 E FileUtils: err write to mi_exception_log
03-13 12:12:54.881  1226  1226 E vendor.qti.hardware.perf@2.2-service: Unknown params
03-13 12:12:54.900 31201 31201 E FileUtils: err write to mi_exception_log
03-13 12:12:54.912 28578 28578 E FileUtils: err write to mi_exception_log
03-13 12:12:54.949  6113 11070 E Dck     : Could not get ProviderInfo when resolving the content provider authority. [CONTEXT service_id=289 ]
03-13 12:12:54.949  6113 11070 E Dck     : Samsung Content Provider failed app verification [CONTEXT service_id=289 ]
03-13 12:12:54.952 17877 17877 E FileUtils: err write to mi_exception_log
03-13 12:12:55.048 11007 11007 E FileUtils: err open mi_exception_log errno=2
03-13 12:12:55.048 11007 11007 E FileUtils: err write to mi_exception_log
03-13 12:12:55.065  1922  3227 E ProcessManager: error write exception log
03-13 12:12:55.129 11007 11007 E FileUtils: err write to mi_exception_log
03-13 12:12:55.251  6180 10987 E RoleControllerServiceImpl: Default/fallback role holder package doesn't qualify for the role, package: com.google.android.devicelockcontroller, role: android.app.role.SYSTEM_FINANCED_DEVICE_CONTROLLER, user: 0
03-13 12:12:55.270  6180 10987 E FeatureFlagsImplExport: android.os.flagging.AconfigStorageReadException: ERROR_PACKAGE_NOT_FOUND: package com.android.window.flags cannot be found on the device
03-13 12:12:55.351 18146 18435 E MiPicks-ModuleInterceptor: isOperatorSdkInited operator:default  status:null
03-13 12:12:55.368 10983 11163 E ackageinstaller: No package ID 6a found for resource ID 0x6a0b0013.
03-13 12:12:55.379 11007 11164 E om.miui.cleaner: No package ID 6a found for resource ID 0x6a0b0013.
03-13 12:12:56.502  8551 10860 E WakePathManager: write response error!
03-13 12:12:56.858  8551 10860 E WakePathManager: write response error!
03-13 12:12:56.958  3982  3982 E Launcher.application: setClickAppWaitForCallback = true
03-13 12:12:56.959  1226  1226 E vendor.qti.hardware.perf@2.2-service: Unknown params
03-13 12:12:56.963  1226  1226 E ANDR-PERF-DATA-POOL: EventDataPool is Full
03-13 12:12:56.964  1226  1226 E ANDR-PERF-MPCTL: perf request submission limit reached.
03-13 12:12:56.969  3982  3982 E Launcher.application: setClickAppWaitForCallback = true
03-13 12:12:56.970  3982  3982 E Launcher: superStartActivity   type=13
03-13 12:12:56.978  1226  1226 E vendor.qti.hardware.perf@2.2-service: Unknown params
03-13 12:12:56.978  1226  1226 E vendor.qti.hardware.perf@2.2-service: Unknown params
03-13 12:12:56.978  1226  1226 E ANDR-PERF-DATA-POOL: EventDataPool is Full
03-13 12:12:56.978  1226  1226 E ANDR-PERF-MPCTL: perf request submission limit reached.
03-13 12:12:56.978  1226  1226 E vendor.qti.hardware.perf@2.2-service: Unknown params
03-13 12:12:56.978  1226  1226 E ANDR-PERF-DATA-POOL: EventDataPool is Full
03-13 12:12:56.978  1226  1226 E ANDR-PERF-MPCTL: perf request submission limit reached.
03-13 12:12:56.978  1226  1226 E vendor.qti.hardware.perf@2.2-service: Unknown params
03-13 12:12:56.978  1226  1226 E ANDR-PERF-DATA-POOL: EventDataPool is Full
03-13 12:12:56.978  1226  1226 E ANDR-PERF-MPCTL: perf request submission limit reached.
03-13 12:12:56.978  1226  1430 E ANDR-PERF-LM: MetaMeter: handleAsync() 166: AdaptLaunch Invalid Async
03-13 12:12:56.978  1226  1430 E ANDR-PERF-LM: MetaMeter: handleAsync() 166: AdaptLaunch Invalid Async
03-13 12:12:56.980  1922  4372 E ANDR-PERF-JNI: com_qualcomm_qtiperformance_native_perf_io_prefetch_start
03-13 12:12:56.985  1225  5263 E ANDR-IOP: io prefetch is disabled
03-13 12:12:56.986  1226  1226 E vendor.qti.hardware.perf@2.2-service: Unknown params
03-13 12:12:56.986  1226  1226 E ANDR-PERF-DATA-POOL: EventDataPool is Full
03-13 12:12:56.986  1226  1226 E ANDR-PERF-MPCTL: perf request submission limit reached.
03-13 12:12:56.991  1226  1226 E vendor.qti.hardware.perf@2.2-service: Unknown params
03-13 12:12:56.991  1226  1226 E vendor.qti.hardware.perf@2.2-service: Unknown params
03-13 12:12:57.003  3982  3982 E FileUtils: err write to mi_exception_log
03-13 12:12:57.048  3947  4355 E OpenGLRenderer: Unable to match the desired swap behavior.
03-13 12:12:57.049  3982  3982 E WindowTransitionCompat: printLeash::index = 0, root = Surface(name=Transition Root #3229: Task=10523#50365)/@0x7615b44
03-13 12:12:57.049  3982  3982 E WindowTransitionCompat: 0, check isClosingType type = 1, mode = 1
03-13 12:12:57.049  3982  3982 E WindowTransitionCompat: 1, check isClosingType type = 2, mode = 4
03-13 12:12:57.050  3982  4422 E ActivityManagerWrapper: get all recent tasks force including 2
03-13 12:12:57.060  3982  4422 E ActivityManagerWrapper: getRecentTasksForceIncludingTaskIdIfValid: getRecentTasks: size=4
03-13 12:12:57.060  3982  4422 E ActivityManagerWrapper:  mainTaskId=10523   userId=0   windowMode=1   baseIntent=Intent { act=android.intent.action.MAIN flag=270532608 cmp=ComponentInfo{com.luxpro.vip/com.luxpro.vip.SplashActivity} }
03-13 12:12:57.060  3982  4422 E ActivityManagerWrapper:  mainTaskId=10522   userId=0   windowMode=1   baseIntent=Intent { act=android.intent.action.VIEW flag=411041792 cmp=ComponentInfo{com.miui.securitycenter/com.miui.permcenter.install.AdbInstallActivity} }
03-13 12:12:57.060  3982  4422 E ActivityManagerWrapper:  mainTaskId=10517   userId=0   windowMode=1   baseIntent=Intent { act=com.tmessages.openchat0.249437130106551222147483647 flag=352321536 cmp=ComponentInfo{org.telegram.messenger.web/org.telegram.ui.LaunchActivity} }
03-13 12:12:57.060  3982  4422 E ActivityManagerWrapper:  mainTaskId=10520   userId=0   windowMode=1   baseIntent=Intent { act=null flag=369098752 cmp=ComponentInfo{com.google.android.googlequicksearchbox/com.google.android.apps.search.assistant.surfaces.voice.robin.main.MainActivity} }
03-13 12:12:57.065  3982  3982 E WindowAnimParamsProvider: getWindowTargetBounds    bounds=Rect(0, 0 - 1080, 2400)
03-13 12:12:57.065  3982  3982 E ClipAnimationHelper: updateSourceStack  mSourceInsets=Rect(0, 0 - 0, 0), mSourceStackBounds=Rect(0, 0 - 1080, 2400)
03-13 12:12:57.065  3982  3982 E ClipAnimationHelper: updateHomeStack  mSourceInsets=Rect(0, 0 - 0, 0), mHomeStackBounds=Rect(0, 0 - 1080, 2400)
03-13 12:12:57.066  3982  3982 E ClipAnimationHelper: updateTargetRect  mSourceRect=RectF(0.0, 0.0, 1080.0, 2400.0)   mTargetRect=RectF(0.0, 0.0, 1080.0, 2400.0)   mSourceWindowClipInsets=RectF(0.0, 0.0, 0.0, 0.0)   mHomeStackBounds=Rect(0, 0 - 1080, 2400)   targetRect=Rect(0, 0 - 1080, 2400)
03-13 12:12:57.068  1226  1226 E ANDR-PERF-DATA-POOL: EventDataPool is Full
03-13 12:12:57.068  1226  1226 E ANDR-PERF-MPCTL: perf request submission limit reached.
03-13 12:12:57.071  3947  3947 E onWindowDecorRectChanged: start size:1
03-13 12:12:57.071  3947  3947 E onWindowDecorRectChanged: windowDecorRects: Rect(454, 12 - 625, 123)
03-13 12:12:57.073 11208 11208 E Zygote  : process_name_ptr:11208 com.luxpro.vip
03-13 12:12:57.082  3982  3982 E MultiSpringDynamicAnimation2160e77: ERROR Not Found Bundle SurfaceExtAlpha
03-13 12:12:57.082  3982  3982 E MultiSpringDynamicAnimation2160e77: ERROR Not Found Bundle SurfaceExtAlpha
03-13 12:12:57.082  3982  3982 E MultiSpringDynamicAnimation2160e77: ERROR Not Found Bundle SurfaceExtAlpha
03-13 12:12:57.083  3982  3982 E MultiSpringDynamicAnimation8a26a1a: ERROR Not Found Bundle scaleY
03-13 12:12:57.083  3982  3982 E Launcher.application: setClickAppWaitForCallback = false
03-13 12:12:57.089 11208 11208 E com.luxpro.vip: Not starting debugger since process cannot load the jdwp agent.
03-13 12:12:57.098  3982  4422 E ActivityManagerWrapper: get all recent tasks force including 2
03-13 12:12:57.098  1222  1610 E SDM     : HWCSession::GetClientTargetProperty: GetClinetTargetProperty interface enter
03-13 12:12:57.099  1226  1226 E ANDR-PERF-DATA-POOL: EventDataPool is Full
03-13 12:12:57.099  1226  1226 E ANDR-PERF-MPCTL: perf request submission limit reached.
03-13 12:12:57.099 11208 11208 E com.luxpro.vip: Can't find memory status under: /sys/block/zram0/
03-13 12:12:57.101  3982  4422 E ActivityManagerWrapper: getRecentTasksForceIncludingTaskIdIfValid: getRecentTasks: size=4
03-13 12:12:57.101  3982  4422 E ActivityManagerWrapper:  mainTaskId=10523   userId=0   windowMode=1   baseIntent=Intent { act=android.intent.action.MAIN flag=270532608 cmp=ComponentInfo{com.luxpro.vip/com.luxpro.vip.SplashActivity} }
03-13 12:12:57.101  3982  4422 E ActivityManagerWrapper:  mainTaskId=10522   userId=0   windowMode=1   baseIntent=Intent { act=android.intent.action.VIEW flag=411041792 cmp=ComponentInfo{com.miui.securitycenter/com.miui.permcenter.install.AdbInstallActivity} }
03-13 12:12:57.101  3982  4422 E ActivityManagerWrapper:  mainTaskId=10517   userId=0   windowMode=1   baseIntent=Intent { act=com.tmessages.openchat0.249437130106551222147483647 flag=352321536 cmp=ComponentInfo{org.telegram.messenger.web/org.telegram.ui.LaunchActivity} }
03-13 12:12:57.101  3982  4422 E ActivityManagerWrapper:  mainTaskId=10520   userId=0   windowMode=1   baseIntent=Intent { act=null flag=369098752 cmp=ComponentInfo{com.google.android.googlequicksearchbox/com.google.android.apps.search.assistant.surfaces.voice.robin.main.MainActivity} }
03-13 12:12:57.104  1222  1610 E SDM     : HWCSession::GetClientTargetProperty: GetClinetTargetProperty interface enter
03-13 12:12:57.105  1226  1226 E ANDR-PERF-DATA-POOL: EventDataPool is Full
03-13 12:12:57.105  1226  1226 E ANDR-PERF-MPCTL: perf request submission limit reached.
03-13 12:12:57.107  1226  1226 E vendor.qti.hardware.perf@2.2-service: Unknown params
03-13 12:12:57.107  1226  1226 E ANDR-PERF-DATA-POOL: EventDataPool is Full
03-13 12:12:57.107  1226  1226 E ANDR-PERF-MPCTL: perf request submission limit reached.
03-13 12:12:57.107  1226  1430 E ANDR-PERF-LM: MetaMeter: handleAsync() 166: AdaptLaunch Invalid Async
03-13 12:12:57.110  3982  4422 E ActivityManagerWrapper: get all recent tasks force including 2
03-13 12:12:57.112  1226  1226 E vendor.qti.hardware.perf@2.2-service: Unknown params
03-13 12:12:57.112  1226  1226 E ANDR-PERF-DATA-POOL: EventDataPool is Full
03-13 12:12:57.112  1226  1226 E ANDR-PERF-MPCTL: perf request submission limit reached.
03-13 12:12:57.113  1222  1610 E SDM     : HWCSession::GetClientTargetProperty: GetClinetTargetProperty interface enter
03-13 12:12:57.114 11213 11213 E Zygote  : process_name_ptr:11213 com.xiaomi.discover
03-13 12:12:57.115  3982  4422 E ActivityManagerWrapper: getRecentTasksForceIncludingTaskIdIfValid: getRecentTasks: size=4
03-13 12:12:57.115  3982  4422 E ActivityManagerWrapper:  mainTaskId=10523   userId=0   windowMode=1   baseIntent=Intent { act=android.intent.action.MAIN flag=270532608 cmp=ComponentInfo{com.luxpro.vip/com.luxpro.vip.SplashActivity} }
03-13 12:12:57.115  3982  4422 E ActivityManagerWrapper:  mainTaskId=10522   userId=0   windowMode=1   baseIntent=Intent { act=android.intent.action.VIEW flag=411041792 cmp=ComponentInfo{com.miui.securitycenter/com.miui.permcenter.install.AdbInstallActivity} }
03-13 12:12:57.115  3982  4422 E ActivityManagerWrapper:  mainTaskId=10517   userId=0   windowMode=1   baseIntent=Intent { act=com.tmessages.openchat0.249437130106551222147483647 flag=352321536 cmp=ComponentInfo{org.telegram.messenger.web/org.telegram.ui.LaunchActivity} }
03-13 12:12:57.115  3982  4422 E ActivityManagerWrapper:  mainTaskId=10520   userId=0   windowMode=1   baseIntent=Intent { act=null flag=369098752 cmp=ComponentInfo{com.google.android.googlequicksearchbox/com.google.android.apps.search.assistant.surfaces.voice.robin.main.MainActivity} }
03-13 12:12:57.115  1226  1226 E ANDR-PERF-DATA-POOL: EventDataPool is Full
03-13 12:12:57.115  1226  1226 E ANDR-PERF-MPCTL: perf request submission limit reached.
03-13 12:12:57.117  3947  3947 E onWindowDecorRectChanged: start size:0
03-13 12:12:57.117  3947  3947 E onWindowDecorRectChanged: start size:1
03-13 12:12:57.117  3947  3947 E onWindowDecorRectChanged: windowDecorRects: Rect(454, 12 - 625, 123)
03-13 12:12:57.125  1222  1610 E SDM     : HWCSession::GetClientTargetProperty: GetClinetTargetProperty interface enter
03-13 12:12:57.126  1226  1226 E ANDR-PERF-DATA-POOL: EventDataPool is Full
03-13 12:12:57.126  1226  1226 E ANDR-PERF-MPCTL: perf request submission limit reached.
03-13 12:12:57.132 11213 11213 E xiaomi.discover: Not starting debugger since process cannot load the jdwp agent.
03-13 12:12:57.137  1222  1610 E SDM     : HWCSession::GetClientTargetProperty: GetClinetTargetProperty interface enter
03-13 12:12:57.137  1226  1226 E ANDR-PERF-DATA-POOL: EventDataPool is Full
03-13 12:12:57.137  1226  1226 E ANDR-PERF-MPCTL: perf request submission limit reached.
03-13 12:12:57.144 11213 11213 E xiaomi.discover: Can't find memory status under: /sys/block/zram0/
03-13 12:12:57.151  1222  1610 E SDM     : HWCSession::GetClientTargetProperty: GetClinetTargetProperty interface enter
03-13 12:12:57.151  1226  1226 E ANDR-PERF-DATA-POOL: EventDataPool is Full
03-13 12:12:57.151  1226  1226 E ANDR-PERF-MPCTL: perf request submission limit reached.
03-13 12:12:57.164  1222  1610 E SDM     : HWCSession::GetClientTargetProperty: GetClinetTargetProperty interface enter
03-13 12:12:57.165  1226  1226 E ANDR-PERF-DATA-POOL: EventDataPool is Full
03-13 12:12:57.165  1226  1226 E ANDR-PERF-MPCTL: perf request submission limit reached.
03-13 12:12:57.177  1222  1610 E SDM     : HWCSession::GetClientTargetProperty: GetClinetTargetProperty interface enter
03-13 12:12:57.178  1226  1226 E ANDR-PERF-DATA-POOL: EventDataPool is Full
03-13 12:12:57.178  1226  1226 E ANDR-PERF-MPCTL: perf request submission limit reached.
03-13 12:12:57.178 18146 18328 E MiPicks-PrefUtils: Unknown sharedpreferences file name app_chooser
03-13 12:12:57.190 11237 11237 E Zygote  : process_name_ptr:11237 com.xiaomi.glgm
03-13 12:12:57.191  1222  1610 E SDM     : HWCSession::GetClientTargetProperty: GetClinetTargetProperty interface enter
03-13 12:12:57.191  1226  1226 E ANDR-PERF-DATA-POOL: EventDataPool is Full
03-13 12:12:57.191 18146 18435 E MiPicks-ModuleInterceptor: isOperatorSdkInited operator:default  status:null
03-13 12:12:57.192  1226  1226 E ANDR-PERF-MPCTL: perf request submission limit reached.
03-13 12:12:57.201 11237 11237 E com.xiaomi.glgm: Not starting debugger since process cannot load the jdwp agent.
03-13 12:12:57.202  1222  1610 E SDM     : HWCSession::GetClientTargetProperty: GetClinetTargetProperty interface enter
03-13 12:12:57.203  1226  1226 E ANDR-PERF-DATA-POOL: EventDataPool is Full
03-13 12:12:57.203  1226  1226 E ANDR-PERF-MPCTL: perf request submission limit reached.
03-13 12:12:57.212 11237 11237 E com.xiaomi.glgm: Can't find memory status under: /sys/block/zram0/
03-13 12:12:57.214  1222  1610 E SDM     : HWCSession::GetClientTargetProperty: GetClinetTargetProperty interface enter
03-13 12:12:57.214  1226  1226 E ANDR-PERF-DATA-POOL: EventDataPool is Full
03-13 12:12:57.214  1226  1226 E ANDR-PERF-MPCTL: perf request submission limit reached.
03-13 12:12:57.227  1222  1610 E SDM     : HWCSession::GetClientTargetProperty: GetClinetTargetProperty interface enter
03-13 12:12:57.227  1226  1226 E ANDR-PERF-DATA-POOL: EventDataPool is Full
03-13 12:12:57.227  1226  1226 E ANDR-PERF-MPCTL: perf request submission limit reached.
03-13 12:12:57.232  1222  1610 E SDM     : HWCSession::GetClientTargetProperty: GetClinetTargetProperty interface enter
03-13 12:12:57.234  1226  1226 E ANDR-PERF-DATA-POOL: EventDataPool is Full
03-13 12:12:57.234  1226  1226 E ANDR-PERF-MPCTL: perf request submission limit reached.
03-13 12:12:57.238  1222  1610 E SDM     : HWCSession::GetClientTargetProperty: GetClinetTargetProperty interface enter
03-13 12:12:57.239  1226  1226 E ANDR-PERF-DATA-POOL: EventDataPool is Full
03-13 12:12:57.239  1226  1226 E ANDR-PERF-MPCTL: perf request submission limit reached.
03-13 12:12:57.246  1222  1610 E SDM     : HWCSession::GetClientTargetProperty: GetClinetTargetProperty interface enter
03-13 12:12:57.247  1226  1226 E ANDR-PERF-DATA-POOL: EventDataPool is Full
03-13 12:12:57.247  1226  1226 E ANDR-PERF-MPCTL: perf request submission limit reached.
03-13 12:12:57.255  1222  1610 E SDM     : HWCSession::GetClientTargetProperty: GetClinetTargetProperty interface enter
03-13 12:12:57.255  1226  1226 E ANDR-PERF-DATA-POOL: EventDataPool is Full
03-13 12:12:57.255  1226  1226 E ANDR-PERF-MPCTL: perf request submission limit reached.
03-13 12:12:57.263  1222  1610 E SDM     : HWCSession::GetClientTargetProperty: GetClinetTargetProperty interface enter
03-13 12:12:57.266  1226  1226 E ANDR-PERF-DATA-POOL: EventDataPool is Full
03-13 12:12:57.266  1226  1226 E ANDR-PERF-MPCTL: perf request submission limit reached.
03-13 12:12:57.272  1222  1610 E SDM     : HWCSession::GetClientTargetProperty: GetClinetTargetProperty interface enter
03-13 12:12:57.272  1226  1226 E ANDR-PERF-DATA-POOL: EventDataPool is Full
03-13 12:12:57.272  1226  1226 E ANDR-PERF-MPCTL: perf request submission limit reached.
03-13 12:12:57.281  1222  1610 E SDM     : HWCSession::GetClientTargetProperty: GetClinetTargetProperty interface enter
03-13 12:12:57.285  1226  1226 E ANDR-PERF-DATA-POOL: EventDataPool is Full
03-13 12:12:57.285  1226  1226 E ANDR-PERF-MPCTL: perf request submission limit reached.
03-13 12:12:57.289  1222  1610 E SDM     : HWCSession::GetClientTargetProperty: GetClinetTargetProperty interface enter
03-13 12:12:57.290  1226  1226 E ANDR-PERF-DATA-POOL: EventDataPool is Full
03-13 12:12:57.290  1226  1226 E ANDR-PERF-MPCTL: perf request submission limit reached.
03-13 12:12:57.294 11208 11208 E FileUtils: err open mi_exception_log errno=2
03-13 12:12:57.294 11208 11208 E FileUtils: err write to mi_exception_log
03-13 12:12:57.298  1222  1610 E SDM     : HWCSession::GetClientTargetProperty: GetClinetTargetProperty interface enter
03-13 12:12:57.299  1226  1226 E ANDR-PERF-DATA-POOL: EventDataPool is Full
03-13 12:12:57.299  1226  1226 E ANDR-PERF-MPCTL: perf request submission limit reached.
03-13 12:12:57.305  1222  1610 E SDM     : HWCSession::GetClientTargetProperty: GetClinetTargetProperty interface enter
03-13 12:12:57.305  1226  1226 E ANDR-PERF-DATA-POOL: EventDataPool is Full
03-13 12:12:57.305  1226  1226 E ANDR-PERF-MPCTL: perf request submission limit reached.
03-13 12:12:57.318  1222  1610 E SDM     : HWCSession::GetClientTargetProperty: GetClinetTargetProperty interface enter
03-13 12:12:57.318  1226  1226 E ANDR-PERF-DATA-POOL: EventDataPool is Full
03-13 12:12:57.318  1226  1226 E ANDR-PERF-MPCTL: perf request submission limit reached.
03-13 12:12:57.324  1222  1610 E SDM     : HWCSession::GetClientTargetProperty: GetClinetTargetProperty interface enter
03-13 12:12:57.324  1226  1226 E ANDR-PERF-DATA-POOL: EventDataPool is Full
03-13 12:12:57.324  1226  1226 E ANDR-PERF-MPCTL: perf request submission limit reached.
03-13 12:12:57.327 11208 11279 E com.luxpro.vip: No package ID 6a found for resource ID 0x6a0b0013.
03-13 12:12:57.335  1222  1610 E SDM     : HWCSession::GetClientTargetProperty: GetClinetTargetProperty interface enter
03-13 12:12:57.335  1226  1226 E ANDR-PERF-DATA-POOL: EventDataPool is Full
03-13 12:12:57.335  1226  1226 E ANDR-PERF-MPCTL: perf request submission limit reached.
03-13 12:12:57.340  1222  1610 E SDM     : HWCSession::GetClientTargetProperty: GetClinetTargetProperty interface enter
03-13 12:12:57.341  1226  1226 E ANDR-PERF-DATA-POOL: EventDataPool is Full
03-13 12:12:57.341  1226  1226 E ANDR-PERF-MPCTL: perf request submission limit reached.
03-13 12:12:57.348  1222  1610 E SDM     : HWCSession::GetClientTargetProperty: GetClinetTargetProperty interface enter
03-13 12:12:57.348  1226  1226 E ANDR-PERF-DATA-POOL: EventDataPool is Full
03-13 12:12:57.348  1226  1226 E ANDR-PERF-MPCTL: perf request submission limit reached.
03-13 12:12:57.355  1222  1610 E SDM     : HWCSession::GetClientTargetProperty: GetClinetTargetProperty interface enter
03-13 12:12:57.355  1226  1226 E ANDR-PERF-DATA-POOL: EventDataPool is Full
03-13 12:12:57.355  1226  1226 E ANDR-PERF-MPCTL: perf request submission limit reached.
03-13 12:12:57.367  1222  1610 E SDM     : HWCSession::GetClientTargetProperty: GetClinetTargetProperty interface enter
03-13 12:12:57.371  1226  1226 E ANDR-PERF-DATA-POOL: EventDataPool is Full
03-13 12:12:57.371  1226  1226 E ANDR-PERF-MPCTL: perf request submission limit reached.
03-13 12:12:57.376  1222  1610 E SDM     : HWCSession::GetClientTargetProperty: GetClinetTargetProperty interface enter
03-13 12:12:57.376  1226  1226 E ANDR-PERF-DATA-POOL: EventDataPool is Full
03-13 12:12:57.376  1226  1226 E ANDR-PERF-MPCTL: perf request submission limit reached.
03-13 12:12:57.384  1222  1610 E SDM     : HWCSession::GetClientTargetProperty: GetClinetTargetProperty interface enter
03-13 12:12:57.384  1226  1226 E ANDR-PERF-DATA-POOL: EventDataPool is Full
03-13 12:12:57.384  1226  1226 E ANDR-PERF-MPCTL: perf request submission limit reached.
03-13 12:12:57.392  1222  1610 E SDM     : HWCSession::GetClientTargetProperty: GetClinetTargetProperty interface enter
03-13 12:12:57.393  1226  1226 E ANDR-PERF-DATA-POOL: EventDataPool is Full
03-13 12:12:57.393  1226  1226 E ANDR-PERF-MPCTL: perf request submission limit reached.
03-13 12:12:57.397  1222  1610 E SDM     : HWCSession::GetClientTargetProperty: GetClinetTargetProperty interface enter
03-13 12:12:57.398  1226  1226 E ANDR-PERF-DATA-POOL: EventDataPool is Full
03-13 12:12:57.398  1226  1226 E ANDR-PERF-MPCTL: perf request submission limit reached.
03-13 12:12:57.405  1222  1610 E SDM     : HWCSession::GetClientTargetProperty: GetClinetTargetProperty interface enter
03-13 12:12:57.405  1226  1226 E ANDR-PERF-DATA-POOL: EventDataPool is Full
03-13 12:12:57.405  1226  1226 E ANDR-PERF-MPCTL: perf request submission limit reached.
03-13 12:12:57.414  1222  1610 E SDM     : HWCSession::GetClientTargetProperty: GetClinetTargetProperty interface enter
03-13 12:12:57.414  1226  1226 E ANDR-PERF-DATA-POOL: EventDataPool is Full
03-13 12:12:57.414  1226  1226 E ANDR-PERF-MPCTL: perf request submission limit reached.
03-13 12:12:57.423  1222  1610 E SDM     : HWCSession::GetClientTargetProperty: GetClinetTargetProperty interface enter
03-13 12:12:57.423  1226  1226 E ANDR-PERF-DATA-POOL: EventDataPool is Full
03-13 12:12:57.423  1226  1226 E ANDR-PERF-MPCTL: perf request submission limit reached.
03-13 12:12:57.431  1222  1610 E SDM     : HWCSession::GetClientTargetProperty: GetClinetTargetProperty interface enter
03-13 12:12:57.431  1226  1226 E ANDR-PERF-DATA-POOL: EventDataPool is Full
03-13 12:12:57.431  1226  1226 E ANDR-PERF-MPCTL: perf request submission limit reached.
03-13 12:12:57.432 11208 11297 E FramePredict: registerContentObserver fail
03-13 12:12:57.439  1222  1610 E SDM     : HWCSession::GetClientTargetProperty: GetClinetTargetProperty interface enter
03-13 12:12:57.439 11213 11213 E MPMsgCenterWrapper: init----------------
03-13 12:12:57.439  1226  1226 E ANDR-PERF-DATA-POOL: EventDataPool is Full
03-13 12:12:57.439  1226  1226 E ANDR-PERF-MPCTL: perf request submission limit reached.
03-13 12:12:57.443 11213 11213 E MsgCenterConfig: com.tiktok.manager
03-13 12:12:57.443 11213 11213 E MsgCenterConfig: android.content.pm.PackageManager$NameNotFoundException: com.tiktok.manager
03-13 12:12:57.443 11213 11213 E MsgCenterConfig: 	at android.app.ApplicationPackageManager.getApplicationInfoAsUser(ApplicationPackageManager.java:515)
03-13 12:12:57.443 11213 11213 E MsgCenterConfig: 	at android.app.ApplicationPackageManager.getApplicationInfo(ApplicationPackageManager.java:498)
03-13 12:12:57.443 11213 11213 E MsgCenterConfig: 	at android.app.ApplicationPackageManager.getApplicationInfo(ApplicationPackageManager.java:492)
03-13 12:12:57.443 11213 11213 E MsgCenterConfig: 	at com.xiaomi.mipicks.openstore.core.utils.c.a(SourceFile:30)
03-13 12:12:57.443 11213 11213 E MsgCenterConfig: 	at com.xiaomi.mipicks.openstore.core.process.ProcessServiceImpl.v1(SourceFile:9)
03-13 12:12:57.443 11213 11213 E MsgCenterConfig: 	at com.xiaomi.mipicks.openstore.core.process.ProcessServiceImpl.init(SourceFile:6)
03-13 12:12:57.443 11213 11213 E MsgCenterConfig: 	at com.xiaomi.mipicks.openstore.core.process.c.b(SourceFile:14)
03-13 12:12:57.443 11213 11213 E MsgCenterConfig: 	at com.xiaomi.mipicks.openstore.core.MPMsgCenterWrapper.d(SourceFile:18)
03-13 12:12:57.443 11213 11213 E MsgCenterConfig: 	at com.xiaomi.mipicks.openstore.core.d.c(SourceFile:8)
03-13 12:12:57.443 11213 11213 E MsgCenterConfig: 	at com.xiaomi.mipicks.openstore.platform.c.a(SourceFile:10)
03-13 12:12:57.443 11213 11213 E MsgCenterConfig: 	at com.xiaomi.mipicks.openstore.platform.b.a(SourceFile:11)
03-13 12:12:57.443 11213 11213 E MsgCenterConfig: 	at com.xiaomi.market.MarketApp.o(SourceFile:83)
03-13 12:12:57.443 11213 11213 E MsgCenterConfig: 	at com.xiaomi.market.MarketApp.onCreate(SourceFile:39)
03-13 12:12:57.443 11213 11213 E MsgCenterConfig: 	at android.app.Instrumentation.callApplicationOnCreate(Instrumentation.java:1326)
03-13 12:12:57.443 11213 11213 E MsgCenterConfig: 	at android.app.ActivityThread.handleBindApplication(ActivityThread.java:7585)
03-13 12:12:57.443 11213 11213 E MsgCenterConfig: 	at android.app.ActivityThread.-$$Nest$mhandleBindApplication(Unknown Source:0)
03-13 12:12:57.443 11213 11213 E MsgCenterConfig: 	at android.app.ActivityThread$H.handleMessage(ActivityThread.java:2397)
03-13 12:12:57.443 11213 11213 E MsgCenterConfig: 	at android.os.Handler.dispatchMessage(Handler.java:106)
03-13 12:12:57.443 11213 11213 E MsgCenterConfig: 	at android.os.Looper.loopOnce(Looper.java:222)
03-13 12:12:57.443 11213 11213 E MsgCenterConfig: 	at android.os.Looper.loop(Looper.java:314)
03-13 12:12:57.443 11213 11213 E MsgCenterConfig: 	at android.app.ActivityThread.main(ActivityThread.java:8857)
03-13 12:12:57.443 11213 11213 E MsgCenterConfig: 	at java.lang.reflect.Method.invoke(Native Method)
03-13 12:12:57.443 11213 11213 E MsgCenterConfig: 	at com.android.internal.os.RuntimeInit$MethodAndArgsCaller.run(RuntimeInit.java:565)
03-13 12:12:57.443 11213 11213 E MsgCenterConfig: 	at com.android.internal.os.ZygoteInit.main(ZygoteInit.java:1013)
03-13 12:12:57.444 11213 11213 E MsgCenterConfig: com.xiaomi.demo
03-13 12:12:57.444 11213 11213 E MsgCenterConfig: android.content.pm.PackageManager$NameNotFoundException: com.xiaomi.demo
03-13 12:12:57.444 11213 11213 E MsgCenterConfig: 	at android.app.ApplicationPackageManager.getApplicationInfoAsUser(ApplicationPackageManager.java:515)
03-13 12:12:57.444 11213 11213 E MsgCenterConfig: 	at android.app.ApplicationPackageManager.getApplicationInfo(ApplicationPackageManager.java:498)
