03-13 13:05:58.786  8844  9062 E AuthPII : bgcc: Long live credential not available.
03-13 13:05:58.786  8844  9062 E AuthPII : 	at agtw.a(:com.google.android.gms@260931029@26.09.31 (190400-877989800):1347)
03-13 13:05:58.786  8844  9062 E AuthPII : 	at agud.b(:com.google.android.gms@260931029@26.09.31 (190400-877989800):26)
03-13 13:05:58.786  8844  9062 E AuthPII : 	at agub.a(:com.google.android.gms@260931029@26.09.31 (190400-877989800):738)
03-13 13:05:58.786  8844  9062 E AuthPII : 	at aged.a(:com.google.android.gms@260931029@26.09.31 (190400-877989800):55)
03-13 13:05:58.786  8844  9062 E AuthPII : 	at aged.h(:com.google.android.gms@260931029@26.09.31 (190400-877989800):108)
03-13 13:05:58.786  8844  9062 E AuthPII : 	at aged.b(:com.google.android.gms@260931029@26.09.31 (190400-877989800):817)
03-13 13:05:58.786  8844  9062 E AuthPII : 	at aged.c(:com.google.android.gms@260931029@26.09.31 (190400-877989800):5)
03-13 13:05:58.786  8844  9062 E AuthPII : 	at aaeo.d(:com.google.android.gms@260931029@26.09.31 (190400-877989800):459)
03-13 13:05:58.786  8844  9062 E AuthPII : 	at aaeo.dispatchTransaction(:com.google.android.gms@260931029@26.09.31 (190400-877989800):153)
03-13 13:05:58.786  8844  9062 E AuthPII : 	at byga.a(:com.google.android.gms@260931029@26.09.31 (190400-877989800):72)
03-13 13:05:58.786  8844  9062 E AuthPII : 	at zke.onTransact(:com.google.android.gms@260931029@26.09.31 (190400-877989800):23)
03-13 13:05:58.786  8844  9062 E AuthPII : 	at android.os.Binder.transact(Binder.java:1190)
03-13 13:05:58.786  8844  9062 E AuthPII : 	at cjzi.onTransact(:com.google.android.gms@260931029@26.09.31 (190400-877989800):10)
03-13 13:05:58.786  8844  9062 E AuthPII : 	at android.os.Binder.transact(Binder.java:1190)
03-13 13:05:58.786  8844  9062 E AuthPII : 	at bygo.onTransact(:com.google.android.gms@260931029@26.09.31 (190400-877989800):161)
03-13 13:05:58.786  8844  9062 E AuthPII : 	at android.os.Binder.execTransactInternal(Binder.java:1346)
03-13 13:05:58.786  8844  9062 E AuthPII : 	at android.os.Binder.execTransact(Binder.java:1282)
03-13 13:05:58.786  8844  9062 E AuthPII : Message is Long live credential not available.
03-13 13:05:58.786  8844  9062 E AuthPII : bgcc: Long live credential not available.
03-13 13:05:58.786  8844  9062 E AuthPII : 	at agtw.a(:com.google.android.gms@260931029@26.09.31 (190400-877989800):1347)
03-13 13:05:58.786  8844  9062 E AuthPII : 	at agud.b(:com.google.android.gms@260931029@26.09.31 (190400-877989800):26)
03-13 13:05:58.786  8844  9062 E AuthPII : 	at agub.a(:com.google.android.gms@260931029@26.09.31 (190400-877989800):738)
03-13 13:05:58.786  8844  9062 E AuthPII : 	at aged.a(:com.google.android.gms@260931029@26.09.31 (190400-877989800):55)
03-13 13:05:58.786  8844  9062 E AuthPII : 	at aged.h(:com.google.android.gms@260931029@26.09.31 (190400-877989800):108)
03-13 13:05:58.786  8844  9062 E AuthPII : 	at aged.b(:com.google.android.gms@260931029@26.09.31 (190400-877989800):817)
03-13 13:05:58.786  8844  9062 E AuthPII : 	at aged.c(:com.google.android.gms@260931029@26.09.31 (190400-877989800):5)
03-13 13:05:58.786  8844  9062 E AuthPII : 	at aaeo.d(:com.google.android.gms@260931029@26.09.31 (190400-877989800):459)
03-13 13:05:58.786  8844  9062 E AuthPII : 	at aaeo.dispatchTransaction(:com.google.android.gms@260931029@26.09.31 (190400-877989800):153)
03-13 13:05:58.786  8844  9062 E AuthPII : 	at byga.a(:com.google.android.gms@260931029@26.09.31 (190400-877989800):72)
03-13 13:05:58.786  8844  9062 E AuthPII : 	at zke.onTransact(:com.google.android.gms@260931029@26.09.31 (190400-877989800):23)
03-13 13:05:58.786  8844  9062 E AuthPII : 	at android.os.Binder.transact(Binder.java:1190)
03-13 13:05:58.786  8844  9062 E AuthPII : 	at cjzi.onTransact(:com.google.android.gms@260931029@26.09.31 (190400-877989800):10)
03-13 13:05:58.786  8844  9062 E AuthPII : 	at android.os.Binder.transact(Binder.java:1190)
03-13 13:05:58.786  8844  9062 E AuthPII : 	at bygo.onTransact(:com.google.android.gms@260931029@26.09.31 (190400-877989800):161)
03-13 13:05:58.786  8844  9062 E AuthPII : 	at android.os.Binder.execTransactInternal(Binder.java:1346)
03-13 13:05:58.786  8844  9062 E AuthPII : 	at android.os.Binder.execTransact(Binder.java:1282)
03-13 13:05:58.790  1222  1610 E SDM     : HWCSession::GetClientTargetProperty: GetClinetTargetProperty interface enter
03-13 13:05:58.790  1226  1226 E ANDR-PERF-DATA-POOL: EventDataPool is Full
03-13 13:05:58.790  1226  1226 E ANDR-PERF-MPCTL: perf request submission limit reached.
03-13 13:05:58.793  8844  9059 E AuthPII : [RequestTokenManager] getToken() -> BAD_AUTHENTICATION. App: com.google.android.gms, Service: oauth2:https://www.googleapis.com/auth/plus.me
03-13 13:05:58.793  8844  9059 E AuthPII : bgcc: Long live credential not available.
03-13 13:05:58.793  8844  9059 E AuthPII : 	at agtw.a(:com.google.android.gms@260931029@26.09.31 (190400-877989800):1347)
03-13 13:05:58.793  8844  9059 E AuthPII : 	at agud.b(:com.google.android.gms@260931029@26.09.31 (190400-877989800):26)
03-13 13:05:58.793  8844  9059 E AuthPII : 	at agub.a(:com.google.android.gms@260931029@26.09.31 (190400-877989800):738)
03-13 13:05:58.793  8844  9059 E AuthPII : 	at agdx.a(:com.google.android.gms@260931029@26.09.31 (190400-877989800):82)
03-13 13:05:58.793  8844  9059 E AuthPII : 	at aaeo.d(:com.google.android.gms@260931029@26.09.31 (190400-877989800):313)
03-13 13:05:58.793  8844  9059 E AuthPII : 	at aaeo.dispatchTransaction(:com.google.android.gms@260931029@26.09.31 (190400-877989800):153)
03-13 13:05:58.793  8844  9059 E AuthPII : 	at byga.a(:com.google.android.gms@260931029@26.09.31 (190400-877989800):72)
03-13 13:05:58.793  8844  9059 E AuthPII : 	at zke.onTransact(:com.google.android.gms@260931029@26.09.31 (190400-877989800):23)
03-13 13:05:58.793  8844  9059 E AuthPII : 	at android.os.Binder.transact(Binder.java:1190)
03-13 13:05:58.793  8844  9059 E AuthPII : 	at cjzi.onTransact(:com.google.android.gms@260931029@26.09.31 (190400-877989800):10)
03-13 13:05:58.793  8844  9059 E AuthPII : 	at android.os.Binder.transact(Binder.java:1190)
03-13 13:05:58.793  8844  9059 E AuthPII : 	at bygo.onTransact(:com.google.android.gms@260931029@26.09.31 (190400-877989800):161)
03-13 13:05:58.793  8844  9059 E AuthPII : 	at android.os.Binder.execTransactInternal(Binder.java:1346)
03-13 13:05:58.793  8844  9059 E AuthPII : 	at android.os.Binder.execTransact(Binder.java:1282)
03-13 13:05:58.793  8844  9059 E AuthPII : Message is Long live credential not available.
03-13 13:05:58.793  8844  9059 E AuthPII : bgcc: Long live credential not available.
03-13 13:05:58.793  8844  9059 E AuthPII : 	at agtw.a(:com.google.android.gms@260931029@26.09.31 (190400-877989800):1347)
03-13 13:05:58.793  8844  9059 E AuthPII : 	at agud.b(:com.google.android.gms@260931029@26.09.31 (190400-877989800):26)
03-13 13:05:58.793  8844  9059 E AuthPII : 	at agub.a(:com.google.android.gms@260931029@26.09.31 (190400-877989800):738)
03-13 13:05:58.793  8844  9059 E AuthPII : 	at agdx.a(:com.google.android.gms@260931029@26.09.31 (190400-877989800):82)
03-13 13:05:58.793  8844  9059 E AuthPII : 	at aaeo.d(:com.google.android.gms@260931029@26.09.31 (190400-877989800):313)
03-13 13:05:58.793  8844  9059 E AuthPII : 	at aaeo.dispatchTransaction(:com.google.android.gms@260931029@26.09.31 (190400-877989800):153)
03-13 13:05:58.793  8844  9059 E AuthPII : 	at byga.a(:com.google.android.gms@260931029@26.09.31 (190400-877989800):72)
03-13 13:05:58.793  8844  9059 E AuthPII : 	at zke.onTransact(:com.google.android.gms@260931029@26.09.31 (190400-877989800):23)
03-13 13:05:58.793  8844  9059 E AuthPII : 	at android.os.Binder.transact(Binder.java:1190)
03-13 13:05:58.793  8844  9059 E AuthPII : 	at cjzi.onTransact(:com.google.android.gms@260931029@26.09.31 (190400-877989800):10)
03-13 13:05:58.793  8844  9059 E AuthPII : 	at android.os.Binder.transact(Binder.java:1190)
03-13 13:05:58.793  8844  9059 E AuthPII : 	at bygo.onTransact(:com.google.android.gms@260931029@26.09.31 (190400-877989800):161)
03-13 13:05:58.793  8844  9059 E AuthPII : 	at android.os.Binder.execTransactInternal(Binder.java:1346)
03-13 13:05:58.793  8844  9059 E AuthPII : 	at android.os.Binder.execTransact(Binder.java:1282)
03-13 13:05:58.800  1222  1610 E SDM     : HWCSession::GetClientTargetProperty: GetClinetTargetProperty interface enter
03-13 13:05:58.803  8844  9059 E AuthPII : [RequestTokenManager] getToken() -> BAD_AUTHENTICATION. App: com.google.android.gms, Service: oauth2:https://www.googleapis.com/auth/userinfo.email https://www.googleapis.com/auth/account.capabilities https://www.googleapis.com/auth/account.service_flags
03-13 13:05:58.803  8844  9059 E AuthPII : bgcc: Long live credential not available.
03-13 13:05:58.803  8844  9059 E AuthPII : 	at agtw.a(:com.google.android.gms@260931029@26.09.31 (190400-877989800):1347)
03-13 13:05:58.803  8844  9059 E AuthPII : 	at agud.b(:com.google.android.gms@260931029@26.09.31 (190400-877989800):26)
03-13 13:05:58.803  8844  9059 E AuthPII : 	at agub.a(:com.google.android.gms@260931029@26.09.31 (190400-877989800):738)
03-13 13:05:58.803  8844  9059 E AuthPII : 	at aged.a(:com.google.android.gms@260931029@26.09.31 (190400-877989800):55)
03-13 13:05:58.803  8844  9059 E AuthPII : 	at aged.h(:com.google.android.gms@260931029@26.09.31 (190400-877989800):108)
03-13 13:05:58.803  8844  9059 E AuthPII : 	at aged.b(:com.google.android.gms@260931029@26.09.31 (190400-877989800):817)
03-13 13:05:58.803  8844  9059 E AuthPII : 	at aged.c(:com.google.android.gms@260931029@26.09.31 (190400-877989800):5)
03-13 13:05:58.803  8844  9059 E AuthPII : 	at aaeo.d(:com.google.android.gms@260931029@26.09.31 (190400-877989800):459)
03-13 13:05:58.803  8844  9059 E AuthPII : 	at aaeo.dispatchTransaction(:com.google.android.gms@260931029@26.09.31 (190400-877989800):153)
03-13 13:05:58.803  8844  9059 E AuthPII : 	at byga.a(:com.google.android.gms@260931029@26.09.31 (190400-877989800):72)
03-13 13:05:58.803  8844  9059 E AuthPII : 	at zke.onTransact(:com.google.android.gms@260931029@26.09.31 (190400-877989800):23)
03-13 13:05:58.803  8844  9059 E AuthPII : 	at android.os.Binder.transact(Binder.java:1190)
03-13 13:05:58.803  8844  9059 E AuthPII : 	at cjzi.onTransact(:com.google.android.gms@260931029@26.09.31 (190400-877989800):10)
03-13 13:05:58.803  8844  9059 E AuthPII : 	at android.os.Binder.transact(Binder.java:1190)
03-13 13:05:58.803  8844  9059 E AuthPII : 	at bygo.onTransact(:com.google.android.gms@260931029@26.09.31 (190400-877989800):161)
03-13 13:05:58.803  8844  9059 E AuthPII : 	at android.os.Binder.execTransactInternal(Binder.java:1346)
03-13 13:05:58.803  8844  9059 E AuthPII : 	at android.os.Binder.execTransact(Binder.java:1282)
03-13 13:05:58.803  8844  9059 E AuthPII : Message is Long live credential not available.
03-13 13:05:58.803  8844  9059 E AuthPII : bgcc: Long live credential not available.
03-13 13:05:58.803  8844  9059 E AuthPII : 	at agtw.a(:com.google.android.gms@260931029@26.09.31 (190400-877989800):1347)
03-13 13:05:58.803  8844  9059 E AuthPII : 	at agud.b(:com.google.android.gms@260931029@26.09.31 (190400-877989800):26)
03-13 13:05:58.803  8844  9059 E AuthPII : 	at agub.a(:com.google.android.gms@260931029@26.09.31 (190400-877989800):738)
03-13 13:05:58.803  8844  9059 E AuthPII : 	at aged.a(:com.google.android.gms@260931029@26.09.31 (190400-877989800):55)
03-13 13:05:58.803  8844  9059 E AuthPII : 	at aged.h(:com.google.android.gms@260931029@26.09.31 (190400-877989800):108)
03-13 13:05:58.803  8844  9059 E AuthPII : 	at aged.b(:com.google.android.gms@260931029@26.09.31 (190400-877989800):817)
03-13 13:05:58.803  8844  9059 E AuthPII : 	at aged.c(:com.google.android.gms@260931029@26.09.31 (190400-877989800):5)
03-13 13:05:58.803  8844  9059 E AuthPII : 	at aaeo.d(:com.google.android.gms@260931029@26.09.31 (190400-877989800):459)
03-13 13:05:58.803  8844  9059 E AuthPII : 	at aaeo.dispatchTransaction(:com.google.android.gms@260931029@26.09.31 (190400-877989800):153)
03-13 13:05:58.803  8844  9059 E AuthPII : 	at byga.a(:com.google.android.gms@260931029@26.09.31 (190400-877989800):72)
03-13 13:05:58.803  8844  9059 E AuthPII : 	at zke.onTransact(:com.google.android.gms@260931029@26.09.31 (190400-877989800):23)
03-13 13:05:58.803  8844  9059 E AuthPII : 	at android.os.Binder.transact(Binder.java:1190)
03-13 13:05:58.803  8844  9059 E AuthPII : 	at cjzi.onTransact(:com.google.android.gms@260931029@26.09.31 (190400-877989800):10)
03-13 13:05:58.803  8844  9059 E AuthPII : 	at android.os.Binder.transact(Binder.java:1190)
03-13 13:05:58.803  8844  9059 E AuthPII : 	at bygo.onTransact(:com.google.android.gms@260931029@26.09.31 (190400-877989800):161)
03-13 13:05:58.803  8844  9059 E AuthPII : 	at android.os.Binder.execTransactInternal(Binder.java:1346)
03-13 13:05:58.803  8844  9059 E AuthPII : 	at android.os.Binder.execTransact(Binder.java:1282)
03-13 13:05:58.808  1226  1226 E ANDR-PERF-DATA-POOL: EventDataPool is Full
03-13 13:05:58.808  1226  1226 E ANDR-PERF-MPCTL: perf request submission limit reached.
03-13 13:05:58.811  1222  1610 E SDM     : HWCSession::GetClientTargetProperty: GetClinetTargetProperty interface enter
03-13 13:05:58.811  1226  1226 E ANDR-PERF-DATA-POOL: EventDataPool is Full
03-13 13:05:58.811  1226  1226 E ANDR-PERF-MPCTL: perf request submission limit reached.
03-13 13:05:58.822  1222  1610 E SDM     : HWCSession::GetClientTargetProperty: GetClinetTargetProperty interface enter
03-13 13:05:58.822  1226  1226 E ANDR-PERF-DATA-POOL: EventDataPool is Full
03-13 13:05:58.822  1226  1226 E ANDR-PERF-MPCTL: perf request submission limit reached.
03-13 13:05:58.826  8844  8854 E AuthPII : [RequestTokenManager] getToken() -> BAD_AUTHENTICATION. App: com.google.android.gms, Service: oauth2:https://www.googleapis.com/auth/plus.me
03-13 13:05:58.826  8844  8854 E AuthPII : bgcc: Long live credential not available.
03-13 13:05:58.826  8844  8854 E AuthPII : 	at agtw.a(:com.google.android.gms@260931029@26.09.31 (190400-877989800):1347)
03-13 13:05:58.826  8844  8854 E AuthPII : 	at agud.b(:com.google.android.gms@260931029@26.09.31 (190400-877989800):26)
03-13 13:05:58.826  8844  8854 E AuthPII : 	at agub.a(:com.google.android.gms@260931029@26.09.31 (190400-877989800):738)
03-13 13:05:58.826  8844  8854 E AuthPII : 	at agdx.a(:com.google.android.gms@260931029@26.09.31 (190400-877989800):82)
03-13 13:05:58.826  8844  8854 E AuthPII : 	at aaeo.d(:com.google.android.gms@260931029@26.09.31 (190400-877989800):313)
03-13 13:05:58.826  8844  8854 E AuthPII : 	at aaeo.dispatchTransaction(:com.google.android.gms@260931029@26.09.31 (190400-877989800):153)
03-13 13:05:58.826  8844  8854 E AuthPII : 	at byga.a(:com.google.android.gms@260931029@26.09.31 (190400-877989800):72)
03-13 13:05:58.826  8844  8854 E AuthPII : 	at zke.onTransact(:com.google.android.gms@260931029@26.09.31 (190400-877989800):23)
03-13 13:05:58.826  8844  8854 E AuthPII : 	at android.os.Binder.transact(Binder.java:1190)
03-13 13:05:58.826  8844  8854 E AuthPII : 	at cjzi.onTransact(:com.google.android.gms@260931029@26.09.31 (190400-877989800):10)
03-13 13:05:58.826  8844  8854 E AuthPII : 	at android.os.Binder.transact(Binder.java:1190)
03-13 13:05:58.826  8844  8854 E AuthPII : 	at bygo.onTransact(:com.google.android.gms@260931029@26.09.31 (190400-877989800):161)
03-13 13:05:58.826  8844  8854 E AuthPII : 	at android.os.Binder.execTransactInternal(Binder.java:1346)
03-13 13:05:58.826  8844  8854 E AuthPII : 	at android.os.Binder.execTransact(Binder.java:1282)
03-13 13:05:58.827  8844  8854 E AuthPII : Message is Long live credential not available.
03-13 13:05:58.827  8844  8854 E AuthPII : bgcc: Long live credential not available.
03-13 13:05:58.827  8844  8854 E AuthPII : 	at agtw.a(:com.google.android.gms@260931029@26.09.31 (190400-877989800):1347)
03-13 13:05:58.827  8844  8854 E AuthPII : 	at agud.b(:com.google.android.gms@260931029@26.09.31 (190400-877989800):26)
03-13 13:05:58.827  8844  8854 E AuthPII : 	at agub.a(:com.google.android.gms@260931029@26.09.31 (190400-877989800):738)
03-13 13:05:58.827  8844  8854 E AuthPII : 	at agdx.a(:com.google.android.gms@260931029@26.09.31 (190400-877989800):82)
03-13 13:05:58.827  8844  8854 E AuthPII : 	at aaeo.d(:com.google.android.gms@260931029@26.09.31 (190400-877989800):313)
03-13 13:05:58.827  8844  8854 E AuthPII : 	at aaeo.dispatchTransaction(:com.google.android.gms@260931029@26.09.31 (190400-877989800):153)
03-13 13:05:58.827  8844  8854 E AuthPII : 	at byga.a(:com.google.android.gms@260931029@26.09.31 (190400-877989800):72)
03-13 13:05:58.827  8844  8854 E AuthPII : 	at zke.onTransact(:com.google.android.gms@260931029@26.09.31 (190400-877989800):23)
03-13 13:05:58.827  8844  8854 E AuthPII : 	at android.os.Binder.transact(Binder.java:1190)
03-13 13:05:58.827  8844  8854 E AuthPII : 	at cjzi.onTransact(:com.google.android.gms@260931029@26.09.31 (190400-877989800):10)
03-13 13:05:58.827  8844  8854 E AuthPII : 	at android.os.Binder.transact(Binder.java:1190)
03-13 13:05:58.827  8844  8854 E AuthPII : 	at bygo.onTransact(:com.google.android.gms@260931029@26.09.31 (190400-877989800):161)
03-13 13:05:58.827  8844  8854 E AuthPII : 	at android.os.Binder.execTransactInternal(Binder.java:1346)
03-13 13:05:58.827  8844  8854 E AuthPII : 	at android.os.Binder.execTransact(Binder.java:1282)
03-13 13:05:58.833  1222  1610 E SDM     : HWCSession::GetClientTargetProperty: GetClinetTargetProperty interface enter
03-13 13:05:58.833  8844  8854 E AuthPII : [RequestTokenManager] getToken() -> BAD_AUTHENTICATION. App: com.google.android.gms, Service: oauth2:https://www.googleapis.com/auth/userinfo.email https://www.googleapis.com/auth/account.capabilities https://www.googleapis.com/auth/account.service_flags
03-13 13:05:58.833  8844  8854 E AuthPII : bgcc: Long live credential not available.
03-13 13:05:58.833  8844  8854 E AuthPII : 	at agtw.a(:com.google.android.gms@260931029@26.09.31 (190400-877989800):1347)
03-13 13:05:58.833  8844  8854 E AuthPII : 	at agud.b(:com.google.android.gms@260931029@26.09.31 (190400-877989800):26)
03-13 13:05:58.833  8844  8854 E AuthPII : 	at agub.a(:com.google.android.gms@260931029@26.09.31 (190400-877989800):738)
03-13 13:05:58.833  8844  8854 E AuthPII : 	at aged.a(:com.google.android.gms@260931029@26.09.31 (190400-877989800):55)
03-13 13:05:58.833  8844  8854 E AuthPII : 	at aged.h(:com.google.android.gms@260931029@26.09.31 (190400-877989800):108)
03-13 13:05:58.833  8844  8854 E AuthPII : 	at aged.b(:com.google.android.gms@260931029@26.09.31 (190400-877989800):817)
03-13 13:05:58.833  8844  8854 E AuthPII : 	at aged.c(:com.google.android.gms@260931029@26.09.31 (190400-877989800):5)
03-13 13:05:58.833  8844  8854 E AuthPII : 	at aaeo.d(:com.google.android.gms@260931029@26.09.31 (190400-877989800):459)
03-13 13:05:58.833  8844  8854 E AuthPII : 	at aaeo.dispatchTransaction(:com.google.android.gms@260931029@26.09.31 (190400-877989800):153)
03-13 13:05:58.833  8844  8854 E AuthPII : 	at byga.a(:com.google.android.gms@260931029@26.09.31 (190400-877989800):72)
03-13 13:05:58.833  8844  8854 E AuthPII : 	at zke.onTransact(:com.google.android.gms@260931029@26.09.31 (190400-877989800):23)
03-13 13:05:58.833  8844  8854 E AuthPII : 	at android.os.Binder.transact(Binder.java:1190)
03-13 13:05:58.833  8844  8854 E AuthPII : 	at cjzi.onTransact(:com.google.android.gms@260931029@26.09.31 (190400-877989800):10)
03-13 13:05:58.833  8844  8854 E AuthPII : 	at android.os.Binder.transact(Binder.java:1190)
03-13 13:05:58.833  8844  8854 E AuthPII : 	at bygo.onTransact(:com.google.android.gms@260931029@26.09.31 (190400-877989800):161)
03-13 13:05:58.833  8844  8854 E AuthPII : 	at android.os.Binder.execTransactInternal(Binder.java:1346)
03-13 13:05:58.833  8844  8854 E AuthPII : 	at android.os.Binder.execTransact(Binder.java:1282)
03-13 13:05:58.833  1226  1226 E ANDR-PERF-DATA-POOL: EventDataPool is Full
03-13 13:05:58.833  8844  8854 E AuthPII : Message is Long live credential not available.
03-13 13:05:58.833  8844  8854 E AuthPII : bgcc: Long live credential not available.
03-13 13:05:58.833  8844  8854 E AuthPII : 	at agtw.a(:com.google.android.gms@260931029@26.09.31 (190400-877989800):1347)
03-13 13:05:58.833  8844  8854 E AuthPII : 	at agud.b(:com.google.android.gms@260931029@26.09.31 (190400-877989800):26)
03-13 13:05:58.833  8844  8854 E AuthPII : 	at agub.a(:com.google.android.gms@260931029@26.09.31 (190400-877989800):738)
03-13 13:05:58.833  8844  8854 E AuthPII : 	at aged.a(:com.google.android.gms@260931029@26.09.31 (190400-877989800):55)
03-13 13:05:58.833  8844  8854 E AuthPII : 	at aged.h(:com.google.android.gms@260931029@26.09.31 (190400-877989800):108)
03-13 13:05:58.833  8844  8854 E AuthPII : 	at aged.b(:com.google.android.gms@260931029@26.09.31 (190400-877989800):817)
03-13 13:05:58.833  8844  8854 E AuthPII : 	at aged.c(:com.google.android.gms@260931029@26.09.31 (190400-877989800):5)
03-13 13:05:58.833  8844  8854 E AuthPII : 	at aaeo.d(:com.google.android.gms@260931029@26.09.31 (190400-877989800):459)
03-13 13:05:58.833  8844  8854 E AuthPII : 	at aaeo.dispatchTransaction(:com.google.android.gms@260931029@26.09.31 (190400-877989800):153)
03-13 13:05:58.833  8844  8854 E AuthPII : 	at byga.a(:com.google.android.gms@260931029@26.09.31 (190400-877989800):72)
03-13 13:05:58.833  8844  8854 E AuthPII : 	at zke.onTransact(:com.google.android.gms@260931029@26.09.31 (190400-877989800):23)
03-13 13:05:58.833  8844  8854 E AuthPII : 	at android.os.Binder.transact(Binder.java:1190)
03-13 13:05:58.833  8844  8854 E AuthPII : 	at cjzi.onTransact(:com.google.android.gms@260931029@26.09.31 (190400-877989800):10)
03-13 13:05:58.833  8844  8854 E AuthPII : 	at android.os.Binder.transact(Binder.java:1190)
03-13 13:05:58.833  8844  8854 E AuthPII : 	at bygo.onTransact(:com.google.android.gms@260931029@26.09.31 (190400-877989800):161)
03-13 13:05:58.833  8844  8854 E AuthPII : 	at android.os.Binder.execTransactInternal(Binder.java:1346)
03-13 13:05:58.833  8844  8854 E AuthPII : 	at android.os.Binder.execTransact(Binder.java:1282)
03-13 13:05:58.833  1226  1226 E ANDR-PERF-MPCTL: perf request submission limit reached.
03-13 13:05:58.843  1222  1610 E SDM     : HWCSession::GetClientTargetProperty: GetClinetTargetProperty interface enter
03-13 13:05:58.843  1226  1226 E ANDR-PERF-DATA-POOL: EventDataPool is Full
03-13 13:05:58.843  1226  1226 E ANDR-PERF-MPCTL: perf request submission limit reached.
03-13 13:05:58.853  1222  1610 E SDM     : HWCSession::GetClientTargetProperty: GetClinetTargetProperty interface enter
03-13 13:05:58.854  1226  1226 E ANDR-PERF-DATA-POOL: EventDataPool is Full
03-13 13:05:58.854  1226  1226 E ANDR-PERF-MPCTL: perf request submission limit reached.
03-13 13:05:58.864  1222  1610 E SDM     : HWCSession::GetClientTargetProperty: GetClinetTargetProperty interface enter
03-13 13:05:58.864  1226  1226 E ANDR-PERF-DATA-POOL: EventDataPool is Full
03-13 13:05:58.865  1226  1226 E ANDR-PERF-MPCTL: perf request submission limit reached.
03-13 13:05:58.875  1222  1610 E SDM     : HWCSession::GetClientTargetProperty: GetClinetTargetProperty interface enter
03-13 13:05:58.876  1226  1226 E ANDR-PERF-DATA-POOL: EventDataPool is Full
03-13 13:05:58.876  1226  1226 E ANDR-PERF-MPCTL: perf request submission limit reached.
03-13 13:05:58.886  1222  1610 E SDM     : HWCSession::GetClientTargetProperty: GetClinetTargetProperty interface enter
03-13 13:05:58.886  1226  1226 E ANDR-PERF-DATA-POOL: EventDataPool is Full
03-13 13:05:58.886  1226  1226 E ANDR-PERF-MPCTL: perf request submission limit reached.
03-13 13:05:58.898  1222  1610 E SDM     : HWCSession::GetClientTargetProperty: GetClinetTargetProperty interface enter
03-13 13:05:58.898  1226  1226 E ANDR-PERF-DATA-POOL: EventDataPool is Full
03-13 13:05:58.898  1226  1226 E ANDR-PERF-MPCTL: perf request submission limit reached.
03-13 13:05:58.909  1222  1610 E SDM     : HWCSession::GetClientTargetProperty: GetClinetTargetProperty interface enter
03-13 13:05:58.910  1226  1226 E ANDR-PERF-DATA-POOL: EventDataPool is Full
03-13 13:05:58.910  1226  1226 E ANDR-PERF-MPCTL: perf request submission limit reached.
03-13 13:05:58.918  1222  1610 E SDM     : HWCSession::GetClientTargetProperty: GetClinetTargetProperty interface enter
03-13 13:05:58.919  1226  1226 E ANDR-PERF-DATA-POOL: EventDataPool is Full
03-13 13:05:58.919  1226  1226 E ANDR-PERF-MPCTL: perf request submission limit reached.
03-13 13:05:58.928  1222  1610 E SDM     : HWCSession::GetClientTargetProperty: GetClinetTargetProperty interface enter
03-13 13:05:58.928  1226  1226 E ANDR-PERF-DATA-POOL: EventDataPool is Full
03-13 13:05:58.928  1226  1226 E ANDR-PERF-MPCTL: perf request submission limit reached.
03-13 13:05:58.937  1222  1610 E SDM     : HWCSession::GetClientTargetProperty: GetClinetTargetProperty interface enter
03-13 13:05:58.937  1226  1226 E ANDR-PERF-DATA-POOL: EventDataPool is Full
03-13 13:05:58.938  1226  1226 E ANDR-PERF-MPCTL: perf request submission limit reached.
03-13 13:05:58.946  1222  1610 E SDM     : HWCSession::GetClientTargetProperty: GetClinetTargetProperty interface enter
03-13 13:05:58.947  1226  1226 E ANDR-PERF-DATA-POOL: EventDataPool is Full
03-13 13:05:58.947  1226  1226 E ANDR-PERF-MPCTL: perf request submission limit reached.
03-13 13:05:58.957  1222  1610 E SDM     : HWCSession::GetClientTargetProperty: GetClinetTargetProperty interface enter
03-13 13:05:58.958  1226  1226 E ANDR-PERF-DATA-POOL: EventDataPool is Full
03-13 13:05:58.958  1226  1226 E ANDR-PERF-MPCTL: perf request submission limit reached.
03-13 13:05:58.966  1222  1610 E SDM     : HWCSession::GetClientTargetProperty: GetClinetTargetProperty interface enter
03-13 13:05:58.966  1226  1226 E ANDR-PERF-DATA-POOL: EventDataPool is Full
03-13 13:05:58.966  1226  1226 E ANDR-PERF-MPCTL: perf request submission limit reached.
03-13 13:05:58.974  1222  1610 E SDM     : HWCSession::GetClientTargetProperty: GetClinetTargetProperty interface enter
03-13 13:05:58.975  1226  1226 E ANDR-PERF-DATA-POOL: EventDataPool is Full
03-13 13:05:58.975  1226  1226 E ANDR-PERF-MPCTL: perf request submission limit reached.
03-13 13:05:58.982  1222  1610 E SDM     : HWCSession::GetClientTargetProperty: GetClinetTargetProperty interface enter
03-13 13:05:58.983  1226  1226 E ANDR-PERF-DATA-POOL: EventDataPool is Full
03-13 13:05:58.983  1226  1226 E ANDR-PERF-MPCTL: perf request submission limit reached.
03-13 13:05:58.993  1222  1610 E SDM     : HWCSession::GetClientTargetProperty: GetClinetTargetProperty interface enter
03-13 13:05:58.993  1226  1226 E ANDR-PERF-DATA-POOL: EventDataPool is Full
03-13 13:05:58.993  1226  1226 E ANDR-PERF-MPCTL: perf request submission limit reached.
03-13 13:05:59.003  1222  1610 E SDM     : HWCSession::GetClientTargetProperty: GetClinetTargetProperty interface enter
03-13 13:05:59.004  1226  1226 E ANDR-PERF-DATA-POOL: EventDataPool is Full
03-13 13:05:59.004  1226  1226 E ANDR-PERF-MPCTL: perf request submission limit reached.
03-13 13:05:59.013  1222  1610 E SDM     : HWCSession::GetClientTargetProperty: GetClinetTargetProperty interface enter
03-13 13:05:59.015  1226  1226 E ANDR-PERF-DATA-POOL: EventDataPool is Full
03-13 13:05:59.015  1226  1226 E ANDR-PERF-MPCTL: perf request submission limit reached.
03-13 13:05:59.023  1222  1610 E SDM     : HWCSession::GetClientTargetProperty: GetClinetTargetProperty interface enter
03-13 13:05:59.024  1226  1226 E ANDR-PERF-DATA-POOL: EventDataPool is Full
03-13 13:05:59.024  1226  1226 E ANDR-PERF-MPCTL: perf request submission limit reached.
03-13 13:05:59.034  1222  1610 E SDM     : HWCSession::GetClientTargetProperty: GetClinetTargetProperty interface enter
03-13 13:05:59.034  1226  1226 E ANDR-PERF-DATA-POOL: EventDataPool is Full
03-13 13:05:59.034  1226  1226 E ANDR-PERF-MPCTL: perf request submission limit reached.
03-13 13:05:59.043  1222  1610 E SDM     : HWCSession::GetClientTargetProperty: GetClinetTargetProperty interface enter
03-13 13:05:59.044  1226  1226 E ANDR-PERF-DATA-POOL: EventDataPool is Full
03-13 13:05:59.044  1226  1226 E ANDR-PERF-MPCTL: perf request submission limit reached.
03-13 13:05:59.054  1222  1610 E SDM     : HWCSession::GetClientTargetProperty: GetClinetTargetProperty interface enter
03-13 13:05:59.055  1226  1226 E ANDR-PERF-DATA-POOL: EventDataPool is Full
03-13 13:05:59.055  1226  1226 E ANDR-PERF-MPCTL: perf request submission limit reached.
03-13 13:05:59.065  1222  1610 E SDM     : HWCSession::GetClientTargetProperty: GetClinetTargetProperty interface enter
03-13 13:05:59.067  1226  1226 E ANDR-PERF-DATA-POOL: EventDataPool is Full
03-13 13:05:59.067  1226  1226 E ANDR-PERF-MPCTL: perf request submission limit reached.
03-13 13:05:59.076  1222  1610 E SDM     : HWCSession::GetClientTargetProperty: GetClinetTargetProperty interface enter
03-13 13:05:59.077  1226  1226 E ANDR-PERF-DATA-POOL: EventDataPool is Full
03-13 13:05:59.077  1226  1226 E ANDR-PERF-MPCTL: perf request submission limit reached.
03-13 13:05:59.081  8844  8844 E FileUtils: err write to mi_exception_log
03-13 13:05:59.084  1222  1610 E SDM     : HWCSession::GetClientTargetProperty: GetClinetTargetProperty interface enter
03-13 13:05:59.084  1226  1226 E ANDR-PERF-DATA-POOL: EventDataPool is Full
03-13 13:05:59.084  1226  1226 E ANDR-PERF-MPCTL: perf request submission limit reached.
03-13 13:05:59.095 11371 11371 E FileUtils: err open mi_exception_log errno=2
03-13 13:05:59.095 11371 11371 E FileUtils: err write to mi_exception_log
03-13 13:05:59.101  1222  1610 E SDM     : HWCSession::GetClientTargetProperty: GetClinetTargetProperty interface enter
03-13 13:05:59.102  1226  1226 E ANDR-PERF-DATA-POOL: EventDataPool is Full
03-13 13:05:59.102  1226  1226 E ANDR-PERF-MPCTL: perf request submission limit reached.
03-13 13:05:59.111  1222  1610 E SDM     : HWCSession::GetClientTargetProperty: GetClinetTargetProperty interface enter
03-13 13:05:59.111  1226  1226 E ANDR-PERF-DATA-POOL: EventDataPool is Full
03-13 13:05:59.111  1226  1226 E ANDR-PERF-MPCTL: perf request submission limit reached.
03-13 13:05:59.123  1222  1610 E SDM     : HWCSession::GetClientTargetProperty: GetClinetTargetProperty interface enter
03-13 13:05:59.125  1226  1226 E ANDR-PERF-DATA-POOL: EventDataPool is Full
03-13 13:05:59.125  1226  1226 E ANDR-PERF-MPCTL: perf request submission limit reached.
03-13 13:05:59.134  1222  1610 E SDM     : HWCSession::GetClientTargetProperty: GetClinetTargetProperty interface enter
03-13 13:05:59.136  1226  1226 E ANDR-PERF-DATA-POOL: EventDataPool is Full
03-13 13:05:59.136  1226  1226 E ANDR-PERF-MPCTL: perf request submission limit reached.
03-13 13:05:59.143  1222  1610 E SDM     : HWCSession::GetClientTargetProperty: GetClinetTargetProperty interface enter
03-13 13:05:59.145  1226  1226 E ANDR-PERF-DATA-POOL: EventDataPool is Full
03-13 13:05:59.145  1226  1226 E ANDR-PERF-MPCTL: perf request submission limit reached.
03-13 13:05:59.151  1222  1610 E SDM     : HWCSession::GetClientTargetProperty: GetClinetTargetProperty interface enter
03-13 13:05:59.151  1226  1226 E ANDR-PERF-DATA-POOL: EventDataPool is Full
03-13 13:05:59.151  1226  1226 E ANDR-PERF-MPCTL: perf request submission limit reached.
03-13 13:05:59.159  1222  1610 E SDM     : HWCSession::GetClientTargetProperty: GetClinetTargetProperty interface enter
03-13 13:05:59.159  1226  1226 E ANDR-PERF-DATA-POOL: EventDataPool is Full
03-13 13:05:59.159  1226  1226 E ANDR-PERF-MPCTL: perf request submission limit reached.
03-13 13:05:59.163  5617  5617 E NfcApduServiceInfo: SE extension not present, Setting default offhost seID
03-13 13:05:59.168  1222  1610 E SDM     : HWCSession::GetClientTargetProperty: GetClinetTargetProperty interface enter
03-13 13:05:59.170  1226  1226 E ANDR-PERF-DATA-POOL: EventDataPool is Full
03-13 13:05:59.170  1226  1226 E ANDR-PERF-MPCTL: perf request submission limit reached.
03-13 13:05:59.176  1222  1610 E SDM     : HWCSession::GetClientTargetProperty: GetClinetTargetProperty interface enter
03-13 13:05:59.177  5617  5617 E RegisteredServicesCache: Next Tag=services
03-13 13:05:59.177  5617  5617 E RegisteredServicesCache: installedServices no uidString 
03-13 13:05:59.177  5617  5617 E RegisteredServicesCache: installedServices contains uidString : 10146
03-13 13:05:59.177  5617  5617 E RegisteredServicesCache: installedServices contains uidString : 10146
03-13 13:05:59.177  5617  5617 E RegisteredServicesCache: installedServices contains uidString : 10146
03-13 13:05:59.177  1226  1226 E ANDR-PERF-DATA-POOL: EventDataPool is Full
03-13 13:05:59.178  1226  1226 E ANDR-PERF-MPCTL: perf request submission limit reached.
03-13 13:05:59.178  5617  5617 E RegisteredServicesCache: 1invalidateCache:WriteServiceStateToFile
03-13 13:05:59.178  5617  5617 E RegisteredServicesCache:  Writing service state Data Always
03-13 13:05:59.178  5617  5617 E RegisteredServicesCache: component namecom.google.android.gms/com.google.android.gms.nearby.mediums.nearfieldcommunication.NfcAdvertisingService
03-13 13:05:59.178  5617  5617 E RegisteredServicesCache: component namecom.google.android.gms/com.google.android.gms.fido.fido2.ui.hybrid.NfcEmulationService
03-13 13:05:59.178  5617  5617 E RegisteredServicesCache: component namecom.google.android.gms/com.google.android.gms.pay.hce.service.PayHceService
03-13 13:05:59.178  5617  5617 E RegisteredServicesCache: component namecom.google.android.gms/com.google.android.gms.dck.service.DckNfcApduService
03-13 13:05:59.181  5617  5617 E libnfc_nci: [ERROR:nfa_ee_api.cc(130)] NFA_EeGetInfo bad em state: 0
03-13 13:05:59.181  5617  5617 E libnfc_nci: [ERROR:SecureElement.cpp(1463)] SecureElement::getEeInfo: fail get info; error=0x3
03-13 13:05:59.187  1222  1610 E SDM     : HWCSession::GetClientTargetProperty: GetClinetTargetProperty interface enter
03-13 13:05:59.187  1226  1226 E ANDR-PERF-DATA-POOL: EventDataPool is Full
03-13 13:05:59.187  1226  1226 E ANDR-PERF-MPCTL: perf request submission limit reached.
03-13 13:05:59.187 11149 11328 E ActivityThread: Failed to find provider info for com.facebook.appmanager.nekodirect
03-13 13:05:59.190  5617  5617 E FileUtils: err write to mi_exception_log
03-13 13:05:59.198  1222  1610 E SDM     : HWCSession::GetClientTargetProperty: GetClinetTargetProperty interface enter
03-13 13:05:59.200  1226  1226 E ANDR-PERF-DATA-POOL: EventDataPool is Full
03-13 13:05:59.200  1226  1226 E ANDR-PERF-MPCTL: perf request submission limit reached.
03-13 13:05:59.209  1222  1610 E SDM     : HWCSession::GetClientTargetProperty: GetClinetTargetProperty interface enter
03-13 13:05:59.209  1226  1226 E ANDR-PERF-DATA-POOL: EventDataPool is Full
03-13 13:05:59.209  1226  1226 E ANDR-PERF-MPCTL: perf request submission limit reached.
03-13 13:05:59.219  1222  1610 E SDM     : HWCSession::GetClientTargetProperty: GetClinetTargetProperty interface enter
03-13 13:05:59.221  1226  1226 E ANDR-PERF-DATA-POOL: EventDataPool is Full
03-13 13:05:59.221  1226  1226 E ANDR-PERF-MPCTL: perf request submission limit reached.
03-13 13:05:59.230  1222  1610 E SDM     : HWCSession::GetClientTargetProperty: GetClinetTargetProperty interface enter
03-13 13:05:59.230  1226  1226 E ANDR-PERF-DATA-POOL: EventDataPool is Full
03-13 13:05:59.230  1226  1226 E ANDR-PERF-MPCTL: perf request submission limit reached.
03-13 13:05:59.240  1222  1610 E SDM     : HWCSession::GetClientTargetProperty: GetClinetTargetProperty interface enter
03-13 13:05:59.240  1226  1226 E ANDR-PERF-DATA-POOL: EventDataPool is Full
03-13 13:05:59.240  1226  1226 E ANDR-PERF-MPCTL: perf request submission limit reached.
03-13 13:05:59.251  1222  1610 E SDM     : HWCSession::GetClientTargetProperty: GetClinetTargetProperty interface enter
03-13 13:05:59.251  1226  1226 E ANDR-PERF-DATA-POOL: EventDataPool is Full
03-13 13:05:59.251  1226  1226 E ANDR-PERF-MPCTL: perf request submission limit reached.
03-13 13:05:59.261  1222  1610 E SDM     : HWCSession::GetClientTargetProperty: GetClinetTargetProperty interface enter
03-13 13:05:59.261  1226  1226 E ANDR-PERF-DATA-POOL: EventDataPool is Full
03-13 13:05:59.261  1226  1226 E ANDR-PERF-MPCTL: perf request submission limit reached.
03-13 13:05:59.268  1222  1610 E SDM     : HWCSession::GetClientTargetProperty: GetClinetTargetProperty interface enter
03-13 13:05:59.268  1226  1226 E ANDR-PERF-DATA-POOL: EventDataPool is Full
03-13 13:05:59.268  1226  1226 E ANDR-PERF-MPCTL: perf request submission limit reached.
03-13 13:05:59.289  8844 10727 E AuthPII : [RequestTokenManager] getToken() -> BAD_AUTHENTICATION. App: com.google.android.gms, Service: oauth2:https://www.googleapis.com/auth/emeraldsea.mobileapps.doritos.cookie
03-13 13:05:59.289  8844 10727 E AuthPII : bgcc: Long live credential not available.
03-13 13:05:59.289  8844 10727 E AuthPII : 	at agtw.a(:com.google.android.gms@260931029@26.09.31 (190400-877989800):1347)
03-13 13:05:59.289  8844 10727 E AuthPII : 	at agud.b(:com.google.android.gms@260931029@26.09.31 (190400-877989800):26)
03-13 13:05:59.289  8844 10727 E AuthPII : 	at agub.a(:com.google.android.gms@260931029@26.09.31 (190400-877989800):738)
03-13 13:05:59.289  8844 10727 E AuthPII : 	at agua.b(:com.google.android.gms@260931029@26.09.31 (190400-877989800):145)
03-13 13:05:59.289  8844 10727 E AuthPII : 	at agip.a(:com.google.android.gms@260931029@26.09.31 (190400-877989800):328)
03-13 13:05:59.289  8844 10727 E AuthPII : 	at agdo.f(:com.google.android.gms@260931029@26.09.31 (190400-877989800):24)
03-13 13:05:59.289  8844 10727 E AuthPII : 	at csuq.fB(:com.google.android.gms@260931029@26.09.31 (190400-877989800):1)
03-13 13:05:59.289  8844 10727 E AuthPII : 	at csuz.run(:com.google.android.gms@260931029@26.09.31 (190400-877989800):118)
03-13 13:05:59.289  8844 10727 E AuthPII : 	at gszf.run(:com.google.android.gms@260931029@26.09.31 (190400-877989800):19)
03-13 13:05:59.289  8844 10727 E AuthPII : 	at bhir.c(:com.google.android.gms@260931029@26.09.31 (190400-877989800):50)
03-13 13:05:59.289  8844 10727 E AuthPII : 	at bhir.run(:com.google.android.gms@260931029@26.09.31 (190400-877989800):73)
03-13 13:05:59.289  8844 10727 E AuthPII : 	at java.util.concurrent.ThreadPoolExecutor.runWorker(ThreadPoolExecutor.java:1156)
03-13 13:05:59.289  8844 10727 E AuthPII : 	at java.util.concurrent.ThreadPoolExecutor$Worker.run(ThreadPoolExecutor.java:651)
03-13 13:05:59.289  8844 10727 E AuthPII : 	at bhoi.run(:com.google.android.gms@260931029@26.09.31 (190400-877989800):8)
03-13 13:05:59.289  8844 10727 E AuthPII : 	at java.lang.Thread.run(Thread.java:1119)
03-13 13:05:59.289  8844 10727 E AuthPII : Message is Long live credential not available.
03-13 13:05:59.289  8844 10727 E AuthPII : bgcc: Long live credential not available.
03-13 13:05:59.289  8844 10727 E AuthPII : 	at agtw.a(:com.google.android.gms@260931029@26.09.31 (190400-877989800):1347)
03-13 13:05:59.289  8844 10727 E AuthPII : 	at agud.b(:com.google.android.gms@260931029@26.09.31 (190400-877989800):26)
03-13 13:05:59.289  8844 10727 E AuthPII : 	at agub.a(:com.google.android.gms@260931029@26.09.31 (190400-877989800):738)
03-13 13:05:59.289  8844 10727 E AuthPII : 	at agua.b(:com.google.android.gms@260931029@26.09.31 (190400-877989800):145)
03-13 13:05:59.289  8844 10727 E AuthPII : 	at agip.a(:com.google.android.gms@260931029@26.09.31 (190400-877989800):328)
03-13 13:05:59.289  8844 10727 E AuthPII : 	at agdo.f(:com.google.android.gms@260931029@26.09.31 (190400-877989800):24)
03-13 13:05:59.289  8844 10727 E AuthPII : 	at csuq.fB(:com.google.android.gms@260931029@26.09.31 (190400-877989800):1)
03-13 13:05:59.289  8844 10727 E AuthPII : 	at csuz.run(:com.google.android.gms@260931029@26.09.31 (190400-877989800):118)
03-13 13:05:59.289  8844 10727 E AuthPII : 	at gszf.run(:com.google.android.gms@260931029@26.09.31 (190400-877989800):19)
03-13 13:05:59.289  8844 10727 E AuthPII : 	at bhir.c(:com.google.android.gms@260931029@26.09.31 (190400-877989800):50)
03-13 13:05:59.289  8844 10727 E AuthPII : 	at bhir.run(:com.google.android.gms@260931029@26.09.31 (190400-877989800):73)
03-13 13:05:59.289  8844 10727 E AuthPII : 	at java.util.concurrent.ThreadPoolExecutor.runWorker(ThreadPoolExecutor.java:1156)
03-13 13:05:59.289  8844 10727 E AuthPII : 	at java.util.concurrent.ThreadPoolExecutor$Worker.run(ThreadPoolExecutor.java:651)
03-13 13:05:59.289  8844 10727 E AuthPII : 	at bhoi.run(:com.google.android.gms@260931029@26.09.31 (190400-877989800):8)
03-13 13:05:59.289  8844 10727 E AuthPII : 	at java.lang.Thread.run(Thread.java:1119)
03-13 13:05:59.329  1222  1610 E SDM     : HWCSession::GetClientTargetProperty: GetClinetTargetProperty interface enter
03-13 13:05:59.330  1226  1226 E ANDR-PERF-DATA-POOL: EventDataPool is Full
03-13 13:05:59.330  1226  1226 E ANDR-PERF-MPCTL: perf request submission limit reached.
03-13 13:05:59.338  1222  1610 E SDM     : HWCSession::GetClientTargetProperty: GetClinetTargetProperty interface enter
03-13 13:05:59.338  1226  1226 E ANDR-PERF-DATA-POOL: EventDataPool is Full
03-13 13:05:59.338  1226  1226 E ANDR-PERF-MPCTL: perf request submission limit reached.
03-13 13:05:59.346  1222  1610 E SDM     : HWCSession::GetClientTargetProperty: GetClinetTargetProperty interface enter
03-13 13:05:59.346  1226  1226 E ANDR-PERF-DATA-POOL: EventDataPool is Full
03-13 13:05:59.346  1226  1226 E ANDR-PERF-MPCTL: perf request submission limit reached.
03-13 13:05:59.354  1222  1610 E SDM     : HWCSession::GetClientTargetProperty: GetClinetTargetProperty interface enter
03-13 13:05:59.355  1226  1226 E ANDR-PERF-DATA-POOL: EventDataPool is Full
03-13 13:05:59.355  1226  1226 E ANDR-PERF-MPCTL: perf request submission limit reached.
03-13 13:05:59.363  1222  1610 E SDM     : HWCSession::GetClientTargetProperty: GetClinetTargetProperty interface enter
03-13 13:05:59.363  1226  1226 E ANDR-PERF-DATA-POOL: EventDataPool is Full
03-13 13:05:59.363  1226  1226 E ANDR-PERF-MPCTL: perf request submission limit reached.
03-13 13:05:59.371  1222  1610 E SDM     : HWCSession::GetClientTargetProperty: GetClinetTargetProperty interface enter
03-13 13:05:59.372  1226  1226 E ANDR-PERF-DATA-POOL: EventDataPool is Full
03-13 13:05:59.372  1226  1226 E ANDR-PERF-MPCTL: perf request submission limit reached.
03-13 13:05:59.380  1222  1610 E SDM     : HWCSession::GetClientTargetProperty: GetClinetTargetProperty interface enter
03-13 13:05:59.382  1226  1226 E ANDR-PERF-DATA-POOL: EventDataPool is Full
03-13 13:05:59.382  1226  1226 E ANDR-PERF-MPCTL: perf request submission limit reached.
03-13 13:05:59.389  1222  1610 E SDM     : HWCSession::GetClientTargetProperty: GetClinetTargetProperty interface enter
03-13 13:05:59.390  1226  1226 E ANDR-PERF-DATA-POOL: EventDataPool is Full
03-13 13:05:59.390  1226  1226 E ANDR-PERF-MPCTL: perf request submission limit reached.
03-13 13:05:59.400  1222  1610 E SDM     : HWCSession::GetClientTargetProperty: GetClinetTargetProperty interface enter
03-13 13:05:59.400  1226  1226 E ANDR-PERF-DATA-POOL: EventDataPool is Full
03-13 13:05:59.400  1226  1226 E ANDR-PERF-MPCTL: perf request submission limit reached.
03-13 13:05:59.412  1222  1610 E SDM     : HWCSession::GetClientTargetProperty: GetClinetTargetProperty interface enter
03-13 13:05:59.413  1226  1226 E ANDR-PERF-DATA-POOL: EventDataPool is Full
03-13 13:05:59.413  1226  1226 E ANDR-PERF-MPCTL: perf request submission limit reached.
03-13 13:05:59.425  1222  1610 E SDM     : HWCSession::GetClientTargetProperty: GetClinetTargetProperty interface enter
03-13 13:05:59.425  1226  1226 E ANDR-PERF-DATA-POOL: EventDataPool is Full
03-13 13:05:59.425  1226  1226 E ANDR-PERF-MPCTL: perf request submission limit reached.
03-13 13:05:59.429  1922  4295 E VibratorManagerServiceImpl: skipandroid.os.RemoteException: Method setUsageExt is unimplemented.
03-13 13:05:59.437  1222  1610 E SDM     : HWCSession::GetClientTargetProperty: GetClinetTargetProperty interface enter
03-13 13:05:59.437  1296  1433 E vendor.xiaomi.hardware.vibratorfeature.service: update to 0
03-13 13:05:59.438  1226  1226 E ANDR-PERF-DATA-POOL: EventDataPool is Full
03-13 13:05:59.438  1226  1226 E ANDR-PERF-MPCTL: perf request submission limit reached.
03-13 13:05:59.446  1222  1610 E SDM     : HWCSession::GetClientTargetProperty: GetClinetTargetProperty interface enter
03-13 13:05:59.447  1226  1226 E ANDR-PERF-DATA-POOL: EventDataPool is Full
03-13 13:05:59.447  1226  1226 E ANDR-PERF-MPCTL: perf request submission limit reached.
03-13 13:05:59.455  1222  1610 E SDM     : HWCSession::GetClientTargetProperty: GetClinetTargetProperty interface enter
03-13 13:05:59.456  1226  1226 E ANDR-PERF-DATA-POOL: EventDataPool is Full
03-13 13:05:59.456  1226  1226 E ANDR-PERF-MPCTL: perf request submission limit reached.
03-13 13:05:59.467  1222  1610 E SDM     : HWCSession::GetClientTargetProperty: GetClinetTargetProperty interface enter
03-13 13:05:59.467  1226  1226 E ANDR-PERF-DATA-POOL: EventDataPool is Full
03-13 13:05:59.467  1226  1226 E ANDR-PERF-MPCTL: perf request submission limit reached.
03-13 13:05:59.476  1222  1610 E SDM     : HWCSession::GetClientTargetProperty: GetClinetTargetProperty interface enter
03-13 13:05:59.476  1226  1226 E ANDR-PERF-DATA-POOL: EventDataPool is Full
03-13 13:05:59.476  1226  1226 E ANDR-PERF-MPCTL: perf request submission limit reached.
03-13 13:05:59.485  1222  1610 E SDM     : HWCSession::GetClientTargetProperty: GetClinetTargetProperty interface enter
03-13 13:05:59.485  1226  1226 E ANDR-PERF-DATA-POOL: EventDataPool is Full
03-13 13:05:59.485  1226  1226 E ANDR-PERF-MPCTL: perf request submission limit reached.
03-13 13:05:59.494  1222  1610 E SDM     : HWCSession::GetClientTargetProperty: GetClinetTargetProperty interface enter
03-13 13:05:59.496  1226  1226 E ANDR-PERF-DATA-POOL: EventDataPool is Full
03-13 13:05:59.496  1226  1226 E ANDR-PERF-MPCTL: perf request submission limit reached.
03-13 13:05:59.504  1222  1610 E SDM     : HWCSession::GetClientTargetProperty: GetClinetTargetProperty interface enter
03-13 13:05:59.505  1226  1226 E ANDR-PERF-DATA-POOL: EventDataPool is Full
03-13 13:05:59.505  1226  1226 E ANDR-PERF-MPCTL: perf request submission limit reached.
03-13 13:05:59.514  1222  1610 E SDM     : HWCSession::GetClientTargetProperty: GetClinetTargetProperty interface enter
03-13 13:05:59.516  1226  1226 E ANDR-PERF-DATA-POOL: EventDataPool is Full
03-13 13:05:59.516  1226  1226 E ANDR-PERF-MPCTL: perf request submission limit reached.
03-13 13:05:59.524  1222  1610 E SDM     : HWCSession::GetClientTargetProperty: GetClinetTargetProperty interface enter
03-13 13:05:59.524  1226  1226 E ANDR-PERF-DATA-POOL: EventDataPool is Full
03-13 13:05:59.524  1226  1226 E ANDR-PERF-MPCTL: perf request submission limit reached.
03-13 13:05:59.533  1222  1610 E SDM     : HWCSession::GetClientTargetProperty: GetClinetTargetProperty interface enter
03-13 13:05:59.534  1226  1226 E ANDR-PERF-DATA-POOL: EventDataPool is Full
03-13 13:05:59.534  1226  1226 E ANDR-PERF-MPCTL: perf request submission limit reached.
03-13 13:05:59.542  1222  1610 E SDM     : HWCSession::GetClientTargetProperty: GetClinetTargetProperty interface enter
03-13 13:05:59.543  1226  1226 E ANDR-PERF-DATA-POOL: EventDataPool is Full
03-13 13:05:59.543  1226  1226 E ANDR-PERF-MPCTL: perf request submission limit reached.
03-13 13:05:59.554  1222  1610 E SDM     : HWCSession::GetClientTargetProperty: GetClinetTargetProperty interface enter
03-13 13:05:59.555  1226  1226 E ANDR-PERF-DATA-POOL: EventDataPool is Full
03-13 13:05:59.555  1226  1226 E ANDR-PERF-MPCTL: perf request submission limit reached.
03-13 13:05:59.565  1222  1610 E SDM     : HWCSession::GetClientTargetProperty: GetClinetTargetProperty interface enter
03-13 13:05:59.565  1226  1226 E ANDR-PERF-DATA-POOL: EventDataPool is Full
03-13 13:05:59.565  1226  1226 E ANDR-PERF-MPCTL: perf request submission limit reached.
03-13 13:05:59.575  1222  1610 E SDM     : HWCSession::GetClientTargetProperty: GetClinetTargetProperty interface enter
03-13 13:05:59.578  1226  1226 E ANDR-PERF-DATA-POOL: EventDataPool is Full
03-13 13:05:59.578  1226  1226 E ANDR-PERF-MPCTL: perf request submission limit reached.
03-13 13:05:59.585  1222  1610 E SDM     : HWCSession::GetClientTargetProperty: GetClinetTargetProperty interface enter
03-13 13:05:59.586  1226  1226 E ANDR-PERF-DATA-POOL: EventDataPool is Full
03-13 13:05:59.586  1226  1226 E ANDR-PERF-MPCTL: perf request submission limit reached.
03-13 13:05:59.596  1222  1610 E SDM     : HWCSession::GetClientTargetProperty: GetClinetTargetProperty interface enter
03-13 13:05:59.597  1226  1226 E ANDR-PERF-DATA-POOL: EventDataPool is Full
03-13 13:05:59.597  1226  1226 E ANDR-PERF-MPCTL: perf request submission limit reached.
03-13 13:05:59.607  1222  1610 E SDM     : HWCSession::GetClientTargetProperty: GetClinetTargetProperty interface enter
03-13 13:05:59.609  1226  1226 E ANDR-PERF-DATA-POOL: EventDataPool is Full
03-13 13:05:59.609  1226  1226 E ANDR-PERF-MPCTL: perf request submission limit reached.
03-13 13:05:59.616  1222  1610 E SDM     : HWCSession::GetClientTargetProperty: GetClinetTargetProperty interface enter
03-13 13:05:59.617  1226  1226 E ANDR-PERF-DATA-POOL: EventDataPool is Full
03-13 13:05:59.617  1226  1226 E ANDR-PERF-MPCTL: perf request submission limit reached.
03-13 13:05:59.622  1222  1610 E SDM     : HWCSession::GetClientTargetProperty: GetClinetTargetProperty interface enter
03-13 13:05:59.624  1226  1226 E ANDR-PERF-DATA-POOL: EventDataPool is Full
03-13 13:05:59.624  1226  1226 E ANDR-PERF-MPCTL: perf request submission limit reached.
03-13 13:05:59.633  1222  1610 E SDM     : HWCSession::GetClientTargetProperty: GetClinetTargetProperty interface enter
03-13 13:05:59.634  1226  1226 E ANDR-PERF-DATA-POOL: EventDataPool is Full
03-13 13:05:59.634  1226  1226 E ANDR-PERF-MPCTL: perf request submission limit reached.
