03-13 12:12:57.444 11213 11213 E MsgCenterConfig: 	at android.app.ApplicationPackageManager.getApplicationInfo(ApplicationPackageManager.java:492)
03-13 12:12:57.444 11213 11213 E MsgCenterConfig: 	at com.xiaomi.mipicks.openstore.core.utils.c.a(SourceFile:30)
03-13 12:12:57.444 11213 11213 E MsgCenterConfig: 	at com.xiaomi.mipicks.openstore.core.process.ProcessServiceImpl.v1(SourceFile:9)
03-13 12:12:57.444 11213 11213 E MsgCenterConfig: 	at com.xiaomi.mipicks.openstore.core.process.ProcessServiceImpl.init(SourceFile:6)
03-13 12:12:57.444 11213 11213 E MsgCenterConfig: 	at com.xiaomi.mipicks.openstore.core.process.c.b(SourceFile:14)
03-13 12:12:57.444 11213 11213 E MsgCenterConfig: 	at com.xiaomi.mipicks.openstore.core.MPMsgCenterWrapper.d(SourceFile:18)
03-13 12:12:57.444 11213 11213 E MsgCenterConfig: 	at com.xiaomi.mipicks.openstore.core.d.c(SourceFile:8)
03-13 12:12:57.444 11213 11213 E MsgCenterConfig: 	at com.xiaomi.mipicks.openstore.platform.c.a(SourceFile:10)
03-13 12:12:57.444 11213 11213 E MsgCenterConfig: 	at com.xiaomi.mipicks.openstore.platform.b.a(SourceFile:11)
03-13 12:12:57.444 11213 11213 E MsgCenterConfig: 	at com.xiaomi.market.MarketApp.o(SourceFile:83)
03-13 12:12:57.444 11213 11213 E MsgCenterConfig: 	at com.xiaomi.market.MarketApp.onCreate(SourceFile:39)
03-13 12:12:57.444 11213 11213 E MsgCenterConfig: 	at android.app.Instrumentation.callApplicationOnCreate(Instrumentation.java:1326)
03-13 12:12:57.444 11213 11213 E MsgCenterConfig: 	at android.app.ActivityThread.handleBindApplication(ActivityThread.java:7585)
03-13 12:12:57.444 11213 11213 E MsgCenterConfig: 	at android.app.ActivityThread.-$$Nest$mhandleBindApplication(Unknown Source:0)
03-13 12:12:57.444 11213 11213 E MsgCenterConfig: 	at android.app.ActivityThread$H.handleMessage(ActivityThread.java:2397)
03-13 12:12:57.444 11213 11213 E MsgCenterConfig: 	at android.os.Handler.dispatchMessage(Handler.java:106)
03-13 12:12:57.444 11213 11213 E MsgCenterConfig: 	at android.os.Looper.loopOnce(Looper.java:222)
03-13 12:12:57.444 11213 11213 E MsgCenterConfig: 	at android.os.Looper.loop(Looper.java:314)
03-13 12:12:57.444 11213 11213 E MsgCenterConfig: 	at android.app.ActivityThread.main(ActivityThread.java:8857)
03-13 12:12:57.444 11213 11213 E MsgCenterConfig: 	at java.lang.reflect.Method.invoke(Native Method)
03-13 12:12:57.444 11213 11213 E MsgCenterConfig: 	at com.android.internal.os.RuntimeInit$MethodAndArgsCaller.run(RuntimeInit.java:565)
03-13 12:12:57.444 11213 11213 E MsgCenterConfig: 	at com.android.internal.os.ZygoteInit.main(ZygoteInit.java:1013)
03-13 12:12:57.447  1222  1610 E SDM     : HWCSession::GetClientTargetProperty: GetClinetTargetProperty interface enter
03-13 12:12:57.448  1226  1226 E ANDR-PERF-DATA-POOL: EventDataPool is Full
03-13 12:12:57.448  1226  1226 E ANDR-PERF-MPCTL: perf request submission limit reached.
03-13 12:12:57.455  1222  1610 E SDM     : HWCSession::GetClientTargetProperty: GetClinetTargetProperty interface enter
03-13 12:12:57.456  1226  1226 E ANDR-PERF-DATA-POOL: EventDataPool is Full
03-13 12:12:57.456  1226  1226 E ANDR-PERF-MPCTL: perf request submission limit reached.
03-13 12:12:57.464  1222  1610 E SDM     : HWCSession::GetClientTargetProperty: GetClinetTargetProperty interface enter
03-13 12:12:57.466  1226  1226 E ANDR-PERF-DATA-POOL: EventDataPool is Full
03-13 12:12:57.466  1226  1226 E ANDR-PERF-MPCTL: perf request submission limit reached.
03-13 12:12:57.472  1222  1610 E SDM     : HWCSession::GetClientTargetProperty: GetClinetTargetProperty interface enter
03-13 12:12:57.473  1226  1226 E ANDR-PERF-DATA-POOL: EventDataPool is Full
03-13 12:12:57.473  1226  1226 E ANDR-PERF-MPCTL: perf request submission limit reached.
03-13 12:12:57.478 11213 11213 E FileUtils: err open mi_exception_log errno=2
03-13 12:12:57.478 11213 11213 E FileUtils: err write to mi_exception_log
03-13 12:12:57.481  1222  1610 E SDM     : HWCSession::GetClientTargetProperty: GetClinetTargetProperty interface enter
03-13 12:12:57.482  1226  1226 E ANDR-PERF-DATA-POOL: EventDataPool is Full
03-13 12:12:57.484  1226  1226 E ANDR-PERF-MPCTL: perf request submission limit reached.
03-13 12:12:57.489  1222  1610 E SDM     : HWCSession::GetClientTargetProperty: GetClinetTargetProperty interface enter
03-13 12:12:57.490  1226  1226 E ANDR-PERF-DATA-POOL: EventDataPool is Full
03-13 12:12:57.490  1226  1226 E ANDR-PERF-MPCTL: perf request submission limit reached.
03-13 12:12:57.497  1222  1610 E SDM     : HWCSession::GetClientTargetProperty: GetClinetTargetProperty interface enter
03-13 12:12:57.497  1226  1226 E ANDR-PERF-DATA-POOL: EventDataPool is Full
03-13 12:12:57.497  1226  1226 E ANDR-PERF-MPCTL: perf request submission limit reached.
03-13 12:12:57.506  1222  1610 E SDM     : HWCSession::GetClientTargetProperty: GetClinetTargetProperty interface enter
03-13 12:12:57.507  1226  1226 E ANDR-PERF-DATA-POOL: EventDataPool is Full
03-13 12:12:57.507  1226  1226 E ANDR-PERF-MPCTL: perf request submission limit reached.
03-13 12:12:57.514  1222  1610 E SDM     : HWCSession::GetClientTargetProperty: GetClinetTargetProperty interface enter
03-13 12:12:57.514  1226  1226 E ANDR-PERF-DATA-POOL: EventDataPool is Full
03-13 12:12:57.514  1226  1226 E ANDR-PERF-MPCTL: perf request submission limit reached.
03-13 12:12:57.523  1222  1610 E SDM     : HWCSession::GetClientTargetProperty: GetClinetTargetProperty interface enter
03-13 12:12:57.524  1226  1226 E ANDR-PERF-DATA-POOL: EventDataPool is Full
03-13 12:12:57.524  1226  1226 E ANDR-PERF-MPCTL: perf request submission limit reached.
03-13 12:12:57.531  1222  1610 E SDM     : HWCSession::GetClientTargetProperty: GetClinetTargetProperty interface enter
03-13 12:12:57.532  1226  1226 E ANDR-PERF-DATA-POOL: EventDataPool is Full
03-13 12:12:57.532  1226  1226 E ANDR-PERF-MPCTL: perf request submission limit reached.
03-13 12:12:57.539  1222  1610 E SDM     : HWCSession::GetClientTargetProperty: GetClinetTargetProperty interface enter
03-13 12:12:57.540  1226  1226 E ANDR-PERF-DATA-POOL: EventDataPool is Full
03-13 12:12:57.540  1226  1226 E ANDR-PERF-MPCTL: perf request submission limit reached.
03-13 12:12:57.548  1222  1610 E SDM     : HWCSession::GetClientTargetProperty: GetClinetTargetProperty interface enter
03-13 12:12:57.549  1226  1226 E ANDR-PERF-DATA-POOL: EventDataPool is Full
03-13 12:12:57.549  1226  1226 E ANDR-PERF-MPCTL: perf request submission limit reached.
03-13 12:12:57.557  1222  1610 E SDM     : HWCSession::GetClientTargetProperty: GetClinetTargetProperty interface enter
03-13 12:12:57.558  1226  1226 E ANDR-PERF-DATA-POOL: EventDataPool is Full
03-13 12:12:57.558  1226  1226 E ANDR-PERF-MPCTL: perf request submission limit reached.
03-13 12:12:57.565  1222  1610 E SDM     : HWCSession::GetClientTargetProperty: GetClinetTargetProperty interface enter
03-13 12:12:57.565  1226  1226 E ANDR-PERF-DATA-POOL: EventDataPool is Full
03-13 12:12:57.565  1226  1226 E ANDR-PERF-MPCTL: perf request submission limit reached.
03-13 12:12:57.572  1222  1610 E SDM     : HWCSession::GetClientTargetProperty: GetClinetTargetProperty interface enter
03-13 12:12:57.572  1226  1226 E ANDR-PERF-DATA-POOL: EventDataPool is Full
03-13 12:12:57.572  1226  1226 E ANDR-PERF-MPCTL: perf request submission limit reached.
03-13 12:12:57.580  1222  1610 E SDM     : HWCSession::GetClientTargetProperty: GetClinetTargetProperty interface enter
03-13 12:12:57.581  1226  1226 E ANDR-PERF-DATA-POOL: EventDataPool is Full
03-13 12:12:57.581  1226  1226 E ANDR-PERF-MPCTL: perf request submission limit reached.
03-13 12:12:57.589  1222  1610 E SDM     : HWCSession::GetClientTargetProperty: GetClinetTargetProperty interface enter
03-13 12:12:57.589  1226  1226 E ANDR-PERF-DATA-POOL: EventDataPool is Full
03-13 12:12:57.589  1226  1226 E ANDR-PERF-MPCTL: perf request submission limit reached.
03-13 12:12:57.598  1222  1610 E SDM     : HWCSession::GetClientTargetProperty: GetClinetTargetProperty interface enter
03-13 12:12:57.598  1226  1226 E ANDR-PERF-DATA-POOL: EventDataPool is Full
03-13 12:12:57.598  1226  1226 E ANDR-PERF-MPCTL: perf request submission limit reached.
03-13 12:12:57.606  1222  1610 E SDM     : HWCSession::GetClientTargetProperty: GetClinetTargetProperty interface enter
03-13 12:12:57.606  1226  1226 E ANDR-PERF-DATA-POOL: EventDataPool is Full
03-13 12:12:57.606  1226  1226 E ANDR-PERF-MPCTL: perf request submission limit reached.
03-13 12:12:57.614  1222  1610 E SDM     : HWCSession::GetClientTargetProperty: GetClinetTargetProperty interface enter
03-13 12:12:57.615  1226  1226 E ANDR-PERF-DATA-POOL: EventDataPool is Full
03-13 12:12:57.615  1226  1226 E ANDR-PERF-MPCTL: perf request submission limit reached.
03-13 12:12:57.623  1222  1610 E SDM     : HWCSession::GetClientTargetProperty: GetClinetTargetProperty interface enter
03-13 12:12:57.623  1226  1226 E ANDR-PERF-DATA-POOL: EventDataPool is Full
03-13 12:12:57.623  1226  1226 E ANDR-PERF-MPCTL: perf request submission limit reached.
03-13 12:12:57.631  1222  1610 E SDM     : HWCSession::GetClientTargetProperty: GetClinetTargetProperty interface enter
03-13 12:12:57.631  1226  1226 E ANDR-PERF-DATA-POOL: EventDataPool is Full
03-13 12:12:57.631  1226  1226 E ANDR-PERF-MPCTL: perf request submission limit reached.
03-13 12:12:57.632 11208 11208 E FileUtils: err write to mi_exception_log
03-13 12:12:57.633 11208 11208 E FileUtils: err write to mi_exception_log
03-13 12:12:57.639  1222  1610 E SDM     : HWCSession::GetClientTargetProperty: GetClinetTargetProperty interface enter
03-13 12:12:57.639  1226  1226 E ANDR-PERF-DATA-POOL: EventDataPool is Full
03-13 12:12:57.639  1226  1226 E ANDR-PERF-MPCTL: perf request submission limit reached.
03-13 12:12:57.647  1222  1610 E SDM     : HWCSession::GetClientTargetProperty: GetClinetTargetProperty interface enter
03-13 12:12:57.648  1226  1226 E ANDR-PERF-DATA-POOL: EventDataPool is Full
03-13 12:12:57.648  1226  1226 E ANDR-PERF-MPCTL: perf request submission limit reached.
03-13 12:12:57.656  1222  1610 E SDM     : HWCSession::GetClientTargetProperty: GetClinetTargetProperty interface enter
03-13 12:12:57.656  1226  1226 E ANDR-PERF-DATA-POOL: EventDataPool is Full
03-13 12:12:57.657  1226  1226 E ANDR-PERF-MPCTL: perf request submission limit reached.
03-13 12:12:57.660  1226  1226 E vendor.qti.hardware.perf@2.2-service: Unknown params
03-13 12:12:57.660  1226  1226 E ANDR-PERF-DATA-POOL: EventDataPool is Full
03-13 12:12:57.660  1226  1226 E ANDR-PERF-MPCTL: perf request submission limit reached.
03-13 12:12:57.665  1222  1610 E SDM     : HWCSession::GetClientTargetProperty: GetClinetTargetProperty interface enter
03-13 12:12:57.666  1226  1226 E ANDR-PERF-DATA-POOL: EventDataPool is Full
03-13 12:12:57.666  1226  1226 E ANDR-PERF-MPCTL: perf request submission limit reached.
03-13 12:12:57.673  1222  1610 E SDM     : HWCSession::GetClientTargetProperty: GetClinetTargetProperty interface enter
03-13 12:12:57.673  1226  1226 E ANDR-PERF-DATA-POOL: EventDataPool is Full
03-13 12:12:57.673  1226  1226 E ANDR-PERF-MPCTL: perf request submission limit reached.
03-13 12:12:57.681  1222  1610 E SDM     : HWCSession::GetClientTargetProperty: GetClinetTargetProperty interface enter
03-13 12:12:57.681  1226  1226 E ANDR-PERF-DATA-POOL: EventDataPool is Full
03-13 12:12:57.681  1226  1226 E ANDR-PERF-MPCTL: perf request submission limit reached.
03-13 12:12:57.690  1222  1610 E SDM     : HWCSession::GetClientTargetProperty: GetClinetTargetProperty interface enter
03-13 12:12:57.690  1226  1226 E ANDR-PERF-DATA-POOL: EventDataPool is Full
03-13 12:12:57.690  1226  1226 E ANDR-PERF-MPCTL: perf request submission limit reached.
03-13 12:12:57.700  1222  1610 E SDM     : HWCSession::GetClientTargetProperty: GetClinetTargetProperty interface enter
03-13 12:12:57.700  1226  1226 E ANDR-PERF-DATA-POOL: EventDataPool is Full
03-13 12:12:57.700  1226  1226 E ANDR-PERF-MPCTL: perf request submission limit reached.
03-13 12:12:57.707  1222  1610 E SDM     : HWCSession::GetClientTargetProperty: GetClinetTargetProperty interface enter
03-13 12:12:57.707  1226  1226 E ANDR-PERF-DATA-POOL: EventDataPool is Full
03-13 12:12:57.707  1226  1226 E ANDR-PERF-MPCTL: perf request submission limit reached.
03-13 12:12:57.715  1222  1610 E SDM     : HWCSession::GetClientTargetProperty: GetClinetTargetProperty interface enter
03-13 12:12:57.718  1226  1226 E ANDR-PERF-DATA-POOL: EventDataPool is Full
03-13 12:12:57.718  1226  1226 E ANDR-PERF-MPCTL: perf request submission limit reached.
03-13 12:12:57.723  1222  1610 E SDM     : HWCSession::GetClientTargetProperty: GetClinetTargetProperty interface enter
03-13 12:12:57.723  1226  1226 E ANDR-PERF-DATA-POOL: EventDataPool is Full
03-13 12:12:57.723  1226  1226 E ANDR-PERF-MPCTL: perf request submission limit reached.
03-13 12:12:57.726 11208 11281 E OpenGLRenderer: Unable to match the desired swap behavior.
03-13 12:12:57.732  1222  1610 E SDM     : HWCSession::GetClientTargetProperty: GetClinetTargetProperty interface enter
03-13 12:12:57.732  1226  1226 E ANDR-PERF-DATA-POOL: EventDataPool is Full
03-13 12:12:57.732  1226  1226 E ANDR-PERF-MPCTL: perf request submission limit reached.
03-13 12:12:57.743  1222  1610 E SDM     : HWCSession::GetClientTargetProperty: GetClinetTargetProperty interface enter
03-13 12:12:57.744  1226  1226 E ANDR-PERF-DATA-POOL: EventDataPool is Full
03-13 12:12:57.744  1226  1226 E ANDR-PERF-MPCTL: perf request submission limit reached.
03-13 12:12:57.755  1222  1610 E SDM     : HWCSession::GetClientTargetProperty: GetClinetTargetProperty interface enter
03-13 12:12:57.755  1226  1226 E ANDR-PERF-DATA-POOL: EventDataPool is Full
03-13 12:12:57.755  1226  1226 E ANDR-PERF-MPCTL: perf request submission limit reached.
03-13 12:12:57.759  1222  1610 E SDM     : HWCSession::GetClientTargetProperty: GetClinetTargetProperty interface enter
03-13 12:12:57.760  1226  1226 E ANDR-PERF-DATA-POOL: EventDataPool is Full
03-13 12:12:57.760  1226  1226 E ANDR-PERF-MPCTL: perf request submission limit reached.
03-13 12:12:57.764  1222  1610 E SDM     : HWCSession::GetClientTargetProperty: GetClinetTargetProperty interface enter
03-13 12:12:57.764  1226  1226 E ANDR-PERF-DATA-POOL: EventDataPool is Full
03-13 12:12:57.764  1226  1226 E ANDR-PERF-MPCTL: perf request submission limit reached.
03-13 12:12:57.765 11237 11237 E FileUtils: err open mi_exception_log errno=2
03-13 12:12:57.765 11237 11237 E FileUtils: err write to mi_exception_log
03-13 12:12:57.770 11237 11336 E AppVersionCheckHelper: PassportLog@A2^6C[Y2hlY2tBcHBWZXJzaW9uPj4+Y2FjaGVBcHBWZXJzaW9uPTIwMjYwMjA2MDAgIGN1ckFwcFZlcnNpb249MjAyNjAyMDYwMA==]
03-13 12:12:57.770 11237 11336 E XiaomiAccountManager: PassportLog@A2^6C[c2V0dXAgdHJ1ZQ==]
03-13 12:12:57.773  1222  1610 E SDM     : HWCSession::GetClientTargetProperty: GetClinetTargetProperty interface enter
03-13 12:12:57.773  1226  1226 E ANDR-PERF-DATA-POOL: EventDataPool is Full
03-13 12:12:57.773  1226  1226 E ANDR-PERF-MPCTL: perf request submission limit reached.
03-13 12:12:57.781  1222  1610 E SDM     : HWCSession::GetClientTargetProperty: GetClinetTargetProperty interface enter
03-13 12:12:57.782  1226  1226 E ANDR-PERF-DATA-POOL: EventDataPool is Full
03-13 12:12:57.782  1226  1226 E ANDR-PERF-MPCTL: perf request submission limit reached.
03-13 12:12:57.790  1222  1610 E SDM     : HWCSession::GetClientTargetProperty: GetClinetTargetProperty interface enter
03-13 12:12:57.790  1226  1226 E ANDR-PERF-DATA-POOL: EventDataPool is Full
03-13 12:12:57.790  1226  1226 E ANDR-PERF-MPCTL: perf request submission limit reached.
03-13 12:12:57.799  1222  1610 E SDM     : HWCSession::GetClientTargetProperty: GetClinetTargetProperty interface enter
03-13 12:12:57.799  1226  1226 E ANDR-PERF-DATA-POOL: EventDataPool is Full
03-13 12:12:57.799  1226  1226 E ANDR-PERF-MPCTL: perf request submission limit reached.
03-13 12:12:57.803 11237 11336 E XiaomiAccountManager: PassportLog@A2^6C[Y2FsbGVyIHNpZ25hdHVyZSA9IEFwcFNpZ25hdHVyZUhhc2h7c2hhMT0nN0I2REM3MDc5QzM0NzM5Q0U4MTE1OTcxOUZCNUVCNjFEMkEwMzIyNScsIG1kNT0nNzAxNDc4QTFFM0I0QjdFMzk3OEVBNjk0Njk0MTBGMTMnfQ==]
03-13 12:12:57.803 11237 11336 E XiaomiAccountManager: PassportLog@A2^6C[c3lzIGFjY291bnQgc2lnbmF0dXJlID0gQXBwU2lnbmF0dXJlSGFzaHtzaGExPSc3QjZEQzcwNzlDMzQ3MzlDRTgxMTU5NzE5RkI1RUI2MUQyQTAzMjI1JywgbWQ1PSc3MDE0NzhBMUUzQjRCN0UzOTc4RUE2OTQ2OTQxMEYxMyd9]
03-13 12:12:57.804 11237 11336 E XiaomiAccountManager: PassportLog@A2^6C[aGFzIHN5c3RlbSBhY2NvdW50IGFwcCBhbmQgY3VycmVudCBjb20ueGlhb21pLmdsZ20gaGFzIHNhbWUgc2lnbmF0dXJl]
03-13 12:12:57.806  1222  1610 E SDM     : HWCSession::GetClientTargetProperty: GetClinetTargetProperty interface enter
03-13 12:12:57.806 11208 11281 E LB      : fail to open node: No such file or directory
03-13 12:12:57.806  1226  1226 E ANDR-PERF-DATA-POOL: EventDataPool is Full
03-13 12:12:57.806  1226  1226 E ANDR-PERF-MPCTL: perf request submission limit reached.
03-13 12:12:57.807 11208 11208 E FileUtils: err write to mi_exception_log
03-13 12:12:57.808 11208 11208 E FileUtils: err write to mi_exception_log
03-13 12:12:57.815  1222  1610 E SDM     : HWCSession::GetClientTargetProperty: GetClinetTargetProperty interface enter
03-13 12:12:57.815  1226  1226 E ANDR-PERF-DATA-POOL: EventDataPool is Full
03-13 12:12:57.815  1226  1226 E ANDR-PERF-MPCTL: perf request submission limit reached.
03-13 12:12:57.823  1226  1226 E vendor.qti.hardware.perf@2.2-service: Unknown params
03-13 12:12:57.824  1222  1610 E SDM     : HWCSession::GetClientTargetProperty: GetClinetTargetProperty interface enter
03-13 12:12:57.824  1226  1226 E ANDR-PERF-DATA-POOL: EventDataPool is Full
03-13 12:12:57.824  1226  1226 E ANDR-PERF-MPCTL: perf request submission limit reached.
03-13 12:12:57.825  1226  1226 E vendor.qti.hardware.perf@2.2-service: Unknown params
03-13 12:12:57.836  1222  1610 E SDM     : HWCSession::GetClientTargetProperty: GetClinetTargetProperty interface enter
03-13 12:12:57.841  1222  1610 E SDM     : HWCSession::GetClientTargetProperty: GetClinetTargetProperty interface enter
03-13 12:12:57.847  1226  1226 E ANDR-PERF-DATA-POOL: EventDataPool is Full
03-13 12:12:57.847  1226  1226 E ANDR-PERF-MPCTL: perf request submission limit reached.
03-13 12:12:57.847  1226  1226 E ANDR-PERF-DATA-POOL: EventDataPool is Full
03-13 12:12:57.847  1226  1226 E ANDR-PERF-MPCTL: perf request submission limit reached.
03-13 12:12:57.853  1222  1610 E SDM     : HWCSession::GetClientTargetProperty: GetClinetTargetProperty interface enter
03-13 12:12:57.857 11237 11336 E AccountLoginUploader: PassportLog@A2^6C[cmV0cnlMb2NhbFVwbG9hZD4+PmtleVNldD1bXQ==]
03-13 12:12:57.857  1226  1226 E ANDR-PERF-DATA-POOL: EventDataPool is Full
03-13 12:12:57.857  1226  1226 E ANDR-PERF-MPCTL: perf request submission limit reached.
03-13 12:12:57.861  3982  3982 E WindowElement2d69ae4: com.miui.home.recents.anim.WindowElement@2d69ae4 mOnShellAnimListener end OPEN_FROM_HOME com.miui.home.recents.anim.WindowElement@2d69ae4 needFinish = true
03-13 12:12:57.861  3982  3982 E WindowElement2d69ae4: com.miui.home.recents.anim.WindowElement@2d69ae4 finishTransition toHome = false isHalf = false runningTaskId = 0
03-13 12:12:57.861  3982  3982 E WindowTransitionCompat: com.android.systemui.shared.recents.system.WindowTransitionCompat@126d8b5 finishTransition toHome = false
03-13 12:12:57.861  3982  3982 E TransitionCallback: call executeFinishCallback, toHome = false
03-13 12:12:57.861  3982  3982 E TransitionCallback: java.lang.Exception
03-13 12:12:57.861  3982  3982 E TransitionCallback: 	at com.android.systemui.shared.recents.utilities.WindowTransitionCallbackHelper.executeFinishCallback(WindowTransitionCallbackHelper.java:230)
03-13 12:12:57.861  3982  3982 E TransitionCallback: 	at com.android.systemui.shared.recents.utilities.WindowTransitionCallbackHelper.executeFinishCallback(WindowTransitionCallbackHelper.java:166)
03-13 12:12:57.861  3982  3982 E TransitionCallback: 	at com.android.systemui.shared.recents.system.WindowTransitionCompat.finishTransition(WindowTransitionCompat.java:713)
03-13 12:12:57.861  3982  3982 E TransitionCallback: 	at com.miui.home.recents.anim.WindowElement.finishTransitionCompat(WindowElement.kt:489)
03-13 12:12:57.861  3982  3982 E TransitionCallback: 	at com.miui.home.recents.anim.WindowElement.finishTransition(WindowElement.kt:482)
03-13 12:12:57.861  3982  3982 E TransitionCallback: 	at com.miui.home.recents.anim.WindowElement.finishTransition$default(WindowElement.kt:469)
03-13 12:12:57.861  3982  3982 E TransitionCallback: 	at com.miui.home.recents.anim.WindowElement$mOnShellAnimListener$1.onAnimationEnd(WindowElement.kt:463)
03-13 12:12:57.861  3982  3982 E TransitionCallback: 	at com.miui.home.recents.anim.WindowElement$mRectFSpringAnimListener$1.onAnimationEnd$lambda-2(WindowElement.kt:234)
03-13 12:12:57.861  3982  3982 E TransitionCallback: 	at com.miui.home.recents.anim.WindowElement$mRectFSpringAnimListener$1.$r8$lambda$sTd0iPgSiHSVkgC1xaXbngJpC5o(Unknown Source:0)
03-13 12:12:57.861  3982  3982 E TransitionCallback: 	at com.miui.home.recents.anim.WindowElement$mRectFSpringAnimListener$1$$ExternalSyntheticLambda2.run(Unknown Source:6)
03-13 12:12:57.861  3982  3982 E TransitionCallback: 	at com.miui.home.library.utils.LooperExecutor.execute(LooperExecutor.java:43)
03-13 12:12:57.861  3982  3982 E TransitionCallback: 	at com.miui.home.recents.anim.WindowElement$mRectFSpringAnimListener$1.onAnimationEnd(WindowElement.kt:233)
03-13 12:12:57.861  3982  3982 E TransitionCallback: 	at com.miui.home.recents.util.RectFSpringAnim.lambda$initListener$1(RectFSpringAnim.java:207)
03-13 12:12:57.861  3982  3982 E TransitionCallback: 	at com.miui.home.recents.util.RectFSpringAnim.$r8$lambda$u5r278GbukIF6cIzI2ua6B78l3g(Unknown Source:0)
03-13 12:12:57.861  3982  3982 E TransitionCallback: 	at com.miui.home.recents.util.RectFSpringAnim$$ExternalSyntheticLambda0.onAnimationEnd(Unknown Source:2)
03-13 12:12:57.861  3982  3982 E TransitionCallback: 	at com.miui.home.recents.anim.MultiSpringDynamicAnimation.endAnimationInternal(MultiSpringDynamicAnimation.java:257)
03-13 12:12:57.861  3982  3982 E TransitionCallback: 	at com.miui.home.recents.anim.MultiSpringDynamicAnimation.doAnimationFrame(MultiSpringDynamicAnimation.java:224)
03-13 12:12:57.861  3982  3982 E TransitionCallback: 	at com.miui.home.recents.anim.AnimationHandler.doAnimationFrame(AnimationHandler.java:117)
03-13 12:12:57.861  3982  3982 E TransitionCallback: 	at com.miui.home.recents.anim.AnimationHandler$AnimationCallbackDispatcher.dispatchAnimationFrame(AnimationHandler.java:32)
03-13 12:12:57.861  3982  3982 E TransitionCallback: 	at com.miui.home.recents.anim.AnimationHandler$FrameCallbackProvider16$1.doFrame(AnimationHandler.java:165)
03-13 12:12:57.861  3982  3982 E TransitionCallback: 	at android.view.Choreographer$CallbackRecord.run(Choreographer.java:1652)
03-13 12:12:57.861  3982  3982 E TransitionCallback: 	at android.view.Choreographer$CallbackRecord.run(Choreographer.java:1663)
03-13 12:12:57.861  3982  3982 E TransitionCallback: 	at android.view.Choreographer.doCallbacks(Choreographer.java:1160)
03-13 12:12:57.861  3982  3982 E TransitionCallback: 	at android.view.Choreographer.doFrame(Choreographer.java:1057)
03-13 12:12:57.861  3982  3982 E TransitionCallback: 	at android.view.Choreographer$FrameDisplayEventReceiver.run(Choreographer.java:1617)
03-13 12:12:57.861  3982  3982 E TransitionCallback: 	at android.os.Handler.handleCallback(Handler.java:958)
03-13 12:12:57.861  3982  3982 E TransitionCallback: 	at android.os.Handler.dispatchMessage(Handler.java:99)
03-13 12:12:57.861  3982  3982 E TransitionCallback: 	at android.os.Looper.loopOnce(Looper.java:222)
03-13 12:12:57.861  3982  3982 E TransitionCallback: 	at android.os.Looper.loop(Looper.java:314)
03-13 12:12:57.861  3982  3982 E TransitionCallback: 	at android.app.ActivityThread.main(ActivityThread.java:8857)
03-13 12:12:57.861  3982  3982 E TransitionCallback: 	at java.lang.reflect.Method.invoke(Native Method)
03-13 12:12:57.861  3982  3982 E TransitionCallback: 	at com.android.internal.os.RuntimeInit$MethodAndArgsCaller.run(RuntimeInit.java:565)
03-13 12:12:57.861  3982  3982 E TransitionCallback: 	at com.android.internal.os.ZygoteInit.main(ZygoteInit.java:1013)
03-13 12:12:57.862  1222  1610 E SDM     : HWCSession::GetClientTargetProperty: GetClinetTargetProperty interface enter
03-13 12:12:57.868  1226  1226 E ANDR-PERF-DATA-POOL: EventDataPool is Full
03-13 12:12:57.868  1226  1226 E ANDR-PERF-MPCTL: perf request submission limit reached.
03-13 12:12:57.874  1222  1610 E SDM     : HWCSession::GetClientTargetProperty: GetClinetTargetProperty interface enter
03-13 12:12:57.875  1226  1226 E ANDR-PERF-DATA-POOL: EventDataPool is Full
03-13 12:12:57.875  1226  1226 E ANDR-PERF-MPCTL: perf request submission limit reached.
03-13 12:12:57.891  3982  3982 E Launcher.application: setClickAppWaitForCallback = false
03-13 12:12:57.914 18146 18195 E MiPicks-ModuleInterceptor: isOperatorSdkInited operator:default  status:null
03-13 12:12:57.923 11208 11208 E BinderMonitor: err open binder_delay errno=2
03-13 12:12:57.926 11208 11208 E FileUtils: err write to mi_exception_log
03-13 12:12:57.926 11208 11208 E FileUtils: err write to mi_exception_log
03-13 12:12:57.928 18146 18195 E MiPicks-ModuleInterceptor: isOperatorSdkInited operator:default  status:null
03-13 12:12:57.959  3982  4422 E ActivityManagerWrapper: get all recent tasks force including 10523
03-13 12:12:57.962  3982  4422 E ActivityManagerWrapper: getRecentTasksForceIncludingTaskIdIfValid: getRecentTasks: size=3
03-13 12:12:57.962  3982  4422 E ActivityManagerWrapper:  mainTaskId=10523   userId=0   windowMode=1   baseIntent=Intent { act=android.intent.action.MAIN flag=270532608 cmp=ComponentInfo{com.luxpro.vip/com.luxpro.vip.SplashActivity} }
03-13 12:12:57.962  3982  4422 E ActivityManagerWrapper:  mainTaskId=10517   userId=0   windowMode=1   baseIntent=Intent { act=com.tmessages.openchat0.249437130106551222147483647 flag=352321536 cmp=ComponentInfo{org.telegram.messenger.web/org.telegram.ui.LaunchActivity} }
03-13 12:12:57.962  3982  4422 E ActivityManagerWrapper:  mainTaskId=10520   userId=0   windowMode=1   baseIntent=Intent { act=null flag=369098752 cmp=ComponentInfo{com.google.android.googlequicksearchbox/com.google.android.apps.search.assistant.surfaces.voice.robin.main.MainActivity} }
03-13 12:12:57.972 11237 11361 E SecureDataManager: PassportLog@A2^6C[Z2V0IGtleSBudWxsPyBmYWxzZQ==]
03-13 12:12:57.997 11237 11361 E SecureDataManager: PassportLog@A2^6C[aW5pdEV4aXN0aW5nS2V5I2luaXQgZXhpc3Rpbmcga2V5IGNvc3QgODcgbXM=]
03-13 12:12:57.997 11237 11361 E SecureDataManager: PassportLog@A2^6C[YWxyZWFkeSBnZW5lcmF0ZSBrZXk=]
03-13 12:12:58.225  5744  5744 E FileUtils: err write to mi_exception_log
03-13 12:12:58.237 18146 18328 E MiPicks-ConnectionRSA: get key exception : com.android.org.bouncycastle.jcajce.provider.util.BadBlockException: unable to decrypt block
03-13 12:12:58.266 11213 11301 E DeviceUtils: static init: ComputilityLevel Load Class Exception:java.lang.ClassNotFoundException: Didn't find class "com.miui.performance.ComputilityLevelUtils" on path: DexPathList[[zip file "/system_ext/framework/MiuiBooster.jar"],nativeLibraryDirectories=[/system/lib64, /system_ext/lib64]]
03-13 12:12:58.455 11213 11438 E xiaomi.discover: No package ID 6a found for resource ID 0x6a0b0013.
03-13 12:12:58.471 26466 26537 E libprocessgroup: set_timerslack_ns write failed: Operation not permitted
03-13 12:12:58.513  1120  3352 E volume_listener: check_and_set_gain_dep_cal: Failed to set gain dep cal level
03-13 12:12:58.525  1120  2842 E DlbEffectContext: setParam() received unknown parameter 20
03-13 12:12:58.551  1226  1226 E ANDR-PERF-DATA-POOL: EventDataPool is Full
03-13 12:12:58.551  1226  1226 E ANDR-PERF-MPCTL: perf request submission limit reached.
03-13 12:12:58.551  1120 26523 E audio_hw_extn: audio_extn_perf_lock_acquire: Failed to acquire perf lock, err: 0
03-13 12:12:58.555  1120 26523 E msm8974_platform: platform_check_backends_match: Invalid snd_device2 = 
03-13 12:12:58.559  1120 26523 E audio_hw_utils: send_app_type_cfg_for_device: Could not get ctl for mixer cmd - Audio Stream Capture 32 App Type Cfg
03-13 12:12:58.582 11237 11441 E com.xiaomi.glgm: No package ID 6a found for resource ID 0x6a0b0013.
03-13 12:12:58.592  1120 26523 E sound_trigger_hw: check_gcs_usecase_switch: Invalid session or non CPE session!
03-13 12:12:58.695  1120 26523 E audio_hw_extn: audio_extn_perf_lock_release: Perf lock release error 
03-13 12:12:58.697  1120 26523 E ACDB-LOADER: [acdb_loader_adsp_set_audio_cal] active device/stream not found (result=-100) for topology 0x1000a106 and apptype 0x11134
03-13 12:12:58.697  1120 26523 E ACDB-LOADER: [acdb_loader_adsp_set_audio_cal] set parameters failed with status -100
03-13 12:12:58.697  1120 26523 E ACDB-LOADER: [acdb_loader_adsp_set_audio_cal] active device/stream not found (result=-100) for topology 0x1000a106 and apptype 0x11131
03-13 12:12:58.697  1120 26523 E ACDB-LOADER: [acdb_loader_adsp_set_audio_cal] set parameters failed with status -100
03-13 12:12:58.697  1120 26523 E ACDB-LOADER: [acdb_loader_adsp_set_audio_cal] active device/stream not found (result=-100) for topology 0x1000a100 and apptype 0x11131
03-13 12:12:58.697  1120 26523 E ACDB-LOADER: [acdb_loader_adsp_set_audio_cal] set parameters failed with status -100
03-13 12:12:58.697  1120 26523 E ACDB-LOADER: [acdb_loader_adsp_set_audio_cal] active device/stream not found (result=-100) for topology 0x1000a106 and apptype 0x11130
03-13 12:12:58.697  1120 26523 E ACDB-LOADER: [acdb_loader_adsp_set_audio_cal] set parameters failed with status -100
03-13 12:12:58.697  1120 26523 E ACDB-LOADER: [acdb_loader_adsp_set_audio_cal] active device/stream not found (result=-100) for topology 0x1000a100 and apptype 0x11130
03-13 12:12:58.697  1120 26523 E ACDB-LOADER: [acdb_loader_adsp_set_audio_cal] set parameters failed with status -100
03-13 12:12:58.697  1120 26523 E send_data_to_xlog: get_int_by_key: unable to get property persist.vendor.audio.scenario
03-13 12:12:58.697  1120 26523 E send_data_to_xlog: the EarsCompensation is closed
03-13 12:12:58.729 18146 18435 E MiPicks-ModuleInterceptor: isOperatorSdkInited operator:default  status:null
03-13 12:12:58.970  1922 11498 E AudioServiceStubImpl: other device
03-13 12:12:58.982  1922 11502 E AudioServiceStubImpl: other device
03-13 12:12:58.990  1922 11504 E AudioServiceStubImpl: other device
03-13 12:12:58.991  1922 11505 E AudioServiceStubImpl: other device
03-13 12:12:58.991  1354  2559 E PersistableBundle: Failed at frameworks/native/libs/binder/PersistableBundle.cpp:160 (erase)
03-13 12:12:58.992  1922 11506 E AudioServiceStubImpl: other device
03-13 12:12:58.999  1120  1455 E ACDB-LOADER: [acdb_loader_adsp_set_audio_cal] active device/stream not found (result=-100) for topology 0x1000a100 and apptype 0x11130
03-13 12:12:58.999  1120  1455 E ACDB-LOADER: [acdb_loader_adsp_set_audio_cal] set parameters failed with status -100
03-13 12:12:59.047  3947  4355 E OpenGLRenderer: Unable to match the desired swap behavior.
03-13 12:12:59.049  3947  3947 E VolumeShowHideAnimator: expand: true, withAnim:true, 1181.0 -> 877.0
03-13 12:12:59.049  3947  3947 E VolumeShowHideAnimator: listener_onAnimBegin:true, beginTime: 0
03-13 12:12:59.061  1922  2311 E system_server: No package ID ff found for resource ID 0xffffffff.
03-13 12:12:59.074  1222  1610 E SDM     : HWCSession::GetClientTargetProperty: GetClinetTargetProperty interface enter
03-13 12:12:59.074  1226  1226 E ANDR-PERF-DATA-POOL: EventDataPool is Full
03-13 12:12:59.074  1226  1226 E ANDR-PERF-MPCTL: perf request submission limit reached.
03-13 12:12:59.083  1222  1610 E SDM     : HWCSession::GetClientTargetProperty: GetClinetTargetProperty interface enter
03-13 12:12:59.083  1226  1226 E ANDR-PERF-DATA-POOL: EventDataPool is Full
03-13 12:12:59.083  1226  1226 E ANDR-PERF-MPCTL: perf request submission limit reached.
03-13 12:12:59.089  1222  1610 E SDM     : HWCSession::GetClientTargetProperty: GetClinetTargetProperty interface enter
03-13 12:12:59.089  1226  1226 E ANDR-PERF-DATA-POOL: EventDataPool is Full
03-13 12:12:59.089  1226  1226 E ANDR-PERF-MPCTL: perf request submission limit reached.
03-13 12:12:59.096  1222  1610 E SDM     : HWCSession::GetClientTargetProperty: GetClinetTargetProperty interface enter
03-13 12:12:59.097  1226  1226 E ANDR-PERF-DATA-POOL: EventDataPool is Full
03-13 12:12:59.097  1226  1226 E ANDR-PERF-MPCTL: perf request submission limit reached.
03-13 12:12:59.105  1222  1610 E SDM     : HWCSession::GetClientTargetProperty: GetClinetTargetProperty interface enter
03-13 12:12:59.105  1226  1226 E ANDR-PERF-DATA-POOL: EventDataPool is Full
03-13 12:12:59.105  1226  1226 E ANDR-PERF-MPCTL: perf request submission limit reached.
03-13 12:12:59.113  1222  1610 E SDM     : HWCSession::GetClientTargetProperty: GetClinetTargetProperty interface enter
03-13 12:12:59.113  1226  1226 E ANDR-PERF-DATA-POOL: EventDataPool is Full
03-13 12:12:59.113  1226  1226 E ANDR-PERF-MPCTL: perf request submission limit reached.
03-13 12:12:59.124  1222  1610 E SDM     : HWCSession::GetClientTargetProperty: GetClinetTargetProperty interface enter
03-13 12:12:59.124  1226  1226 E ANDR-PERF-DATA-POOL: EventDataPool is Full
03-13 12:12:59.124  1226  1226 E ANDR-PERF-MPCTL: perf request submission limit reached.
03-13 12:12:59.130  1222  1610 E SDM     : HWCSession::GetClientTargetProperty: GetClinetTargetProperty interface enter
03-13 12:12:59.130  1226  1226 E ANDR-PERF-DATA-POOL: EventDataPool is Full
03-13 12:12:59.130  1226  1226 E ANDR-PERF-MPCTL: perf request submission limit reached.
03-13 12:12:59.139  1222  1610 E SDM     : HWCSession::GetClientTargetProperty: GetClinetTargetProperty interface enter
03-13 12:12:59.139  1226  1226 E ANDR-PERF-DATA-POOL: EventDataPool is Full
03-13 12:12:59.139  1226  1226 E ANDR-PERF-MPCTL: perf request submission limit reached.
03-13 12:12:59.148  1222  1610 E SDM     : HWCSession::GetClientTargetProperty: GetClinetTargetProperty interface enter
03-13 12:12:59.149  1226  1226 E ANDR-PERF-DATA-POOL: EventDataPool is Full
03-13 12:12:59.149  1226  1226 E ANDR-PERF-MPCTL: perf request submission limit reached.
03-13 12:12:59.157  1222  1610 E SDM     : HWCSession::GetClientTargetProperty: GetClinetTargetProperty interface enter
03-13 12:12:59.157  1226  1226 E ANDR-PERF-DATA-POOL: EventDataPool is Full
03-13 12:12:59.157  1226  1226 E ANDR-PERF-MPCTL: perf request submission limit reached.
03-13 12:12:59.165  1222  1610 E SDM     : HWCSession::GetClientTargetProperty: GetClinetTargetProperty interface enter
03-13 12:12:59.165  1226  1226 E ANDR-PERF-DATA-POOL: EventDataPool is Full
03-13 12:12:59.165  1226  1226 E ANDR-PERF-MPCTL: perf request submission limit reached.
03-13 12:12:59.173  1222  1610 E SDM     : HWCSession::GetClientTargetProperty: GetClinetTargetProperty interface enter
03-13 12:12:59.173  1226  1226 E ANDR-PERF-DATA-POOL: EventDataPool is Full
03-13 12:12:59.173  1226  1226 E ANDR-PERF-MPCTL: perf request submission limit reached.
03-13 12:12:59.179  1222  1610 E SDM     : HWCSession::GetClientTargetProperty: GetClinetTargetProperty interface enter
03-13 12:12:59.180  1226  1226 E ANDR-PERF-DATA-POOL: EventDataPool is Full
03-13 12:12:59.181  1226  1226 E ANDR-PERF-MPCTL: perf request submission limit reached.
03-13 12:12:59.189  1222  1610 E SDM     : HWCSession::GetClientTargetProperty: GetClinetTargetProperty interface enter
03-13 12:12:59.189  1226  1226 E ANDR-PERF-DATA-POOL: EventDataPool is Full
03-13 12:12:59.189  1226  1226 E ANDR-PERF-MPCTL: perf request submission limit reached.
03-13 12:12:59.193  1120  1455 E ACDB-LOADER: [acdb_loader_adsp_set_audio_cal] active device/stream not found (result=-100) for topology 0x1000a100 and apptype 0x11130
03-13 12:12:59.193  1120  1455 E ACDB-LOADER: [acdb_loader_adsp_set_audio_cal] set parameters failed with status -100
03-13 12:12:59.199  1222  1610 E SDM     : HWCSession::GetClientTargetProperty: GetClinetTargetProperty interface enter
03-13 12:12:59.199  1226  1226 E ANDR-PERF-DATA-POOL: EventDataPool is Full
03-13 12:12:59.199  1226  1226 E ANDR-PERF-MPCTL: perf request submission limit reached.
03-13 12:12:59.207  1222  1610 E SDM     : HWCSession::GetClientTargetProperty: GetClinetTargetProperty interface enter
03-13 12:12:59.208  1226  1226 E ANDR-PERF-DATA-POOL: EventDataPool is Full
03-13 12:12:59.208  1226  1226 E ANDR-PERF-MPCTL: perf request submission limit reached.
03-13 12:12:59.214  1222  1610 E SDM     : HWCSession::GetClientTargetProperty: GetClinetTargetProperty interface enter
03-13 12:12:59.215  1226  1226 E ANDR-PERF-DATA-POOL: EventDataPool is Full
03-13 12:12:59.215  1226  1226 E ANDR-PERF-MPCTL: perf request submission limit reached.
03-13 12:12:59.223  1222  1610 E SDM     : HWCSession::GetClientTargetProperty: GetClinetTargetProperty interface enter
03-13 12:12:59.223  1226  1226 E ANDR-PERF-DATA-POOL: EventDataPool is Full
03-13 12:12:59.223  1226  1226 E ANDR-PERF-MPCTL: perf request submission limit reached.
03-13 12:12:59.230  1222  1610 E SDM     : HWCSession::GetClientTargetProperty: GetClinetTargetProperty interface enter
03-13 12:12:59.231  1226  1226 E ANDR-PERF-DATA-POOL: EventDataPool is Full
03-13 12:12:59.231  1226  1226 E ANDR-PERF-MPCTL: perf request submission limit reached.
03-13 12:12:59.233  1120  1455 E ACDB-LOADER: [acdb_loader_adsp_set_audio_cal] active device/stream not found (result=-100) for topology 0x1000a100 and apptype 0x11130
03-13 12:12:59.233  1120  1455 E ACDB-LOADER: [acdb_loader_adsp_set_audio_cal] set parameters failed with status -100
03-13 12:12:59.238  1222  1610 E SDM     : HWCSession::GetClientTargetProperty: GetClinetTargetProperty interface enter
03-13 12:12:59.239  1226  1226 E ANDR-PERF-DATA-POOL: EventDataPool is Full
03-13 12:12:59.239  1226  1226 E ANDR-PERF-MPCTL: perf request submission limit reached.
03-13 12:12:59.247  1222  1610 E SDM     : HWCSession::GetClientTargetProperty: GetClinetTargetProperty interface enter
03-13 12:12:59.247  1226  1226 E ANDR-PERF-DATA-POOL: EventDataPool is Full
03-13 12:12:59.247  1226  1226 E ANDR-PERF-MPCTL: perf request submission limit reached.
03-13 12:12:59.247  1922  6589 E VibratorManagerServiceImpl: skipandroid.os.RemoteException: Method setUsageExt is unimplemented.
03-13 12:12:59.255  1222  1610 E SDM     : HWCSession::GetClientTargetProperty: GetClinetTargetProperty interface enter
03-13 12:12:59.256  1226  1226 E ANDR-PERF-DATA-POOL: EventDataPool is Full
03-13 12:12:59.256  1226  1226 E ANDR-PERF-MPCTL: perf request submission limit reached.
03-13 12:12:59.266  1222  1610 E SDM     : HWCSession::GetClientTargetProperty: GetClinetTargetProperty interface enter
03-13 12:12:59.266  1226  1226 E ANDR-PERF-DATA-POOL: EventDataPool is Full
03-13 12:12:59.266  1226  1226 E ANDR-PERF-MPCTL: perf request submission limit reached.
03-13 12:12:59.272  1222  1610 E SDM     : HWCSession::GetClientTargetProperty: GetClinetTargetProperty interface enter
03-13 12:12:59.273  1226  1226 E ANDR-PERF-DATA-POOL: EventDataPool is Full
03-13 12:12:59.273  1226  1226 E ANDR-PERF-MPCTL: perf request submission limit reached.
03-13 12:12:59.280  1222  1610 E SDM     : HWCSession::GetClientTargetProperty: GetClinetTargetProperty interface enter
03-13 12:12:59.281  1226  1226 E ANDR-PERF-DATA-POOL: EventDataPool is Full
03-13 12:12:59.281  1226  1226 E ANDR-PERF-MPCTL: perf request submission limit reached.
03-13 12:12:59.291  1222  1610 E SDM     : HWCSession::GetClientTargetProperty: GetClinetTargetProperty interface enter
03-13 12:12:59.291  1226  1226 E ANDR-PERF-DATA-POOL: EventDataPool is Full
03-13 12:12:59.291  1226  1226 E ANDR-PERF-MPCTL: perf request submission limit reached.
03-13 12:12:59.293  1922  6589 E VibratorManagerServiceImpl: skipandroid.os.RemoteException: Method setUsageExt is unimplemented.
03-13 12:12:59.298  1222  1610 E SDM     : HWCSession::GetClientTargetProperty: GetClinetTargetProperty interface enter
03-13 12:12:59.299  1226  1226 E ANDR-PERF-DATA-POOL: EventDataPool is Full
03-13 12:12:59.299  1226  1226 E ANDR-PERF-MPCTL: perf request submission limit reached.
03-13 12:12:59.306  1222  1610 E SDM     : HWCSession::GetClientTargetProperty: GetClinetTargetProperty interface enter
03-13 12:12:59.306  1226  1226 E ANDR-PERF-DATA-POOL: EventDataPool is Full
03-13 12:12:59.307  1226  1226 E ANDR-PERF-MPCTL: perf request submission limit reached.
03-13 12:12:59.312  1120  1455 E ACDB-LOADER: [acdb_loader_adsp_set_audio_cal] active device/stream not found (result=-100) for topology 0x1000a100 and apptype 0x11130
03-13 12:12:59.312  1120  1455 E ACDB-LOADER: [acdb_loader_adsp_set_audio_cal] set parameters failed with status -100
03-13 12:12:59.316  1222  1610 E SDM     : HWCSession::GetClientTargetProperty: GetClinetTargetProperty interface enter
03-13 12:12:59.316  1226  1226 E ANDR-PERF-DATA-POOL: EventDataPool is Full
03-13 12:12:59.317  1226  1226 E ANDR-PERF-MPCTL: perf request submission limit reached.
03-13 12:12:59.323  1222  1610 E SDM     : HWCSession::GetClientTargetProperty: GetClinetTargetProperty interface enter
03-13 12:12:59.323  1226  1226 E ANDR-PERF-DATA-POOL: EventDataPool is Full
03-13 12:12:59.323  1226  1226 E ANDR-PERF-MPCTL: perf request submission limit reached.
03-13 12:12:59.330  1222  1610 E SDM     : HWCSession::GetClientTargetProperty: GetClinetTargetProperty interface enter
03-13 12:12:59.330  1226  1226 E ANDR-PERF-DATA-POOL: EventDataPool is Full
03-13 12:12:59.330  1226  1226 E ANDR-PERF-MPCTL: perf request submission limit reached.
03-13 12:12:59.338  1222  1610 E SDM     : HWCSession::GetClientTargetProperty: GetClinetTargetProperty interface enter
03-13 12:12:59.339  1226  1226 E ANDR-PERF-DATA-POOL: EventDataPool is Full
03-13 12:12:59.339  1226  1226 E ANDR-PERF-MPCTL: perf request submission limit reached.
03-13 12:12:59.344  1922  6589 E VibratorManagerServiceImpl: skipandroid.os.RemoteException: Method setUsageExt is unimplemented.
03-13 12:12:59.347  1222  1610 E SDM     : HWCSession::GetClientTargetProperty: GetClinetTargetProperty interface enter
03-13 12:12:59.347  1226  1226 E ANDR-PERF-DATA-POOL: EventDataPool is Full
03-13 12:12:59.347  1226  1226 E ANDR-PERF-MPCTL: perf request submission limit reached.
03-13 12:12:59.352  1120  3352 E ACDB-LOADER: [acdb_loader_adsp_set_audio_cal] active device/stream not found (result=-100) for topology 0x1000a100 and apptype 0x11130
03-13 12:12:59.352  1120  3352 E ACDB-LOADER: [acdb_loader_adsp_set_audio_cal] set parameters failed with status -100
03-13 12:12:59.355  1222  1610 E SDM     : HWCSession::GetClientTargetProperty: GetClinetTargetProperty interface enter
03-13 12:12:59.356  1226  1226 E ANDR-PERF-DATA-POOL: EventDataPool is Full
03-13 12:12:59.356  1226  1226 E ANDR-PERF-MPCTL: perf request submission limit reached.
03-13 12:12:59.364  1222  1610 E SDM     : HWCSession::GetClientTargetProperty: GetClinetTargetProperty interface enter
03-13 12:12:59.364  1226  1226 E ANDR-PERF-DATA-POOL: EventDataPool is Full
03-13 12:12:59.364  1226  1226 E ANDR-PERF-MPCTL: perf request submission limit reached.
03-13 12:12:59.372  1222  1610 E SDM     : HWCSession::GetClientTargetProperty: GetClinetTargetProperty interface enter
03-13 12:12:59.373  1226  1226 E ANDR-PERF-DATA-POOL: EventDataPool is Full
03-13 12:12:59.373  1226  1226 E ANDR-PERF-MPCTL: perf request submission limit reached.
03-13 12:12:59.382  1222  1610 E SDM     : HWCSession::GetClientTargetProperty: GetClinetTargetProperty interface enter
03-13 12:12:59.382  1226  1226 E ANDR-PERF-DATA-POOL: EventDataPool is Full
03-13 12:12:59.382  1226  1226 E ANDR-PERF-MPCTL: perf request submission limit reached.
03-13 12:12:59.389  3947  3947 E VolumeShowHideAnimator: listener_onAnimComplete:true, 340
03-13 12:12:59.389  1222  1610 E SDM     : HWCSession::GetClientTargetProperty: GetClinetTargetProperty interface enter
03-13 12:12:59.389  1226  1226 E ANDR-PERF-DATA-POOL: EventDataPool is Full
03-13 12:12:59.389  1226  1226 E ANDR-PERF-MPCTL: perf request submission limit reached.
03-13 12:12:59.391  1922  6966 E VibratorManagerServiceImpl: skipandroid.os.RemoteException: Method setUsageExt is unimplemented.
03-13 12:12:59.393  1120  3352 E ACDB-LOADER: [acdb_loader_adsp_set_audio_cal] active device/stream not found (result=-100) for topology 0x1000a100 and apptype 0x11130
03-13 12:12:59.393  1120  3352 E ACDB-LOADER: [acdb_loader_adsp_set_audio_cal] set parameters failed with status -100
03-13 12:12:59.399  1222  1610 E SDM     : HWCSession::GetClientTargetProperty: GetClinetTargetProperty interface enter
03-13 12:12:59.400  1226  1226 E ANDR-PERF-DATA-POOL: EventDataPool is Full
03-13 12:12:59.400  1226  1226 E ANDR-PERF-MPCTL: perf request submission limit reached.
03-13 12:12:59.407  1222  1610 E SDM     : HWCSession::GetClientTargetProperty: GetClinetTargetProperty interface enter
03-13 12:12:59.408  1226  1226 E ANDR-PERF-DATA-POOL: EventDataPool is Full
03-13 12:12:59.408  1226  1226 E ANDR-PERF-MPCTL: perf request submission limit reached.
03-13 12:12:59.414  1222  1610 E SDM     : HWCSession::GetClientTargetProperty: GetClinetTargetProperty interface enter
03-13 12:12:59.414  1226  1226 E ANDR-PERF-DATA-POOL: EventDataPool is Full
03-13 12:12:59.414  1226  1226 E ANDR-PERF-MPCTL: perf request submission limit reached.
03-13 12:12:59.422  1222  1610 E SDM     : HWCSession::GetClientTargetProperty: GetClinetTargetProperty interface enter
03-13 12:12:59.423  1226  1226 E ANDR-PERF-DATA-POOL: EventDataPool is Full
03-13 12:12:59.423  1226  1226 E ANDR-PERF-MPCTL: perf request submission limit reached.
03-13 12:12:59.430  1222  1610 E SDM     : HWCSession::GetClientTargetProperty: GetClinetTargetProperty interface enter
03-13 12:12:59.431  1226  1226 E ANDR-PERF-DATA-POOL: EventDataPool is Full
03-13 12:12:59.431  1226  1226 E ANDR-PERF-MPCTL: perf request submission limit reached.
03-13 12:12:59.433  1120  3352 E ACDB-LOADER: [acdb_loader_adsp_set_audio_cal] active device/stream not found (result=-100) for topology 0x1000a100 and apptype 0x11130
03-13 12:12:59.433  1120  3352 E ACDB-LOADER: [acdb_loader_adsp_set_audio_cal] set parameters failed with status -100
03-13 12:12:59.440  1222  1610 E SDM     : HWCSession::GetClientTargetProperty: GetClinetTargetProperty interface enter
03-13 12:12:59.441  1226  1226 E ANDR-PERF-DATA-POOL: EventDataPool is Full
03-13 12:12:59.441  1226  1226 E ANDR-PERF-MPCTL: perf request submission limit reached.
03-13 12:12:59.443  1922  6589 E VibratorManagerServiceImpl: skipandroid.os.RemoteException: Method setUsageExt is unimplemented.
03-13 12:12:59.448  1222  1610 E SDM     : HWCSession::GetClientTargetProperty: GetClinetTargetProperty interface enter
03-13 12:12:59.448  1226  1226 E ANDR-PERF-DATA-POOL: EventDataPool is Full
03-13 12:12:59.448  1226  1226 E ANDR-PERF-MPCTL: perf request submission limit reached.
03-13 12:12:59.456  1222  1610 E SDM     : HWCSession::GetClientTargetProperty: GetClinetTargetProperty interface enter
03-13 12:12:59.456  1226  1226 E ANDR-PERF-DATA-POOL: EventDataPool is Full
03-13 12:12:59.456  1226  1226 E ANDR-PERF-MPCTL: perf request submission limit reached.
03-13 12:12:59.464  1222  1610 E SDM     : HWCSession::GetClientTargetProperty: GetClinetTargetProperty interface enter
03-13 12:12:59.464  1226  1226 E ANDR-PERF-DATA-POOL: EventDataPool is Full
03-13 12:12:59.464  1226  1226 E ANDR-PERF-MPCTL: perf request submission limit reached.
03-13 12:12:59.473  1222  1610 E SDM     : HWCSession::GetClientTargetProperty: GetClinetTargetProperty interface enter
03-13 12:12:59.473  1226  1226 E ANDR-PERF-DATA-POOL: EventDataPool is Full
03-13 12:12:59.473  1226  1226 E ANDR-PERF-MPCTL: perf request submission limit reached.
03-13 12:12:59.483  1222  1610 E SDM     : HWCSession::GetClientTargetProperty: GetClinetTargetProperty interface enter
03-13 12:12:59.483  1226  1226 E ANDR-PERF-DATA-POOL: EventDataPool is Full
03-13 12:12:59.483  1226  1226 E ANDR-PERF-MPCTL: perf request submission limit reached.
03-13 12:12:59.490  1222  1610 E SDM     : HWCSession::GetClientTargetProperty: GetClinetTargetProperty interface enter
03-13 12:12:59.490  1226  1226 E ANDR-PERF-DATA-POOL: EventDataPool is Full
03-13 12:12:59.491  1226  1226 E ANDR-PERF-MPCTL: perf request submission limit reached.
03-13 12:12:59.499  1222  1610 E SDM     : HWCSession::GetClientTargetProperty: GetClinetTargetProperty interface enter
03-13 12:12:59.500  1226  1226 E ANDR-PERF-DATA-POOL: EventDataPool is Full
03-13 12:12:59.500  1226  1226 E ANDR-PERF-MPCTL: perf request submission limit reached.
03-13 12:12:59.506  1222  1610 E SDM     : HWCSession::GetClientTargetProperty: GetClinetTargetProperty interface enter
03-13 12:12:59.507  1226  1226 E ANDR-PERF-DATA-POOL: EventDataPool is Full
03-13 12:12:59.507  1226  1226 E ANDR-PERF-MPCTL: perf request submission limit reached.
03-13 12:12:59.517  1222  1610 E SDM     : HWCSession::GetClientTargetProperty: GetClinetTargetProperty interface enter
03-13 12:12:59.517  1226  1226 E ANDR-PERF-DATA-POOL: EventDataPool is Full
03-13 12:12:59.517  1226  1226 E ANDR-PERF-MPCTL: perf request submission limit reached.
03-13 12:12:59.524  1222  1610 E SDM     : HWCSession::GetClientTargetProperty: GetClinetTargetProperty interface enter
03-13 12:12:59.527  1226  1226 E ANDR-PERF-DATA-POOL: EventDataPool is Full
03-13 12:12:59.528  1226  1226 E ANDR-PERF-MPCTL: perf request submission limit reached.
03-13 12:12:59.531  1222  1610 E SDM     : HWCSession::GetClientTargetProperty: GetClinetTargetProperty interface enter
03-13 12:12:59.532  1226  1226 E ANDR-PERF-DATA-POOL: EventDataPool is Full
03-13 12:12:59.532  1226  1226 E ANDR-PERF-MPCTL: perf request submission limit reached.
03-13 12:12:59.539  1222  1610 E SDM     : HWCSession::GetClientTargetProperty: GetClinetTargetProperty interface enter
