03-13 13:05:59.643  1222  1610 E SDM     : HWCSession::GetClientTargetProperty: GetClinetTargetProperty interface enter
03-13 13:05:59.644  1226  1226 E ANDR-PERF-DATA-POOL: EventDataPool is Full
03-13 13:05:59.644  1226  1226 E ANDR-PERF-MPCTL: perf request submission limit reached.
03-13 13:05:59.651 27974 27974 E FileUtils: err write to mi_exception_log
03-13 13:05:59.652  1222  1610 E SDM     : HWCSession::GetClientTargetProperty: GetClinetTargetProperty interface enter
03-13 13:05:59.654  1226  1226 E ANDR-PERF-DATA-POOL: EventDataPool is Full
03-13 13:05:59.654  1226  1226 E ANDR-PERF-MPCTL: perf request submission limit reached.
03-13 13:05:59.660  1222  1610 E SDM     : HWCSession::GetClientTargetProperty: GetClinetTargetProperty interface enter
03-13 13:05:59.661  1226  1226 E ANDR-PERF-DATA-POOL: EventDataPool is Full
03-13 13:05:59.661  1226  1226 E ANDR-PERF-MPCTL: perf request submission limit reached.
03-13 13:05:59.671  1222  1610 E SDM     : HWCSession::GetClientTargetProperty: GetClinetTargetProperty interface enter
03-13 13:05:59.672  1226  1226 E ANDR-PERF-DATA-POOL: EventDataPool is Full
03-13 13:05:59.672  1226  1226 E ANDR-PERF-MPCTL: perf request submission limit reached.
03-13 13:05:59.682  1222  1610 E SDM     : HWCSession::GetClientTargetProperty: GetClinetTargetProperty interface enter
03-13 13:05:59.682  1226  1226 E ANDR-PERF-DATA-POOL: EventDataPool is Full
03-13 13:05:59.682  1226  1226 E ANDR-PERF-MPCTL: perf request submission limit reached.
03-13 13:05:59.683  1226  1226 E ANDR-PERF-DATA-POOL: EventDataPool is Full
03-13 13:05:59.683  1226  1226 E ANDR-PERF-MPCTL: perf request submission limit reached.
03-13 13:05:59.698  1222  1610 E SDM     : HWCSession::GetClientTargetProperty: GetClinetTargetProperty interface enter
03-13 13:05:59.705  1222  1610 E SDM     : HWCSession::GetClientTargetProperty: GetClinetTargetProperty interface enter
03-13 13:05:59.706  1226  1226 E ANDR-PERF-DATA-POOL: EventDataPool is Full
03-13 13:05:59.706  1226  1226 E ANDR-PERF-MPCTL: perf request submission limit reached.
03-13 13:05:59.706  1226  1226 E ANDR-PERF-DATA-POOL: EventDataPool is Full
03-13 13:05:59.706  1226  1226 E ANDR-PERF-MPCTL: perf request submission limit reached.
03-13 13:05:59.718  1222  1610 E SDM     : HWCSession::GetClientTargetProperty: GetClinetTargetProperty interface enter
03-13 13:05:59.718  1226  1226 E ANDR-PERF-DATA-POOL: EventDataPool is Full
03-13 13:05:59.718  1226  1226 E ANDR-PERF-MPCTL: perf request submission limit reached.
03-13 13:05:59.728  1922  1922 E FileUtils: err write to mi_exception_log
03-13 13:05:59.730  1222  1610 E SDM     : HWCSession::GetClientTargetProperty: GetClinetTargetProperty interface enter
03-13 13:05:59.734  1226  1226 E ANDR-PERF-DATA-POOL: EventDataPool is Full
03-13 13:05:59.734  1226  1226 E ANDR-PERF-MPCTL: perf request submission limit reached.
03-13 13:05:59.739  1222  1610 E SDM     : HWCSession::GetClientTargetProperty: GetClinetTargetProperty interface enter
03-13 13:05:59.739  1226  1226 E ANDR-PERF-DATA-POOL: EventDataPool is Full
03-13 13:05:59.740  1226  1226 E ANDR-PERF-MPCTL: perf request submission limit reached.
03-13 13:05:59.751  1222  1610 E SDM     : HWCSession::GetClientTargetProperty: GetClinetTargetProperty interface enter
03-13 13:05:59.751  1226  1226 E ANDR-PERF-DATA-POOL: EventDataPool is Full
03-13 13:05:59.751  1226  1226 E ANDR-PERF-MPCTL: perf request submission limit reached.
03-13 13:05:59.758  1222  1610 E SDM     : HWCSession::GetClientTargetProperty: GetClinetTargetProperty interface enter
03-13 13:05:59.764  1226  1226 E ANDR-PERF-DATA-POOL: EventDataPool is Full
03-13 13:05:59.764  1226  1226 E ANDR-PERF-MPCTL: perf request submission limit reached.
03-13 13:05:59.765  3947  3947 E adTracker: Value -278026231 of type java.lang.Integer cannot be converted to JSONObject
03-13 13:05:59.769  1222  1610 E SDM     : HWCSession::GetClientTargetProperty: GetClinetTargetProperty interface enter
03-13 13:05:59.772  1226  1226 E ANDR-PERF-DATA-POOL: EventDataPool is Full
03-13 13:05:59.772  1226  1226 E ANDR-PERF-MPCTL: perf request submission limit reached.
03-13 13:05:59.779  5744  5744 E FileUtils: err write to mi_exception_log
03-13 13:05:59.780  1222  1610 E SDM     : HWCSession::GetClientTargetProperty: GetClinetTargetProperty interface enter
03-13 13:05:59.786  1226  1226 E ANDR-PERF-DATA-POOL: EventDataPool is Full
03-13 13:05:59.786  1226  1226 E ANDR-PERF-MPCTL: perf request submission limit reached.
03-13 13:05:59.789  1222  1610 E SDM     : HWCSession::GetClientTargetProperty: GetClinetTargetProperty interface enter
03-13 13:05:59.790  3947  3947 E adTracker: Value -278026231 of type java.lang.Integer cannot be converted to JSONObject
03-13 13:05:59.793  1226  1226 E ANDR-PERF-DATA-POOL: EventDataPool is Full
03-13 13:05:59.793  1226  1226 E ANDR-PERF-MPCTL: perf request submission limit reached.
03-13 13:05:59.799  1222  1610 E SDM     : HWCSession::GetClientTargetProperty: GetClinetTargetProperty interface enter
03-13 13:05:59.799  1226  1226 E ANDR-PERF-DATA-POOL: EventDataPool is Full
03-13 13:05:59.799  1226  1226 E ANDR-PERF-MPCTL: perf request submission limit reached.
03-13 13:05:59.810  1222  1610 E SDM     : HWCSession::GetClientTargetProperty: GetClinetTargetProperty interface enter
03-13 13:05:59.810  1226  1226 E ANDR-PERF-DATA-POOL: EventDataPool is Full
03-13 13:05:59.810  1226  1226 E ANDR-PERF-MPCTL: perf request submission limit reached.
03-13 13:05:59.820  1222  1610 E SDM     : HWCSession::GetClientTargetProperty: GetClinetTargetProperty interface enter
03-13 13:05:59.820  1226  1226 E ANDR-PERF-DATA-POOL: EventDataPool is Full
03-13 13:05:59.820  1226  1226 E ANDR-PERF-MPCTL: perf request submission limit reached.
03-13 13:05:59.833  1222  1610 E SDM     : HWCSession::GetClientTargetProperty: GetClinetTargetProperty interface enter
03-13 13:05:59.834  1226  1226 E ANDR-PERF-DATA-POOL: EventDataPool is Full
03-13 13:05:59.834  1226  1226 E ANDR-PERF-MPCTL: perf request submission limit reached.
03-13 13:05:59.837 30302 30302 E FileUtils: err write to mi_exception_log
03-13 13:05:59.847  1222  1610 E SDM     : HWCSession::GetClientTargetProperty: GetClinetTargetProperty interface enter
03-13 13:05:59.847  1226  1226 E ANDR-PERF-DATA-POOL: EventDataPool is Full
03-13 13:05:59.847  1226  1226 E ANDR-PERF-MPCTL: perf request submission limit reached.
03-13 13:05:59.858  1222  1610 E SDM     : HWCSession::GetClientTargetProperty: GetClinetTargetProperty interface enter
03-13 13:05:59.860  1226  1226 E ANDR-PERF-DATA-POOL: EventDataPool is Full
03-13 13:05:59.860  1226  1226 E ANDR-PERF-MPCTL: perf request submission limit reached.
03-13 13:05:59.871  1222  1610 E SDM     : HWCSession::GetClientTargetProperty: GetClinetTargetProperty interface enter
03-13 13:05:59.871  1226  1226 E ANDR-PERF-DATA-POOL: EventDataPool is Full
03-13 13:05:59.871  1226  1226 E ANDR-PERF-MPCTL: perf request submission limit reached.
03-13 13:05:59.880  1222  1610 E SDM     : HWCSession::GetClientTargetProperty: GetClinetTargetProperty interface enter
03-13 13:05:59.884  1226  1226 E ANDR-PERF-DATA-POOL: EventDataPool is Full
03-13 13:05:59.884  1226  1226 E ANDR-PERF-MPCTL: perf request submission limit reached.
03-13 13:05:59.888  1222  1610 E SDM     : HWCSession::GetClientTargetProperty: GetClinetTargetProperty interface enter
03-13 13:05:59.888  1226  1226 E ANDR-PERF-DATA-POOL: EventDataPool is Full
03-13 13:05:59.888  1226  1226 E ANDR-PERF-MPCTL: perf request submission limit reached.
03-13 13:05:59.896  1222  1610 E SDM     : HWCSession::GetClientTargetProperty: GetClinetTargetProperty interface enter
03-13 13:05:59.896  1226  1226 E ANDR-PERF-DATA-POOL: EventDataPool is Full
03-13 13:05:59.896  1226  1226 E ANDR-PERF-MPCTL: perf request submission limit reached.
03-13 13:05:59.908  1222  1610 E SDM     : HWCSession::GetClientTargetProperty: GetClinetTargetProperty interface enter
03-13 13:05:59.908  1226  1226 E ANDR-PERF-DATA-POOL: EventDataPool is Full
03-13 13:05:59.909  1226  1226 E ANDR-PERF-MPCTL: perf request submission limit reached.
03-13 13:05:59.920  1222  1610 E SDM     : HWCSession::GetClientTargetProperty: GetClinetTargetProperty interface enter
03-13 13:05:59.921  1226  1226 E ANDR-PERF-DATA-POOL: EventDataPool is Full
03-13 13:05:59.921  1226  1226 E ANDR-PERF-MPCTL: perf request submission limit reached.
03-13 13:05:59.929  1222  1610 E SDM     : HWCSession::GetClientTargetProperty: GetClinetTargetProperty interface enter
03-13 13:05:59.930  1226  1226 E ANDR-PERF-DATA-POOL: EventDataPool is Full
03-13 13:05:59.930  1226  1226 E ANDR-PERF-MPCTL: perf request submission limit reached.
03-13 13:05:59.940  1222  1610 E SDM     : HWCSession::GetClientTargetProperty: GetClinetTargetProperty interface enter
03-13 13:05:59.941  1226  1226 E ANDR-PERF-DATA-POOL: EventDataPool is Full
03-13 13:05:59.941  1226  1226 E ANDR-PERF-MPCTL: perf request submission limit reached.
03-13 13:05:59.952  1222  1610 E SDM     : HWCSession::GetClientTargetProperty: GetClinetTargetProperty interface enter
03-13 13:05:59.959  1226  1226 E ANDR-PERF-DATA-POOL: EventDataPool is Full
03-13 13:05:59.959  1226  1226 E ANDR-PERF-MPCTL: perf request submission limit reached.
03-13 13:05:59.966  1222  1610 E SDM     : HWCSession::GetClientTargetProperty: GetClinetTargetProperty interface enter
03-13 13:05:59.966  1226  1226 E ANDR-PERF-DATA-POOL: EventDataPool is Full
03-13 13:05:59.966  1226  1226 E ANDR-PERF-MPCTL: perf request submission limit reached.
03-13 13:05:59.978  1222  1610 E SDM     : HWCSession::GetClientTargetProperty: GetClinetTargetProperty interface enter
03-13 13:05:59.979  1226  1226 E ANDR-PERF-DATA-POOL: EventDataPool is Full
03-13 13:05:59.979  1226  1226 E ANDR-PERF-MPCTL: perf request submission limit reached.
03-13 13:05:59.991  1222  1610 E SDM     : HWCSession::GetClientTargetProperty: GetClinetTargetProperty interface enter
03-13 13:05:59.992  1226  1226 E ANDR-PERF-DATA-POOL: EventDataPool is Full
03-13 13:05:59.992  1226  1226 E ANDR-PERF-MPCTL: perf request submission limit reached.
03-13 13:06:00.004  1222  1610 E SDM     : HWCSession::GetClientTargetProperty: GetClinetTargetProperty interface enter
03-13 13:06:00.005  1226  1226 E ANDR-PERF-DATA-POOL: EventDataPool is Full
03-13 13:06:00.005  1226  1226 E ANDR-PERF-MPCTL: perf request submission limit reached.
03-13 13:06:00.017  1222  1610 E SDM     : HWCSession::GetClientTargetProperty: GetClinetTargetProperty interface enter
03-13 13:06:00.017  1226  1226 E ANDR-PERF-DATA-POOL: EventDataPool is Full
03-13 13:06:00.017  1226  1226 E ANDR-PERF-MPCTL: perf request submission limit reached.
03-13 13:06:00.031  1222  1610 E SDM     : HWCSession::GetClientTargetProperty: GetClinetTargetProperty interface enter
03-13 13:06:00.031  1226  1226 E ANDR-PERF-DATA-POOL: EventDataPool is Full
03-13 13:06:00.031  1226  1226 E ANDR-PERF-MPCTL: perf request submission limit reached.
03-13 13:06:00.041  1222  1610 E SDM     : HWCSession::GetClientTargetProperty: GetClinetTargetProperty interface enter
03-13 13:06:00.041  1226  1226 E ANDR-PERF-DATA-POOL: EventDataPool is Full
03-13 13:06:00.041  1226  1226 E ANDR-PERF-MPCTL: perf request submission limit reached.
03-13 13:06:00.048  1222  1610 E SDM     : HWCSession::GetClientTargetProperty: GetClinetTargetProperty interface enter
03-13 13:06:00.048  1226  1226 E ANDR-PERF-DATA-POOL: EventDataPool is Full
03-13 13:06:00.048  1226  1226 E ANDR-PERF-MPCTL: perf request submission limit reached.
03-13 13:06:00.056  3947  3947 E AnimationHelper: updateTime mToAod:false mHasNotification: true, mClockType: classic
03-13 13:06:00.057  1222  1610 E SDM     : HWCSession::GetClientTargetProperty: GetClinetTargetProperty interface enter
03-13 13:06:00.058  1226  1226 E ANDR-PERF-DATA-POOL: EventDataPool is Full
03-13 13:06:00.058  1226  1226 E ANDR-PERF-MPCTL: perf request submission limit reached.
03-13 13:06:00.068  1222  1610 E SDM     : HWCSession::GetClientTargetProperty: GetClinetTargetProperty interface enter
03-13 13:06:00.069  1226  1226 E ANDR-PERF-DATA-POOL: EventDataPool is Full
03-13 13:06:00.069  1226  1226 E ANDR-PERF-MPCTL: perf request submission limit reached.
03-13 13:06:00.078  1222  1610 E SDM     : HWCSession::GetClientTargetProperty: GetClinetTargetProperty interface enter
03-13 13:06:00.078  1226  1226 E ANDR-PERF-DATA-POOL: EventDataPool is Full
03-13 13:06:00.078  1226  1226 E ANDR-PERF-MPCTL: perf request submission limit reached.
03-13 13:06:00.089  1222  1610 E SDM     : HWCSession::GetClientTargetProperty: GetClinetTargetProperty interface enter
03-13 13:06:00.090  1226  1226 E ANDR-PERF-DATA-POOL: EventDataPool is Full
03-13 13:06:00.090  1226  1226 E ANDR-PERF-MPCTL: perf request submission limit reached.
03-13 13:06:00.097  1222  1610 E SDM     : HWCSession::GetClientTargetProperty: GetClinetTargetProperty interface enter
03-13 13:06:00.097  1226  1226 E ANDR-PERF-DATA-POOL: EventDataPool is Full
03-13 13:06:00.097  1226  1226 E ANDR-PERF-MPCTL: perf request submission limit reached.
03-13 13:06:00.106  1222  1610 E SDM     : HWCSession::GetClientTargetProperty: GetClinetTargetProperty interface enter
03-13 13:06:00.106  1226  1226 E ANDR-PERF-DATA-POOL: EventDataPool is Full
03-13 13:06:00.106  1226  1226 E ANDR-PERF-MPCTL: perf request submission limit reached.
03-13 13:06:00.114  1222  1610 E SDM     : HWCSession::GetClientTargetProperty: GetClinetTargetProperty interface enter
03-13 13:06:00.114  1226  1226 E ANDR-PERF-DATA-POOL: EventDataPool is Full
03-13 13:06:00.114  1226  1226 E ANDR-PERF-MPCTL: perf request submission limit reached.
03-13 13:06:00.123  1222  1610 E SDM     : HWCSession::GetClientTargetProperty: GetClinetTargetProperty interface enter
03-13 13:06:00.123  1226  1226 E ANDR-PERF-DATA-POOL: EventDataPool is Full
03-13 13:06:00.123  1226  1226 E ANDR-PERF-MPCTL: perf request submission limit reached.
03-13 13:06:00.130  1222  1610 E SDM     : HWCSession::GetClientTargetProperty: GetClinetTargetProperty interface enter
03-13 13:06:00.131  1226  1226 E ANDR-PERF-DATA-POOL: EventDataPool is Full
03-13 13:06:00.131  1226  1226 E ANDR-PERF-MPCTL: perf request submission limit reached.
03-13 13:06:00.139  1222  1610 E SDM     : HWCSession::GetClientTargetProperty: GetClinetTargetProperty interface enter
03-13 13:06:00.139  1226  1226 E ANDR-PERF-DATA-POOL: EventDataPool is Full
03-13 13:06:00.139  1226  1226 E ANDR-PERF-MPCTL: perf request submission limit reached.
03-13 13:06:00.147  1222  1610 E SDM     : HWCSession::GetClientTargetProperty: GetClinetTargetProperty interface enter
03-13 13:06:00.147  1226  1226 E ANDR-PERF-DATA-POOL: EventDataPool is Full
03-13 13:06:00.147  1226  1226 E ANDR-PERF-MPCTL: perf request submission limit reached.
03-13 13:06:00.155  1222  1610 E SDM     : HWCSession::GetClientTargetProperty: GetClinetTargetProperty interface enter
03-13 13:06:00.156  1226  1226 E ANDR-PERF-DATA-POOL: EventDataPool is Full
03-13 13:06:00.156  1226  1226 E ANDR-PERF-MPCTL: perf request submission limit reached.
03-13 13:06:00.164  1222  1610 E SDM     : HWCSession::GetClientTargetProperty: GetClinetTargetProperty interface enter
03-13 13:06:00.164  1226  1226 E ANDR-PERF-DATA-POOL: EventDataPool is Full
03-13 13:06:00.164  1226  1226 E ANDR-PERF-MPCTL: perf request submission limit reached.
03-13 13:06:00.170  1226  1226 E vendor.qti.hardware.perf@2.2-service: Unknown params
03-13 13:06:00.171  1226  1226 E vendor.qti.hardware.perf@2.2-service: Unknown params
03-13 13:06:00.171  1226  1226 E ANDR-PERF-DATA-POOL: EventDataPool is Full
03-13 13:06:00.171  1226  1226 E ANDR-PERF-MPCTL: perf request submission limit reached.
03-13 13:06:00.171  1226  1226 E vendor.qti.hardware.perf@2.2-service: Unknown params
03-13 13:06:00.172  1226  1226 E vendor.qti.hardware.perf@2.2-service: Unknown params
03-13 13:06:00.172  1226  1226 E ANDR-PERF-DATA-POOL: EventDataPool is Full
03-13 13:06:00.172  1226  1226 E ANDR-PERF-MPCTL: perf request submission limit reached.
03-13 13:06:00.172  1222  1610 E SDM     : HWCSession::GetClientTargetProperty: GetClinetTargetProperty interface enter
03-13 13:06:00.173  1226  1226 E ANDR-PERF-DATA-POOL: EventDataPool is Full
03-13 13:06:00.173  1226  1226 E ANDR-PERF-MPCTL: perf request submission limit reached.
03-13 13:06:00.189  1222  1610 E SDM     : HWCSession::GetClientTargetProperty: GetClinetTargetProperty interface enter
03-13 13:06:00.189  1226  1226 E ANDR-PERF-DATA-POOL: EventDataPool is Full
03-13 13:06:00.189  1226  1226 E ANDR-PERF-MPCTL: perf request submission limit reached.
03-13 13:06:00.190  1226  1226 E vendor.qti.hardware.perf@2.2-service: Unknown params
03-13 13:06:00.191  1226  1226 E vendor.qti.hardware.perf@2.2-service: Unknown params
03-13 13:06:00.191  1226  1226 E ANDR-PERF-DATA-POOL: EventDataPool is Full
03-13 13:06:00.191  1226  1226 E ANDR-PERF-MPCTL: perf request submission limit reached.
03-13 13:06:00.192  1226  1226 E vendor.qti.hardware.perf@2.2-service: Unknown params
03-13 13:06:00.195  1226  1226 E ANDR-PERF-DATA-POOL: EventDataPool is Full
03-13 13:06:00.195  1226  1226 E ANDR-PERF-MPCTL: perf request submission limit reached.
03-13 13:06:00.206  1222  1610 E SDM     : HWCSession::GetClientTargetProperty: GetClinetTargetProperty interface enter
03-13 13:06:00.206  1226  1226 E ANDR-PERF-DATA-POOL: EventDataPool is Full
03-13 13:06:00.206  1226  1226 E ANDR-PERF-MPCTL: perf request submission limit reached.
03-13 13:06:00.214  1222  1610 E SDM     : HWCSession::GetClientTargetProperty: GetClinetTargetProperty interface enter
03-13 13:06:00.214  1226  1226 E ANDR-PERF-DATA-POOL: EventDataPool is Full
03-13 13:06:00.214  1226  1226 E ANDR-PERF-MPCTL: perf request submission limit reached.
03-13 13:06:00.222  1222  1610 E SDM     : HWCSession::GetClientTargetProperty: GetClinetTargetProperty interface enter
03-13 13:06:00.222  1226  1226 E ANDR-PERF-DATA-POOL: EventDataPool is Full
03-13 13:06:00.222  1226  1226 E ANDR-PERF-MPCTL: perf request submission limit reached.
03-13 13:06:00.231  1222  1610 E SDM     : HWCSession::GetClientTargetProperty: GetClinetTargetProperty interface enter
03-13 13:06:00.231  1226  1226 E ANDR-PERF-DATA-POOL: EventDataPool is Full
03-13 13:06:00.231  1226  1226 E ANDR-PERF-MPCTL: perf request submission limit reached.
03-13 13:06:00.239  1222  1610 E SDM     : HWCSession::GetClientTargetProperty: GetClinetTargetProperty interface enter
03-13 13:06:00.239  1226  1226 E ANDR-PERF-DATA-POOL: EventDataPool is Full
03-13 13:06:00.239  1226  1226 E ANDR-PERF-MPCTL: perf request submission limit reached.
03-13 13:06:00.253  1222  1610 E SDM     : HWCSession::GetClientTargetProperty: GetClinetTargetProperty interface enter
03-13 13:06:00.255  1226  1226 E ANDR-PERF-DATA-POOL: EventDataPool is Full
03-13 13:06:00.255  1226  1226 E ANDR-PERF-MPCTL: perf request submission limit reached.
03-13 13:06:00.263  1222  1610 E SDM     : HWCSession::GetClientTargetProperty: GetClinetTargetProperty interface enter
03-13 13:06:00.263  1226  1226 E ANDR-PERF-DATA-POOL: EventDataPool is Full
03-13 13:06:00.263  1226  1226 E ANDR-PERF-MPCTL: perf request submission limit reached.
03-13 13:06:00.270  1222  1610 E SDM     : HWCSession::GetClientTargetProperty: GetClinetTargetProperty interface enter
03-13 13:06:00.271  1226  1226 E ANDR-PERF-DATA-POOL: EventDataPool is Full
03-13 13:06:00.271  1226  1226 E ANDR-PERF-MPCTL: perf request submission limit reached.
03-13 13:06:00.279  1222  1610 E SDM     : HWCSession::GetClientTargetProperty: GetClinetTargetProperty interface enter
03-13 13:06:00.279  1226  1226 E ANDR-PERF-DATA-POOL: EventDataPool is Full
03-13 13:06:00.279  1226  1226 E ANDR-PERF-MPCTL: perf request submission limit reached.
03-13 13:06:00.286  1222  1610 E SDM     : HWCSession::GetClientTargetProperty: GetClinetTargetProperty interface enter
03-13 13:06:00.287  1226  1226 E ANDR-PERF-DATA-POOL: EventDataPool is Full
03-13 13:06:00.287  1226  1226 E ANDR-PERF-MPCTL: perf request submission limit reached.
03-13 13:06:00.294  1222  1610 E SDM     : HWCSession::GetClientTargetProperty: GetClinetTargetProperty interface enter
03-13 13:06:00.296  1226  1226 E ANDR-PERF-DATA-POOL: EventDataPool is Full
03-13 13:06:00.296  1226  1226 E ANDR-PERF-MPCTL: perf request submission limit reached.
03-13 13:06:00.303  1222  1610 E SDM     : HWCSession::GetClientTargetProperty: GetClinetTargetProperty interface enter
03-13 13:06:00.303  1226  1226 E ANDR-PERF-DATA-POOL: EventDataPool is Full
03-13 13:06:00.303  1226  1226 E ANDR-PERF-MPCTL: perf request submission limit reached.
03-13 13:06:00.310  1222  1610 E SDM     : HWCSession::GetClientTargetProperty: GetClinetTargetProperty interface enter
03-13 13:06:00.311  1226  1226 E ANDR-PERF-DATA-POOL: EventDataPool is Full
03-13 13:06:00.312  1226  1226 E ANDR-PERF-MPCTL: perf request submission limit reached.
03-13 13:06:00.319  1222  1610 E SDM     : HWCSession::GetClientTargetProperty: GetClinetTargetProperty interface enter
03-13 13:06:00.319  1226  1226 E ANDR-PERF-DATA-POOL: EventDataPool is Full
03-13 13:06:00.319  1226  1226 E ANDR-PERF-MPCTL: perf request submission limit reached.
03-13 13:06:00.327  1222  1610 E SDM     : HWCSession::GetClientTargetProperty: GetClinetTargetProperty interface enter
03-13 13:06:00.327  1226  1226 E ANDR-PERF-DATA-POOL: EventDataPool is Full
03-13 13:06:00.327  1226  1226 E ANDR-PERF-MPCTL: perf request submission limit reached.
03-13 13:06:00.335  1222  1610 E SDM     : HWCSession::GetClientTargetProperty: GetClinetTargetProperty interface enter
03-13 13:06:00.336  1226  1226 E ANDR-PERF-DATA-POOL: EventDataPool is Full
03-13 13:06:00.336  1226  1226 E ANDR-PERF-MPCTL: perf request submission limit reached.
03-13 13:06:00.344  1222  1610 E SDM     : HWCSession::GetClientTargetProperty: GetClinetTargetProperty interface enter
03-13 13:06:00.344  1226  1226 E ANDR-PERF-DATA-POOL: EventDataPool is Full
03-13 13:06:00.344  1226  1226 E ANDR-PERF-MPCTL: perf request submission limit reached.
03-13 13:06:00.352  1222  1610 E SDM     : HWCSession::GetClientTargetProperty: GetClinetTargetProperty interface enter
03-13 13:06:00.352  1226  1226 E ANDR-PERF-DATA-POOL: EventDataPool is Full
03-13 13:06:00.352  1226  1226 E ANDR-PERF-MPCTL: perf request submission limit reached.
03-13 13:06:00.364  1222  1610 E SDM     : HWCSession::GetClientTargetProperty: GetClinetTargetProperty interface enter
03-13 13:06:00.364  1226  1226 E ANDR-PERF-DATA-POOL: EventDataPool is Full
03-13 13:06:00.364  1226  1226 E ANDR-PERF-MPCTL: perf request submission limit reached.
03-13 13:06:00.377  1222  1610 E SDM     : HWCSession::GetClientTargetProperty: GetClinetTargetProperty interface enter
03-13 13:06:00.377  1226  1226 E ANDR-PERF-DATA-POOL: EventDataPool is Full
03-13 13:06:00.377  1226  1226 E ANDR-PERF-MPCTL: perf request submission limit reached.
03-13 13:06:00.392  1222  1610 E SDM     : HWCSession::GetClientTargetProperty: GetClinetTargetProperty interface enter
03-13 13:06:00.392  1226  1226 E ANDR-PERF-DATA-POOL: EventDataPool is Full
03-13 13:06:00.392  1226  1226 E ANDR-PERF-MPCTL: perf request submission limit reached.
03-13 13:06:00.407  1222  1610 E SDM     : HWCSession::GetClientTargetProperty: GetClinetTargetProperty interface enter
03-13 13:06:00.407  1226  1226 E ANDR-PERF-DATA-POOL: EventDataPool is Full
03-13 13:06:00.407  1226  1226 E ANDR-PERF-MPCTL: perf request submission limit reached.
03-13 13:06:00.419  1222  1610 E SDM     : HWCSession::GetClientTargetProperty: GetClinetTargetProperty interface enter
03-13 13:06:00.422  1226  1226 E ANDR-PERF-DATA-POOL: EventDataPool is Full
03-13 13:06:00.422  1226  1226 E ANDR-PERF-MPCTL: perf request submission limit reached.
03-13 13:06:00.430  1222  1610 E SDM     : HWCSession::GetClientTargetProperty: GetClinetTargetProperty interface enter
03-13 13:06:00.430  1226  1226 E ANDR-PERF-DATA-POOL: EventDataPool is Full
03-13 13:06:00.430  1226  1226 E ANDR-PERF-MPCTL: perf request submission limit reached.
03-13 13:06:00.441  1222  1610 E SDM     : HWCSession::GetClientTargetProperty: GetClinetTargetProperty interface enter
03-13 13:06:00.441  1226  1226 E ANDR-PERF-DATA-POOL: EventDataPool is Full
03-13 13:06:00.441  1226  1226 E ANDR-PERF-MPCTL: perf request submission limit reached.
03-13 13:06:00.452  1222  1610 E SDM     : HWCSession::GetClientTargetProperty: GetClinetTargetProperty interface enter
03-13 13:06:00.452  1226  1226 E ANDR-PERF-DATA-POOL: EventDataPool is Full
03-13 13:06:00.452  1226  1226 E ANDR-PERF-MPCTL: perf request submission limit reached.
03-13 13:06:00.461  1222  1610 E SDM     : HWCSession::GetClientTargetProperty: GetClinetTargetProperty interface enter
03-13 13:06:00.462  1226  1226 E ANDR-PERF-DATA-POOL: EventDataPool is Full
03-13 13:06:00.462  1226  1226 E ANDR-PERF-MPCTL: perf request submission limit reached.
03-13 13:06:00.472  1222  1610 E SDM     : HWCSession::GetClientTargetProperty: GetClinetTargetProperty interface enter
03-13 13:06:00.472  1226  1226 E ANDR-PERF-DATA-POOL: EventDataPool is Full
03-13 13:06:00.472  1226  1226 E ANDR-PERF-MPCTL: perf request submission limit reached.
03-13 13:06:00.641  3982  4115 E Launcher: mFsGestureStatusRefreshRunnable:run usingFsGesture=true   show=true   focus=true   pause=false
03-13 13:06:00.674  3947  3947 E BLASTBufferQueue: [VRI[NotificationShade]#1561](f:0,a:1) Applying pending transactions on dtor 1
03-13 13:06:05.956  1922  2781 E PermissionManager: Missing permissions state for app ID 10303 and user ID 0
03-13 13:06:07.046  1922  2776 E PermissionManager: Missing permission state for com.luxpro.vip and user 0
03-13 13:06:18.373 11447 11447 E vold    : maxCpuFreq=2400000
03-13 13:06:18.373 11447 11447 E vold    : maxCpuFreq=2400000
03-13 13:06:18.413  1922  1922 E FileUtils: err write to mi_exception_log
03-13 13:06:23.504  3941  4732 E PhoneAdapter: get ntnphones failed, exception: java.lang.IllegalStateException: Default phones haven't been made yet!
03-13 13:06:25.567  8844  9064 E AuthPII : [RequestTokenManager] getToken() -> BAD_AUTHENTICATION. App: com.android.vending, Service: oauth2:https://www.googleapis.com/auth/googleplay
03-13 13:06:25.567  8844  9064 E AuthPII : bgcc: Long live credential not available.
03-13 13:06:25.567  8844  9064 E AuthPII : 	at agtw.a(:com.google.android.gms@260931029@26.09.31 (190400-877989800):1347)
03-13 13:06:25.567  8844  9064 E AuthPII : 	at agud.b(:com.google.android.gms@260931029@26.09.31 (190400-877989800):26)
03-13 13:06:25.567  8844  9064 E AuthPII : 	at agub.a(:com.google.android.gms@260931029@26.09.31 (190400-877989800):738)
03-13 13:06:25.567  8844  9064 E AuthPII : 	at agua.b(:com.google.android.gms@260931029@26.09.31 (190400-877989800):145)
03-13 13:06:25.567  8844  9064 E AuthPII : 	at aaeo.d(:com.google.android.gms@260931029@26.09.31 (190400-877989800):800)
03-13 13:06:25.567  8844  9064 E AuthPII : 	at agnm.getAuthToken(:com.google.android.gms@260931029@26.09.31 (190400-877989800):411)
03-13 13:06:25.567  8844  9064 E AuthPII : 	at android.accounts.AbstractAccountAuthenticator$Transport.getAuthToken(AbstractAccountAuthenticator.java:251)
03-13 13:06:25.567  8844  9064 E AuthPII : 	at android.accounts.IAccountAuthenticator$Stub.onTransact(IAccountAuthenticator.java:253)
03-13 13:06:25.567  8844  9064 E AuthPII : 	at android.os.Binder.transact(Binder.java:1190)
03-13 13:06:25.567  8844  9064 E AuthPII : 	at cjzi.onTransact(:com.google.android.gms@260931029@26.09.31 (190400-877989800):10)
03-13 13:06:25.567  8844  9064 E AuthPII : 	at android.os.Binder.transact(Binder.java:1190)
03-13 13:06:25.567  8844  9064 E AuthPII : 	at bygo.onTransact(:com.google.android.gms@260931029@26.09.31 (190400-877989800):161)
03-13 13:06:25.567  8844  9064 E AuthPII : 	at android.os.Binder.execTransactInternal(Binder.java:1351)
03-13 13:06:25.567  8844  9064 E AuthPII : 	at android.os.Binder.execTransact(Binder.java:1282)
03-13 13:06:25.567  8844  9064 E AuthPII : Message is Long live credential not available.
03-13 13:06:25.567  8844  9064 E AuthPII : bgcc: Long live credential not available.
03-13 13:06:25.567  8844  9064 E AuthPII : 	at agtw.a(:com.google.android.gms@260931029@26.09.31 (190400-877989800):1347)
03-13 13:06:25.567  8844  9064 E AuthPII : 	at agud.b(:com.google.android.gms@260931029@26.09.31 (190400-877989800):26)
03-13 13:06:25.567  8844  9064 E AuthPII : 	at agub.a(:com.google.android.gms@260931029@26.09.31 (190400-877989800):738)
03-13 13:06:25.567  8844  9064 E AuthPII : 	at agua.b(:com.google.android.gms@260931029@26.09.31 (190400-877989800):145)
03-13 13:06:25.567  8844  9064 E AuthPII : 	at aaeo.d(:com.google.android.gms@260931029@26.09.31 (190400-877989800):800)
03-13 13:06:25.567  8844  9064 E AuthPII : 	at agnm.getAuthToken(:com.google.android.gms@260931029@26.09.31 (190400-877989800):411)
03-13 13:06:25.567  8844  9064 E AuthPII : 	at android.accounts.AbstractAccountAuthenticator$Transport.getAuthToken(AbstractAccountAuthenticator.java:251)
03-13 13:06:25.567  8844  9064 E AuthPII : 	at android.accounts.IAccountAuthenticator$Stub.onTransact(IAccountAuthenticator.java:253)
03-13 13:06:25.567  8844  9064 E AuthPII : 	at android.os.Binder.transact(Binder.java:1190)
03-13 13:06:25.567  8844  9064 E AuthPII : 	at cjzi.onTransact(:com.google.android.gms@260931029@26.09.31 (190400-877989800):10)
03-13 13:06:25.567  8844  9064 E AuthPII : 	at android.os.Binder.transact(Binder.java:1190)
03-13 13:06:25.567  8844  9064 E AuthPII : 	at bygo.onTransact(:com.google.android.gms@260931029@26.09.31 (190400-877989800):161)
03-13 13:06:25.567  8844  9064 E AuthPII : 	at android.os.Binder.execTransactInternal(Binder.java:1351)
03-13 13:06:25.567  8844  9064 E AuthPII : 	at android.os.Binder.execTransact(Binder.java:1282)
03-13 13:06:25.595  8844  9064 E AuthPII : [RequestTokenManager] getToken() -> BAD_AUTHENTICATION. App: com.android.vending, Service: oauth2:https://www.googleapis.com/auth/googleplay
03-13 13:06:25.595  8844  9064 E AuthPII : bgcc: Long live credential not available.
03-13 13:06:25.595  8844  9064 E AuthPII : 	at agtw.a(:com.google.android.gms@260931029@26.09.31 (190400-877989800):1347)
03-13 13:06:25.595  8844  9064 E AuthPII : 	at agud.b(:com.google.android.gms@260931029@26.09.31 (190400-877989800):26)
03-13 13:06:25.595  8844  9064 E AuthPII : 	at agub.a(:com.google.android.gms@260931029@26.09.31 (190400-877989800):738)
03-13 13:06:25.595  8844  9064 E AuthPII : 	at agua.b(:com.google.android.gms@260931029@26.09.31 (190400-877989800):145)
03-13 13:06:25.595  8844  9064 E AuthPII : 	at aaeo.d(:com.google.android.gms@260931029@26.09.31 (190400-877989800):800)
03-13 13:06:25.595  8844  9064 E AuthPII : 	at agnm.getAuthToken(:com.google.android.gms@260931029@26.09.31 (190400-877989800):411)
03-13 13:06:25.595  8844  9064 E AuthPII : 	at android.accounts.AbstractAccountAuthenticator$Transport.getAuthToken(AbstractAccountAuthenticator.java:251)
03-13 13:06:25.595  8844  9064 E AuthPII : 	at android.accounts.IAccountAuthenticator$Stub.onTransact(IAccountAuthenticator.java:253)
03-13 13:06:25.595  8844  9064 E AuthPII : 	at android.os.Binder.transact(Binder.java:1190)
03-13 13:06:25.595  8844  9064 E AuthPII : 	at cjzi.onTransact(:com.google.android.gms@260931029@26.09.31 (190400-877989800):10)
03-13 13:06:25.595  8844  9064 E AuthPII : 	at android.os.Binder.transact(Binder.java:1190)
03-13 13:06:25.595  8844  9064 E AuthPII : 	at bygo.onTransact(:com.google.android.gms@260931029@26.09.31 (190400-877989800):161)
03-13 13:06:25.595  8844  9064 E AuthPII : 	at android.os.Binder.execTransactInternal(Binder.java:1351)
03-13 13:06:25.595  8844  9064 E AuthPII : 	at android.os.Binder.execTransact(Binder.java:1282)
03-13 13:06:25.595  8844  9064 E AuthPII : Message is Long live credential not available.
03-13 13:06:25.595  8844  9064 E AuthPII : bgcc: Long live credential not available.
03-13 13:06:25.595  8844  9064 E AuthPII : 	at agtw.a(:com.google.android.gms@260931029@26.09.31 (190400-877989800):1347)
03-13 13:06:25.595  8844  9064 E AuthPII : 	at agud.b(:com.google.android.gms@260931029@26.09.31 (190400-877989800):26)
03-13 13:06:25.595  8844  9064 E AuthPII : 	at agub.a(:com.google.android.gms@260931029@26.09.31 (190400-877989800):738)
03-13 13:06:25.595  8844  9064 E AuthPII : 	at agua.b(:com.google.android.gms@260931029@26.09.31 (190400-877989800):145)
03-13 13:06:25.595  8844  9064 E AuthPII : 	at aaeo.d(:com.google.android.gms@260931029@26.09.31 (190400-877989800):800)
03-13 13:06:25.595  8844  9064 E AuthPII : 	at agnm.getAuthToken(:com.google.android.gms@260931029@26.09.31 (190400-877989800):411)
03-13 13:06:25.595  8844  9064 E AuthPII : 	at android.accounts.AbstractAccountAuthenticator$Transport.getAuthToken(AbstractAccountAuthenticator.java:251)
03-13 13:06:25.595  8844  9064 E AuthPII : 	at android.accounts.IAccountAuthenticator$Stub.onTransact(IAccountAuthenticator.java:253)
03-13 13:06:25.595  8844  9064 E AuthPII : 	at android.os.Binder.transact(Binder.java:1190)
03-13 13:06:25.595  8844  9064 E AuthPII : 	at cjzi.onTransact(:com.google.android.gms@260931029@26.09.31 (190400-877989800):10)
03-13 13:06:25.595  8844  9064 E AuthPII : 	at android.os.Binder.transact(Binder.java:1190)
03-13 13:06:25.595  8844  9064 E AuthPII : 	at bygo.onTransact(:com.google.android.gms@260931029@26.09.31 (190400-877989800):161)
03-13 13:06:25.595  8844  9064 E AuthPII : 	at android.os.Binder.execTransactInternal(Binder.java:1351)
03-13 13:06:25.595  8844  9064 E AuthPII : 	at android.os.Binder.execTransact(Binder.java:1282)
03-13 13:06:25.608  8844  9064 E AuthPII : [RequestTokenManager] getToken() -> BAD_AUTHENTICATION. App: com.android.vending, Service: oauth2:https://www.googleapis.com/auth/googleplay
03-13 13:06:25.608  8844  9064 E AuthPII : bgcc: Long live credential not available.
03-13 13:06:25.608  8844  9064 E AuthPII : 	at agtw.a(:com.google.android.gms@260931029@26.09.31 (190400-877989800):1347)
03-13 13:06:25.608  8844  9064 E AuthPII : 	at agud.b(:com.google.android.gms@260931029@26.09.31 (190400-877989800):26)
03-13 13:06:25.608  8844  9064 E AuthPII : 	at agub.a(:com.google.android.gms@260931029@26.09.31 (190400-877989800):738)
03-13 13:06:25.608  8844  9064 E AuthPII : 	at agua.b(:com.google.android.gms@260931029@26.09.31 (190400-877989800):145)
03-13 13:06:25.608  8844  9064 E AuthPII : 	at aaeo.d(:com.google.android.gms@260931029@26.09.31 (190400-877989800):800)
03-13 13:06:25.608  8844  9064 E AuthPII : 	at agnm.getAuthToken(:com.google.android.gms@260931029@26.09.31 (190400-877989800):411)
03-13 13:06:25.608  8844  9064 E AuthPII : 	at android.accounts.AbstractAccountAuthenticator$Transport.getAuthToken(AbstractAccountAuthenticator.java:251)
03-13 13:06:25.608  8844  9064 E AuthPII : 	at android.accounts.IAccountAuthenticator$Stub.onTransact(IAccountAuthenticator.java:253)
03-13 13:06:25.608  8844  9064 E AuthPII : 	at android.os.Binder.transact(Binder.java:1190)
03-13 13:06:25.608  8844  9064 E AuthPII : 	at cjzi.onTransact(:com.google.android.gms@260931029@26.09.31 (190400-877989800):10)
03-13 13:06:25.608  8844  9064 E AuthPII : 	at android.os.Binder.transact(Binder.java:1190)
03-13 13:06:25.608  8844  9064 E AuthPII : 	at bygo.onTransact(:com.google.android.gms@260931029@26.09.31 (190400-877989800):161)
03-13 13:06:25.608  8844  9064 E AuthPII : 	at android.os.Binder.execTransactInternal(Binder.java:1351)
03-13 13:06:25.608  8844  9064 E AuthPII : 	at android.os.Binder.execTransact(Binder.java:1282)
03-13 13:06:25.608  8844  9064 E AuthPII : Message is Long live credential not available.
03-13 13:06:25.608  8844  9064 E AuthPII : bgcc: Long live credential not available.
03-13 13:06:25.608  8844  9064 E AuthPII : 	at agtw.a(:com.google.android.gms@260931029@26.09.31 (190400-877989800):1347)
03-13 13:06:25.608  8844  9064 E AuthPII : 	at agud.b(:com.google.android.gms@260931029@26.09.31 (190400-877989800):26)
03-13 13:06:25.608  8844  9064 E AuthPII : 	at agub.a(:com.google.android.gms@260931029@26.09.31 (190400-877989800):738)
03-13 13:06:25.608  8844  9064 E AuthPII : 	at agua.b(:com.google.android.gms@260931029@26.09.31 (190400-877989800):145)
03-13 13:06:25.608  8844  9064 E AuthPII : 	at aaeo.d(:com.google.android.gms@260931029@26.09.31 (190400-877989800):800)
03-13 13:06:25.608  8844  9064 E AuthPII : 	at agnm.getAuthToken(:com.google.android.gms@260931029@26.09.31 (190400-877989800):411)
03-13 13:06:25.608  8844  9064 E AuthPII : 	at android.accounts.AbstractAccountAuthenticator$Transport.getAuthToken(AbstractAccountAuthenticator.java:251)
03-13 13:06:25.608  8844  9064 E AuthPII : 	at android.accounts.IAccountAuthenticator$Stub.onTransact(IAccountAuthenticator.java:253)
03-13 13:06:25.608  8844  9064 E AuthPII : 	at android.os.Binder.transact(Binder.java:1190)
03-13 13:06:25.608  8844  9064 E AuthPII : 	at cjzi.onTransact(:com.google.android.gms@260931029@26.09.31 (190400-877989800):10)
03-13 13:06:25.608  8844  9064 E AuthPII : 	at android.os.Binder.transact(Binder.java:1190)
03-13 13:06:25.608  8844  9064 E AuthPII : 	at bygo.onTransact(:com.google.android.gms@260931029@26.09.31 (190400-877989800):161)
03-13 13:06:25.608  8844  9064 E AuthPII : 	at android.os.Binder.execTransactInternal(Binder.java:1351)
03-13 13:06:25.608  8844  9064 E AuthPII : 	at android.os.Binder.execTransact(Binder.java:1282)
03-13 13:06:25.621  8844  9064 E AuthPII : [RequestTokenManager] getToken() -> BAD_AUTHENTICATION. App: com.android.vending, Service: oauth2:https://www.googleapis.com/auth/googleplay
03-13 13:06:25.621  8844  9064 E AuthPII : bgcc: Long live credential not available.
03-13 13:06:25.621  8844  9064 E AuthPII : 	at agtw.a(:com.google.android.gms@260931029@26.09.31 (190400-877989800):1347)
03-13 13:06:25.621  8844  9064 E AuthPII : 	at agud.b(:com.google.android.gms@260931029@26.09.31 (190400-877989800):26)
03-13 13:06:25.621  8844  9064 E AuthPII : 	at agub.a(:com.google.android.gms@260931029@26.09.31 (190400-877989800):738)
03-13 13:06:25.621  8844  9064 E AuthPII : 	at agua.b(:com.google.android.gms@260931029@26.09.31 (190400-877989800):145)
03-13 13:06:25.621  8844  9064 E AuthPII : 	at aaeo.d(:com.google.android.gms@260931029@26.09.31 (190400-877989800):800)
03-13 13:06:25.621  8844  9064 E AuthPII : 	at agnm.getAuthToken(:com.google.android.gms@260931029@26.09.31 (190400-877989800):411)
03-13 13:06:25.621  8844  9064 E AuthPII : 	at android.accounts.AbstractAccountAuthenticator$Transport.getAuthToken(AbstractAccountAuthenticator.java:251)
03-13 13:06:25.621  8844  9064 E AuthPII : 	at android.accounts.IAccountAuthenticator$Stub.onTransact(IAccountAuthenticator.java:253)
03-13 13:06:25.621  8844  9064 E AuthPII : 	at android.os.Binder.transact(Binder.java:1190)
03-13 13:06:25.621  8844  9064 E AuthPII : 	at cjzi.onTransact(:com.google.android.gms@260931029@26.09.31 (190400-877989800):10)
03-13 13:06:25.621  8844  9064 E AuthPII : 	at android.os.Binder.transact(Binder.java:1190)
03-13 13:06:25.621  8844  9064 E AuthPII : 	at bygo.onTransact(:com.google.android.gms@260931029@26.09.31 (190400-877989800):161)
03-13 13:06:25.621  8844  9064 E AuthPII : 	at android.os.Binder.execTransactInternal(Binder.java:1351)
03-13 13:06:25.621  8844  9064 E AuthPII : 	at android.os.Binder.execTransact(Binder.java:1282)
03-13 13:06:25.621  8844  9064 E AuthPII : Message is Long live credential not available.
03-13 13:06:25.621  8844  9064 E AuthPII : bgcc: Long live credential not available.
03-13 13:06:25.621  8844  9064 E AuthPII : 	at agtw.a(:com.google.android.gms@260931029@26.09.31 (190400-877989800):1347)
03-13 13:06:25.621  8844  9064 E AuthPII : 	at agud.b(:com.google.android.gms@260931029@26.09.31 (190400-877989800):26)
03-13 13:06:25.621  8844  9064 E AuthPII : 	at agub.a(:com.google.android.gms@260931029@26.09.31 (190400-877989800):738)
03-13 13:06:25.621  8844  9064 E AuthPII : 	at agua.b(:com.google.android.gms@260931029@26.09.31 (190400-877989800):145)
03-13 13:06:25.621  8844  9064 E AuthPII : 	at aaeo.d(:com.google.android.gms@260931029@26.09.31 (190400-877989800):800)
03-13 13:06:25.621  8844  9064 E AuthPII : 	at agnm.getAuthToken(:com.google.android.gms@260931029@26.09.31 (190400-877989800):411)
03-13 13:06:25.621  8844  9064 E AuthPII : 	at android.accounts.AbstractAccountAuthenticator$Transport.getAuthToken(AbstractAccountAuthenticator.java:251)
03-13 13:06:25.621  8844  9064 E AuthPII : 	at android.accounts.IAccountAuthenticator$Stub.onTransact(IAccountAuthenticator.java:253)
03-13 13:06:25.621  8844  9064 E AuthPII : 	at android.os.Binder.transact(Binder.java:1190)
03-13 13:06:25.621  8844  9064 E AuthPII : 	at cjzi.onTransact(:com.google.android.gms@260931029@26.09.31 (190400-877989800):10)
03-13 13:06:25.621  8844  9064 E AuthPII : 	at android.os.Binder.transact(Binder.java:1190)
03-13 13:06:25.621  8844  9064 E AuthPII : 	at bygo.onTransact(:com.google.android.gms@260931029@26.09.31 (190400-877989800):161)
03-13 13:06:25.621  8844  9064 E AuthPII : 	at android.os.Binder.execTransactInternal(Binder.java:1351)
03-13 13:06:25.621  8844  9064 E AuthPII : 	at android.os.Binder.execTransact(Binder.java:1282)
