03-13 13:05:49.933  3982  4422 E ActivityManagerWrapper:  mainTaskId=10531   userId=0   windowMode=1   baseIntent=Intent { act=android.intent.action.MAIN flag=270532608 cmp=ComponentInfo{com.android.camera/com.android.camera.Camera} }
03-13 13:05:49.933  3982  4422 E ActivityManagerWrapper:  mainTaskId=10520   userId=0   windowMode=1   baseIntent=Intent { act=null flag=369098752 cmp=ComponentInfo{com.google.android.googlequicksearchbox/com.google.android.apps.search.assistant.surfaces.voice.robin.main.MainActivity} }
03-13 13:05:49.937  3982  4422 E ActivityManagerWrapper: get all recent tasks force including 10544
03-13 13:05:49.939  3982  4422 E ActivityManagerWrapper: getRecentTasksForceIncludingTaskIdIfValid: getRecentTasks: size=5
03-13 13:05:49.939  3982  4422 E ActivityManagerWrapper:  mainTaskId=10544   userId=0   windowMode=1   baseIntent=Intent { act=android.settings.APPLICATION_DETAILS_SETTINGS flag=268468224 cmp=ComponentInfo{com.android.settings/com.android.settings.applications.InstalledAppDetails} }
03-13 13:05:49.939  3982  4422 E ActivityManagerWrapper:  mainTaskId=10543   userId=0   windowMode=1   baseIntent=Intent { act=android.intent.action.MAIN flag=270532608 cmp=ComponentInfo{com.luxpro.vip/com.luxpro.vip.SplashActivity} }
03-13 13:05:49.939  3982  4422 E ActivityManagerWrapper:  mainTaskId=10517   userId=0   windowMode=1   baseIntent=Intent { act=com.tmessages.openchat0.249437130106551222147483647 flag=352321536 cmp=ComponentInfo{org.telegram.messenger.web/org.telegram.ui.LaunchActivity} }
03-13 13:05:49.939  3982  4422 E ActivityManagerWrapper:  mainTaskId=10531   userId=0   windowMode=1   baseIntent=Intent { act=android.intent.action.MAIN flag=270532608 cmp=ComponentInfo{com.android.camera/com.android.camera.Camera} }
03-13 13:05:49.939  3982  4422 E ActivityManagerWrapper:  mainTaskId=10520   userId=0   windowMode=1   baseIntent=Intent { act=null flag=369098752 cmp=ComponentInfo{com.google.android.googlequicksearchbox/com.google.android.apps.search.assistant.surfaces.voice.robin.main.MainActivity} }
03-13 13:05:49.941  1222  1610 E SDM     : HWCSession::GetClientTargetProperty: GetClinetTargetProperty interface enter
03-13 13:05:49.941  1226  1226 E ANDR-PERF-DATA-POOL: EventDataPool is Full
03-13 13:05:49.941  1226  1226 E ANDR-PERF-MPCTL: perf request submission limit reached.
03-13 13:05:49.948  1222  1610 E SDM     : HWCSession::GetClientTargetProperty: GetClinetTargetProperty interface enter
03-13 13:05:49.949  1226  1226 E ANDR-PERF-DATA-POOL: EventDataPool is Full
03-13 13:05:49.949  1226  1226 E ANDR-PERF-MPCTL: perf request submission limit reached.
03-13 13:05:49.957  1222  1610 E SDM     : HWCSession::GetClientTargetProperty: GetClinetTargetProperty interface enter
03-13 13:05:49.957  1226  1226 E ANDR-PERF-DATA-POOL: EventDataPool is Full
03-13 13:05:49.957  1226  1226 E ANDR-PERF-MPCTL: perf request submission limit reached.
03-13 13:05:49.965  1222  1610 E SDM     : HWCSession::GetClientTargetProperty: GetClinetTargetProperty interface enter
03-13 13:05:49.965  1226  1226 E ANDR-PERF-DATA-POOL: EventDataPool is Full
03-13 13:05:49.965  1226  1226 E ANDR-PERF-MPCTL: perf request submission limit reached.
03-13 13:05:49.973  1222  1610 E SDM     : HWCSession::GetClientTargetProperty: GetClinetTargetProperty interface enter
03-13 13:05:49.974  1226  1226 E ANDR-PERF-DATA-POOL: EventDataPool is Full
03-13 13:05:49.974  1226  1226 E ANDR-PERF-MPCTL: perf request submission limit reached.
03-13 13:05:49.982  1222  1610 E SDM     : HWCSession::GetClientTargetProperty: GetClinetTargetProperty interface enter
03-13 13:05:49.982  1226  1226 E ANDR-PERF-DATA-POOL: EventDataPool is Full
03-13 13:05:49.982  1226  1226 E ANDR-PERF-MPCTL: perf request submission limit reached.
03-13 13:05:49.990  1222  1610 E SDM     : HWCSession::GetClientTargetProperty: GetClinetTargetProperty interface enter
03-13 13:05:49.990  1226  1226 E ANDR-PERF-DATA-POOL: EventDataPool is Full
03-13 13:05:49.990  1226  1226 E ANDR-PERF-MPCTL: perf request submission limit reached.
03-13 13:05:49.999  1222  1610 E SDM     : HWCSession::GetClientTargetProperty: GetClinetTargetProperty interface enter
03-13 13:05:49.999  1226  1226 E ANDR-PERF-DATA-POOL: EventDataPool is Full
03-13 13:05:49.999  1226  1226 E ANDR-PERF-MPCTL: perf request submission limit reached.
03-13 13:05:50.006  1222  1610 E SDM     : HWCSession::GetClientTargetProperty: GetClinetTargetProperty interface enter
03-13 13:05:50.006  1226  1226 E ANDR-PERF-DATA-POOL: EventDataPool is Full
03-13 13:05:50.007  1226  1226 E ANDR-PERF-MPCTL: perf request submission limit reached.
03-13 13:05:50.015  1222  1610 E SDM     : HWCSession::GetClientTargetProperty: GetClinetTargetProperty interface enter
03-13 13:05:50.015  1226  1226 E ANDR-PERF-DATA-POOL: EventDataPool is Full
03-13 13:05:50.015  1226  1226 E ANDR-PERF-MPCTL: perf request submission limit reached.
03-13 13:05:50.024  1222  1610 E SDM     : HWCSession::GetClientTargetProperty: GetClinetTargetProperty interface enter
03-13 13:05:50.024  1226  1226 E ANDR-PERF-DATA-POOL: EventDataPool is Full
03-13 13:05:50.024  1226  1226 E ANDR-PERF-MPCTL: perf request submission limit reached.
03-13 13:05:50.032  1222  1610 E SDM     : HWCSession::GetClientTargetProperty: GetClinetTargetProperty interface enter
03-13 13:05:50.032  1226  1226 E ANDR-PERF-DATA-POOL: EventDataPool is Full
03-13 13:05:50.034  1226  1226 E ANDR-PERF-MPCTL: perf request submission limit reached.
03-13 13:05:50.040  1222  1610 E SDM     : HWCSession::GetClientTargetProperty: GetClinetTargetProperty interface enter
03-13 13:05:50.041  1226  1226 E ANDR-PERF-DATA-POOL: EventDataPool is Full
03-13 13:05:50.041  1226  1226 E ANDR-PERF-MPCTL: perf request submission limit reached.
03-13 13:05:50.049  1222  1610 E SDM     : HWCSession::GetClientTargetProperty: GetClinetTargetProperty interface enter
03-13 13:05:50.049  1226  1226 E ANDR-PERF-DATA-POOL: EventDataPool is Full
03-13 13:05:50.049  1226  1226 E ANDR-PERF-MPCTL: perf request submission limit reached.
03-13 13:05:50.057  1222  1610 E SDM     : HWCSession::GetClientTargetProperty: GetClinetTargetProperty interface enter
03-13 13:05:50.057  1226  1226 E ANDR-PERF-DATA-POOL: EventDataPool is Full
03-13 13:05:50.057  1226  1226 E ANDR-PERF-MPCTL: perf request submission limit reached.
03-13 13:05:50.065  1222  1610 E SDM     : HWCSession::GetClientTargetProperty: GetClinetTargetProperty interface enter
03-13 13:05:50.065  1226  1226 E ANDR-PERF-DATA-POOL: EventDataPool is Full
03-13 13:05:50.065  1226  1226 E ANDR-PERF-MPCTL: perf request submission limit reached.
03-13 13:05:50.074  1222  1610 E SDM     : HWCSession::GetClientTargetProperty: GetClinetTargetProperty interface enter
03-13 13:05:50.074  1226  1226 E ANDR-PERF-DATA-POOL: EventDataPool is Full
03-13 13:05:50.074  1226  1226 E ANDR-PERF-MPCTL: perf request submission limit reached.
03-13 13:05:50.081  1222  1610 E SDM     : HWCSession::GetClientTargetProperty: GetClinetTargetProperty interface enter
03-13 13:05:50.082  1226  1226 E ANDR-PERF-DATA-POOL: EventDataPool is Full
03-13 13:05:50.082  1226  1226 E ANDR-PERF-MPCTL: perf request submission limit reached.
03-13 13:05:50.089  3337 10975 E AD-PLUGIN-SplashController: Get miui intent sender : null
03-13 13:05:50.090  1222  1610 E SDM     : HWCSession::GetClientTargetProperty: GetClinetTargetProperty interface enter
03-13 13:05:50.090  1226  1226 E ANDR-PERF-DATA-POOL: EventDataPool is Full
03-13 13:05:50.090  1226  1226 E ANDR-PERF-MPCTL: perf request submission limit reached.
03-13 13:05:50.091  7384 19497 E SystemAdContentProvider: query flag: 672
03-13 13:05:50.098  1222  1610 E SDM     : HWCSession::GetClientTargetProperty: GetClinetTargetProperty interface enter
03-13 13:05:50.099  1226  1226 E ANDR-PERF-DATA-POOL: EventDataPool is Full
03-13 13:05:50.099  1226  1226 E ANDR-PERF-MPCTL: perf request submission limit reached.
03-13 13:05:50.106  1222  1610 E SDM     : HWCSession::GetClientTargetProperty: GetClinetTargetProperty interface enter
03-13 13:05:50.107  1226  1226 E ANDR-PERF-DATA-POOL: EventDataPool is Full
03-13 13:05:50.107  1226  1226 E ANDR-PERF-MPCTL: perf request submission limit reached.
03-13 13:05:50.115  1222  1610 E SDM     : HWCSession::GetClientTargetProperty: GetClinetTargetProperty interface enter
03-13 13:05:50.115  1226  1226 E ANDR-PERF-DATA-POOL: EventDataPool is Full
03-13 13:05:50.115  1226  1226 E ANDR-PERF-MPCTL: perf request submission limit reached.
03-13 13:05:50.123  1222  1610 E SDM     : HWCSession::GetClientTargetProperty: GetClinetTargetProperty interface enter
03-13 13:05:50.125  1226  1226 E ANDR-PERF-DATA-POOL: EventDataPool is Full
03-13 13:05:50.125  1226  1226 E ANDR-PERF-MPCTL: perf request submission limit reached.
03-13 13:05:50.132  1222  1610 E SDM     : HWCSession::GetClientTargetProperty: GetClinetTargetProperty interface enter
03-13 13:05:50.132  1226  1226 E ANDR-PERF-DATA-POOL: EventDataPool is Full
03-13 13:05:50.132  1226  1226 E ANDR-PERF-MPCTL: perf request submission limit reached.
03-13 13:05:50.140  1222  1610 E SDM     : HWCSession::GetClientTargetProperty: GetClinetTargetProperty interface enter
03-13 13:05:50.141  1226  1226 E ANDR-PERF-DATA-POOL: EventDataPool is Full
03-13 13:05:50.141  1226  1226 E ANDR-PERF-MPCTL: perf request submission limit reached.
03-13 13:05:50.148  1222  1610 E SDM     : HWCSession::GetClientTargetProperty: GetClinetTargetProperty interface enter
03-13 13:05:50.149  1226  1226 E ANDR-PERF-DATA-POOL: EventDataPool is Full
03-13 13:05:50.149  1226  1226 E ANDR-PERF-MPCTL: perf request submission limit reached.
03-13 13:05:50.157  1222  1610 E SDM     : HWCSession::GetClientTargetProperty: GetClinetTargetProperty interface enter
03-13 13:05:50.157  1226  1226 E ANDR-PERF-DATA-POOL: EventDataPool is Full
03-13 13:05:50.157  1226  1226 E ANDR-PERF-MPCTL: perf request submission limit reached.
03-13 13:05:50.165  1222  1610 E SDM     : HWCSession::GetClientTargetProperty: GetClinetTargetProperty interface enter
03-13 13:05:50.165  1226  1226 E ANDR-PERF-DATA-POOL: EventDataPool is Full
03-13 13:05:50.165  1226  1226 E ANDR-PERF-MPCTL: perf request submission limit reached.
03-13 13:05:50.174  1222  1610 E SDM     : HWCSession::GetClientTargetProperty: GetClinetTargetProperty interface enter
03-13 13:05:50.174  1226  1226 E ANDR-PERF-DATA-POOL: EventDataPool is Full
03-13 13:05:50.174  1226  1226 E ANDR-PERF-MPCTL: perf request submission limit reached.
03-13 13:05:50.182  1222  1610 E SDM     : HWCSession::GetClientTargetProperty: GetClinetTargetProperty interface enter
03-13 13:05:50.182  1226  1226 E ANDR-PERF-DATA-POOL: EventDataPool is Full
03-13 13:05:50.182  1226  1226 E ANDR-PERF-MPCTL: perf request submission limit reached.
03-13 13:05:50.190  1222  1610 E SDM     : HWCSession::GetClientTargetProperty: GetClinetTargetProperty interface enter
03-13 13:05:50.191  1226  1226 E ANDR-PERF-DATA-POOL: EventDataPool is Full
03-13 13:05:50.191  1226  1226 E ANDR-PERF-MPCTL: perf request submission limit reached.
03-13 13:05:50.195  3337  3405 E c       : NameNotFound android.uid.system:1000
03-13 13:05:50.199  1222  1610 E SDM     : HWCSession::GetClientTargetProperty: GetClinetTargetProperty interface enter
03-13 13:05:50.199  1226  1226 E ANDR-PERF-DATA-POOL: EventDataPool is Full
03-13 13:05:50.199  1226  1226 E ANDR-PERF-MPCTL: perf request submission limit reached.
03-13 13:05:50.207  1222  1610 E SDM     : HWCSession::GetClientTargetProperty: GetClinetTargetProperty interface enter
03-13 13:05:50.207  1226  1226 E ANDR-PERF-DATA-POOL: EventDataPool is Full
03-13 13:05:50.207  1226  1226 E ANDR-PERF-MPCTL: perf request submission limit reached.
03-13 13:05:50.212  1226  1226 E vendor.qti.hardware.perf@2.2-service: Unknown params
03-13 13:05:50.212  1226  1226 E ANDR-PERF-DATA-POOL: EventDataPool is Full
03-13 13:05:50.212  1226  1226 E ANDR-PERF-MPCTL: perf request submission limit reached.
03-13 13:05:50.216  1222  1610 E SDM     : HWCSession::GetClientTargetProperty: GetClinetTargetProperty interface enter
03-13 13:05:50.217  1226  1226 E ANDR-PERF-DATA-POOL: EventDataPool is Full
03-13 13:05:50.217  1226  1226 E ANDR-PERF-MPCTL: perf request submission limit reached.
03-13 13:05:50.217  1226  1226 E vendor.qti.hardware.perf@2.2-service: Unknown params
03-13 13:05:50.218  1226  1226 E vendor.qti.hardware.perf@2.2-service: Unknown params
03-13 13:05:50.218  1226  1226 E ANDR-PERF-DATA-POOL: EventDataPool is Full
03-13 13:05:50.218  1226  1226 E ANDR-PERF-MPCTL: perf request submission limit reached.
03-13 13:05:50.220  1226  1226 E vendor.qti.hardware.perf@2.2-service: Unknown params
03-13 13:05:50.223  1222  1610 E SDM     : HWCSession::GetClientTargetProperty: GetClinetTargetProperty interface enter
03-13 13:05:50.226  1226  1226 E ANDR-PERF-DATA-POOL: EventDataPool is Full
03-13 13:05:50.226  1226  1226 E ANDR-PERF-MPCTL: perf request submission limit reached.
03-13 13:05:50.233 20146 20146 E FileUtils: err write to mi_exception_log
03-13 13:05:50.233  1222  1610 E SDM     : HWCSession::GetClientTargetProperty: GetClinetTargetProperty interface enter
03-13 13:05:50.233 20146 20146 E FileUtils: err write to mi_exception_log
03-13 13:05:50.233  1226  1226 E ANDR-PERF-DATA-POOL: EventDataPool is Full
03-13 13:05:50.233  1226  1226 E ANDR-PERF-MPCTL: perf request submission limit reached.
03-13 13:05:50.235  1226  1226 E vendor.qti.hardware.perf@2.2-service: Unknown params
03-13 13:05:50.235  1226  1226 E vendor.qti.hardware.perf@2.2-service: Unknown params
03-13 13:05:50.235  1226  1226 E ANDR-PERF-DATA-POOL: EventDataPool is Full
03-13 13:05:50.235  1226  1226 E ANDR-PERF-MPCTL: perf request submission limit reached.
03-13 13:05:50.235  1226  1226 E vendor.qti.hardware.perf@2.2-service: Unknown params
03-13 13:05:50.235  1226  1226 E ANDR-PERF-DATA-POOL: EventDataPool is Full
03-13 13:05:50.235  1226  1226 E ANDR-PERF-MPCTL: perf request submission limit reached.
03-13 13:05:50.236  1226  1430 E ANDR-PERF-LM: MetaMeter: handleAsync() 166: AdaptLaunch Invalid Async
03-13 13:05:50.239  1226  1226 E vendor.qti.hardware.perf@2.2-service: Unknown params
03-13 13:05:50.239  1226  1226 E ANDR-PERF-DATA-POOL: EventDataPool is Full
03-13 13:05:50.239  1226  1226 E ANDR-PERF-MPCTL: perf request submission limit reached.
03-13 13:05:50.239  1226  1226 E vendor.qti.hardware.perf@2.2-service: Unknown params
03-13 13:05:50.239  1226  1226 E ANDR-PERF-DATA-POOL: EventDataPool is Full
03-13 13:05:50.239  1226  1226 E ANDR-PERF-MPCTL: perf request submission limit reached.
03-13 13:05:50.241  1222  1610 E SDM     : HWCSession::GetClientTargetProperty: GetClinetTargetProperty interface enter
03-13 13:05:50.242  1226  1226 E ANDR-PERF-DATA-POOL: EventDataPool is Full
03-13 13:05:50.242  1226  1226 E ANDR-PERF-MPCTL: perf request submission limit reached.
03-13 13:05:50.249  1222  1610 E SDM     : HWCSession::GetClientTargetProperty: GetClinetTargetProperty interface enter
03-13 13:05:50.249  1226  1226 E ANDR-PERF-DATA-POOL: EventDataPool is Full
03-13 13:05:50.249  1226  1226 E ANDR-PERF-MPCTL: perf request submission limit reached.
03-13 13:05:50.258  1222  1610 E SDM     : HWCSession::GetClientTargetProperty: GetClinetTargetProperty interface enter
03-13 13:05:50.258  1226  1226 E ANDR-PERF-DATA-POOL: EventDataPool is Full
03-13 13:05:50.258  1226  1226 E ANDR-PERF-MPCTL: perf request submission limit reached.
03-13 13:05:50.266  1222  1610 E SDM     : HWCSession::GetClientTargetProperty: GetClinetTargetProperty interface enter
03-13 13:05:50.266  1226  1226 E ANDR-PERF-DATA-POOL: EventDataPool is Full
03-13 13:05:50.266  1226  1226 E ANDR-PERF-MPCTL: perf request submission limit reached.
03-13 13:05:50.275  1222  1610 E SDM     : HWCSession::GetClientTargetProperty: GetClinetTargetProperty interface enter
03-13 13:05:50.275  1226  1226 E ANDR-PERF-DATA-POOL: EventDataPool is Full
03-13 13:05:50.275  1226  1226 E ANDR-PERF-MPCTL: perf request submission limit reached.
03-13 13:05:50.282  1222  1610 E SDM     : HWCSession::GetClientTargetProperty: GetClinetTargetProperty interface enter
03-13 13:05:50.283  1226  1226 E ANDR-PERF-DATA-POOL: EventDataPool is Full
03-13 13:05:50.283  1226  1226 E ANDR-PERF-MPCTL: perf request submission limit reached.
03-13 13:05:50.291  1222  1610 E SDM     : HWCSession::GetClientTargetProperty: GetClinetTargetProperty interface enter
03-13 13:05:50.291  1226  1226 E ANDR-PERF-DATA-POOL: EventDataPool is Full
03-13 13:05:50.291  1226  1226 E ANDR-PERF-MPCTL: perf request submission limit reached.
03-13 13:05:50.299  1222  1610 E SDM     : HWCSession::GetClientTargetProperty: GetClinetTargetProperty interface enter
03-13 13:05:50.299  1226  1226 E ANDR-PERF-DATA-POOL: EventDataPool is Full
03-13 13:05:50.299  1226  1226 E ANDR-PERF-MPCTL: perf request submission limit reached.
03-13 13:05:50.308  1222  1610 E SDM     : HWCSession::GetClientTargetProperty: GetClinetTargetProperty interface enter
03-13 13:05:50.308  1226  1226 E ANDR-PERF-DATA-POOL: EventDataPool is Full
03-13 13:05:50.308  1226  1226 E ANDR-PERF-MPCTL: perf request submission limit reached.
03-13 13:05:50.316  1222  1610 E SDM     : HWCSession::GetClientTargetProperty: GetClinetTargetProperty interface enter
03-13 13:05:50.316  1226  1226 E ANDR-PERF-DATA-POOL: EventDataPool is Full
03-13 13:05:50.316  1226  1226 E ANDR-PERF-MPCTL: perf request submission limit reached.
03-13 13:05:50.324  1222  1610 E SDM     : HWCSession::GetClientTargetProperty: GetClinetTargetProperty interface enter
03-13 13:05:50.324  1226  1226 E ANDR-PERF-DATA-POOL: EventDataPool is Full
03-13 13:05:50.324  1226  1226 E ANDR-PERF-MPCTL: perf request submission limit reached.
03-13 13:05:50.333  1222  1610 E SDM     : HWCSession::GetClientTargetProperty: GetClinetTargetProperty interface enter
03-13 13:05:50.333  1226  1226 E ANDR-PERF-DATA-POOL: EventDataPool is Full
03-13 13:05:50.333  1226  1226 E ANDR-PERF-MPCTL: perf request submission limit reached.
03-13 13:05:50.341  1222  1610 E SDM     : HWCSession::GetClientTargetProperty: GetClinetTargetProperty interface enter
03-13 13:05:50.341  1226  1226 E ANDR-PERF-DATA-POOL: EventDataPool is Full
03-13 13:05:50.341  1226  1226 E ANDR-PERF-MPCTL: perf request submission limit reached.
03-13 13:05:50.342  3982  4422 E ActivityManagerWrapper: get all recent tasks force including 10544
03-13 13:05:50.346  3982  4422 E ActivityManagerWrapper: getRecentTasksForceIncludingTaskIdIfValid: getRecentTasks: size=5
03-13 13:05:50.346  3982  4422 E ActivityManagerWrapper:  mainTaskId=10544   userId=0   windowMode=1   baseIntent=Intent { act=android.settings.APPLICATION_DETAILS_SETTINGS flag=268468224 cmp=ComponentInfo{com.android.settings/com.android.settings.applications.InstalledAppDetails} }
03-13 13:05:50.346  3982  4422 E ActivityManagerWrapper:  mainTaskId=10543   userId=0   windowMode=1   baseIntent=Intent { act=android.intent.action.MAIN flag=270532608 cmp=ComponentInfo{com.luxpro.vip/com.luxpro.vip.SplashActivity} }
03-13 13:05:50.346  3982  4422 E ActivityManagerWrapper:  mainTaskId=10517   userId=0   windowMode=1   baseIntent=Intent { act=com.tmessages.openchat0.249437130106551222147483647 flag=352321536 cmp=ComponentInfo{org.telegram.messenger.web/org.telegram.ui.LaunchActivity} }
03-13 13:05:50.346  3982  4422 E ActivityManagerWrapper:  mainTaskId=10531   userId=0   windowMode=1   baseIntent=Intent { act=android.intent.action.MAIN flag=270532608 cmp=ComponentInfo{com.android.camera/com.android.camera.Camera} }
03-13 13:05:50.346  3982  4422 E ActivityManagerWrapper:  mainTaskId=10520   userId=0   windowMode=1   baseIntent=Intent { act=null flag=369098752 cmp=ComponentInfo{com.google.android.googlequicksearchbox/com.google.android.apps.search.assistant.surfaces.voice.robin.main.MainActivity} }
03-13 13:05:50.349  4728  4728 E DynamicRefreshRate recy: dynamic is not enable
03-13 13:05:50.350  1222  1610 E SDM     : HWCSession::GetClientTargetProperty: GetClinetTargetProperty interface enter
03-13 13:05:50.350  1226  1226 E ANDR-PERF-DATA-POOL: EventDataPool is Full
03-13 13:05:50.350  1226  1226 E ANDR-PERF-MPCTL: perf request submission limit reached.
03-13 13:05:50.358  1222  1610 E SDM     : HWCSession::GetClientTargetProperty: GetClinetTargetProperty interface enter
03-13 13:05:50.358  1226  1226 E ANDR-PERF-DATA-POOL: EventDataPool is Full
03-13 13:05:50.358  1226  1226 E ANDR-PERF-MPCTL: perf request submission limit reached.
03-13 13:05:50.363  4728  4728 E FileUtils: err write to mi_exception_log
03-13 13:05:50.367  1222  1610 E SDM     : HWCSession::GetClientTargetProperty: GetClinetTargetProperty interface enter
03-13 13:05:50.367  1226  1226 E ANDR-PERF-DATA-POOL: EventDataPool is Full
03-13 13:05:50.367  1226  1226 E ANDR-PERF-MPCTL: perf request submission limit reached.
03-13 13:05:50.375  1222  1610 E SDM     : HWCSession::GetClientTargetProperty: GetClinetTargetProperty interface enter
03-13 13:05:50.375  1226  1226 E ANDR-PERF-DATA-POOL: EventDataPool is Full
03-13 13:05:50.375  1226  1226 E ANDR-PERF-MPCTL: perf request submission limit reached.
03-13 13:05:50.383  1222  1610 E SDM     : HWCSession::GetClientTargetProperty: GetClinetTargetProperty interface enter
03-13 13:05:50.384  1226  1226 E ANDR-PERF-DATA-POOL: EventDataPool is Full
03-13 13:05:50.384  1226  1226 E ANDR-PERF-MPCTL: perf request submission limit reached.
03-13 13:05:50.391  1222  1610 E SDM     : HWCSession::GetClientTargetProperty: GetClinetTargetProperty interface enter
03-13 13:05:50.392  1226  1226 E ANDR-PERF-DATA-POOL: EventDataPool is Full
03-13 13:05:50.392  1226  1226 E ANDR-PERF-MPCTL: perf request submission limit reached.
03-13 13:05:50.395  4728  4903 E OpenGLRenderer: Unable to match the desired swap behavior.
03-13 13:05:50.401  1222  1610 E SDM     : HWCSession::GetClientTargetProperty: GetClinetTargetProperty interface enter
03-13 13:05:50.401  1226  1226 E ANDR-PERF-DATA-POOL: EventDataPool is Full
03-13 13:05:50.401  1226  1226 E ANDR-PERF-MPCTL: perf request submission limit reached.
03-13 13:05:50.410  1222  1610 E SDM     : HWCSession::GetClientTargetProperty: GetClinetTargetProperty interface enter
03-13 13:05:50.412  1226  1226 E ANDR-PERF-DATA-POOL: EventDataPool is Full
03-13 13:05:50.412  1226  1226 E ANDR-PERF-MPCTL: perf request submission limit reached.
03-13 13:05:50.418  1222  1610 E SDM     : HWCSession::GetClientTargetProperty: GetClinetTargetProperty interface enter
03-13 13:05:50.419  1226  1226 E ANDR-PERF-DATA-POOL: EventDataPool is Full
03-13 13:05:50.419  1226  1226 E ANDR-PERF-MPCTL: perf request submission limit reached.
03-13 13:05:50.424  1222  1610 E SDM     : HWCSession::GetClientTargetProperty: GetClinetTargetProperty interface enter
03-13 13:05:50.425  1226  1226 E ANDR-PERF-DATA-POOL: EventDataPool is Full
03-13 13:05:50.426  1226  1226 E ANDR-PERF-MPCTL: perf request submission limit reached.
03-13 13:05:50.433  1222  1610 E SDM     : HWCSession::GetClientTargetProperty: GetClinetTargetProperty interface enter
03-13 13:05:50.434  1226  1226 E ANDR-PERF-DATA-POOL: EventDataPool is Full
03-13 13:05:50.434  1226  1226 E ANDR-PERF-MPCTL: perf request submission limit reached.
03-13 13:05:50.436  3947  4147 E SurfaceComposerClient: SurfaceComposerClient::Transaction::setAlpha: invalid alpha 1.000010, clamping
03-13 13:05:50.441  1222  1610 E SDM     : HWCSession::GetClientTargetProperty: GetClinetTargetProperty interface enter
03-13 13:05:50.442  1226  1226 E ANDR-PERF-DATA-POOL: EventDataPool is Full
03-13 13:05:50.442  1226  1226 E ANDR-PERF-MPCTL: perf request submission limit reached.
03-13 13:05:50.444  3947  4147 E SurfaceComposerClient: SurfaceComposerClient::Transaction::setAlpha: invalid alpha 1.000033, clamping
03-13 13:05:50.450  1222  1610 E SDM     : HWCSession::GetClientTargetProperty: GetClinetTargetProperty interface enter
03-13 13:05:50.451  1226  1226 E ANDR-PERF-DATA-POOL: EventDataPool is Full
03-13 13:05:50.451  1226  1226 E ANDR-PERF-MPCTL: perf request submission limit reached.
03-13 13:05:50.453  3947  4147 E SurfaceComposerClient: SurfaceComposerClient::Transaction::setAlpha: invalid alpha 1.000047, clamping
03-13 13:05:50.458  1222  1610 E SDM     : HWCSession::GetClientTargetProperty: GetClinetTargetProperty interface enter
03-13 13:05:50.458  1226  1226 E ANDR-PERF-DATA-POOL: EventDataPool is Full
03-13 13:05:50.458  1226  1226 E ANDR-PERF-MPCTL: perf request submission limit reached.
03-13 13:05:50.461  3947  4147 E SurfaceComposerClient: SurfaceComposerClient::Transaction::setAlpha: invalid alpha 1.000057, clamping
03-13 13:05:50.466  1222  1610 E SDM     : HWCSession::GetClientTargetProperty: GetClinetTargetProperty interface enter
03-13 13:05:50.466  1226  1226 E ANDR-PERF-DATA-POOL: EventDataPool is Full
03-13 13:05:50.466  1226  1226 E ANDR-PERF-MPCTL: perf request submission limit reached.
03-13 13:05:50.469  3947  4147 E SurfaceComposerClient: SurfaceComposerClient::Transaction::setAlpha: invalid alpha 1.000064, clamping
03-13 13:05:50.470  3947  4147 E SurfaceComposerClient: SurfaceComposerClient::Transaction::setAlpha: invalid alpha 1.000064, clamping
03-13 13:05:50.472  3982  4422 E ActivityManagerWrapper: get all recent tasks force including 10544
03-13 13:05:50.474  4728  4728 E FileUtils: err write to mi_exception_log
03-13 13:05:50.474  1222  1610 E SDM     : HWCSession::GetClientTargetProperty: GetClinetTargetProperty interface enter
03-13 13:05:50.476  1226  1226 E ANDR-PERF-DATA-POOL: EventDataPool is Full
03-13 13:05:50.476  1226  1226 E ANDR-PERF-MPCTL: perf request submission limit reached.
03-13 13:05:50.499  3982  4422 E ActivityManagerWrapper: getRecentTasksForceIncludingTaskIdIfValid: getRecentTasks: size=5
03-13 13:05:50.499  3982  4422 E ActivityManagerWrapper:  mainTaskId=10544   userId=0   windowMode=1   baseIntent=Intent { act=android.settings.APPLICATION_DETAILS_SETTINGS flag=268468224 cmp=ComponentInfo{com.android.settings/com.android.settings.applications.InstalledAppDetails} }
03-13 13:05:50.499  3982  4422 E ActivityManagerWrapper:  mainTaskId=10543   userId=0   windowMode=1   baseIntent=Intent { act=android.intent.action.MAIN flag=270532608 cmp=ComponentInfo{com.luxpro.vip/com.luxpro.vip.SplashActivity} }
03-13 13:05:50.499  3982  4422 E ActivityManagerWrapper:  mainTaskId=10517   userId=0   windowMode=1   baseIntent=Intent { act=com.tmessages.openchat0.249437130106551222147483647 flag=352321536 cmp=ComponentInfo{org.telegram.messenger.web/org.telegram.ui.LaunchActivity} }
03-13 13:05:50.499  3982  4422 E ActivityManagerWrapper:  mainTaskId=10531   userId=0   windowMode=1   baseIntent=Intent { act=android.intent.action.MAIN flag=270532608 cmp=ComponentInfo{com.android.camera/com.android.camera.Camera} }
03-13 13:05:50.499  3982  4422 E ActivityManagerWrapper:  mainTaskId=10520   userId=0   windowMode=1   baseIntent=Intent { act=null flag=369098752 cmp=ComponentInfo{com.google.android.googlequicksearchbox/com.google.android.apps.search.assistant.surfaces.voice.robin.main.MainActivity} }
03-13 13:05:50.511  4728  4728 E OpenGLRenderer: setMiShadow is not show
03-13 13:05:50.565  4728  4728 E OpenGLRenderer: setMiShadow is not show
03-13 13:05:50.580  1922  2440 E KernelCpuSpeedReader: Failed to read cpu-freq: /sys/devices/system/cpu/cpu┘د/cpufreq/stats/time_in_state: open failed: ENOENT (No such file or directory)
03-13 13:05:50.581  1922  2440 E KernelCpuSpeedReader: Failed to read cpu-freq: /sys/devices/system/cpu/cpu┘ج/cpufreq/stats/time_in_state: open failed: ENOENT (No such file or directory)
03-13 13:05:50.581  1922  2440 E KernelCpuSpeedReader: Failed to read cpu-freq: /sys/devices/system/cpu/cpu┘ب/cpufreq/stats/time_in_state: open failed: ENOENT (No such file or directory)
03-13 13:05:50.587   704  2663 E android.system.suspend-service: Error opening kernel wakelock stats for: wakeup58 (../../devices/virtual/misc/msm_wma/wakeup58): Permission denied
03-13 13:05:50.596   704  2663 E android.system.suspend-service: Error opening kernel wakelock stats for: wakeup48 (../../devices/virtual/misc/msm_amrnb/wakeup48): Permission denied
03-13 13:05:50.596   704  2663 E android.system.suspend-service: Error opening kernel wakelock stats for: wakeup4 (../../devices/platform/soc/soc:qcom,smp2p-modem/wakeup/wakeup4): Permission denied
03-13 13:05:50.601  1226  1226 E vendor.qti.hardware.perf@2.2-service: Unknown params
03-13 13:05:50.607  3982  3982 E Launcher.application: setClickAppWaitForCallback = false
03-13 13:05:50.612  1226  1226 E vendor.qti.hardware.perf@2.2-service: Unknown params
03-13 13:05:50.617   704  2663 E android.system.suspend-service: Error opening kernel wakelock stats for: wakeup28 (../../devices/platform/soc/4080000.qcom,mss/wakeup/wakeup28): Permission denied
03-13 13:05:50.626   704  2663 E android.system.suspend-service: Error opening kernel wakelock stats for: wakeup18 (../../devices/platform/soc/soc:qcom,trustedvm@d0800000/wakeup/wakeup18): Permission denied
03-13 13:05:50.628   704  2663 E android.system.suspend-service: Error opening kernel wakelock stats for: wakeup46 (../../devices/virtual/misc/msm_aac/wakeup46): Permission denied
03-13 13:05:50.630   704  2663 E android.system.suspend-service: Error opening kernel wakelock stats for: wakeup2 (../../devices/platform/soc/soc:qcom,smp2p-adsp/wakeup/wakeup2): Permission denied
03-13 13:05:50.634   704  2663 E android.system.suspend-service: Error opening kernel wakelock stats for: wakeup36 (../../devices/platform/soc/aab0000.qcom,venus/subsys7/wakeup/wakeup36): Permission denied
03-13 13:05:50.639   704  2663 E android.system.suspend-service: Error opening kernel wakelock stats for: wakeup26 (../../devices/platform/soc/soc:qcom,wpss@8a00000/wakeup/wakeup26): Permission denied
03-13 13:05:50.645   704  2663 E android.system.suspend-service: Error opening kernel wakelock stats for: wakeup16 (../../devices/platform/soc/1e00000.qcom,ipa/wakeup/wakeup16): Permission denied
03-13 13:05:50.656   704  2663 E android.system.suspend-service: Error opening kernel wakelock stats for: wakeup24 (../../devices/platform/soc/3700000.qcom,lpass/wakeup/wakeup24): Permission denied
03-13 13:05:50.658   704  2663 E android.system.suspend-service: Error opening kernel wakelock stats for: wakeup52 (../../devices/virtual/misc/msm_evrc/wakeup52): Permission denied
03-13 13:05:50.658   704  2663 E android.system.suspend-service: Error opening kernel wakelock stats for: wakeup9 (../../devices/platform/soc/88e0000.qcom,msm-eud/wakeup/wakeup9): Permission denied
03-13 13:05:50.659   704  2663 E android.system.suspend-service: Error opening kernel wakelock stats for: wakeup14 (../../devices/platform/soc/c440000.qcom,spmi/spmi-0/spmi0-00/c440000.qcom,spmi:qcom,pmk8350@0:rtc@6100/rtc/rtc0/wakeup14): Permission denied
03-13 13:05:50.661   704  2663 E android.system.suspend-service: Error opening kernel wakelock stats for: wakeup42 (../../devices/platform/soc/17a10040.qcom,wcn6750/wakeup/wakeup42): Permission denied
03-13 13:05:50.664   704  2663 E android.system.suspend-service: Error opening kernel wakelock stats for: wakeup32 (../../devices/platform/soc/99c000.qcom,qup_uart/wakeup/wakeup32): Permission denied
03-13 13:05:50.664   704  2663 E android.system.suspend-service: Error opening kernel wakelock stats for: wakeup60 (../../devices/platform/soc/a94000.spi/spi_master/spi0/spi0.0/wakeup/wakeup60): Permission denied
03-13 13:05:50.664   704  2663 E android.system.suspend-service: Error opening kernel wakelock stats for: wakeup22 (../../devices/platform/soc/soc:qcom,kgsl-hyp/wakeup/wakeup22): Permission denied
03-13 13:05:50.665   704  2663 E android.system.suspend-service: Error opening kernel wakelock stats for: wakeup50 (../../devices/virtual/misc/msm_amrwbplus/wakeup50): Permission denied
03-13 13:05:50.666   704  2663 E android.system.suspend-service: Error opening kernel wakelock stats for: wakeup7 (../../devices/platform/soc/soc:qcom,pmic_glink/wakeup/wakeup7): Permission denied
03-13 13:05:50.667   704  2663 E android.system.suspend-service: Error opening kernel wakelock stats for: wakeup12 (../../devices/platform/soc/soc:md_testing_mode/wakeup/wakeup12): Permission denied
03-13 13:05:50.669   704  2663 E android.system.suspend-service: Error opening kernel wakelock stats for: wakeup30 (../../devices/platform/soc/a300000.qcom,turing/wakeup/wakeup30): Permission denied
03-13 13:05:50.669   704  2663 E android.system.suspend-service: Error opening kernel wakelock stats for: wakeup59 (../../devices/virtual/misc/msm_wmapro/wakeup59): Permission denied
03-13 13:05:50.671   704  2663 E android.system.suspend-service: Error opening kernel wakelock stats for: wakeup20 (../../devices/platform/soc/soc:qcom,ipa_fws/wakeup/wakeup20): Permission denied
03-13 13:05:50.672   704  2663 E android.system.suspend-service: Error opening kernel wakelock stats for: wakeup49 (../../devices/virtual/misc/msm_amrwb/wakeup49): Permission denied
03-13 13:05:50.672   704  2663 E android.system.suspend-service: Error opening kernel wakelock stats for: wakeup5 (../../devices/platform/soc/soc:qcom,smp2p-wpss/wakeup/wakeup5): Permission denied
03-13 13:05:50.673   704  2663 E android.system.suspend-service: Error opening kernel wakelock stats for: wakeup10 (../../devices/virtual/fastrpc/adsprpc-smd/wakeup10): Permission denied
03-13 13:05:50.674   704  2663 E android.system.suspend-service: Error opening kernel wakelock stats for: wakeup29 (../../devices/platform/soc/4080000.qcom,mss/subsys5/wakeup/wakeup29): Permission denied
03-13 13:05:50.674   704  2663 E android.system.suspend-service: Error opening kernel wakelock stats for: wakeup57 (../../devices/virtual/misc/msm_qcelp/wakeup57): Permission denied
03-13 13:05:50.674   704  2663 E android.system.suspend-service: Error opening kernel wakelock stats for: wakeup19 (../../devices/platform/soc/soc:qcom,trustedvm@d0800000/subsys0/wakeup/wakeup19): Permission denied
03-13 13:05:50.675   704  2663 E android.system.suspend-service: Error opening kernel wakelock stats for: wakeup47 (../../devices/virtual/misc/msm_alac/wakeup47): Permission denied
03-13 13:05:50.675   704  2663 E android.system.suspend-service: Error opening kernel wakelock stats for: wakeup3 (../../devices/platform/soc/soc:qcom,smp2p-nsp/wakeup/wakeup3): Permission denied
03-13 13:05:50.676   704  2663 E android.system.suspend-service: Error opening kernel wakelock stats for: wakeup135 (../../devices/platform/dummy_hcd.0/usb1/wakeup/wakeup135): Permission denied
03-13 13:05:50.678   704  2663 E android.system.suspend-service: Error opening kernel wakelock stats for: wakeup27 (../../devices/platform/soc/soc:qcom,wpss@8a00000/subsys4/wakeup/wakeup27): Permission denied
03-13 13:05:50.678   704  2663 E android.system.suspend-service: Error opening kernel wakelock stats for: wakeup55 (../../devices/virtual/misc/msm_mp3/wakeup55): Permission denied
03-13 13:05:50.679   704  2663 E android.system.suspend-service: Error opening kernel wakelock stats for: wakeup45 (../../devices/platform/soc/990000.i2c/i2c-2/2-0028/wakeup/wakeup45): Permission denied
03-13 13:05:50.680   704  2663 E android.system.suspend-service: Error opening kernel wakelock stats for: wakeup35 (../../devices/platform/soc/aab0000.qcom,venus/wakeup/wakeup35): Permission denied
03-13 13:05:50.681   704  2663 E android.system.suspend-service: Error opening kernel wakelock stats for: wakeup25 (../../devices/platform/soc/3700000.qcom,lpass/subsys3/wakeup/wakeup25): Permission denied
03-13 13:05:50.681   704  2663 E android.system.suspend-service: Error opening kernel wakelock stats for: wakeup53 (../../devices/virtual/misc/msm_g711alaw/wakeup53): Permission denied
03-13 13:05:50.682   704  2663 E android.system.suspend-service: Error opening kernel wakelock stats for: wakeup43 (../../devices/platform/soc/soc:fingerprint_goodix/wakeup/wakeup43): Permission denied
03-13 13:05:50.683   704  2663 E android.system.suspend-service: Error opening kernel wakelock stats for: wakeup33 (../../devices/platform/soc/a84000.i2c/i2c-3/3-005a/wakeup/wakeup33): Permission denied
03-13 13:05:50.683   704  2663 E android.system.suspend-service: Error opening kernel wakelock stats for: wakeup61 (../../devices/platform/goodix_ts.0/wakeup/wakeup61): Permission denied
03-13 13:05:50.683   704  2663 E android.system.suspend-service: Error opening kernel wakelock stats for: wakeup23 (../../devices/platform/soc/soc:qcom,kgsl-hyp/subsys2/wakeup/wakeup23): Permission denied
03-13 13:05:50.683   704  2663 E android.system.suspend-service: Error opening kernel wakelock stats for: wakeup51 (../../devices/virtual/misc/msm_ape/wakeup51): Permission denied
03-13 13:05:50.684   704  2663 E android.system.suspend-service: Error opening kernel wakelock stats for: wakeup8 (../../devices/platform/soc/soc:qcom,pmic_glink_log/wakeup/wakeup8): Permission denied
03-13 13:05:50.685   704  2663 E android.system.suspend-service: Error opening kernel wakelock stats for: wakeup31 (../../devices/platform/soc/a300000.qcom,turing/subsys6/wakeup/wakeup31): Permission denied
03-13 13:05:50.685   704  2663 E android.system.suspend-service: Error opening kernel wakelock stats for: wakeup21 (../../devices/platform/soc/soc:qcom,ipa_fws/subsys1/wakeup/wakeup21): Permission denied
03-13 13:05:50.685   704  2663 E android.system.suspend-service: Error opening kernel wakelock stats for: wakeup6 (../../devices/platform/soc/soc:qcom,smp2p_sleepstate/wakeup/wakeup6): Permission denied
03-13 13:05:50.686   704  2663 E android.system.suspend-service: Error opening kernel wakelock stats for: wakeup11 (../../devices/virtual/fastrpc/adsprpc-smd-secure/wakeup11): Permission denied
03-13 13:05:50.686   704  2663 E android.system.suspend-service: Error opening kernel wakelock stats for: wakeup138 (../../devices/platform/soc/soc:qcom,msm-audio-apr/soc:qcom,msm-audio-apr:qcom,q6core-audio/soc:qcom,msm-audio-apr:qcom,q6core-audio:sound/Listen 2 Audio Service/wakeup/wakeup138): Permission denied
03-13 13:05:50.730  3941  3941 E PhoneInterfaceManager: queryModemActivityInfo: invalid response
03-13 13:05:50.731  1922  2440 E KernelCpuSpeedReader: Failed to read cpu-freq: /sys/devices/system/cpu/cpu┘د/cpufreq/stats/time_in_state: open failed: ENOENT (No such file or directory)
03-13 13:05:50.731  1922  2440 E KernelCpuSpeedReader: Failed to read cpu-freq: /sys/devices/system/cpu/cpu┘ج/cpufreq/stats/time_in_state: open failed: ENOENT (No such file or directory)
03-13 13:05:50.731  1922  2440 E KernelCpuSpeedReader: Failed to read cpu-freq: /sys/devices/system/cpu/cpu┘ب/cpufreq/stats/time_in_state: open failed: ENOENT (No such file or directory)
03-13 13:05:50.732   704  2552 E android.system.suspend-service: Error opening kernel wakelock stats for: wakeup58 (../../devices/virtual/misc/msm_wma/wakeup58): Permission denied
03-13 13:05:50.733   704  2552 E android.system.suspend-service: Error opening kernel wakelock stats for: wakeup48 (../../devices/virtual/misc/msm_amrnb/wakeup48): Permission denied
03-13 13:05:50.734   704  2552 E android.system.suspend-service: Error opening kernel wakelock stats for: wakeup4 (../../devices/platform/soc/soc:qcom,smp2p-modem/wakeup/wakeup4): Permission denied
03-13 13:05:50.739   704  2552 E android.system.suspend-service: Error opening kernel wakelock stats for: wakeup28 (../../devices/platform/soc/4080000.qcom,mss/wakeup/wakeup28): Permission denied
03-13 13:05:50.740   704  2552 E android.system.suspend-service: Error opening kernel wakelock stats for: wakeup18 (../../devices/platform/soc/soc:qcom,trustedvm@d0800000/wakeup/wakeup18): Permission denied
03-13 13:05:50.741   704  2552 E android.system.suspend-service: Error opening kernel wakelock stats for: wakeup46 (../../devices/virtual/misc/msm_aac/wakeup46): Permission denied
03-13 13:05:50.741   704  2552 E android.system.suspend-service: Error opening kernel wakelock stats for: wakeup2 (../../devices/platform/soc/soc:qcom,smp2p-adsp/wakeup/wakeup2): Permission denied
03-13 13:05:50.742   704  2552 E android.system.suspend-service: Error opening kernel wakelock stats for: wakeup36 (../../devices/platform/soc/aab0000.qcom,venus/subsys7/wakeup/wakeup36): Permission denied
03-13 13:05:50.743   704  2552 E android.system.suspend-service: Error opening kernel wakelock stats for: wakeup26 (../../devices/platform/soc/soc:qcom,wpss@8a00000/wakeup/wakeup26): Permission denied
03-13 13:05:50.744   704  2552 E android.system.suspend-service: Error opening kernel wakelock stats for: wakeup16 (../../devices/platform/soc/1e00000.qcom,ipa/wakeup/wakeup16): Permission denied
03-13 13:05:50.746   704  2552 E android.system.suspend-service: Error opening kernel wakelock stats for: wakeup24 (../../devices/platform/soc/3700000.qcom,lpass/wakeup/wakeup24): Permission denied
03-13 13:05:50.746   704  2552 E android.system.suspend-service: Error opening kernel wakelock stats for: wakeup52 (../../devices/virtual/misc/msm_evrc/wakeup52): Permission denied
03-13 13:05:50.746   704  2552 E android.system.suspend-service: Error opening kernel wakelock stats for: wakeup9 (../../devices/platform/soc/88e0000.qcom,msm-eud/wakeup/wakeup9): Permission denied
03-13 13:05:50.746   704  2552 E android.system.suspend-service: Error opening kernel wakelock stats for: wakeup14 (../../devices/platform/soc/c440000.qcom,spmi/spmi-0/spmi0-00/c440000.qcom,spmi:qcom,pmk8350@0:rtc@6100/rtc/rtc0/wakeup14): Permission denied
03-13 13:05:50.746   704  2552 E android.system.suspend-service: Error opening kernel wakelock stats for: wakeup42 (../../devices/platform/soc/17a10040.qcom,wcn6750/wakeup/wakeup42): Permission denied
03-13 13:05:50.746   704  2552 E android.system.suspend-service: Error opening kernel wakelock stats for: wakeup32 (../../devices/platform/soc/99c000.qcom,qup_uart/wakeup/wakeup32): Permission denied
03-13 13:05:50.746   704  2552 E android.system.suspend-service: Error opening kernel wakelock stats for: wakeup60 (../../devices/platform/soc/a94000.spi/spi_master/spi0/spi0.0/wakeup/wakeup60): Permission denied
03-13 13:05:50.747   704  2552 E android.system.suspend-service: Error opening kernel wakelock stats for: wakeup22 (../../devices/platform/soc/soc:qcom,kgsl-hyp/wakeup/wakeup22): Permission denied
03-13 13:05:50.747   704  2552 E android.system.suspend-service: Error opening kernel wakelock stats for: wakeup50 (../../devices/virtual/misc/msm_amrwbplus/wakeup50): Permission denied
03-13 13:05:50.747   704  2552 E android.system.suspend-service: Error opening kernel wakelock stats for: wakeup7 (../../devices/platform/soc/soc:qcom,pmic_glink/wakeup/wakeup7): Permission denied
03-13 13:05:50.747   704  2552 E android.system.suspend-service: Error opening kernel wakelock stats for: wakeup12 (../../devices/platform/soc/soc:md_testing_mode/wakeup/wakeup12): Permission denied
03-13 13:05:50.747   704  2552 E android.system.suspend-service: Error opening kernel wakelock stats for: wakeup30 (../../devices/platform/soc/a300000.qcom,turing/wakeup/wakeup30): Permission denied
03-13 13:05:50.747   704  2552 E android.system.suspend-service: Error opening kernel wakelock stats for: wakeup59 (../../devices/virtual/misc/msm_wmapro/wakeup59): Permission denied
03-13 13:05:50.747   704  2552 E android.system.suspend-service: Error opening kernel wakelock stats for: wakeup20 (../../devices/platform/soc/soc:qcom,ipa_fws/wakeup/wakeup20): Permission denied
03-13 13:05:50.748   704  2552 E android.system.suspend-service: Error opening kernel wakelock stats for: wakeup49 (../../devices/virtual/misc/msm_amrwb/wakeup49): Permission denied
03-13 13:05:50.748   704  2552 E android.system.suspend-service: Error opening kernel wakelock stats for: wakeup5 (../../devices/platform/soc/soc:qcom,smp2p-wpss/wakeup/wakeup5): Permission denied
03-13 13:05:50.748   704  2552 E android.system.suspend-service: Error opening kernel wakelock stats for: wakeup10 (../../devices/virtual/fastrpc/adsprpc-smd/wakeup10): Permission denied
03-13 13:05:50.748   704  2552 E android.system.suspend-service: Error opening kernel wakelock stats for: wakeup29 (../../devices/platform/soc/4080000.qcom,mss/subsys5/wakeup/wakeup29): Permission denied
03-13 13:05:50.748   704  2552 E android.system.suspend-service: Error opening kernel wakelock stats for: wakeup57 (../../devices/virtual/misc/msm_qcelp/wakeup57): Permission denied
03-13 13:05:50.748   704  2552 E android.system.suspend-service: Error opening kernel wakelock stats for: wakeup19 (../../devices/platform/soc/soc:qcom,trustedvm@d0800000/subsys0/wakeup/wakeup19): Permission denied
03-13 13:05:50.749   704  2552 E android.system.suspend-service: Error opening kernel wakelock stats for: wakeup47 (../../devices/virtual/misc/msm_alac/wakeup47): Permission denied
03-13 13:05:50.749   704  2552 E android.system.suspend-service: Error opening kernel wakelock stats for: wakeup3 (../../devices/platform/soc/soc:qcom,smp2p-nsp/wakeup/wakeup3): Permission denied
03-13 13:05:50.749   704  2552 E android.system.suspend-service: Error opening kernel wakelock stats for: wakeup135 (../../devices/platform/dummy_hcd.0/usb1/wakeup/wakeup135): Permission denied
03-13 13:05:50.749   704  2552 E android.system.suspend-service: Error opening kernel wakelock stats for: wakeup27 (../../devices/platform/soc/soc:qcom,wpss@8a00000/subsys4/wakeup/wakeup27): Permission denied
03-13 13:05:50.749   704  2552 E android.system.suspend-service: Error opening kernel wakelock stats for: wakeup55 (../../devices/virtual/misc/msm_mp3/wakeup55): Permission denied
03-13 13:05:50.750   704  2552 E android.system.suspend-service: Error opening kernel wakelock stats for: wakeup45 (../../devices/platform/soc/990000.i2c/i2c-2/2-0028/wakeup/wakeup45): Permission denied
03-13 13:05:50.750   704  2552 E android.system.suspend-service: Error opening kernel wakelock stats for: wakeup35 (../../devices/platform/soc/aab0000.qcom,venus/wakeup/wakeup35): Permission denied
03-13 13:05:50.750   704  2552 E android.system.suspend-service: Error opening kernel wakelock stats for: wakeup25 (../../devices/platform/soc/3700000.qcom,lpass/subsys3/wakeup/wakeup25): Permission denied
03-13 13:05:50.751   704  2552 E android.system.suspend-service: Error opening kernel wakelock stats for: wakeup53 (../../devices/virtual/misc/msm_g711alaw/wakeup53): Permission denied
03-13 13:05:50.751   704  2552 E android.system.suspend-service: Error opening kernel wakelock stats for: wakeup43 (../../devices/platform/soc/soc:fingerprint_goodix/wakeup/wakeup43): Permission denied
03-13 13:05:50.751   704  2552 E android.system.suspend-service: Error opening kernel wakelock stats for: wakeup33 (../../devices/platform/soc/a84000.i2c/i2c-3/3-005a/wakeup/wakeup33): Permission denied
03-13 13:05:50.751   704  2552 E android.system.suspend-service: Error opening kernel wakelock stats for: wakeup61 (../../devices/platform/goodix_ts.0/wakeup/wakeup61): Permission denied
03-13 13:05:50.751   704  2552 E android.system.suspend-service: Error opening kernel wakelock stats for: wakeup23 (../../devices/platform/soc/soc:qcom,kgsl-hyp/subsys2/wakeup/wakeup23): Permission denied
03-13 13:05:50.751   704  2552 E android.system.suspend-service: Error opening kernel wakelock stats for: wakeup51 (../../devices/virtual/misc/msm_ape/wakeup51): Permission denied
03-13 13:05:50.751   704  2552 E android.system.suspend-service: Error opening kernel wakelock stats for: wakeup8 (../../devices/platform/soc/soc:qcom,pmic_glink_log/wakeup/wakeup8): Permission denied
03-13 13:05:50.752   704  2552 E android.system.suspend-service: Error opening kernel wakelock stats for: wakeup31 (../../devices/platform/soc/a300000.qcom,turing/subsys6/wakeup/wakeup31): Permission denied
03-13 13:05:50.752   704  2552 E android.system.suspend-service: Error opening kernel wakelock stats for: wakeup21 (../../devices/platform/soc/soc:qcom,ipa_fws/subsys1/wakeup/wakeup21): Permission denied
03-13 13:05:50.752   704  2552 E android.system.suspend-service: Error opening kernel wakelock stats for: wakeup6 (../../devices/platform/soc/soc:qcom,smp2p_sleepstate/wakeup/wakeup6): Permission denied
03-13 13:05:50.752   704  2552 E android.system.suspend-service: Error opening kernel wakelock stats for: wakeup11 (../../devices/virtual/fastrpc/adsprpc-smd-secure/wakeup11): Permission denied
03-13 13:05:50.752   704  2552 E android.system.suspend-service: Error opening kernel wakelock stats for: wakeup138 (../../devices/platform/soc/soc:qcom,msm-audio-apr/soc:qcom,msm-audio-apr:qcom,q6core-audio/soc:qcom,msm-audio-apr:qcom,q6core-audio:sound/Listen 2 Audio Service/wakeup/wakeup138): Permission denied
03-13 13:05:50.940  8844  9060 E AuthPII : [RequestTokenManager] getToken() -> BAD_AUTHENTICATION. App: com.google.android.gms, Service: oauth2:https://www.googleapis.com/auth/plus.me
03-13 13:05:50.940  8844  9060 E AuthPII : bgcc: Long live credential not available.
03-13 13:05:50.940  8844  9060 E AuthPII : 	at agtw.a(:com.google.android.gms@260931029@26.09.31 (190400-877989800):1347)
03-13 13:05:50.940  8844  9060 E AuthPII : 	at agud.b(:com.google.android.gms@260931029@26.09.31 (190400-877989800):26)
03-13 13:05:50.940  8844  9060 E AuthPII : 	at agub.a(:com.google.android.gms@260931029@26.09.31 (190400-877989800):738)
03-13 13:05:50.940  8844  9060 E AuthPII : 	at agdx.a(:com.google.android.gms@260931029@26.09.31 (190400-877989800):82)
03-13 13:05:50.940  8844  9060 E AuthPII : 	at aaeo.d(:com.google.android.gms@260931029@26.09.31 (190400-877989800):313)
03-13 13:05:50.940  8844  9060 E AuthPII : 	at aaeo.dispatchTransaction(:com.google.android.gms@260931029@26.09.31 (190400-877989800):153)
03-13 13:05:50.940  8844  9060 E AuthPII : 	at byga.a(:com.google.android.gms@260931029@26.09.31 (190400-877989800):72)
03-13 13:05:50.940  8844  9060 E AuthPII : 	at zke.onTransact(:com.google.android.gms@260931029@26.09.31 (190400-877989800):23)
03-13 13:05:50.940  8844  9060 E AuthPII : 	at android.os.Binder.transact(Binder.java:1190)
