03-13 12:13:02.808 11208 11281 E com.luxpro.vip: FrameInsert open fail: No such file or directory
03-13 12:13:04.092  1120  3352 E send_data_to_xlog: get_int_by_key: unable to get property persist.vendor.audio.scenario
03-13 12:13:04.110  1120  3352 E sound_trigger_hw: check_gcs_usecase_switch: Invalid session or non CPE session!
03-13 12:13:05.285  1226  1226 E vendor.qti.hardware.perf@2.2-service: Unknown params
03-13 12:13:05.285  1226  1226 E ANDR-PERF-DATA-POOL: EventDataPool is Full
03-13 12:13:05.285  1226  1226 E ANDR-PERF-MPCTL: perf request submission limit reached.
03-13 12:13:05.291  1226  1226 E vendor.qti.hardware.perf@2.2-service: Unknown params
03-13 12:13:05.291  1226  1226 E vendor.qti.hardware.perf@2.2-service: Unknown params
03-13 12:13:05.291  1226  1226 E ANDR-PERF-DATA-POOL: EventDataPool is Full
03-13 12:13:05.291  1226  1226 E ANDR-PERF-MPCTL: perf request submission limit reached.
03-13 12:13:05.291  1226  1226 E vendor.qti.hardware.perf@2.2-service: Unknown params
03-13 12:13:05.294  1922  4467 E Transition: Trying to add a ready-group twice: Display{#0 state=ON size=1080x2400 ROTATION_0}
03-13 12:13:05.295 11208 11208 E FileUtils: err write to mi_exception_log
03-13 12:13:05.300  1226  1226 E vendor.qti.hardware.perf@2.2-service: Unknown params
03-13 12:13:05.300  1226  1226 E vendor.qti.hardware.perf@2.2-service: Unknown params
03-13 12:13:05.300  1226  1226 E ANDR-PERF-DATA-POOL: EventDataPool is Full
03-13 12:13:05.300  1226  1226 E ANDR-PERF-MPCTL: perf request submission limit reached.
03-13 12:13:05.301  1226  1226 E vendor.qti.hardware.perf@2.2-service: Unknown params
03-13 12:13:05.301  1226  1226 E ANDR-PERF-DATA-POOL: EventDataPool is Full
03-13 12:13:05.301  1226  1226 E ANDR-PERF-MPCTL: perf request submission limit reached.
03-13 12:13:05.301  1226  1430 E ANDR-PERF-LM: MetaMeter: handleAsync() 166: AdaptLaunch Invalid Async
03-13 12:13:05.380 11208 11208 E FileUtils: err write to mi_exception_log
03-13 12:13:05.404 11208 11281 E OpenGLRenderer: Unable to match the desired swap behavior.
03-13 12:13:05.408  3982  4422 E ActivityManagerWrapper: get all recent tasks force including 10523
03-13 12:13:05.419  3982  4422 E ActivityManagerWrapper: getRecentTasksForceIncludingTaskIdIfValid: getRecentTasks: size=3
03-13 12:13:05.419  3982  4422 E ActivityManagerWrapper:  mainTaskId=10523   userId=0   windowMode=1   baseIntent=Intent { act=android.intent.action.MAIN flag=270532608 cmp=ComponentInfo{com.luxpro.vip/com.luxpro.vip.SplashActivity} }
03-13 12:13:05.419  3982  4422 E ActivityManagerWrapper:  mainTaskId=10517   userId=0   windowMode=1   baseIntent=Intent { act=com.tmessages.openchat0.249437130106551222147483647 flag=352321536 cmp=ComponentInfo{org.telegram.messenger.web/org.telegram.ui.LaunchActivity} }
03-13 12:13:05.419  3982  4422 E ActivityManagerWrapper:  mainTaskId=10520   userId=0   windowMode=1   baseIntent=Intent { act=null flag=369098752 cmp=ComponentInfo{com.google.android.googlequicksearchbox/com.google.android.apps.search.assistant.surfaces.voice.robin.main.MainActivity} }
03-13 12:13:05.427  3982  4422 E ActivityManagerWrapper: get all recent tasks force including 10523
03-13 12:13:05.430  3982  4422 E ActivityManagerWrapper: getRecentTasksForceIncludingTaskIdIfValid: getRecentTasks: size=3
03-13 12:13:05.430  3982  4422 E ActivityManagerWrapper:  mainTaskId=10523   userId=0   windowMode=1   baseIntent=Intent { act=android.intent.action.MAIN flag=270532608 cmp=ComponentInfo{com.luxpro.vip/com.luxpro.vip.SplashActivity} }
03-13 12:13:05.430  3982  4422 E ActivityManagerWrapper:  mainTaskId=10517   userId=0   windowMode=1   baseIntent=Intent { act=com.tmessages.openchat0.249437130106551222147483647 flag=352321536 cmp=ComponentInfo{org.telegram.messenger.web/org.telegram.ui.LaunchActivity} }
03-13 12:13:05.430  3982  4422 E ActivityManagerWrapper:  mainTaskId=10520   userId=0   windowMode=1   baseIntent=Intent { act=null flag=369098752 cmp=ComponentInfo{com.google.android.googlequicksearchbox/com.google.android.apps.search.assistant.surfaces.voice.robin.main.MainActivity} }
03-13 12:13:05.491 11208 11208 E FileUtils: err write to mi_exception_log
03-13 12:13:05.500  1226  1226 E vendor.qti.hardware.perf@2.2-service: Unknown params
03-13 12:13:05.502  1226  1226 E vendor.qti.hardware.perf@2.2-service: Unknown params
03-13 12:13:05.543  1222  1610 E SDM     : HWCSession::GetClientTargetProperty: GetClinetTargetProperty interface enter
03-13 12:13:05.543  1226  1226 E ANDR-PERF-DATA-POOL: EventDataPool is Full
03-13 12:13:05.543  1226  1226 E ANDR-PERF-MPCTL: perf request submission limit reached.
03-13 12:13:05.551  1222  1610 E SDM     : HWCSession::GetClientTargetProperty: GetClinetTargetProperty interface enter
03-13 12:13:05.551  1226  1226 E ANDR-PERF-DATA-POOL: EventDataPool is Full
03-13 12:13:05.551  1226  1226 E ANDR-PERF-MPCTL: perf request submission limit reached.
03-13 12:13:05.559  1222  1610 E SDM     : HWCSession::GetClientTargetProperty: GetClinetTargetProperty interface enter
03-13 12:13:05.559  1226  1226 E ANDR-PERF-DATA-POOL: EventDataPool is Full
03-13 12:13:05.559  1226  1226 E ANDR-PERF-MPCTL: perf request submission limit reached.
03-13 12:13:05.567  1222  1610 E SDM     : HWCSession::GetClientTargetProperty: GetClinetTargetProperty interface enter
03-13 12:13:05.567  1226  1226 E ANDR-PERF-DATA-POOL: EventDataPool is Full
03-13 12:13:05.567  1226  1226 E ANDR-PERF-MPCTL: perf request submission limit reached.
03-13 12:13:05.576  1222  1610 E SDM     : HWCSession::GetClientTargetProperty: GetClinetTargetProperty interface enter
03-13 12:13:05.576  1226  1226 E ANDR-PERF-DATA-POOL: EventDataPool is Full
03-13 12:13:05.576  1226  1226 E ANDR-PERF-MPCTL: perf request submission limit reached.
03-13 12:13:05.584  1222  1610 E SDM     : HWCSession::GetClientTargetProperty: GetClinetTargetProperty interface enter
03-13 12:13:05.584  1226  1226 E ANDR-PERF-DATA-POOL: EventDataPool is Full
03-13 12:13:05.584  1226  1226 E ANDR-PERF-MPCTL: perf request submission limit reached.
03-13 12:13:05.592  1222  1610 E SDM     : HWCSession::GetClientTargetProperty: GetClinetTargetProperty interface enter
03-13 12:13:05.592  1226  1226 E ANDR-PERF-DATA-POOL: EventDataPool is Full
03-13 12:13:05.592  1226  1226 E ANDR-PERF-MPCTL: perf request submission limit reached.
03-13 12:13:05.600  1222  1610 E SDM     : HWCSession::GetClientTargetProperty: GetClinetTargetProperty interface enter
03-13 12:13:05.600  1226  1226 E ANDR-PERF-DATA-POOL: EventDataPool is Full
03-13 12:13:05.600  1226  1226 E ANDR-PERF-MPCTL: perf request submission limit reached.
03-13 12:13:05.609  1222  1610 E SDM     : HWCSession::GetClientTargetProperty: GetClinetTargetProperty interface enter
03-13 12:13:05.609  1226  1226 E ANDR-PERF-DATA-POOL: EventDataPool is Full
03-13 12:13:05.609  1226  1226 E ANDR-PERF-MPCTL: perf request submission limit reached.
03-13 12:13:05.617  1222  1610 E SDM     : HWCSession::GetClientTargetProperty: GetClinetTargetProperty interface enter
03-13 12:13:05.617  1226  1226 E ANDR-PERF-DATA-POOL: EventDataPool is Full
03-13 12:13:05.617  1226  1226 E ANDR-PERF-MPCTL: perf request submission limit reached.
03-13 12:13:05.625  1222  1610 E SDM     : HWCSession::GetClientTargetProperty: GetClinetTargetProperty interface enter
03-13 12:13:05.626  1226  1226 E ANDR-PERF-DATA-POOL: EventDataPool is Full
03-13 12:13:05.626  1226  1226 E ANDR-PERF-MPCTL: perf request submission limit reached.
03-13 12:13:05.626  6907  6907 E FileUtils: err write to mi_exception_log
03-13 12:13:05.634  1222  1610 E SDM     : HWCSession::GetClientTargetProperty: GetClinetTargetProperty interface enter
03-13 12:13:05.635  1226  1226 E ANDR-PERF-DATA-POOL: EventDataPool is Full
03-13 12:13:05.635  1226  1226 E ANDR-PERF-MPCTL: perf request submission limit reached.
03-13 12:13:05.642  1222  1610 E SDM     : HWCSession::GetClientTargetProperty: GetClinetTargetProperty interface enter
03-13 12:13:05.642  1226  1226 E ANDR-PERF-DATA-POOL: EventDataPool is Full
03-13 12:13:05.642  1226  1226 E ANDR-PERF-MPCTL: perf request submission limit reached.
03-13 12:13:05.650  1222  1610 E SDM     : HWCSession::GetClientTargetProperty: GetClinetTargetProperty interface enter
03-13 12:13:05.650  1226  1226 E ANDR-PERF-DATA-POOL: EventDataPool is Full
03-13 12:13:05.651  1226  1226 E ANDR-PERF-MPCTL: perf request submission limit reached.
03-13 12:13:05.659  1222  1610 E SDM     : HWCSession::GetClientTargetProperty: GetClinetTargetProperty interface enter
03-13 12:13:05.659  1226  1226 E ANDR-PERF-DATA-POOL: EventDataPool is Full
03-13 12:13:05.659  1226  1226 E ANDR-PERF-MPCTL: perf request submission limit reached.
03-13 12:13:05.667  1222  1610 E SDM     : HWCSession::GetClientTargetProperty: GetClinetTargetProperty interface enter
03-13 12:13:05.667  1226  1226 E ANDR-PERF-DATA-POOL: EventDataPool is Full
03-13 12:13:05.667  1226  1226 E ANDR-PERF-MPCTL: perf request submission limit reached.
03-13 12:13:05.676  1222  1610 E SDM     : HWCSession::GetClientTargetProperty: GetClinetTargetProperty interface enter
03-13 12:13:05.676  1226  1226 E ANDR-PERF-DATA-POOL: EventDataPool is Full
03-13 12:13:05.677  1226  1226 E ANDR-PERF-MPCTL: perf request submission limit reached.
03-13 12:13:05.684  1222  1610 E SDM     : HWCSession::GetClientTargetProperty: GetClinetTargetProperty interface enter
03-13 12:13:05.684  1226  1226 E ANDR-PERF-DATA-POOL: EventDataPool is Full
03-13 12:13:05.684  1226  1226 E ANDR-PERF-MPCTL: perf request submission limit reached.
03-13 12:13:05.692  1222  1610 E SDM     : HWCSession::GetClientTargetProperty: GetClinetTargetProperty interface enter
03-13 12:13:05.692  1226  1226 E ANDR-PERF-DATA-POOL: EventDataPool is Full
03-13 12:13:05.692  1226  1226 E ANDR-PERF-MPCTL: perf request submission limit reached.
03-13 12:13:05.701  1222  1610 E SDM     : HWCSession::GetClientTargetProperty: GetClinetTargetProperty interface enter
03-13 12:13:05.701  1226  1226 E ANDR-PERF-DATA-POOL: EventDataPool is Full
03-13 12:13:05.702  1226  1226 E ANDR-PERF-MPCTL: perf request submission limit reached.
03-13 12:13:05.709  1222  1610 E SDM     : HWCSession::GetClientTargetProperty: GetClinetTargetProperty interface enter
03-13 12:13:05.709  1226  1226 E ANDR-PERF-DATA-POOL: EventDataPool is Full
03-13 12:13:05.709  1226  1226 E ANDR-PERF-MPCTL: perf request submission limit reached.
03-13 12:13:05.717  1222  1610 E SDM     : HWCSession::GetClientTargetProperty: GetClinetTargetProperty interface enter
03-13 12:13:05.717  1226  1226 E ANDR-PERF-DATA-POOL: EventDataPool is Full
03-13 12:13:05.718  1226  1226 E ANDR-PERF-MPCTL: perf request submission limit reached.
03-13 12:13:05.726  1222  1610 E SDM     : HWCSession::GetClientTargetProperty: GetClinetTargetProperty interface enter
03-13 12:13:05.726  1226  1226 E ANDR-PERF-DATA-POOL: EventDataPool is Full
03-13 12:13:05.726  1226  1226 E ANDR-PERF-MPCTL: perf request submission limit reached.
03-13 12:13:05.730  6907  9030 E jhew    : *~*~*~ Previous channel {0} was garbage collected without being shut down! ~*~*~*
03-13 12:13:05.730  6907  9030 E jhew    :     Make sure to call shutdown()/shutdownNow()
03-13 12:13:05.730  6907  9030 E jhew    : java.lang.RuntimeException: ManagedChannel allocation site
03-13 12:13:05.730  6907  9030 E jhew    : 	at jhev.<init>(:com.google.android.gms@260931029@26.09.31 (190400-877989800):21)
03-13 12:13:05.730  6907  9030 E jhew    : 	at jhew.<init>(:com.google.android.gms@260931029@26.09.31 (190400-877989800):10)
03-13 12:13:05.730  6907  9030 E jhew    : 	at jheu.a(:com.google.android.gms@260931029@26.09.31 (190400-877989800):296)
03-13 12:13:05.730  6907  9030 E jhew    : 	at jgmn.a(:com.google.android.gms@260931029@26.09.31 (190400-877989800):5)
03-13 12:13:05.730  6907  9030 E jhew    : 	at cvob.h(:com.google.android.gms@260931029@26.09.31 (190400-877989800):150)
03-13 12:13:05.730  6907  9030 E jhew    : 	at hfhl.a(:com.google.android.gms@260931029@26.09.31 (190400-877989800):142)
03-13 12:13:05.730  6907  9030 E jhew    : 	at gsza.a(:com.google.android.gms@260931029@26.09.31 (190400-877989800):13)
03-13 12:13:05.730  6907  9030 E jhew    : 	at hbwk.a(:com.google.android.gms@260931029@26.09.31 (190400-877989800):3)
03-13 12:13:05.730  6907  9030 E jhew    : 	at hbvl.run(:com.google.android.gms@260931029@26.09.31 (190400-877989800):19)
03-13 12:13:05.730  6907  9030 E jhew    : 	at hbwm.run(:com.google.android.gms@260931029@26.09.31 (190400-877989800):5)
03-13 12:13:05.730  6907  9030 E jhew    : 	at bhir.c(:com.google.android.gms@260931029@26.09.31 (190400-877989800):50)
03-13 12:13:05.730  6907  9030 E jhew    : 	at bhir.run(:com.google.android.gms@260931029@26.09.31 (190400-877989800):73)
03-13 12:13:05.730  6907  9030 E jhew    : 	at java.util.concurrent.ThreadPoolExecutor.runWorker(ThreadPoolExecutor.java:1156)
03-13 12:13:05.730  6907  9030 E jhew    : 	at java.util.concurrent.ThreadPoolExecutor$Worker.run(ThreadPoolExecutor.java:651)
03-13 12:13:05.730  6907  9030 E jhew    : 	at bhoi.run(:com.google.android.gms@260931029@26.09.31 (190400-877989800):8)
03-13 12:13:05.730  6907  9030 E jhew    : 	at java.lang.Thread.run(Thread.java:1119)
03-13 12:13:05.733  1222  1610 E SDM     : HWCSession::GetClientTargetProperty: GetClinetTargetProperty interface enter
03-13 12:13:05.734  1226  1226 E ANDR-PERF-DATA-POOL: EventDataPool is Full
03-13 12:13:05.734  1226  1226 E ANDR-PERF-MPCTL: perf request submission limit reached.
03-13 12:13:05.742  1222  1610 E SDM     : HWCSession::GetClientTargetProperty: GetClinetTargetProperty interface enter
03-13 12:13:05.742  1226  1226 E ANDR-PERF-DATA-POOL: EventDataPool is Full
03-13 12:13:05.742  1226  1226 E ANDR-PERF-MPCTL: perf request submission limit reached.
03-13 12:13:05.751  1222  1610 E SDM     : HWCSession::GetClientTargetProperty: GetClinetTargetProperty interface enter
03-13 12:13:05.751  1226  1226 E ANDR-PERF-DATA-POOL: EventDataPool is Full
03-13 12:13:05.751  1226  1226 E ANDR-PERF-MPCTL: perf request submission limit reached.
03-13 12:13:05.759  1222  1610 E SDM     : HWCSession::GetClientTargetProperty: GetClinetTargetProperty interface enter
03-13 12:13:05.759  1226  1226 E ANDR-PERF-DATA-POOL: EventDataPool is Full
03-13 12:13:05.759  1226  1226 E ANDR-PERF-MPCTL: perf request submission limit reached.
03-13 12:13:05.767  1222  1610 E SDM     : HWCSession::GetClientTargetProperty: GetClinetTargetProperty interface enter
03-13 12:13:05.768  1226  1226 E ANDR-PERF-DATA-POOL: EventDataPool is Full
03-13 12:13:05.768  1226  1226 E ANDR-PERF-MPCTL: perf request submission limit reached.
03-13 12:13:05.775  1222  1610 E SDM     : HWCSession::GetClientTargetProperty: GetClinetTargetProperty interface enter
03-13 12:13:05.776  1226  1226 E ANDR-PERF-DATA-POOL: EventDataPool is Full
03-13 12:13:05.776  1226  1226 E ANDR-PERF-MPCTL: perf request submission limit reached.
03-13 12:13:05.784  1222  1610 E SDM     : HWCSession::GetClientTargetProperty: GetClinetTargetProperty interface enter
03-13 12:13:05.785  1226  1226 E ANDR-PERF-DATA-POOL: EventDataPool is Full
03-13 12:13:05.785  1226  1226 E ANDR-PERF-MPCTL: perf request submission limit reached.
03-13 12:13:05.792  1222  1610 E SDM     : HWCSession::GetClientTargetProperty: GetClinetTargetProperty interface enter
03-13 12:13:05.792  1226  1226 E ANDR-PERF-DATA-POOL: EventDataPool is Full
03-13 12:13:05.792  1226  1226 E ANDR-PERF-MPCTL: perf request submission limit reached.
03-13 12:13:05.801  1222  1610 E SDM     : HWCSession::GetClientTargetProperty: GetClinetTargetProperty interface enter
03-13 12:13:05.801  1226  1226 E ANDR-PERF-DATA-POOL: EventDataPool is Full
03-13 12:13:05.801  1226  1226 E ANDR-PERF-MPCTL: perf request submission limit reached.
03-13 12:13:05.809  1222  1610 E SDM     : HWCSession::GetClientTargetProperty: GetClinetTargetProperty interface enter
03-13 12:13:05.809  1226  1226 E ANDR-PERF-DATA-POOL: EventDataPool is Full
03-13 12:13:05.809  1226  1226 E ANDR-PERF-MPCTL: perf request submission limit reached.
03-13 12:13:05.818  1222  1610 E SDM     : HWCSession::GetClientTargetProperty: GetClinetTargetProperty interface enter
03-13 12:13:05.818  1226  1226 E ANDR-PERF-DATA-POOL: EventDataPool is Full
03-13 12:13:05.818  1226  1226 E ANDR-PERF-MPCTL: perf request submission limit reached.
03-13 12:13:05.826  1222  1610 E SDM     : HWCSession::GetClientTargetProperty: GetClinetTargetProperty interface enter
03-13 12:13:05.827  1226  1226 E ANDR-PERF-DATA-POOL: EventDataPool is Full
03-13 12:13:05.827  1226  1226 E ANDR-PERF-MPCTL: perf request submission limit reached.
03-13 12:13:05.834  1222  1610 E SDM     : HWCSession::GetClientTargetProperty: GetClinetTargetProperty interface enter
03-13 12:13:05.835  1226  1226 E ANDR-PERF-DATA-POOL: EventDataPool is Full
03-13 12:13:05.835  1226  1226 E ANDR-PERF-MPCTL: perf request submission limit reached.
03-13 12:13:05.843  1222  1610 E SDM     : HWCSession::GetClientTargetProperty: GetClinetTargetProperty interface enter
03-13 12:13:05.844  1226  1226 E ANDR-PERF-DATA-POOL: EventDataPool is Full
03-13 12:13:05.844  1226  1226 E ANDR-PERF-MPCTL: perf request submission limit reached.
03-13 12:13:05.851  1222  1610 E SDM     : HWCSession::GetClientTargetProperty: GetClinetTargetProperty interface enter
03-13 12:13:05.851  1226  1226 E ANDR-PERF-DATA-POOL: EventDataPool is Full
03-13 12:13:05.851  1226  1226 E ANDR-PERF-MPCTL: perf request submission limit reached.
03-13 12:13:05.860  1222  1610 E SDM     : HWCSession::GetClientTargetProperty: GetClinetTargetProperty interface enter
03-13 12:13:05.860  1226  1226 E ANDR-PERF-DATA-POOL: EventDataPool is Full
03-13 12:13:05.860  1226  1226 E ANDR-PERF-MPCTL: perf request submission limit reached.
03-13 12:13:05.868  1222  1610 E SDM     : HWCSession::GetClientTargetProperty: GetClinetTargetProperty interface enter
03-13 12:13:05.868  1226  1226 E ANDR-PERF-DATA-POOL: EventDataPool is Full
03-13 12:13:05.868  1226  1226 E ANDR-PERF-MPCTL: perf request submission limit reached.
03-13 12:13:05.876  1222  1610 E SDM     : HWCSession::GetClientTargetProperty: GetClinetTargetProperty interface enter
03-13 12:13:05.878  1226  1226 E ANDR-PERF-DATA-POOL: EventDataPool is Full
03-13 12:13:05.878  1226  1226 E ANDR-PERF-MPCTL: perf request submission limit reached.
03-13 12:13:05.885  1222  1610 E SDM     : HWCSession::GetClientTargetProperty: GetClinetTargetProperty interface enter
03-13 12:13:05.885  1226  1226 E ANDR-PERF-DATA-POOL: EventDataPool is Full
03-13 12:13:05.885  1226  1226 E ANDR-PERF-MPCTL: perf request submission limit reached.
03-13 12:13:05.893  1222  1610 E SDM     : HWCSession::GetClientTargetProperty: GetClinetTargetProperty interface enter
03-13 12:13:05.893  1226  1226 E ANDR-PERF-DATA-POOL: EventDataPool is Full
03-13 12:13:05.893  1226  1226 E ANDR-PERF-MPCTL: perf request submission limit reached.
03-13 12:13:05.901  1222  1610 E SDM     : HWCSession::GetClientTargetProperty: GetClinetTargetProperty interface enter
03-13 12:13:05.903  1226  1226 E ANDR-PERF-DATA-POOL: EventDataPool is Full
03-13 12:13:05.903  1226  1226 E ANDR-PERF-MPCTL: perf request submission limit reached.
03-13 12:13:05.910  1222  1610 E SDM     : HWCSession::GetClientTargetProperty: GetClinetTargetProperty interface enter
03-13 12:13:05.910  1226  1226 E ANDR-PERF-DATA-POOL: EventDataPool is Full
03-13 12:13:05.910  1226  1226 E ANDR-PERF-MPCTL: perf request submission limit reached.
03-13 12:13:05.917  1222  1610 E SDM     : HWCSession::GetClientTargetProperty: GetClinetTargetProperty interface enter
03-13 12:13:05.918  1226  1226 E ANDR-PERF-DATA-POOL: EventDataPool is Full
03-13 12:13:05.918  1226  1226 E ANDR-PERF-MPCTL: perf request submission limit reached.
03-13 12:13:05.926  1222  1610 E SDM     : HWCSession::GetClientTargetProperty: GetClinetTargetProperty interface enter
03-13 12:13:05.926  1226  1226 E ANDR-PERF-DATA-POOL: EventDataPool is Full
03-13 12:13:05.926  1226  1226 E ANDR-PERF-MPCTL: perf request submission limit reached.
03-13 12:13:05.934  1222  1610 E SDM     : HWCSession::GetClientTargetProperty: GetClinetTargetProperty interface enter
03-13 12:13:05.934  1226  1226 E ANDR-PERF-DATA-POOL: EventDataPool is Full
03-13 12:13:05.934  1226  1226 E ANDR-PERF-MPCTL: perf request submission limit reached.
03-13 12:13:05.942  1222  1610 E SDM     : HWCSession::GetClientTargetProperty: GetClinetTargetProperty interface enter
03-13 12:13:05.942  1226  1226 E ANDR-PERF-DATA-POOL: EventDataPool is Full
03-13 12:13:05.942  1226  1226 E ANDR-PERF-MPCTL: perf request submission limit reached.
03-13 12:13:05.950  1222  1610 E SDM     : HWCSession::GetClientTargetProperty: GetClinetTargetProperty interface enter
03-13 12:13:05.951  1226  1226 E ANDR-PERF-DATA-POOL: EventDataPool is Full
03-13 12:13:05.951  1226  1226 E ANDR-PERF-MPCTL: perf request submission limit reached.
03-13 12:13:05.959  1222  1610 E SDM     : HWCSession::GetClientTargetProperty: GetClinetTargetProperty interface enter
03-13 12:13:05.960  1226  1226 E ANDR-PERF-DATA-POOL: EventDataPool is Full
03-13 12:13:05.960  1226  1226 E ANDR-PERF-MPCTL: perf request submission limit reached.
03-13 12:13:05.968  1222  1610 E SDM     : HWCSession::GetClientTargetProperty: GetClinetTargetProperty interface enter
03-13 12:13:05.968  1226  1226 E ANDR-PERF-DATA-POOL: EventDataPool is Full
03-13 12:13:05.968  1226  1226 E ANDR-PERF-MPCTL: perf request submission limit reached.
03-13 12:13:05.976  1222  1610 E SDM     : HWCSession::GetClientTargetProperty: GetClinetTargetProperty interface enter
03-13 12:13:05.976  1226  1226 E ANDR-PERF-DATA-POOL: EventDataPool is Full
03-13 12:13:05.976  1226  1226 E ANDR-PERF-MPCTL: perf request submission limit reached.
03-13 12:13:05.984  1222  1610 E SDM     : HWCSession::GetClientTargetProperty: GetClinetTargetProperty interface enter
03-13 12:13:05.985  1226  1226 E ANDR-PERF-DATA-POOL: EventDataPool is Full
03-13 12:13:05.985  1226  1226 E ANDR-PERF-MPCTL: perf request submission limit reached.
03-13 12:13:05.993  1222  1610 E SDM     : HWCSession::GetClientTargetProperty: GetClinetTargetProperty interface enter
03-13 12:13:05.993  1226  1226 E ANDR-PERF-DATA-POOL: EventDataPool is Full
03-13 12:13:05.993  1226  1226 E ANDR-PERF-MPCTL: perf request submission limit reached.
03-13 12:13:06.001  1222  1610 E SDM     : HWCSession::GetClientTargetProperty: GetClinetTargetProperty interface enter
03-13 12:13:06.001  1226  1226 E ANDR-PERF-DATA-POOL: EventDataPool is Full
03-13 12:13:06.001  1226  1226 E ANDR-PERF-MPCTL: perf request submission limit reached.
03-13 12:13:06.009  1222  1610 E SDM     : HWCSession::GetClientTargetProperty: GetClinetTargetProperty interface enter
03-13 12:13:06.009  1226  1226 E ANDR-PERF-DATA-POOL: EventDataPool is Full
03-13 12:13:06.009  1226  1226 E ANDR-PERF-MPCTL: perf request submission limit reached.
03-13 12:13:06.018  1222  1610 E SDM     : HWCSession::GetClientTargetProperty: GetClinetTargetProperty interface enter
03-13 12:13:06.018  1226  1226 E ANDR-PERF-DATA-POOL: EventDataPool is Full
03-13 12:13:06.018  1226  1226 E ANDR-PERF-MPCTL: perf request submission limit reached.
03-13 12:13:06.025  1222  1610 E SDM     : HWCSession::GetClientTargetProperty: GetClinetTargetProperty interface enter
03-13 12:13:06.026  1226  1226 E ANDR-PERF-DATA-POOL: EventDataPool is Full
03-13 12:13:06.026  1226  1226 E ANDR-PERF-MPCTL: perf request submission limit reached.
03-13 12:13:07.651  1922  2990 E OpenGLRenderer: Unable to match the desired swap behavior.
03-13 12:13:09.252  1226  1226 E vendor.qti.hardware.perf@2.2-service: Unknown params
03-13 12:13:09.253  1226  1226 E ANDR-PERF-DATA-POOL: EventDataPool is Full
03-13 12:13:09.253  1226  1226 E ANDR-PERF-MPCTL: perf request submission limit reached.
03-13 12:13:09.259  1226  1226 E vendor.qti.hardware.perf@2.2-service: Unknown params
03-13 12:13:09.259  1226  1226 E vendor.qti.hardware.perf@2.2-service: Unknown params
03-13 12:13:09.259  1226  1226 E ANDR-PERF-DATA-POOL: EventDataPool is Full
03-13 12:13:09.259  1226  1226 E ANDR-PERF-MPCTL: perf request submission limit reached.
03-13 12:13:09.260  1226  1226 E vendor.qti.hardware.perf@2.2-service: Unknown params
03-13 12:13:09.262  1922  6856 E Transition: Trying to add a ready-group twice: Display{#0 state=ON size=1080x2400 ROTATION_0}
03-13 12:13:09.266 11208 11208 E FileUtils: err write to mi_exception_log
03-13 12:13:09.271  1226  1226 E vendor.qti.hardware.perf@2.2-service: Unknown params
03-13 12:13:09.271  1226  1226 E vendor.qti.hardware.perf@2.2-service: Unknown params
03-13 12:13:09.271  1226  1226 E ANDR-PERF-DATA-POOL: EventDataPool is Full
03-13 12:13:09.271  1226  1226 E ANDR-PERF-MPCTL: perf request submission limit reached.
03-13 12:13:09.273  1226  1226 E vendor.qti.hardware.perf@2.2-service: Unknown params
03-13 12:13:09.273  1226  1226 E ANDR-PERF-DATA-POOL: EventDataPool is Full
03-13 12:13:09.273  1226  1226 E ANDR-PERF-MPCTL: perf request submission limit reached.
03-13 12:13:09.274  1226  1430 E ANDR-PERF-LM: MetaMeter: handleAsync() 166: AdaptLaunch Invalid Async
03-13 12:13:09.280  1226  1226 E vendor.qti.hardware.perf@2.2-service: Unknown params
03-13 12:13:09.280  1226  1226 E ANDR-PERF-DATA-POOL: EventDataPool is Full
03-13 12:13:09.280  1226  1226 E ANDR-PERF-MPCTL: perf request submission limit reached.
03-13 12:13:09.280  1226  1226 E vendor.qti.hardware.perf@2.2-service: Unknown params
03-13 12:13:09.280  1226  1226 E ANDR-PERF-DATA-POOL: EventDataPool is Full
03-13 12:13:09.280  1226  1226 E ANDR-PERF-MPCTL: perf request submission limit reached.
03-13 12:13:09.313  1226  1226 E vendor.qti.hardware.perf@2.2-service: Unknown params
03-13 12:13:09.331  2846  2846 E FileUtils: err write to mi_exception_log
03-13 12:13:09.333  1226  1226 E vendor.qti.hardware.perf@2.2-service: Unknown params
03-13 12:13:09.333  1226  1226 E vendor.qti.hardware.perf@2.2-service: Unknown params
03-13 12:13:09.333  1226  1226 E ANDR-PERF-DATA-POOL: EventDataPool is Full
03-13 12:13:09.333  1226  1226 E ANDR-PERF-MPCTL: perf request submission limit reached.
03-13 12:13:09.339  1226  1226 E vendor.qti.hardware.perf@2.2-service: Unknown params
03-13 12:13:09.339  1226  1226 E ANDR-PERF-DATA-POOL: EventDataPool is Full
03-13 12:13:09.339  1226  1226 E ANDR-PERF-MPCTL: perf request submission limit reached.
03-13 12:13:09.339  1226  1226 E vendor.qti.hardware.perf@2.2-service: Unknown params
03-13 12:13:09.339  1226  1226 E ANDR-PERF-DATA-POOL: EventDataPool is Full
03-13 12:13:09.339  1226  1226 E ANDR-PERF-MPCTL: perf request submission limit reached.
03-13 12:13:09.446  3982  4422 E ActivityManagerWrapper: get all recent tasks force including 10523
03-13 12:13:09.450  3982  4422 E ActivityManagerWrapper: getRecentTasksForceIncludingTaskIdIfValid: getRecentTasks: size=3
03-13 12:13:09.450  3982  4422 E ActivityManagerWrapper:  mainTaskId=10523   userId=0   windowMode=1   baseIntent=Intent { act=android.intent.action.MAIN flag=270532608 cmp=ComponentInfo{com.luxpro.vip/com.luxpro.vip.SplashActivity} }
03-13 12:13:09.450  3982  4422 E ActivityManagerWrapper:  mainTaskId=10517   userId=0   windowMode=1   baseIntent=Intent { act=com.tmessages.openchat0.249437130106551222147483647 flag=352321536 cmp=ComponentInfo{org.telegram.messenger.web/org.telegram.ui.LaunchActivity} }
03-13 12:13:09.450  3982  4422 E ActivityManagerWrapper:  mainTaskId=10520   userId=0   windowMode=1   baseIntent=Intent { act=null flag=369098752 cmp=ComponentInfo{com.google.android.googlequicksearchbox/com.google.android.apps.search.assistant.surfaces.voice.robin.main.MainActivity} }
03-13 12:13:09.461  3982  4422 E ActivityManagerWrapper: get all recent tasks force including 10523
03-13 12:13:09.463  3982  4422 E ActivityManagerWrapper: getRecentTasksForceIncludingTaskIdIfValid: getRecentTasks: size=3
03-13 12:13:09.463  3982  4422 E ActivityManagerWrapper:  mainTaskId=10523   userId=0   windowMode=1   baseIntent=Intent { act=android.intent.action.MAIN flag=270532608 cmp=ComponentInfo{com.luxpro.vip/com.luxpro.vip.SplashActivity} }
03-13 12:13:09.463  3982  4422 E ActivityManagerWrapper:  mainTaskId=10517   userId=0   windowMode=1   baseIntent=Intent { act=com.tmessages.openchat0.249437130106551222147483647 flag=352321536 cmp=ComponentInfo{org.telegram.messenger.web/org.telegram.ui.LaunchActivity} }
03-13 12:13:09.463  3982  4422 E ActivityManagerWrapper:  mainTaskId=10520   userId=0   windowMode=1   baseIntent=Intent { act=null flag=369098752 cmp=ComponentInfo{com.google.android.googlequicksearchbox/com.google.android.apps.search.assistant.surfaces.voice.robin.main.MainActivity} }
03-13 12:13:09.960  1922  6966 E VibratorManagerServiceImpl: skipandroid.os.RemoteException: Method setUsageExt is unimplemented.
03-13 12:13:11.575  1226  1226 E vendor.qti.hardware.perf@2.2-service: Unknown params
03-13 12:13:11.575  1226  1226 E ANDR-PERF-DATA-POOL: EventDataPool is Full
03-13 12:13:11.575  1226  1226 E ANDR-PERF-MPCTL: perf request submission limit reached.
03-13 12:13:11.579  1226  1226 E vendor.qti.hardware.perf@2.2-service: Unknown params
03-13 12:13:11.579  1226  1226 E vendor.qti.hardware.perf@2.2-service: Unknown params
03-13 12:13:11.579  1226  1226 E ANDR-PERF-DATA-POOL: EventDataPool is Full
03-13 12:13:11.579  1226  1226 E ANDR-PERF-MPCTL: perf request submission limit reached.
03-13 12:13:11.579  1226  1226 E vendor.qti.hardware.perf@2.2-service: Unknown params
03-13 12:13:11.582  1922  2010 E Transition: Trying to add a ready-group twice: Display{#0 state=ON size=1080x2400 ROTATION_0}
03-13 12:13:11.587  1226  1226 E vendor.qti.hardware.perf@2.2-service: Unknown params
03-13 12:13:11.587  1226  1226 E vendor.qti.hardware.perf@2.2-service: Unknown params
03-13 12:13:11.587  1226  1226 E ANDR-PERF-DATA-POOL: EventDataPool is Full
03-13 12:13:11.587  1226  1226 E ANDR-PERF-MPCTL: perf request submission limit reached.
03-13 12:13:11.589  1226  1226 E vendor.qti.hardware.perf@2.2-service: Unknown params
03-13 12:13:11.589  1226  1226 E ANDR-PERF-DATA-POOL: EventDataPool is Full
03-13 12:13:11.589  1226  1226 E ANDR-PERF-MPCTL: perf request submission limit reached.
03-13 12:13:11.590  1226  1430 E ANDR-PERF-LM: MetaMeter: handleAsync() 166: AdaptLaunch Invalid Async
03-13 12:13:11.700  3982  4422 E ActivityManagerWrapper: get all recent tasks force including 10523
03-13 12:13:11.702  3982  4422 E ActivityManagerWrapper: getRecentTasksForceIncludingTaskIdIfValid: getRecentTasks: size=3
03-13 12:13:11.702  3982  4422 E ActivityManagerWrapper:  mainTaskId=10523   userId=0   windowMode=1   baseIntent=Intent { act=android.intent.action.MAIN flag=270532608 cmp=ComponentInfo{com.luxpro.vip/com.luxpro.vip.SplashActivity} }
03-13 12:13:11.702  3982  4422 E ActivityManagerWrapper:  mainTaskId=10517   userId=0   windowMode=1   baseIntent=Intent { act=com.tmessages.openchat0.249437130106551222147483647 flag=352321536 cmp=ComponentInfo{org.telegram.messenger.web/org.telegram.ui.LaunchActivity} }
03-13 12:13:11.702  3982  4422 E ActivityManagerWrapper:  mainTaskId=10520   userId=0   windowMode=1   baseIntent=Intent { act=null flag=369098752 cmp=ComponentInfo{com.google.android.googlequicksearchbox/com.google.android.apps.search.assistant.surfaces.voice.robin.main.MainActivity} }
03-13 12:13:11.710  3982  4422 E ActivityManagerWrapper: get all recent tasks force including 10523
03-13 12:13:11.712  3982  4422 E ActivityManagerWrapper: getRecentTasksForceIncludingTaskIdIfValid: getRecentTasks: size=3
03-13 12:13:11.712  3982  4422 E ActivityManagerWrapper:  mainTaskId=10523   userId=0   windowMode=1   baseIntent=Intent { act=android.intent.action.MAIN flag=270532608 cmp=ComponentInfo{com.luxpro.vip/com.luxpro.vip.SplashActivity} }
03-13 12:13:11.712  3982  4422 E ActivityManagerWrapper:  mainTaskId=10517   userId=0   windowMode=1   baseIntent=Intent { act=com.tmessages.openchat0.249437130106551222147483647 flag=352321536 cmp=ComponentInfo{org.telegram.messenger.web/org.telegram.ui.LaunchActivity} }
03-13 12:13:11.712  3982  4422 E ActivityManagerWrapper:  mainTaskId=10520   userId=0   windowMode=1   baseIntent=Intent { act=null flag=369098752 cmp=ComponentInfo{com.google.android.googlequicksearchbox/com.google.android.apps.search.assistant.surfaces.voice.robin.main.MainActivity} }
03-13 12:13:11.826  1897 13706 E AudioSystem: invalid attributes { Content type: AUDIO_CONTENT_TYPE_UNKNOWN Usage: AUDIO_USAGE_UNKNOWN Source: AUDIO_SOURCE_INVALID Flags: 0x800 Tags:  } when converting to stream
03-13 12:13:11.891  1897 31169 E AudioSystem: invalid attributes { Content type: AUDIO_CONTENT_TYPE_UNKNOWN Usage: AUDIO_USAGE_UNKNOWN Source: AUDIO_SOURCE_INVALID Flags: 0x800 Tags:  } when converting to stream
03-13 12:13:11.897  1894 15048 E MP3Extractor: Unable to resync. Signalling end of stream.
03-13 12:13:11.913  1897 31169 E AudioSystem: invalid attributes { Content type: AUDIO_CONTENT_TYPE_UNKNOWN Usage: AUDIO_USAGE_UNKNOWN Source: AUDIO_SOURCE_INVALID Flags: 0x800 Tags:  } when converting to stream
03-13 12:13:11.946 11208 11208 E FileUtils: err write to mi_exception_log
03-13 12:13:11.947 11208 11208 E FileUtils: err write to mi_exception_log
03-13 12:13:11.972 11208 11281 E OpenGLRenderer: Unable to match the desired swap behavior.
03-13 12:13:12.040 11208 11208 E FileUtils: err write to mi_exception_log
03-13 12:13:12.046  1226  1226 E vendor.qti.hardware.perf@2.2-service: Unknown params
03-13 12:13:12.047  1226  1226 E vendor.qti.hardware.perf@2.2-service: Unknown params
03-13 12:13:12.102  1222  1610 E SDM     : HWCSession::GetClientTargetProperty: GetClinetTargetProperty interface enter
03-13 12:13:12.102  1226  1226 E ANDR-PERF-DATA-POOL: EventDataPool is Full
03-13 12:13:12.102  1226  1226 E ANDR-PERF-MPCTL: perf request submission limit reached.
03-13 12:13:12.112  1222  1610 E SDM     : HWCSession::GetClientTargetProperty: GetClinetTargetProperty interface enter
03-13 12:13:12.112  1226  1226 E ANDR-PERF-DATA-POOL: EventDataPool is Full
03-13 12:13:12.112  1226  1226 E ANDR-PERF-MPCTL: perf request submission limit reached.
03-13 12:13:12.117  1222  1610 E SDM     : HWCSession::GetClientTargetProperty: GetClinetTargetProperty interface enter
03-13 12:13:12.118  1226  1226 E ANDR-PERF-DATA-POOL: EventDataPool is Full
03-13 12:13:12.118  1226  1226 E ANDR-PERF-MPCTL: perf request submission limit reached.
03-13 12:13:12.124  1222  1610 E SDM     : HWCSession::GetClientTargetProperty: GetClinetTargetProperty interface enter
03-13 12:13:12.124  1226  1226 E ANDR-PERF-DATA-POOL: EventDataPool is Full
03-13 12:13:12.124  1226  1226 E ANDR-PERF-MPCTL: perf request submission limit reached.
03-13 12:13:12.132  1222  1610 E SDM     : HWCSession::GetClientTargetProperty: GetClinetTargetProperty interface enter
03-13 12:13:12.132  1226  1226 E ANDR-PERF-DATA-POOL: EventDataPool is Full
03-13 12:13:12.132  1226  1226 E ANDR-PERF-MPCTL: perf request submission limit reached.
03-13 12:13:12.140  1222  1610 E SDM     : HWCSession::GetClientTargetProperty: GetClinetTargetProperty interface enter
03-13 12:13:12.141 11208 11208 E FileUtils: err write to mi_exception_log
03-13 12:13:12.141  1226  1226 E ANDR-PERF-DATA-POOL: EventDataPool is Full
03-13 12:13:12.141  1226  1226 E ANDR-PERF-MPCTL: perf request submission limit reached.
03-13 12:13:12.150  1222  1610 E SDM     : HWCSession::GetClientTargetProperty: GetClinetTargetProperty interface enter
03-13 12:13:12.150  1226  1226 E ANDR-PERF-DATA-POOL: EventDataPool is Full
03-13 12:13:12.150  1226  1226 E ANDR-PERF-MPCTL: perf request submission limit reached.
03-13 12:13:12.159  1222  1610 E SDM     : HWCSession::GetClientTargetProperty: GetClinetTargetProperty interface enter
03-13 12:13:12.159  1226  1226 E ANDR-PERF-DATA-POOL: EventDataPool is Full
03-13 12:13:12.159  1226  1226 E ANDR-PERF-MPCTL: perf request submission limit reached.
03-13 12:13:12.167  1222  1610 E SDM     : HWCSession::GetClientTargetProperty: GetClinetTargetProperty interface enter
03-13 12:13:12.167  1226  1226 E ANDR-PERF-DATA-POOL: EventDataPool is Full
03-13 12:13:12.167  1226  1226 E ANDR-PERF-MPCTL: perf request submission limit reached.
03-13 12:13:12.174  1222  1610 E SDM     : HWCSession::GetClientTargetProperty: GetClinetTargetProperty interface enter
03-13 12:13:12.174  1226  1226 E ANDR-PERF-DATA-POOL: EventDataPool is Full
03-13 12:13:12.174  1226  1226 E ANDR-PERF-MPCTL: perf request submission limit reached.
03-13 12:13:12.183  1222  1610 E SDM     : HWCSession::GetClientTargetProperty: GetClinetTargetProperty interface enter
03-13 12:13:12.183  1226  1226 E ANDR-PERF-DATA-POOL: EventDataPool is Full
03-13 12:13:12.183  1226  1226 E ANDR-PERF-MPCTL: perf request submission limit reached.
03-13 12:13:12.191  1222  1610 E SDM     : HWCSession::GetClientTargetProperty: GetClinetTargetProperty interface enter
03-13 12:13:12.191  1226  1226 E ANDR-PERF-DATA-POOL: EventDataPool is Full
03-13 12:13:12.191  1226  1226 E ANDR-PERF-MPCTL: perf request submission limit reached.
03-13 12:13:12.199  1222  1610 E SDM     : HWCSession::GetClientTargetProperty: GetClinetTargetProperty interface enter
03-13 12:13:12.200  1226  1226 E ANDR-PERF-DATA-POOL: EventDataPool is Full
03-13 12:13:12.200  1226  1226 E ANDR-PERF-MPCTL: perf request submission limit reached.
03-13 12:13:12.208  1222  1610 E SDM     : HWCSession::GetClientTargetProperty: GetClinetTargetProperty interface enter
03-13 12:13:12.208  1226  1226 E ANDR-PERF-DATA-POOL: EventDataPool is Full
03-13 12:13:12.208  1226  1226 E ANDR-PERF-MPCTL: perf request submission limit reached.
03-13 12:13:12.216  1222  1610 E SDM     : HWCSession::GetClientTargetProperty: GetClinetTargetProperty interface enter
03-13 12:13:12.216  1226  1226 E ANDR-PERF-DATA-POOL: EventDataPool is Full
03-13 12:13:12.216  1226  1226 E ANDR-PERF-MPCTL: perf request submission limit reached.
03-13 12:13:12.225  1222  1610 E SDM     : HWCSession::GetClientTargetProperty: GetClinetTargetProperty interface enter
03-13 12:13:12.225  1226  1226 E ANDR-PERF-DATA-POOL: EventDataPool is Full
03-13 12:13:12.225  1226  1226 E ANDR-PERF-MPCTL: perf request submission limit reached.
03-13 12:13:13.455  1226  1226 E vendor.qti.hardware.perf@2.2-service: Unknown params
03-13 12:13:13.456  1226  1226 E vendor.qti.hardware.perf@2.2-service: Unknown params
03-13 12:13:13.456  1226  1226 E ANDR-PERF-DATA-POOL: EventDataPool is Full
03-13 12:13:13.456  1226  1226 E ANDR-PERF-MPCTL: perf request submission limit reached.
03-13 12:13:13.457  1226  1226 E vendor.qti.hardware.perf@2.2-service: Unknown params
03-13 12:13:13.457  1226  1226 E vendor.qti.hardware.perf@2.2-service: Unknown params
03-13 12:13:13.457  1226  1226 E ANDR-PERF-DATA-POOL: EventDataPool is Full
03-13 12:13:13.457  1226  1226 E ANDR-PERF-MPCTL: perf request submission limit reached.
03-13 12:13:13.514  1226  1226 E vendor.qti.hardware.perf@2.2-service: Unknown params
03-13 12:13:13.514  1226  1226 E vendor.qti.hardware.perf@2.2-service: Unknown params
03-13 12:13:13.514  1226  1226 E ANDR-PERF-DATA-POOL: EventDataPool is Full
03-13 12:13:13.514  1226  1226 E ANDR-PERF-MPCTL: perf request submission limit reached.
03-13 12:13:13.515  1226  1226 E vendor.qti.hardware.perf@2.2-service: Unknown params
03-13 12:13:16.853  1226  1226 E vendor.qti.hardware.perf@2.2-service: Unknown params
03-13 12:13:16.853  1226  1226 E ANDR-PERF-DATA-POOL: EventDataPool is Full
03-13 12:13:16.853  1226  1226 E ANDR-PERF-MPCTL: perf request submission limit reached.
03-13 12:13:16.858  1226  1226 E vendor.qti.hardware.perf@2.2-service: Unknown params
03-13 12:13:16.858  1226  1226 E vendor.qti.hardware.perf@2.2-service: Unknown params
03-13 12:13:16.861  1922  4467 E Transition: Trying to add a ready-group twice: Display{#0 state=ON size=1080x2400 ROTATION_0}
03-13 12:13:16.862 11208 11208 E FileUtils: err write to mi_exception_log
03-13 12:13:16.862 11208 11208 E FileUtils: err write to mi_exception_log
03-13 12:13:16.866  1226  1226 E vendor.qti.hardware.perf@2.2-service: Unknown params
03-13 12:13:16.882  1226  1226 E vendor.qti.hardware.perf@2.2-service: Unknown params
03-13 12:13:16.882  1226  1226 E ANDR-PERF-DATA-POOL: EventDataPool is Full
03-13 12:13:16.882  1226  1226 E ANDR-PERF-MPCTL: perf request submission limit reached.
03-13 12:13:16.882  1226  1430 E ANDR-PERF-LM: MetaMeter: handleAsync() 166: AdaptLaunch Invalid Async
03-13 12:13:16.887  1226  1226 E vendor.qti.hardware.perf@2.2-service: Unknown params
03-13 12:13:16.891 11692 11692 E Zygote  : process_name_ptr:11692 com.android.settings
03-13 12:13:16.916 11692 11692 E ndroid.settings: Not starting debugger since process cannot load the jdwp agent.
03-13 12:13:16.930  3947  4355 E OpenGLRenderer: Unable to match the desired swap behavior.
03-13 12:13:16.937  1226  1226 E vendor.qti.hardware.perf@2.2-service: Unknown params
03-13 12:13:16.937  1226  1226 E ANDR-PERF-DATA-POOL: EventDataPool is Full
03-13 12:13:16.937  1226  1226 E ANDR-PERF-MPCTL: perf request submission limit reached.
03-13 12:13:16.938  1226  1430 E ANDR-PERF-LM: MetaMeter: handleAsync() 166: AdaptLaunch Invalid Async
03-13 12:13:16.946  1226  1226 E vendor.qti.hardware.perf@2.2-service: Unknown params
03-13 12:13:16.946  1226  1226 E ANDR-PERF-DATA-POOL: EventDataPool is Full
03-13 12:13:16.946  1226  1226 E ANDR-PERF-MPCTL: perf request submission limit reached.
03-13 12:13:16.970  3982  4422 E ActivityManagerWrapper: get all recent tasks force including 10523
03-13 12:13:16.973  3982  4422 E ActivityManagerWrapper: getRecentTasksForceIncludingTaskIdIfValid: getRecentTasks: size=3
03-13 12:13:16.973  3982  4422 E ActivityManagerWrapper:  mainTaskId=10523   userId=0   windowMode=1   baseIntent=Intent { act=android.intent.action.MAIN flag=270532608 cmp=ComponentInfo{com.luxpro.vip/com.luxpro.vip.SplashActivity} }
03-13 12:13:16.973  3982  4422 E ActivityManagerWrapper:  mainTaskId=10517   userId=0   windowMode=1   baseIntent=Intent { act=com.tmessages.openchat0.249437130106551222147483647 flag=352321536 cmp=ComponentInfo{org.telegram.messenger.web/org.telegram.ui.LaunchActivity} }
03-13 12:13:16.973  3982  4422 E ActivityManagerWrapper:  mainTaskId=10520   userId=0   windowMode=1   baseIntent=Intent { act=null flag=369098752 cmp=ComponentInfo{com.google.android.googlequicksearchbox/com.google.android.apps.search.assistant.surfaces.voice.robin.main.MainActivity} }
03-13 12:13:16.986  3982  4422 E ActivityManagerWrapper: get all recent tasks force including 10523
03-13 12:13:16.987  1222  1610 E SDM     : HWCSession::GetClientTargetProperty: GetClinetTargetProperty interface enter
03-13 12:13:16.988  1226  1226 E ANDR-PERF-DATA-POOL: EventDataPool is Full
03-13 12:13:16.988  1226  1226 E ANDR-PERF-MPCTL: perf request submission limit reached.
03-13 12:13:16.988  3982  4422 E ActivityManagerWrapper: getRecentTasksForceIncludingTaskIdIfValid: getRecentTasks: size=3
03-13 12:13:16.988  3982  4422 E ActivityManagerWrapper:  mainTaskId=10523   userId=0   windowMode=1   baseIntent=Intent { act=android.intent.action.MAIN flag=270532608 cmp=ComponentInfo{com.luxpro.vip/com.luxpro.vip.SplashActivity} }
03-13 12:13:16.988  3982  4422 E ActivityManagerWrapper:  mainTaskId=10517   userId=0   windowMode=1   baseIntent=Intent { act=com.tmessages.openchat0.249437130106551222147483647 flag=352321536 cmp=ComponentInfo{org.telegram.messenger.web/org.telegram.ui.LaunchActivity} }
03-13 12:13:16.988  3982  4422 E ActivityManagerWrapper:  mainTaskId=10520   userId=0   windowMode=1   baseIntent=Intent { act=null flag=369098752 cmp=ComponentInfo{com.google.android.googlequicksearchbox/com.google.android.apps.search.assistant.surfaces.voice.robin.main.MainActivity} }
03-13 12:13:16.996  1222  1610 E SDM     : HWCSession::GetClientTargetProperty: GetClinetTargetProperty interface enter
03-13 12:13:16.996  1226  1226 E ANDR-PERF-DATA-POOL: EventDataPool is Full
03-13 12:13:16.997  1226  1226 E ANDR-PERF-MPCTL: perf request submission limit reached.
03-13 12:13:17.002  1222  1610 E SDM     : HWCSession::GetClientTargetProperty: GetClinetTargetProperty interface enter
03-13 12:13:17.002  1226  1226 E ANDR-PERF-DATA-POOL: EventDataPool is Full
03-13 12:13:17.002  1226  1226 E ANDR-PERF-MPCTL: perf request submission limit reached.
03-13 12:13:17.011  1222  1610 E SDM     : HWCSession::GetClientTargetProperty: GetClinetTargetProperty interface enter
03-13 12:13:17.011  1226  1226 E ANDR-PERF-DATA-POOL: EventDataPool is Full
03-13 12:13:17.011  1226  1226 E ANDR-PERF-MPCTL: perf request submission limit reached.
03-13 12:13:17.019  1222  1610 E SDM     : HWCSession::GetClientTargetProperty: GetClinetTargetProperty interface enter
03-13 12:13:17.019  1226  1226 E ANDR-PERF-DATA-POOL: EventDataPool is Full
03-13 12:13:17.019  1226  1226 E ANDR-PERF-MPCTL: perf request submission limit reached.
03-13 12:13:17.027  1222  1610 E SDM     : HWCSession::GetClientTargetProperty: GetClinetTargetProperty interface enter
03-13 12:13:17.027  1226  1226 E ANDR-PERF-DATA-POOL: EventDataPool is Full
03-13 12:13:17.027  1226  1226 E ANDR-PERF-MPCTL: perf request submission limit reached.
03-13 12:13:17.036  1222  1610 E SDM     : HWCSession::GetClientTargetProperty: GetClinetTargetProperty interface enter
03-13 12:13:17.036  1226  1226 E ANDR-PERF-DATA-POOL: EventDataPool is Full
03-13 12:13:17.036  1226  1226 E ANDR-PERF-MPCTL: perf request submission limit reached.
03-13 12:13:17.044  1222  1610 E SDM     : HWCSession::GetClientTargetProperty: GetClinetTargetProperty interface enter
03-13 12:13:17.044  1226  1226 E ANDR-PERF-DATA-POOL: EventDataPool is Full
03-13 12:13:17.044  1226  1226 E ANDR-PERF-MPCTL: perf request submission limit reached.
03-13 12:13:17.052  1222  1610 E SDM     : HWCSession::GetClientTargetProperty: GetClinetTargetProperty interface enter
03-13 12:13:17.053  1226  1226 E ANDR-PERF-DATA-POOL: EventDataPool is Full
03-13 12:13:17.053  1226  1226 E ANDR-PERF-MPCTL: perf request submission limit reached.
03-13 12:13:17.061  1222  1610 E SDM     : HWCSession::GetClientTargetProperty: GetClinetTargetProperty interface enter
03-13 12:13:17.061  1226  1226 E ANDR-PERF-DATA-POOL: EventDataPool is Full
03-13 12:13:17.061  1226  1226 E ANDR-PERF-MPCTL: perf request submission limit reached.
03-13 12:13:17.069  1222  1610 E SDM     : HWCSession::GetClientTargetProperty: GetClinetTargetProperty interface enter
03-13 12:13:17.069  1226  1226 E ANDR-PERF-DATA-POOL: EventDataPool is Full
03-13 12:13:17.069  1226  1226 E ANDR-PERF-MPCTL: perf request submission limit reached.
03-13 12:13:17.078  1222  1610 E SDM     : HWCSession::GetClientTargetProperty: GetClinetTargetProperty interface enter
03-13 12:13:17.078  1226  1226 E ANDR-PERF-DATA-POOL: EventDataPool is Full
03-13 12:13:17.078  1226  1226 E ANDR-PERF-MPCTL: perf request submission limit reached.
03-13 12:13:17.086  1222  1610 E SDM     : HWCSession::GetClientTargetProperty: GetClinetTargetProperty interface enter
03-13 12:13:17.086  1226  1226 E ANDR-PERF-DATA-POOL: EventDataPool is Full
03-13 12:13:17.086  1226  1226 E ANDR-PERF-MPCTL: perf request submission limit reached.
03-13 12:13:17.095  1222  1610 E SDM     : HWCSession::GetClientTargetProperty: GetClinetTargetProperty interface enter
03-13 12:13:17.095  1226  1226 E ANDR-PERF-DATA-POOL: EventDataPool is Full
03-13 12:13:17.095  1226  1226 E ANDR-PERF-MPCTL: perf request submission limit reached.
03-13 12:13:17.103  1222  1610 E SDM     : HWCSession::GetClientTargetProperty: GetClinetTargetProperty interface enter
03-13 12:13:17.103  1226  1226 E ANDR-PERF-DATA-POOL: EventDataPool is Full
03-13 12:13:17.103  1226  1226 E ANDR-PERF-MPCTL: perf request submission limit reached.
03-13 12:13:17.111  1222  1610 E SDM     : HWCSession::GetClientTargetProperty: GetClinetTargetProperty interface enter
03-13 12:13:17.111  1226  1226 E ANDR-PERF-DATA-POOL: EventDataPool is Full
03-13 12:13:17.111  1226  1226 E ANDR-PERF-MPCTL: perf request submission limit reached.
03-13 12:13:17.120  1222  1610 E SDM     : HWCSession::GetClientTargetProperty: GetClinetTargetProperty interface enter
03-13 12:13:17.120  1226  1226 E ANDR-PERF-DATA-POOL: EventDataPool is Full
03-13 12:13:17.120  1226  1226 E ANDR-PERF-MPCTL: perf request submission limit reached.
03-13 12:13:17.129  1222  1610 E SDM     : HWCSession::GetClientTargetProperty: GetClinetTargetProperty interface enter
03-13 12:13:17.129  1226  1226 E ANDR-PERF-DATA-POOL: EventDataPool is Full
03-13 12:13:17.129  1226  1226 E ANDR-PERF-MPCTL: perf request submission limit reached.
03-13 12:13:17.136  1222  1610 E SDM     : HWCSession::GetClientTargetProperty: GetClinetTargetProperty interface enter
03-13 12:13:17.137  1226  1226 E ANDR-PERF-DATA-POOL: EventDataPool is Full
03-13 12:13:17.137  1226  1226 E ANDR-PERF-MPCTL: perf request submission limit reached.
03-13 12:13:17.145  1222  1610 E SDM     : HWCSession::GetClientTargetProperty: GetClinetTargetProperty interface enter
03-13 12:13:17.145  1226  1226 E ANDR-PERF-DATA-POOL: EventDataPool is Full
03-13 12:13:17.145  1226  1226 E ANDR-PERF-MPCTL: perf request submission limit reached.
03-13 12:13:17.153  1222  1610 E SDM     : HWCSession::GetClientTargetProperty: GetClinetTargetProperty interface enter
03-13 12:13:17.153  1226  1226 E ANDR-PERF-DATA-POOL: EventDataPool is Full
03-13 12:13:17.153  1226  1226 E ANDR-PERF-MPCTL: perf request submission limit reached.
03-13 12:13:17.160  1222  1610 E SDM     : HWCSession::GetClientTargetProperty: GetClinetTargetProperty interface enter
03-13 12:13:17.161  1226  1226 E ANDR-PERF-DATA-POOL: EventDataPool is Full
03-13 12:13:17.161  1226  1226 E ANDR-PERF-MPCTL: perf request submission limit reached.
03-13 12:13:17.173  1222  1610 E SDM     : HWCSession::GetClientTargetProperty: GetClinetTargetProperty interface enter
03-13 12:13:17.173  1226  1226 E ANDR-PERF-DATA-POOL: EventDataPool is Full
03-13 12:13:17.173  1226  1226 E ANDR-PERF-MPCTL: perf request submission limit reached.
