03-13 13:05:48.022  8844  8853 E AuthPII : Message is Long live credential not available.
03-13 13:05:48.022  8844  8853 E AuthPII : bgcc: Long live credential not available.
03-13 13:05:48.022  8844  8853 E AuthPII : 	at agtw.a(:com.google.android.gms@260931029@26.09.31 (190400-877989800):1347)
03-13 13:05:48.022  8844  8853 E AuthPII : 	at agud.b(:com.google.android.gms@260931029@26.09.31 (190400-877989800):26)
03-13 13:05:48.022  8844  8853 E AuthPII : 	at agub.a(:com.google.android.gms@260931029@26.09.31 (190400-877989800):738)
03-13 13:05:48.022  8844  8853 E AuthPII : 	at agdx.a(:com.google.android.gms@260931029@26.09.31 (190400-877989800):82)
03-13 13:05:48.022  8844  8853 E AuthPII : 	at aaeo.d(:com.google.android.gms@260931029@26.09.31 (190400-877989800):313)
03-13 13:05:48.022  8844  8853 E AuthPII : 	at aaeo.dispatchTransaction(:com.google.android.gms@260931029@26.09.31 (190400-877989800):153)
03-13 13:05:48.022  8844  8853 E AuthPII : 	at byga.a(:com.google.android.gms@260931029@26.09.31 (190400-877989800):72)
03-13 13:05:48.022  8844  8853 E AuthPII : 	at zke.onTransact(:com.google.android.gms@260931029@26.09.31 (190400-877989800):23)
03-13 13:05:48.022  8844  8853 E AuthPII : 	at android.os.Binder.transact(Binder.java:1190)
03-13 13:05:48.022  8844  8853 E AuthPII : 	at cjzi.onTransact(:com.google.android.gms@260931029@26.09.31 (190400-877989800):10)
03-13 13:05:48.022  8844  8853 E AuthPII : 	at android.os.Binder.transact(Binder.java:1190)
03-13 13:05:48.022  8844  8853 E AuthPII : 	at bygo.onTransact(:com.google.android.gms@260931029@26.09.31 (190400-877989800):161)
03-13 13:05:48.022  8844  8853 E AuthPII : 	at android.os.Binder.execTransactInternal(Binder.java:1346)
03-13 13:05:48.022  8844  8853 E AuthPII : 	at android.os.Binder.execTransact(Binder.java:1282)
03-13 13:05:48.026  8844  8853 E AuthPII : [RequestTokenManager] getToken() -> BAD_AUTHENTICATION. App: com.google.android.gms, Service: oauth2:https://www.googleapis.com/auth/userinfo.email https://www.googleapis.com/auth/account.capabilities https://www.googleapis.com/auth/account.service_flags
03-13 13:05:48.026  8844  8853 E AuthPII : bgcc: Long live credential not available.
03-13 13:05:48.026  8844  8853 E AuthPII : 	at agtw.a(:com.google.android.gms@260931029@26.09.31 (190400-877989800):1347)
03-13 13:05:48.026  8844  8853 E AuthPII : 	at agud.b(:com.google.android.gms@260931029@26.09.31 (190400-877989800):26)
03-13 13:05:48.026  8844  8853 E AuthPII : 	at agub.a(:com.google.android.gms@260931029@26.09.31 (190400-877989800):738)
03-13 13:05:48.026  8844  8853 E AuthPII : 	at aged.a(:com.google.android.gms@260931029@26.09.31 (190400-877989800):55)
03-13 13:05:48.026  8844  8853 E AuthPII : 	at aged.h(:com.google.android.gms@260931029@26.09.31 (190400-877989800):108)
03-13 13:05:48.026  8844  8853 E AuthPII : 	at aged.b(:com.google.android.gms@260931029@26.09.31 (190400-877989800):817)
03-13 13:05:48.026  8844  8853 E AuthPII : 	at aged.c(:com.google.android.gms@260931029@26.09.31 (190400-877989800):5)
03-13 13:05:48.026  8844  8853 E AuthPII : 	at aaeo.d(:com.google.android.gms@260931029@26.09.31 (190400-877989800):459)
03-13 13:05:48.026  8844  8853 E AuthPII : 	at aaeo.dispatchTransaction(:com.google.android.gms@260931029@26.09.31 (190400-877989800):153)
03-13 13:05:48.026  8844  8853 E AuthPII : 	at byga.a(:com.google.android.gms@260931029@26.09.31 (190400-877989800):72)
03-13 13:05:48.026  8844  8853 E AuthPII : 	at zke.onTransact(:com.google.android.gms@260931029@26.09.31 (190400-877989800):23)
03-13 13:05:48.026  8844  8853 E AuthPII : 	at android.os.Binder.transact(Binder.java:1190)
03-13 13:05:48.026  8844  8853 E AuthPII : 	at cjzi.onTransact(:com.google.android.gms@260931029@26.09.31 (190400-877989800):10)
03-13 13:05:48.026  8844  8853 E AuthPII : 	at android.os.Binder.transact(Binder.java:1190)
03-13 13:05:48.026  8844  8853 E AuthPII : 	at bygo.onTransact(:com.google.android.gms@260931029@26.09.31 (190400-877989800):161)
03-13 13:05:48.026  8844  8853 E AuthPII : 	at android.os.Binder.execTransactInternal(Binder.java:1346)
03-13 13:05:48.026  8844  8853 E AuthPII : 	at android.os.Binder.execTransact(Binder.java:1282)
03-13 13:05:48.026  8844  8853 E AuthPII : Message is Long live credential not available.
03-13 13:05:48.026  8844  8853 E AuthPII : bgcc: Long live credential not available.
03-13 13:05:48.026  8844  8853 E AuthPII : 	at agtw.a(:com.google.android.gms@260931029@26.09.31 (190400-877989800):1347)
03-13 13:05:48.026  8844  8853 E AuthPII : 	at agud.b(:com.google.android.gms@260931029@26.09.31 (190400-877989800):26)
03-13 13:05:48.026  8844  8853 E AuthPII : 	at agub.a(:com.google.android.gms@260931029@26.09.31 (190400-877989800):738)
03-13 13:05:48.026  8844  8853 E AuthPII : 	at aged.a(:com.google.android.gms@260931029@26.09.31 (190400-877989800):55)
03-13 13:05:48.026  8844  8853 E AuthPII : 	at aged.h(:com.google.android.gms@260931029@26.09.31 (190400-877989800):108)
03-13 13:05:48.026  8844  8853 E AuthPII : 	at aged.b(:com.google.android.gms@260931029@26.09.31 (190400-877989800):817)
03-13 13:05:48.026  8844  8853 E AuthPII : 	at aged.c(:com.google.android.gms@260931029@26.09.31 (190400-877989800):5)
03-13 13:05:48.026  8844  8853 E AuthPII : 	at aaeo.d(:com.google.android.gms@260931029@26.09.31 (190400-877989800):459)
03-13 13:05:48.026  8844  8853 E AuthPII : 	at aaeo.dispatchTransaction(:com.google.android.gms@260931029@26.09.31 (190400-877989800):153)
03-13 13:05:48.026  8844  8853 E AuthPII : 	at byga.a(:com.google.android.gms@260931029@26.09.31 (190400-877989800):72)
03-13 13:05:48.026  8844  8853 E AuthPII : 	at zke.onTransact(:com.google.android.gms@260931029@26.09.31 (190400-877989800):23)
03-13 13:05:48.026  8844  8853 E AuthPII : 	at android.os.Binder.transact(Binder.java:1190)
03-13 13:05:48.026  8844  8853 E AuthPII : 	at cjzi.onTransact(:com.google.android.gms@260931029@26.09.31 (190400-877989800):10)
03-13 13:05:48.026  8844  8853 E AuthPII : 	at android.os.Binder.transact(Binder.java:1190)
03-13 13:05:48.026  8844  8853 E AuthPII : 	at bygo.onTransact(:com.google.android.gms@260931029@26.09.31 (190400-877989800):161)
03-13 13:05:48.026  8844  8853 E AuthPII : 	at android.os.Binder.execTransactInternal(Binder.java:1346)
03-13 13:05:48.026  8844  8853 E AuthPII : 	at android.os.Binder.execTransact(Binder.java:1282)
03-13 13:05:48.075  8844 10587 E AuthPII : [RequestTokenManager] getToken() -> BAD_AUTHENTICATION. App: com.google.android.gms, Service: oauth2:https://www.googleapis.com/auth/notifications
03-13 13:05:48.075  8844 10587 E AuthPII : bgcc: Long live credential not available.
03-13 13:05:48.075  8844 10587 E AuthPII : 	at agtw.a(:com.google.android.gms@260931029@26.09.31 (190400-877989800):1347)
03-13 13:05:48.075  8844 10587 E AuthPII : 	at agud.b(:com.google.android.gms@260931029@26.09.31 (190400-877989800):26)
03-13 13:05:48.075  8844 10587 E AuthPII : 	at agub.a(:com.google.android.gms@260931029@26.09.31 (190400-877989800):738)
03-13 13:05:48.075  8844 10587 E AuthPII : 	at agua.b(:com.google.android.gms@260931029@26.09.31 (190400-877989800):145)
03-13 13:05:48.075  8844 10587 E AuthPII : 	at agip.a(:com.google.android.gms@260931029@26.09.31 (190400-877989800):328)
03-13 13:05:48.075  8844 10587 E AuthPII : 	at agdo.f(:com.google.android.gms@260931029@26.09.31 (190400-877989800):24)
03-13 13:05:48.075  8844 10587 E AuthPII : 	at csuq.fB(:com.google.android.gms@260931029@26.09.31 (190400-877989800):1)
03-13 13:05:48.075  8844 10587 E AuthPII : 	at csuz.run(:com.google.android.gms@260931029@26.09.31 (190400-877989800):118)
03-13 13:05:48.075  8844 10587 E AuthPII : 	at gszf.run(:com.google.android.gms@260931029@26.09.31 (190400-877989800):19)
03-13 13:05:48.075  8844 10587 E AuthPII : 	at bhir.c(:com.google.android.gms@260931029@26.09.31 (190400-877989800):50)
03-13 13:05:48.075  8844 10587 E AuthPII : 	at bhir.run(:com.google.android.gms@260931029@26.09.31 (190400-877989800):73)
03-13 13:05:48.075  8844 10587 E AuthPII : 	at java.util.concurrent.ThreadPoolExecutor.runWorker(ThreadPoolExecutor.java:1156)
03-13 13:05:48.075  8844 10587 E AuthPII : 	at java.util.concurrent.ThreadPoolExecutor$Worker.run(ThreadPoolExecutor.java:651)
03-13 13:05:48.075  8844 10587 E AuthPII : 	at bhoi.run(:com.google.android.gms@260931029@26.09.31 (190400-877989800):8)
03-13 13:05:48.075  8844 10587 E AuthPII : 	at java.lang.Thread.run(Thread.java:1119)
03-13 13:05:48.075  8844 10587 E AuthPII : Message is Long live credential not available.
03-13 13:05:48.075  8844 10587 E AuthPII : bgcc: Long live credential not available.
03-13 13:05:48.075  8844 10587 E AuthPII : 	at agtw.a(:com.google.android.gms@260931029@26.09.31 (190400-877989800):1347)
03-13 13:05:48.075  8844 10587 E AuthPII : 	at agud.b(:com.google.android.gms@260931029@26.09.31 (190400-877989800):26)
03-13 13:05:48.075  8844 10587 E AuthPII : 	at agub.a(:com.google.android.gms@260931029@26.09.31 (190400-877989800):738)
03-13 13:05:48.075  8844 10587 E AuthPII : 	at agua.b(:com.google.android.gms@260931029@26.09.31 (190400-877989800):145)
03-13 13:05:48.075  8844 10587 E AuthPII : 	at agip.a(:com.google.android.gms@260931029@26.09.31 (190400-877989800):328)
03-13 13:05:48.075  8844 10587 E AuthPII : 	at agdo.f(:com.google.android.gms@260931029@26.09.31 (190400-877989800):24)
03-13 13:05:48.075  8844 10587 E AuthPII : 	at csuq.fB(:com.google.android.gms@260931029@26.09.31 (190400-877989800):1)
03-13 13:05:48.075  8844 10587 E AuthPII : 	at csuz.run(:com.google.android.gms@260931029@26.09.31 (190400-877989800):118)
03-13 13:05:48.075  8844 10587 E AuthPII : 	at gszf.run(:com.google.android.gms@260931029@26.09.31 (190400-877989800):19)
03-13 13:05:48.075  8844 10587 E AuthPII : 	at bhir.c(:com.google.android.gms@260931029@26.09.31 (190400-877989800):50)
03-13 13:05:48.075  8844 10587 E AuthPII : 	at bhir.run(:com.google.android.gms@260931029@26.09.31 (190400-877989800):73)
03-13 13:05:48.075  8844 10587 E AuthPII : 	at java.util.concurrent.ThreadPoolExecutor.runWorker(ThreadPoolExecutor.java:1156)
03-13 13:05:48.075  8844 10587 E AuthPII : 	at java.util.concurrent.ThreadPoolExecutor$Worker.run(ThreadPoolExecutor.java:651)
03-13 13:05:48.075  8844 10587 E AuthPII : 	at bhoi.run(:com.google.android.gms@260931029@26.09.31 (190400-877989800):8)
03-13 13:05:48.075  8844 10587 E AuthPII : 	at java.lang.Thread.run(Thread.java:1119)
03-13 13:05:48.247  8844  9059 E AuthPII : [RequestTokenManager] getToken() -> BAD_AUTHENTICATION. App: com.google.android.gms, Service: oauth2:https://www.googleapis.com/auth/plus.me
03-13 13:05:48.247  8844  9059 E AuthPII : bgcc: Long live credential not available.
03-13 13:05:48.247  8844  9059 E AuthPII : 	at agtw.a(:com.google.android.gms@260931029@26.09.31 (190400-877989800):1347)
03-13 13:05:48.247  8844  9059 E AuthPII : 	at agud.b(:com.google.android.gms@260931029@26.09.31 (190400-877989800):26)
03-13 13:05:48.247  8844  9059 E AuthPII : 	at agub.a(:com.google.android.gms@260931029@26.09.31 (190400-877989800):738)
03-13 13:05:48.247  8844  9059 E AuthPII : 	at agdx.a(:com.google.android.gms@260931029@26.09.31 (190400-877989800):82)
03-13 13:05:48.247  8844  9059 E AuthPII : 	at aaeo.d(:com.google.android.gms@260931029@26.09.31 (190400-877989800):313)
03-13 13:05:48.247  8844  9059 E AuthPII : 	at aaeo.dispatchTransaction(:com.google.android.gms@260931029@26.09.31 (190400-877989800):153)
03-13 13:05:48.247  8844  9059 E AuthPII : 	at byga.a(:com.google.android.gms@260931029@26.09.31 (190400-877989800):72)
03-13 13:05:48.247  8844  9059 E AuthPII : 	at zke.onTransact(:com.google.android.gms@260931029@26.09.31 (190400-877989800):23)
03-13 13:05:48.247  8844  9059 E AuthPII : 	at android.os.Binder.transact(Binder.java:1190)
03-13 13:05:48.247  8844  9059 E AuthPII : 	at cjzi.onTransact(:com.google.android.gms@260931029@26.09.31 (190400-877989800):10)
03-13 13:05:48.247  8844  9059 E AuthPII : 	at android.os.Binder.transact(Binder.java:1190)
03-13 13:05:48.247  8844  9059 E AuthPII : 	at bygo.onTransact(:com.google.android.gms@260931029@26.09.31 (190400-877989800):161)
03-13 13:05:48.247  8844  9059 E AuthPII : 	at android.os.Binder.execTransactInternal(Binder.java:1346)
03-13 13:05:48.247  8844  9059 E AuthPII : 	at android.os.Binder.execTransact(Binder.java:1282)
03-13 13:05:48.247  8844  9059 E AuthPII : Message is Long live credential not available.
03-13 13:05:48.247  8844  9059 E AuthPII : bgcc: Long live credential not available.
03-13 13:05:48.247  8844  9059 E AuthPII : 	at agtw.a(:com.google.android.gms@260931029@26.09.31 (190400-877989800):1347)
03-13 13:05:48.247  8844  9059 E AuthPII : 	at agud.b(:com.google.android.gms@260931029@26.09.31 (190400-877989800):26)
03-13 13:05:48.247  8844  9059 E AuthPII : 	at agub.a(:com.google.android.gms@260931029@26.09.31 (190400-877989800):738)
03-13 13:05:48.247  8844  9059 E AuthPII : 	at agdx.a(:com.google.android.gms@260931029@26.09.31 (190400-877989800):82)
03-13 13:05:48.247  8844  9059 E AuthPII : 	at aaeo.d(:com.google.android.gms@260931029@26.09.31 (190400-877989800):313)
03-13 13:05:48.247  8844  9059 E AuthPII : 	at aaeo.dispatchTransaction(:com.google.android.gms@260931029@26.09.31 (190400-877989800):153)
03-13 13:05:48.247  8844  9059 E AuthPII : 	at byga.a(:com.google.android.gms@260931029@26.09.31 (190400-877989800):72)
03-13 13:05:48.247  8844  9059 E AuthPII : 	at zke.onTransact(:com.google.android.gms@260931029@26.09.31 (190400-877989800):23)
03-13 13:05:48.247  8844  9059 E AuthPII : 	at android.os.Binder.transact(Binder.java:1190)
03-13 13:05:48.247  8844  9059 E AuthPII : 	at cjzi.onTransact(:com.google.android.gms@260931029@26.09.31 (190400-877989800):10)
03-13 13:05:48.247  8844  9059 E AuthPII : 	at android.os.Binder.transact(Binder.java:1190)
03-13 13:05:48.247  8844  9059 E AuthPII : 	at bygo.onTransact(:com.google.android.gms@260931029@26.09.31 (190400-877989800):161)
03-13 13:05:48.247  8844  9059 E AuthPII : 	at android.os.Binder.execTransactInternal(Binder.java:1346)
03-13 13:05:48.247  8844  9059 E AuthPII : 	at android.os.Binder.execTransact(Binder.java:1282)
03-13 13:05:48.249  8844  9059 E AuthPII : [RequestTokenManager] getToken() -> BAD_AUTHENTICATION. App: com.google.android.gms, Service: oauth2:https://www.googleapis.com/auth/userinfo.email https://www.googleapis.com/auth/account.capabilities https://www.googleapis.com/auth/account.service_flags
03-13 13:05:48.249  8844  9059 E AuthPII : bgcc: Long live credential not available.
03-13 13:05:48.249  8844  9059 E AuthPII : 	at agtw.a(:com.google.android.gms@260931029@26.09.31 (190400-877989800):1347)
03-13 13:05:48.249  8844  9059 E AuthPII : 	at agud.b(:com.google.android.gms@260931029@26.09.31 (190400-877989800):26)
03-13 13:05:48.249  8844  9059 E AuthPII : 	at agub.a(:com.google.android.gms@260931029@26.09.31 (190400-877989800):738)
03-13 13:05:48.249  8844  9059 E AuthPII : 	at aged.a(:com.google.android.gms@260931029@26.09.31 (190400-877989800):55)
03-13 13:05:48.249  8844  9059 E AuthPII : 	at aged.h(:com.google.android.gms@260931029@26.09.31 (190400-877989800):108)
03-13 13:05:48.249  8844  9059 E AuthPII : 	at aged.b(:com.google.android.gms@260931029@26.09.31 (190400-877989800):817)
03-13 13:05:48.249  8844  9059 E AuthPII : 	at aged.c(:com.google.android.gms@260931029@26.09.31 (190400-877989800):5)
03-13 13:05:48.249  8844  9059 E AuthPII : 	at aaeo.d(:com.google.android.gms@260931029@26.09.31 (190400-877989800):459)
03-13 13:05:48.249  8844  9059 E AuthPII : 	at aaeo.dispatchTransaction(:com.google.android.gms@260931029@26.09.31 (190400-877989800):153)
03-13 13:05:48.249  8844  9059 E AuthPII : 	at byga.a(:com.google.android.gms@260931029@26.09.31 (190400-877989800):72)
03-13 13:05:48.249  8844  9059 E AuthPII : 	at zke.onTransact(:com.google.android.gms@260931029@26.09.31 (190400-877989800):23)
03-13 13:05:48.249  8844  9059 E AuthPII : 	at android.os.Binder.transact(Binder.java:1190)
03-13 13:05:48.249  8844  9059 E AuthPII : 	at cjzi.onTransact(:com.google.android.gms@260931029@26.09.31 (190400-877989800):10)
03-13 13:05:48.249  8844  9059 E AuthPII : 	at android.os.Binder.transact(Binder.java:1190)
03-13 13:05:48.249  8844  9059 E AuthPII : 	at bygo.onTransact(:com.google.android.gms@260931029@26.09.31 (190400-877989800):161)
03-13 13:05:48.249  8844  9059 E AuthPII : 	at android.os.Binder.execTransactInternal(Binder.java:1346)
03-13 13:05:48.249  8844  9059 E AuthPII : 	at android.os.Binder.execTransact(Binder.java:1282)
03-13 13:05:48.250  8844  9059 E AuthPII : Message is Long live credential not available.
03-13 13:05:48.250  8844  9059 E AuthPII : bgcc: Long live credential not available.
03-13 13:05:48.250  8844  9059 E AuthPII : 	at agtw.a(:com.google.android.gms@260931029@26.09.31 (190400-877989800):1347)
03-13 13:05:48.250  8844  9059 E AuthPII : 	at agud.b(:com.google.android.gms@260931029@26.09.31 (190400-877989800):26)
03-13 13:05:48.250  8844  9059 E AuthPII : 	at agub.a(:com.google.android.gms@260931029@26.09.31 (190400-877989800):738)
03-13 13:05:48.250  8844  9059 E AuthPII : 	at aged.a(:com.google.android.gms@260931029@26.09.31 (190400-877989800):55)
03-13 13:05:48.250  8844  9059 E AuthPII : 	at aged.h(:com.google.android.gms@260931029@26.09.31 (190400-877989800):108)
03-13 13:05:48.250  8844  9059 E AuthPII : 	at aged.b(:com.google.android.gms@260931029@26.09.31 (190400-877989800):817)
03-13 13:05:48.250  8844  9059 E AuthPII : 	at aged.c(:com.google.android.gms@260931029@26.09.31 (190400-877989800):5)
03-13 13:05:48.250  8844  9059 E AuthPII : 	at aaeo.d(:com.google.android.gms@260931029@26.09.31 (190400-877989800):459)
03-13 13:05:48.250  8844  9059 E AuthPII : 	at aaeo.dispatchTransaction(:com.google.android.gms@260931029@26.09.31 (190400-877989800):153)
03-13 13:05:48.250  8844  9059 E AuthPII : 	at byga.a(:com.google.android.gms@260931029@26.09.31 (190400-877989800):72)
03-13 13:05:48.250  8844  9059 E AuthPII : 	at zke.onTransact(:com.google.android.gms@260931029@26.09.31 (190400-877989800):23)
03-13 13:05:48.250  8844  9059 E AuthPII : 	at android.os.Binder.transact(Binder.java:1190)
03-13 13:05:48.250  8844  9059 E AuthPII : 	at cjzi.onTransact(:com.google.android.gms@260931029@26.09.31 (190400-877989800):10)
03-13 13:05:48.250  8844  9059 E AuthPII : 	at android.os.Binder.transact(Binder.java:1190)
03-13 13:05:48.250  8844  9059 E AuthPII : 	at bygo.onTransact(:com.google.android.gms@260931029@26.09.31 (190400-877989800):161)
03-13 13:05:48.250  8844  9059 E AuthPII : 	at android.os.Binder.execTransactInternal(Binder.java:1346)
03-13 13:05:48.250  8844  9059 E AuthPII : 	at android.os.Binder.execTransact(Binder.java:1282)
03-13 13:05:48.296  8844 10587 E AuthPII : [RequestTokenManager] getToken() -> BAD_AUTHENTICATION. App: com.google.android.gms, Service: oauth2:https://www.googleapis.com/auth/notifications
03-13 13:05:48.296  8844 10587 E AuthPII : bgcc: Long live credential not available.
03-13 13:05:48.296  8844 10587 E AuthPII : 	at agtw.a(:com.google.android.gms@260931029@26.09.31 (190400-877989800):1347)
03-13 13:05:48.296  8844 10587 E AuthPII : 	at agud.b(:com.google.android.gms@260931029@26.09.31 (190400-877989800):26)
03-13 13:05:48.296  8844 10587 E AuthPII : 	at agub.a(:com.google.android.gms@260931029@26.09.31 (190400-877989800):738)
03-13 13:05:48.296  8844 10587 E AuthPII : 	at agua.b(:com.google.android.gms@260931029@26.09.31 (190400-877989800):145)
03-13 13:05:48.296  8844 10587 E AuthPII : 	at agip.a(:com.google.android.gms@260931029@26.09.31 (190400-877989800):328)
03-13 13:05:48.296  8844 10587 E AuthPII : 	at agdo.f(:com.google.android.gms@260931029@26.09.31 (190400-877989800):24)
03-13 13:05:48.296  8844 10587 E AuthPII : 	at csuq.fB(:com.google.android.gms@260931029@26.09.31 (190400-877989800):1)
03-13 13:05:48.296  8844 10587 E AuthPII : 	at csuz.run(:com.google.android.gms@260931029@26.09.31 (190400-877989800):118)
03-13 13:05:48.296  8844 10587 E AuthPII : 	at gszf.run(:com.google.android.gms@260931029@26.09.31 (190400-877989800):19)
03-13 13:05:48.296  8844 10587 E AuthPII : 	at bhir.c(:com.google.android.gms@260931029@26.09.31 (190400-877989800):50)
03-13 13:05:48.296  8844 10587 E AuthPII : 	at bhir.run(:com.google.android.gms@260931029@26.09.31 (190400-877989800):73)
03-13 13:05:48.296  8844 10587 E AuthPII : 	at java.util.concurrent.ThreadPoolExecutor.runWorker(ThreadPoolExecutor.java:1156)
03-13 13:05:48.296  8844 10587 E AuthPII : 	at java.util.concurrent.ThreadPoolExecutor$Worker.run(ThreadPoolExecutor.java:651)
03-13 13:05:48.296  8844 10587 E AuthPII : 	at bhoi.run(:com.google.android.gms@260931029@26.09.31 (190400-877989800):8)
03-13 13:05:48.296  8844 10587 E AuthPII : 	at java.lang.Thread.run(Thread.java:1119)
03-13 13:05:48.296  8844 10587 E AuthPII : Message is Long live credential not available.
03-13 13:05:48.296  8844 10587 E AuthPII : bgcc: Long live credential not available.
03-13 13:05:48.296  8844 10587 E AuthPII : 	at agtw.a(:com.google.android.gms@260931029@26.09.31 (190400-877989800):1347)
03-13 13:05:48.296  8844 10587 E AuthPII : 	at agud.b(:com.google.android.gms@260931029@26.09.31 (190400-877989800):26)
03-13 13:05:48.296  8844 10587 E AuthPII : 	at agub.a(:com.google.android.gms@260931029@26.09.31 (190400-877989800):738)
03-13 13:05:48.296  8844 10587 E AuthPII : 	at agua.b(:com.google.android.gms@260931029@26.09.31 (190400-877989800):145)
03-13 13:05:48.296  8844 10587 E AuthPII : 	at agip.a(:com.google.android.gms@260931029@26.09.31 (190400-877989800):328)
03-13 13:05:48.296  8844 10587 E AuthPII : 	at agdo.f(:com.google.android.gms@260931029@26.09.31 (190400-877989800):24)
03-13 13:05:48.296  8844 10587 E AuthPII : 	at csuq.fB(:com.google.android.gms@260931029@26.09.31 (190400-877989800):1)
03-13 13:05:48.296  8844 10587 E AuthPII : 	at csuz.run(:com.google.android.gms@260931029@26.09.31 (190400-877989800):118)
03-13 13:05:48.296  8844 10587 E AuthPII : 	at gszf.run(:com.google.android.gms@260931029@26.09.31 (190400-877989800):19)
03-13 13:05:48.296  8844 10587 E AuthPII : 	at bhir.c(:com.google.android.gms@260931029@26.09.31 (190400-877989800):50)
03-13 13:05:48.296  8844 10587 E AuthPII : 	at bhir.run(:com.google.android.gms@260931029@26.09.31 (190400-877989800):73)
03-13 13:05:48.296  8844 10587 E AuthPII : 	at java.util.concurrent.ThreadPoolExecutor.runWorker(ThreadPoolExecutor.java:1156)
03-13 13:05:48.296  8844 10587 E AuthPII : 	at java.util.concurrent.ThreadPoolExecutor$Worker.run(ThreadPoolExecutor.java:651)
03-13 13:05:48.296  8844 10587 E AuthPII : 	at bhoi.run(:com.google.android.gms@260931029@26.09.31 (190400-877989800):8)
03-13 13:05:48.296  8844 10587 E AuthPII : 	at java.lang.Thread.run(Thread.java:1119)
03-13 13:05:48.426  8844  8853 E AuthPII : [RequestTokenManager] getToken() -> BAD_AUTHENTICATION. App: com.google.android.gms, Service: oauth2:https://www.googleapis.com/auth/plus.me
03-13 13:05:48.426  8844  8853 E AuthPII : bgcc: Long live credential not available.
03-13 13:05:48.426  8844  8853 E AuthPII : 	at agtw.a(:com.google.android.gms@260931029@26.09.31 (190400-877989800):1347)
03-13 13:05:48.426  8844  8853 E AuthPII : 	at agud.b(:com.google.android.gms@260931029@26.09.31 (190400-877989800):26)
03-13 13:05:48.426  8844  8853 E AuthPII : 	at agub.a(:com.google.android.gms@260931029@26.09.31 (190400-877989800):738)
03-13 13:05:48.426  8844  8853 E AuthPII : 	at agdx.a(:com.google.android.gms@260931029@26.09.31 (190400-877989800):82)
03-13 13:05:48.426  8844  8853 E AuthPII : 	at aaeo.d(:com.google.android.gms@260931029@26.09.31 (190400-877989800):313)
03-13 13:05:48.426  8844  8853 E AuthPII : 	at aaeo.dispatchTransaction(:com.google.android.gms@260931029@26.09.31 (190400-877989800):153)
03-13 13:05:48.426  8844  8853 E AuthPII : 	at byga.a(:com.google.android.gms@260931029@26.09.31 (190400-877989800):72)
03-13 13:05:48.426  8844  8853 E AuthPII : 	at zke.onTransact(:com.google.android.gms@260931029@26.09.31 (190400-877989800):23)
03-13 13:05:48.426  8844  8853 E AuthPII : 	at android.os.Binder.transact(Binder.java:1190)
03-13 13:05:48.426  8844  8853 E AuthPII : 	at cjzi.onTransact(:com.google.android.gms@260931029@26.09.31 (190400-877989800):10)
03-13 13:05:48.426  8844  8853 E AuthPII : 	at android.os.Binder.transact(Binder.java:1190)
03-13 13:05:48.426  8844  8853 E AuthPII : 	at bygo.onTransact(:com.google.android.gms@260931029@26.09.31 (190400-877989800):161)
03-13 13:05:48.426  8844  8853 E AuthPII : 	at android.os.Binder.execTransactInternal(Binder.java:1346)
03-13 13:05:48.426  8844  8853 E AuthPII : 	at android.os.Binder.execTransact(Binder.java:1282)
03-13 13:05:48.426  8844  8853 E AuthPII : Message is Long live credential not available.
03-13 13:05:48.426  8844  8853 E AuthPII : bgcc: Long live credential not available.
03-13 13:05:48.426  8844  8853 E AuthPII : 	at agtw.a(:com.google.android.gms@260931029@26.09.31 (190400-877989800):1347)
03-13 13:05:48.426  8844  8853 E AuthPII : 	at agud.b(:com.google.android.gms@260931029@26.09.31 (190400-877989800):26)
03-13 13:05:48.426  8844  8853 E AuthPII : 	at agub.a(:com.google.android.gms@260931029@26.09.31 (190400-877989800):738)
03-13 13:05:48.426  8844  8853 E AuthPII : 	at agdx.a(:com.google.android.gms@260931029@26.09.31 (190400-877989800):82)
03-13 13:05:48.426  8844  8853 E AuthPII : 	at aaeo.d(:com.google.android.gms@260931029@26.09.31 (190400-877989800):313)
03-13 13:05:48.426  8844  8853 E AuthPII : 	at aaeo.dispatchTransaction(:com.google.android.gms@260931029@26.09.31 (190400-877989800):153)
03-13 13:05:48.426  8844  8853 E AuthPII : 	at byga.a(:com.google.android.gms@260931029@26.09.31 (190400-877989800):72)
03-13 13:05:48.426  8844  8853 E AuthPII : 	at zke.onTransact(:com.google.android.gms@260931029@26.09.31 (190400-877989800):23)
03-13 13:05:48.426  8844  8853 E AuthPII : 	at android.os.Binder.transact(Binder.java:1190)
03-13 13:05:48.426  8844  8853 E AuthPII : 	at cjzi.onTransact(:com.google.android.gms@260931029@26.09.31 (190400-877989800):10)
03-13 13:05:48.426  8844  8853 E AuthPII : 	at android.os.Binder.transact(Binder.java:1190)
03-13 13:05:48.426  8844  8853 E AuthPII : 	at bygo.onTransact(:com.google.android.gms@260931029@26.09.31 (190400-877989800):161)
03-13 13:05:48.426  8844  8853 E AuthPII : 	at android.os.Binder.execTransactInternal(Binder.java:1346)
03-13 13:05:48.426  8844  8853 E AuthPII : 	at android.os.Binder.execTransact(Binder.java:1282)
03-13 13:05:48.428  8844  8853 E AuthPII : [RequestTokenManager] getToken() -> BAD_AUTHENTICATION. App: com.google.android.gms, Service: oauth2:https://www.googleapis.com/auth/userinfo.email https://www.googleapis.com/auth/account.capabilities https://www.googleapis.com/auth/account.service_flags
03-13 13:05:48.428  8844  8853 E AuthPII : bgcc: Long live credential not available.
03-13 13:05:48.428  8844  8853 E AuthPII : 	at agtw.a(:com.google.android.gms@260931029@26.09.31 (190400-877989800):1347)
03-13 13:05:48.428  8844  8853 E AuthPII : 	at agud.b(:com.google.android.gms@260931029@26.09.31 (190400-877989800):26)
03-13 13:05:48.428  8844  8853 E AuthPII : 	at agub.a(:com.google.android.gms@260931029@26.09.31 (190400-877989800):738)
03-13 13:05:48.428  8844  8853 E AuthPII : 	at aged.a(:com.google.android.gms@260931029@26.09.31 (190400-877989800):55)
03-13 13:05:48.428  8844  8853 E AuthPII : 	at aged.h(:com.google.android.gms@260931029@26.09.31 (190400-877989800):108)
03-13 13:05:48.428  8844  8853 E AuthPII : 	at aged.b(:com.google.android.gms@260931029@26.09.31 (190400-877989800):817)
03-13 13:05:48.428  8844  8853 E AuthPII : 	at aged.c(:com.google.android.gms@260931029@26.09.31 (190400-877989800):5)
03-13 13:05:48.428  8844  8853 E AuthPII : 	at aaeo.d(:com.google.android.gms@260931029@26.09.31 (190400-877989800):459)
03-13 13:05:48.428  8844  8853 E AuthPII : 	at aaeo.dispatchTransaction(:com.google.android.gms@260931029@26.09.31 (190400-877989800):153)
03-13 13:05:48.428  8844  8853 E AuthPII : 	at byga.a(:com.google.android.gms@260931029@26.09.31 (190400-877989800):72)
03-13 13:05:48.428  8844  8853 E AuthPII : 	at zke.onTransact(:com.google.android.gms@260931029@26.09.31 (190400-877989800):23)
03-13 13:05:48.428  8844  8853 E AuthPII : 	at android.os.Binder.transact(Binder.java:1190)
03-13 13:05:48.428  8844  8853 E AuthPII : 	at cjzi.onTransact(:com.google.android.gms@260931029@26.09.31 (190400-877989800):10)
03-13 13:05:48.428  8844  8853 E AuthPII : 	at android.os.Binder.transact(Binder.java:1190)
03-13 13:05:48.428  8844  8853 E AuthPII : 	at bygo.onTransact(:com.google.android.gms@260931029@26.09.31 (190400-877989800):161)
03-13 13:05:48.428  8844  8853 E AuthPII : 	at android.os.Binder.execTransactInternal(Binder.java:1346)
03-13 13:05:48.428  8844  8853 E AuthPII : 	at android.os.Binder.execTransact(Binder.java:1282)
03-13 13:05:48.428  8844  8853 E AuthPII : Message is Long live credential not available.
03-13 13:05:48.428  8844  8853 E AuthPII : bgcc: Long live credential not available.
03-13 13:05:48.428  8844  8853 E AuthPII : 	at agtw.a(:com.google.android.gms@260931029@26.09.31 (190400-877989800):1347)
03-13 13:05:48.428  8844  8853 E AuthPII : 	at agud.b(:com.google.android.gms@260931029@26.09.31 (190400-877989800):26)
03-13 13:05:48.428  8844  8853 E AuthPII : 	at agub.a(:com.google.android.gms@260931029@26.09.31 (190400-877989800):738)
03-13 13:05:48.428  8844  8853 E AuthPII : 	at aged.a(:com.google.android.gms@260931029@26.09.31 (190400-877989800):55)
03-13 13:05:48.428  8844  8853 E AuthPII : 	at aged.h(:com.google.android.gms@260931029@26.09.31 (190400-877989800):108)
03-13 13:05:48.428  8844  8853 E AuthPII : 	at aged.b(:com.google.android.gms@260931029@26.09.31 (190400-877989800):817)
03-13 13:05:48.428  8844  8853 E AuthPII : 	at aged.c(:com.google.android.gms@260931029@26.09.31 (190400-877989800):5)
03-13 13:05:48.428  8844  8853 E AuthPII : 	at aaeo.d(:com.google.android.gms@260931029@26.09.31 (190400-877989800):459)
03-13 13:05:48.428  8844  8853 E AuthPII : 	at aaeo.dispatchTransaction(:com.google.android.gms@260931029@26.09.31 (190400-877989800):153)
03-13 13:05:48.428  8844  8853 E AuthPII : 	at byga.a(:com.google.android.gms@260931029@26.09.31 (190400-877989800):72)
03-13 13:05:48.428  8844  8853 E AuthPII : 	at zke.onTransact(:com.google.android.gms@260931029@26.09.31 (190400-877989800):23)
03-13 13:05:48.428  8844  8853 E AuthPII : 	at android.os.Binder.transact(Binder.java:1190)
03-13 13:05:48.428  8844  8853 E AuthPII : 	at cjzi.onTransact(:com.google.android.gms@260931029@26.09.31 (190400-877989800):10)
03-13 13:05:48.428  8844  8853 E AuthPII : 	at android.os.Binder.transact(Binder.java:1190)
03-13 13:05:48.428  8844  8853 E AuthPII : 	at bygo.onTransact(:com.google.android.gms@260931029@26.09.31 (190400-877989800):161)
03-13 13:05:48.428  8844  8853 E AuthPII : 	at android.os.Binder.execTransactInternal(Binder.java:1346)
03-13 13:05:48.428  8844  8853 E AuthPII : 	at android.os.Binder.execTransact(Binder.java:1282)
03-13 13:05:48.481  8844 10587 E AuthPII : [RequestTokenManager] getToken() -> BAD_AUTHENTICATION. App: com.google.android.gms, Service: oauth2:https://www.googleapis.com/auth/notifications
03-13 13:05:48.481  8844 10587 E AuthPII : bgcc: Long live credential not available.
03-13 13:05:48.481  8844 10587 E AuthPII : 	at agtw.a(:com.google.android.gms@260931029@26.09.31 (190400-877989800):1347)
03-13 13:05:48.481  8844 10587 E AuthPII : 	at agud.b(:com.google.android.gms@260931029@26.09.31 (190400-877989800):26)
03-13 13:05:48.481  8844 10587 E AuthPII : 	at agub.a(:com.google.android.gms@260931029@26.09.31 (190400-877989800):738)
03-13 13:05:48.481  8844 10587 E AuthPII : 	at agua.b(:com.google.android.gms@260931029@26.09.31 (190400-877989800):145)
03-13 13:05:48.481  8844 10587 E AuthPII : 	at agip.a(:com.google.android.gms@260931029@26.09.31 (190400-877989800):328)
03-13 13:05:48.481  8844 10587 E AuthPII : 	at agdo.f(:com.google.android.gms@260931029@26.09.31 (190400-877989800):24)
03-13 13:05:48.481  8844 10587 E AuthPII : 	at csuq.fB(:com.google.android.gms@260931029@26.09.31 (190400-877989800):1)
03-13 13:05:48.481  8844 10587 E AuthPII : 	at csuz.run(:com.google.android.gms@260931029@26.09.31 (190400-877989800):118)
03-13 13:05:48.481  8844 10587 E AuthPII : 	at gszf.run(:com.google.android.gms@260931029@26.09.31 (190400-877989800):19)
03-13 13:05:48.481  8844 10587 E AuthPII : 	at bhir.c(:com.google.android.gms@260931029@26.09.31 (190400-877989800):50)
03-13 13:05:48.481  8844 10587 E AuthPII : 	at bhir.run(:com.google.android.gms@260931029@26.09.31 (190400-877989800):73)
03-13 13:05:48.481  8844 10587 E AuthPII : 	at java.util.concurrent.ThreadPoolExecutor.runWorker(ThreadPoolExecutor.java:1156)
03-13 13:05:48.481  8844 10587 E AuthPII : 	at java.util.concurrent.ThreadPoolExecutor$Worker.run(ThreadPoolExecutor.java:651)
03-13 13:05:48.481  8844 10587 E AuthPII : 	at bhoi.run(:com.google.android.gms@260931029@26.09.31 (190400-877989800):8)
03-13 13:05:48.481  8844 10587 E AuthPII : 	at java.lang.Thread.run(Thread.java:1119)
03-13 13:05:48.482  8844 10587 E AuthPII : Message is Long live credential not available.
03-13 13:05:48.482  8844 10587 E AuthPII : bgcc: Long live credential not available.
03-13 13:05:48.482  8844 10587 E AuthPII : 	at agtw.a(:com.google.android.gms@260931029@26.09.31 (190400-877989800):1347)
03-13 13:05:48.482  8844 10587 E AuthPII : 	at agud.b(:com.google.android.gms@260931029@26.09.31 (190400-877989800):26)
03-13 13:05:48.482  8844 10587 E AuthPII : 	at agub.a(:com.google.android.gms@260931029@26.09.31 (190400-877989800):738)
03-13 13:05:48.482  8844 10587 E AuthPII : 	at agua.b(:com.google.android.gms@260931029@26.09.31 (190400-877989800):145)
03-13 13:05:48.482  8844 10587 E AuthPII : 	at agip.a(:com.google.android.gms@260931029@26.09.31 (190400-877989800):328)
03-13 13:05:48.482  8844 10587 E AuthPII : 	at agdo.f(:com.google.android.gms@260931029@26.09.31 (190400-877989800):24)
03-13 13:05:48.482  8844 10587 E AuthPII : 	at csuq.fB(:com.google.android.gms@260931029@26.09.31 (190400-877989800):1)
03-13 13:05:48.482  8844 10587 E AuthPII : 	at csuz.run(:com.google.android.gms@260931029@26.09.31 (190400-877989800):118)
03-13 13:05:48.482  8844 10587 E AuthPII : 	at gszf.run(:com.google.android.gms@260931029@26.09.31 (190400-877989800):19)
03-13 13:05:48.482  8844 10587 E AuthPII : 	at bhir.c(:com.google.android.gms@260931029@26.09.31 (190400-877989800):50)
03-13 13:05:48.482  8844 10587 E AuthPII : 	at bhir.run(:com.google.android.gms@260931029@26.09.31 (190400-877989800):73)
03-13 13:05:48.482  8844 10587 E AuthPII : 	at java.util.concurrent.ThreadPoolExecutor.runWorker(ThreadPoolExecutor.java:1156)
03-13 13:05:48.482  8844 10587 E AuthPII : 	at java.util.concurrent.ThreadPoolExecutor$Worker.run(ThreadPoolExecutor.java:651)
03-13 13:05:48.482  8844 10587 E AuthPII : 	at bhoi.run(:com.google.android.gms@260931029@26.09.31 (190400-877989800):8)
03-13 13:05:48.482  8844 10587 E AuthPII : 	at java.lang.Thread.run(Thread.java:1119)
03-13 13:05:48.740  3982  4207 E ActivityThread: Failed to find provider info for com.miui.personalassistant.servicedeliver.system.provider
03-13 13:05:48.741  3982  4115 E Launcher: mFsGestureStatusRefreshRunnable:run usingFsGesture=true   show=true   focus=true   pause=false
03-13 13:05:48.741  3982  4207 E ServiceDeliveryCompat: isSupportServiceDelivery
03-13 13:05:48.741  3982  4207 E ServiceDeliveryCompat: java.lang.IllegalArgumentException: Unknown authority com.miui.personalassistant.servicedeliver.system.provider
03-13 13:05:48.741  3982  4207 E ServiceDeliveryCompat: 	at android.content.ContentResolver.call(ContentResolver.java:2466)
03-13 13:05:48.741  3982  4207 E ServiceDeliveryCompat: 	at android.content.ContentResolver.call(ContentResolver.java:2449)
03-13 13:05:48.741  3982  4207 E ServiceDeliveryCompat: 	at com.miui.home.launcher.servicedeliver.ServiceDeliveryUtils.isSupportServiceDelivery(ServiceDeliveryUtils.kt:28)
03-13 13:05:48.741  3982  4207 E ServiceDeliveryCompat: 	at com.miui.home.launcher.ShortcutMenuLayer.checkServiceDeliverSupport(ShortcutMenuLayer.java:126)
03-13 13:05:48.741  3982  4207 E ServiceDeliveryCompat: 	at com.miui.home.launcher.ShortcutMenuLayer.lambda$showShortcutMenu$0(ShortcutMenuLayer.java:113)
03-13 13:05:48.741  3982  4207 E ServiceDeliveryCompat: 	at com.miui.home.launcher.ShortcutMenuLayer.$r8$lambda$HlgBxfeqMPoqI5EvVBGRreYDMw0(Unknown Source:0)
03-13 13:05:48.741  3982  4207 E ServiceDeliveryCompat: 	at com.miui.home.launcher.ShortcutMenuLayer$$ExternalSyntheticLambda2.apply(Unknown Source:6)
03-13 13:05:48.741  3982  4207 E ServiceDeliveryCompat: 	at com.miui.home.library.utils.AsyncTaskExecutorHelper$3.doInBackground(AsyncTaskExecutorHelper.java:129)
03-13 13:05:48.741  3982  4207 E ServiceDeliveryCompat: 	at com.miui.home.library.utils.AsyncTaskExecutorHelper$3.doInBackground(AsyncTaskExecutorHelper.java:124)
03-13 13:05:48.741  3982  4207 E ServiceDeliveryCompat: 	at android.os.AsyncTask$3.call(AsyncTask.java:394)
03-13 13:05:48.741  3982  4207 E ServiceDeliveryCompat: 	at java.util.concurrent.FutureTask.run(FutureTask.java:317)
03-13 13:05:48.741  3982  4207 E ServiceDeliveryCompat: 	at java.util.concurrent.ThreadPoolExecutor.runWorker(ThreadPoolExecutor.java:1156)
03-13 13:05:48.741  3982  4207 E ServiceDeliveryCompat: 	at java.util.concurrent.ThreadPoolExecutor$Worker.run(ThreadPoolExecutor.java:651)
03-13 13:05:48.741  3982  4207 E ServiceDeliveryCompat: 	at java.lang.Thread.run(Thread.java:1119)
03-13 13:05:48.747  1922  5652 E VibratorManagerServiceImpl: skipandroid.os.RemoteException: Method setUsageExt is unimplemented.
03-13 13:05:48.762 10841 10841 E Zygote  : process_name_ptr:10841 com.android.thememanager
03-13 13:05:48.769 10841 10841 E id.thememanager: Not starting debugger since process cannot load the jdwp agent.
03-13 13:05:48.776 10841 10841 E id.thememanager: Can't find memory status under: /sys/block/zram0/
03-13 13:05:48.960  8844 10587 E AuthPII : [RequestTokenManager] getToken() -> BAD_AUTHENTICATION. App: com.google.android.gms, Service: oauth2:https://www.googleapis.com/auth/notifications
03-13 13:05:48.960  8844 10587 E AuthPII : bgcc: Long live credential not available.
03-13 13:05:48.960  8844 10587 E AuthPII : 	at agtw.a(:com.google.android.gms@260931029@26.09.31 (190400-877989800):1347)
03-13 13:05:48.960  8844 10587 E AuthPII : 	at agud.b(:com.google.android.gms@260931029@26.09.31 (190400-877989800):26)
03-13 13:05:48.960  8844 10587 E AuthPII : 	at agub.a(:com.google.android.gms@260931029@26.09.31 (190400-877989800):738)
03-13 13:05:48.960  8844 10587 E AuthPII : 	at agua.b(:com.google.android.gms@260931029@26.09.31 (190400-877989800):145)
03-13 13:05:48.960  8844 10587 E AuthPII : 	at agip.a(:com.google.android.gms@260931029@26.09.31 (190400-877989800):328)
03-13 13:05:48.960  8844 10587 E AuthPII : 	at agdo.f(:com.google.android.gms@260931029@26.09.31 (190400-877989800):24)
03-13 13:05:48.960  8844 10587 E AuthPII : 	at csuq.fB(:com.google.android.gms@260931029@26.09.31 (190400-877989800):1)
03-13 13:05:48.960  8844 10587 E AuthPII : 	at csuz.run(:com.google.android.gms@260931029@26.09.31 (190400-877989800):118)
03-13 13:05:48.960  8844 10587 E AuthPII : 	at gszf.run(:com.google.android.gms@260931029@26.09.31 (190400-877989800):19)
03-13 13:05:48.960  8844 10587 E AuthPII : 	at bhir.c(:com.google.android.gms@260931029@26.09.31 (190400-877989800):50)
03-13 13:05:48.960  8844 10587 E AuthPII : 	at bhir.run(:com.google.android.gms@260931029@26.09.31 (190400-877989800):73)
03-13 13:05:48.960  8844 10587 E AuthPII : 	at java.util.concurrent.ThreadPoolExecutor.runWorker(ThreadPoolExecutor.java:1156)
03-13 13:05:48.960  8844 10587 E AuthPII : 	at java.util.concurrent.ThreadPoolExecutor$Worker.run(ThreadPoolExecutor.java:651)
03-13 13:05:48.960  8844 10587 E AuthPII : 	at bhoi.run(:com.google.android.gms@260931029@26.09.31 (190400-877989800):8)
03-13 13:05:48.960  8844 10587 E AuthPII : 	at java.lang.Thread.run(Thread.java:1119)
03-13 13:05:48.960  8844 10587 E AuthPII : Message is Long live credential not available.
03-13 13:05:48.960  8844 10587 E AuthPII : bgcc: Long live credential not available.
03-13 13:05:48.960  8844 10587 E AuthPII : 	at agtw.a(:com.google.android.gms@260931029@26.09.31 (190400-877989800):1347)
03-13 13:05:48.960  8844 10587 E AuthPII : 	at agud.b(:com.google.android.gms@260931029@26.09.31 (190400-877989800):26)
03-13 13:05:48.960  8844 10587 E AuthPII : 	at agub.a(:com.google.android.gms@260931029@26.09.31 (190400-877989800):738)
03-13 13:05:48.960  8844 10587 E AuthPII : 	at agua.b(:com.google.android.gms@260931029@26.09.31 (190400-877989800):145)
03-13 13:05:48.960  8844 10587 E AuthPII : 	at agip.a(:com.google.android.gms@260931029@26.09.31 (190400-877989800):328)
03-13 13:05:48.960  8844 10587 E AuthPII : 	at agdo.f(:com.google.android.gms@260931029@26.09.31 (190400-877989800):24)
03-13 13:05:48.960  8844 10587 E AuthPII : 	at csuq.fB(:com.google.android.gms@260931029@26.09.31 (190400-877989800):1)
03-13 13:05:48.960  8844 10587 E AuthPII : 	at csuz.run(:com.google.android.gms@260931029@26.09.31 (190400-877989800):118)
03-13 13:05:48.960  8844 10587 E AuthPII : 	at gszf.run(:com.google.android.gms@260931029@26.09.31 (190400-877989800):19)
03-13 13:05:48.960  8844 10587 E AuthPII : 	at bhir.c(:com.google.android.gms@260931029@26.09.31 (190400-877989800):50)
03-13 13:05:48.960  8844 10587 E AuthPII : 	at bhir.run(:com.google.android.gms@260931029@26.09.31 (190400-877989800):73)
03-13 13:05:48.960  8844 10587 E AuthPII : 	at java.util.concurrent.ThreadPoolExecutor.runWorker(ThreadPoolExecutor.java:1156)
03-13 13:05:48.960  8844 10587 E AuthPII : 	at java.util.concurrent.ThreadPoolExecutor$Worker.run(ThreadPoolExecutor.java:651)
03-13 13:05:48.960  8844 10587 E AuthPII : 	at bhoi.run(:com.google.android.gms@260931029@26.09.31 (190400-877989800):8)
03-13 13:05:48.960  8844 10587 E AuthPII : 	at java.lang.Thread.run(Thread.java:1119)
03-13 13:05:49.052  3982  3982 E Launcher.ShortcutMenuLayer: onQuerySucceed:Item(id=478 type=0)
03-13 13:05:49.102 10841 10841 E FileUtils: err open mi_exception_log errno=2
03-13 13:05:49.102 10841 10841 E FileUtils: err write to mi_exception_log
03-13 13:05:49.141 10841 10930 E id.thememanager: No package ID 6a found for resource ID 0x6a0b0013.
03-13 13:05:49.161 10841 10929 E DeviceUtils: static init: ComputilityLevel Load Class Exception:java.lang.ClassNotFoundException: Didn't find class "com.miui.performance.ComputilityLevelUtils" on path: DexPathList[[zip file "/system_ext/framework/MiuiBooster.jar"],nativeLibraryDirectories=[/system/lib64, /system_ext/lib64]]
03-13 13:05:49.172 10841 10929 E subscription: remote toggle close return
03-13 13:05:49.181 10841 10841 E WallpaperControllerTTM: on success connected
03-13 13:05:49.245  3982  3982 E backgroundBlur: setBackgroundBlurMode disable com.miui.home.launcher.DragView
03-13 13:05:49.245  3982  3982 E backgroundBlur: setMiViewBlurMode disable com.miui.home.launcher.DragView
03-13 13:05:49.318  8601  8792 E jhew    : *~*~*~ Previous channel {0} was garbage collected without being shut down! ~*~*~*
03-13 13:05:49.318  8601  8792 E jhew    :     Make sure to call shutdown()/shutdownNow()
03-13 13:05:49.318  8601  8792 E jhew    : java.lang.RuntimeException: ManagedChannel allocation site
03-13 13:05:49.318  8601  8792 E jhew    : 	at jhev.<init>(:com.google.android.gms@260931029@26.09.31 (190400-877989800):21)
03-13 13:05:49.318  8601  8792 E jhew    : 	at jhew.<init>(:com.google.android.gms@260931029@26.09.31 (190400-877989800):10)
03-13 13:05:49.318  8601  8792 E jhew    : 	at jheu.a(:com.google.android.gms@260931029@26.09.31 (190400-877989800):296)
03-13 13:05:49.318  8601  8792 E jhew    : 	at jgmn.a(:com.google.android.gms@260931029@26.09.31 (190400-877989800):5)
03-13 13:05:49.318  8601  8792 E jhew    : 	at cvob.h(:com.google.android.gms@260931029@26.09.31 (190400-877989800):150)
03-13 13:05:49.318  8601  8792 E jhew    : 	at hfhl.a(:com.google.android.gms@260931029@26.09.31 (190400-877989800):142)
03-13 13:05:49.318  8601  8792 E jhew    : 	at gsza.a(:com.google.android.gms@260931029@26.09.31 (190400-877989800):13)
03-13 13:05:49.318  8601  8792 E jhew    : 	at hbwk.a(:com.google.android.gms@260931029@26.09.31 (190400-877989800):3)
03-13 13:05:49.318  8601  8792 E jhew    : 	at hbvl.run(:com.google.android.gms@260931029@26.09.31 (190400-877989800):19)
03-13 13:05:49.318  8601  8792 E jhew    : 	at hbwm.run(:com.google.android.gms@260931029@26.09.31 (190400-877989800):5)
03-13 13:05:49.318  8601  8792 E jhew    : 	at bhir.c(:com.google.android.gms@260931029@26.09.31 (190400-877989800):50)
03-13 13:05:49.318  8601  8792 E jhew    : 	at bhir.run(:com.google.android.gms@260931029@26.09.31 (190400-877989800):73)
03-13 13:05:49.318  8601  8792 E jhew    : 	at java.util.concurrent.ThreadPoolExecutor.runWorker(ThreadPoolExecutor.java:1156)
03-13 13:05:49.318  8601  8792 E jhew    : 	at java.util.concurrent.ThreadPoolExecutor$Worker.run(ThreadPoolExecutor.java:651)
03-13 13:05:49.318  8601  8792 E jhew    : 	at bhoi.run(:com.google.android.gms@260931029@26.09.31 (190400-877989800):8)
03-13 13:05:49.318  8601  8792 E jhew    : 	at java.lang.Thread.run(Thread.java:1119)
03-13 13:05:49.480 10841 10887 E FirebaseMessaging: Topic operation failed: SERVICE_NOT_AVAILABLE. Will retry Topic operation.
03-13 13:05:49.823  1226  1226 E vendor.qti.hardware.perf@2.2-service: Unknown params
03-13 13:05:49.823  1226  1226 E ANDR-PERF-DATA-POOL: EventDataPool is Full
03-13 13:05:49.823  1226  1226 E ANDR-PERF-MPCTL: perf request submission limit reached.
03-13 13:05:49.827  1226  1226 E vendor.qti.hardware.perf@2.2-service: Unknown params
03-13 13:05:49.827  1226  1226 E vendor.qti.hardware.perf@2.2-service: Unknown params
03-13 13:05:49.827  1226  1226 E ANDR-PERF-DATA-POOL: EventDataPool is Full
03-13 13:05:49.827  1226  1226 E ANDR-PERF-MPCTL: perf request submission limit reached.
03-13 13:05:49.828  1226  1226 E vendor.qti.hardware.perf@2.2-service: Unknown params
03-13 13:05:49.830  1226  1226 E vendor.qti.hardware.perf@2.2-service: Unknown params
03-13 13:05:49.830  1226  1226 E ANDR-PERF-DATA-POOL: EventDataPool is Full
03-13 13:05:49.830  1226  1226 E ANDR-PERF-MPCTL: perf request submission limit reached.
03-13 13:05:49.830  1226  1430 E ANDR-PERF-LM: MetaMeter: handleAsync() 166: AdaptLaunch Invalid Async
03-13 13:05:49.837  3982  3982 E FileUtils: err write to mi_exception_log
03-13 13:05:49.838  3982  3982 E FileUtils: err write to mi_exception_log
03-13 13:05:49.842  1226  1226 E vendor.qti.hardware.perf@2.2-service: Unknown params
03-13 13:05:49.842  1226  1226 E ANDR-PERF-DATA-POOL: EventDataPool is Full
03-13 13:05:49.842  1226  1226 E ANDR-PERF-MPCTL: perf request submission limit reached.
03-13 13:05:49.842  1226  1226 E vendor.qti.hardware.perf@2.2-service: Unknown params
03-13 13:05:49.842  1226  1226 E ANDR-PERF-DATA-POOL: EventDataPool is Full
03-13 13:05:49.842  1226  1226 E ANDR-PERF-MPCTL: perf request submission limit reached.
03-13 13:05:49.862  3982  4422 E ActivityManagerWrapper: get all recent tasks force including 10544
03-13 13:05:49.862  3982  4115 E Launcher: mFsGestureStatusRefreshRunnable:run usingFsGesture=true   show=true   focus=false   pause=true
03-13 13:05:49.865  3982  4422 E ActivityManagerWrapper: getRecentTasksForceIncludingTaskIdIfValid: getRecentTasks: size=5
03-13 13:05:49.865  3982  4422 E ActivityManagerWrapper:  mainTaskId=10544   userId=0   windowMode=1   baseIntent=Intent { act=android.settings.APPLICATION_DETAILS_SETTINGS flag=268468224 cmp=ComponentInfo{com.android.settings/com.android.settings.applications.InstalledAppDetails} }
03-13 13:05:49.865  3982  4422 E ActivityManagerWrapper:  mainTaskId=10543   userId=0   windowMode=1   baseIntent=Intent { act=android.intent.action.MAIN flag=270532608 cmp=ComponentInfo{com.luxpro.vip/com.luxpro.vip.SplashActivity} }
03-13 13:05:49.865  3982  4422 E ActivityManagerWrapper:  mainTaskId=10517   userId=0   windowMode=1   baseIntent=Intent { act=com.tmessages.openchat0.249437130106551222147483647 flag=352321536 cmp=ComponentInfo{org.telegram.messenger.web/org.telegram.ui.LaunchActivity} }
03-13 13:05:49.865  3982  4422 E ActivityManagerWrapper:  mainTaskId=10531   userId=0   windowMode=1   baseIntent=Intent { act=android.intent.action.MAIN flag=270532608 cmp=ComponentInfo{com.android.camera/com.android.camera.Camera} }
03-13 13:05:49.865  3982  4422 E ActivityManagerWrapper:  mainTaskId=10520   userId=0   windowMode=1   baseIntent=Intent { act=null flag=369098752 cmp=ComponentInfo{com.google.android.googlequicksearchbox/com.google.android.apps.search.assistant.surfaces.voice.robin.main.MainActivity} }
03-13 13:05:49.890  3947  4355 E OpenGLRenderer: Unable to match the desired swap behavior.
03-13 13:05:49.916  3947  3947 E onWindowDecorRectChanged: start size:1
03-13 13:05:49.916  3947  3947 E onWindowDecorRectChanged: windowDecorRects: Rect(454, 12 - 625, 123)
03-13 13:05:49.931  3982  4422 E ActivityManagerWrapper: get all recent tasks force including 10544
03-13 13:05:49.933  3982  4422 E ActivityManagerWrapper: getRecentTasksForceIncludingTaskIdIfValid: getRecentTasks: size=5
03-13 13:05:49.933  3982  4422 E ActivityManagerWrapper:  mainTaskId=10544   userId=0   windowMode=1   baseIntent=Intent { act=android.settings.APPLICATION_DETAILS_SETTINGS flag=268468224 cmp=ComponentInfo{com.android.settings/com.android.settings.applications.InstalledAppDetails} }
03-13 13:05:49.933  3982  4422 E ActivityManagerWrapper:  mainTaskId=10543   userId=0   windowMode=1   baseIntent=Intent { act=android.intent.action.MAIN flag=270532608 cmp=ComponentInfo{com.luxpro.vip/com.luxpro.vip.SplashActivity} }
03-13 13:05:49.933  3982  4422 E ActivityManagerWrapper:  mainTaskId=10517   userId=0   windowMode=1   baseIntent=Intent { act=com.tmessages.openchat0.249437130106551222147483647 flag=352321536 cmp=ComponentInfo{org.telegram.messenger.web/org.telegram.ui.LaunchActivity} }
