--------- beginning of main
03-13 14:11:37.590  1158  4457 E sensors-hal: ssc_conn_event_cb:662, event[0] sensor:sar_detector_1  Wakeup, msg_id=1025, ts=4349371758853
03-13 14:11:37.591  1158  4457 E sensors-hal: handle_sns_client_event:52, sar_algo_event: ts=226523852140161, event=1.000000
03-13 14:11:37.632  3941  4406 E ModemController: mMiRilHook.sendQcRilHookMsg: Null Response
03-13 14:11:39.879  3982  4115 E Launcher: mFsGestureStatusRefreshRunnable:run usingFsGesture=true   show=true   focus=true   pause=false
--------- beginning of system
03-13 14:11:39.880  3982  4207 E ActivityThread: Failed to find provider info for com.miui.personalassistant.servicedeliver.system.provider
03-13 14:11:39.883  3982  4207 E ServiceDeliveryCompat: isSupportServiceDelivery
03-13 14:11:39.883  3982  4207 E ServiceDeliveryCompat: java.lang.IllegalArgumentException: Unknown authority com.miui.personalassistant.servicedeliver.system.provider
03-13 14:11:39.883  3982  4207 E ServiceDeliveryCompat: 	at android.content.ContentResolver.call(ContentResolver.java:2466)
03-13 14:11:39.883  3982  4207 E ServiceDeliveryCompat: 	at android.content.ContentResolver.call(ContentResolver.java:2449)
03-13 14:11:39.883  3982  4207 E ServiceDeliveryCompat: 	at com.miui.home.launcher.servicedeliver.ServiceDeliveryUtils.isSupportServiceDelivery(ServiceDeliveryUtils.kt:28)
03-13 14:11:39.883  3982  4207 E ServiceDeliveryCompat: 	at com.miui.home.launcher.ShortcutMenuLayer.checkServiceDeliverSupport(ShortcutMenuLayer.java:126)
03-13 14:11:39.883  3982  4207 E ServiceDeliveryCompat: 	at com.miui.home.launcher.ShortcutMenuLayer.lambda$showShortcutMenu$0(ShortcutMenuLayer.java:113)
03-13 14:11:39.883  3982  4207 E ServiceDeliveryCompat: 	at com.miui.home.launcher.ShortcutMenuLayer.$r8$lambda$HlgBxfeqMPoqI5EvVBGRreYDMw0(Unknown Source:0)
03-13 14:11:39.883  3982  4207 E ServiceDeliveryCompat: 	at com.miui.home.launcher.ShortcutMenuLayer$$ExternalSyntheticLambda2.apply(Unknown Source:6)
03-13 14:11:39.883  3982  4207 E ServiceDeliveryCompat: 	at com.miui.home.library.utils.AsyncTaskExecutorHelper$3.doInBackground(AsyncTaskExecutorHelper.java:129)
03-13 14:11:39.883  3982  4207 E ServiceDeliveryCompat: 	at com.miui.home.library.utils.AsyncTaskExecutorHelper$3.doInBackground(AsyncTaskExecutorHelper.java:124)
03-13 14:11:39.883  3982  4207 E ServiceDeliveryCompat: 	at android.os.AsyncTask$3.call(AsyncTask.java:394)
03-13 14:11:39.883  3982  4207 E ServiceDeliveryCompat: 	at java.util.concurrent.FutureTask.run(FutureTask.java:317)
03-13 14:11:39.883  3982  4207 E ServiceDeliveryCompat: 	at java.util.concurrent.ThreadPoolExecutor.runWorker(ThreadPoolExecutor.java:1156)
03-13 14:11:39.883  3982  4207 E ServiceDeliveryCompat: 	at java.util.concurrent.ThreadPoolExecutor$Worker.run(ThreadPoolExecutor.java:651)
03-13 14:11:39.883  3982  4207 E ServiceDeliveryCompat: 	at java.lang.Thread.run(Thread.java:1119)
03-13 14:11:39.885  1922  2010 E VibratorManagerServiceImpl: skipandroid.os.RemoteException: Method setUsageExt is unimplemented.
03-13 14:11:39.959  3982  3982 E Launcher.ShortcutMenuLayer: onQuerySucceed:Item(id=480 type=0)
03-13 14:11:40.411  3982  3982 E backgroundBlur: setBackgroundBlurMode disable com.miui.home.launcher.DragView
03-13 14:11:40.411  3982  3982 E backgroundBlur: setMiViewBlurMode disable com.miui.home.launcher.DragView
03-13 14:11:40.664  1226  1226 E vendor.qti.hardware.perf@2.2-service: Unknown params
03-13 14:11:40.664  1226  1226 E ANDR-PERF-DATA-POOL: EventDataPool is Full
03-13 14:11:40.664  1226  1226 E ANDR-PERF-MPCTL: perf request submission limit reached.
03-13 14:11:40.671  1226  1226 E vendor.qti.hardware.perf@2.2-service: Unknown params
03-13 14:11:40.671  1226  1226 E vendor.qti.hardware.perf@2.2-service: Unknown params
03-13 14:11:40.679  3982  3982 E FileUtils: err write to mi_exception_log
03-13 14:11:40.701  3982  4422 E ActivityManagerWrapper: get all recent tasks force including 2
03-13 14:11:40.705  3982  4422 E ActivityManagerWrapper: getRecentTasksForceIncludingTaskIdIfValid: getRecentTasks: size=4
03-13 14:11:40.705  3982  4422 E ActivityManagerWrapper:  mainTaskId=10559   userId=0   windowMode=1   baseIntent=Intent { act=android.settings.APPLICATION_DETAILS_SETTINGS flag=268468224 cmp=ComponentInfo{com.android.settings/com.android.settings.applications.InstalledAppDetails} }
03-13 14:11:40.705  3982  4422 E ActivityManagerWrapper:  mainTaskId=10556   userId=0   windowMode=1   baseIntent=Intent { act=android.intent.action.MAIN flag=287309824 cmp=ComponentInfo{com.facebook.katana/com.facebook.katana.LoginActivity} }
03-13 14:11:40.705  3982  4422 E ActivityManagerWrapper:  mainTaskId=10520   userId=0   windowMode=1   baseIntent=Intent { act=null flag=369098752 cmp=ComponentInfo{com.google.android.googlequicksearchbox/com.google.android.apps.search.assistant.surfaces.voice.robin.main.MainActivity} }
03-13 14:11:40.705  3982  4422 E ActivityManagerWrapper:  mainTaskId=10531   userId=0   windowMode=1   baseIntent=Intent { act=android.intent.action.MAIN flag=270532608 cmp=ComponentInfo{com.android.camera/com.android.camera.Camera} }
03-13 14:11:40.710  3982  4115 E Launcher: mFsGestureStatusRefreshRunnable:run usingFsGesture=true   show=true   focus=false   pause=true
03-13 14:11:40.716 27878 27878 E Zygote  : process_name_ptr:27878 com.android.settings
03-13 14:11:40.735 27878 27878 E ndroid.settings: Not starting debugger since process cannot load the jdwp agent.
03-13 14:11:40.752  1226  1226 E vendor.qti.hardware.perf@2.2-service: Unknown params
03-13 14:11:40.752  1226  1226 E ANDR-PERF-DATA-POOL: EventDataPool is Full
03-13 14:11:40.752  1226  1226 E ANDR-PERF-MPCTL: perf request submission limit reached.
03-13 14:11:40.754  1226  1430 E ANDR-PERF-LM: MetaMeter: handleAsync() 166: AdaptLaunch Invalid Async
03-13 14:11:40.759  1226  1226 E vendor.qti.hardware.perf@2.2-service: Unknown params
03-13 14:11:40.759  1226  1226 E ANDR-PERF-DATA-POOL: EventDataPool is Full
03-13 14:11:40.759  1226  1226 E ANDR-PERF-MPCTL: perf request submission limit reached.
03-13 14:11:40.853  3982  4422 E ActivityManagerWrapper: get all recent tasks force including 10559
03-13 14:11:40.864  3947  4355 E OpenGLRenderer: Unable to match the desired swap behavior.
03-13 14:11:40.866  3982  4422 E ActivityManagerWrapper: getRecentTasksForceIncludingTaskIdIfValid: getRecentTasks: size=4
03-13 14:11:40.866  3982  4422 E ActivityManagerWrapper:  mainTaskId=10559   userId=0   windowMode=1   baseIntent=Intent { act=android.settings.APPLICATION_DETAILS_SETTINGS flag=268468224 cmp=ComponentInfo{com.android.settings/com.android.settings.applications.InstalledAppDetails} }
03-13 14:11:40.866  3982  4422 E ActivityManagerWrapper:  mainTaskId=10556   userId=0   windowMode=1   baseIntent=Intent { act=android.intent.action.MAIN flag=287309824 cmp=ComponentInfo{com.facebook.katana/com.facebook.katana.LoginActivity} }
03-13 14:11:40.866  3982  4422 E ActivityManagerWrapper:  mainTaskId=10520   userId=0   windowMode=1   baseIntent=Intent { act=null flag=369098752 cmp=ComponentInfo{com.google.android.googlequicksearchbox/com.google.android.apps.search.assistant.surfaces.voice.robin.main.MainActivity} }
03-13 14:11:40.866  3982  4422 E ActivityManagerWrapper:  mainTaskId=10531   userId=0   windowMode=1   baseIntent=Intent { act=android.intent.action.MAIN flag=270532608 cmp=ComponentInfo{com.android.camera/com.android.camera.Camera} }
03-13 14:11:40.929  3947  3947 E onWindowDecorRectChanged: start size:1
03-13 14:11:40.929  3947  3947 E onWindowDecorRectChanged: windowDecorRects: Rect(454, 12 - 625, 123)
03-13 14:11:40.959  1222  1222 E SDM     : HWCSession::GetClientTargetProperty: GetClinetTargetProperty interface enter
03-13 14:11:40.959  1226  1226 E ANDR-PERF-DATA-POOL: EventDataPool is Full
03-13 14:11:40.959  1226  1226 E ANDR-PERF-MPCTL: perf request submission limit reached.
03-13 14:11:40.967  1222  1222 E SDM     : HWCSession::GetClientTargetProperty: GetClinetTargetProperty interface enter
03-13 14:11:40.967  1226  1226 E ANDR-PERF-DATA-POOL: EventDataPool is Full
03-13 14:11:40.967  1226  1226 E ANDR-PERF-MPCTL: perf request submission limit reached.
03-13 14:11:40.977  1222  1222 E SDM     : HWCSession::GetClientTargetProperty: GetClinetTargetProperty interface enter
03-13 14:11:40.977  1226  1226 E ANDR-PERF-DATA-POOL: EventDataPool is Full
03-13 14:11:40.977  1226  1226 E ANDR-PERF-MPCTL: perf request submission limit reached.
03-13 14:11:40.985  1222  1222 E SDM     : HWCSession::GetClientTargetProperty: GetClinetTargetProperty interface enter
03-13 14:11:40.986  1226  1226 E ANDR-PERF-DATA-POOL: EventDataPool is Full
03-13 14:11:40.986  1226  1226 E ANDR-PERF-MPCTL: perf request submission limit reached.
03-13 14:11:40.993  1222  1222 E SDM     : HWCSession::GetClientTargetProperty: GetClinetTargetProperty interface enter
03-13 14:11:40.994  1226  1226 E ANDR-PERF-DATA-POOL: EventDataPool is Full
03-13 14:11:40.994  1226  1226 E ANDR-PERF-MPCTL: perf request submission limit reached.
03-13 14:11:41.002  1222  1222 E SDM     : HWCSession::GetClientTargetProperty: GetClinetTargetProperty interface enter
03-13 14:11:41.002  1226  1226 E ANDR-PERF-DATA-POOL: EventDataPool is Full
03-13 14:11:41.002  1226  1226 E ANDR-PERF-MPCTL: perf request submission limit reached.
03-13 14:11:41.009  1222  1222 E SDM     : HWCSession::GetClientTargetProperty: GetClinetTargetProperty interface enter
03-13 14:11:41.009  1226  1226 E ANDR-PERF-DATA-POOL: EventDataPool is Full
03-13 14:11:41.009  1226  1226 E ANDR-PERF-MPCTL: perf request submission limit reached.
03-13 14:11:41.018  1222  1222 E SDM     : HWCSession::GetClientTargetProperty: GetClinetTargetProperty interface enter
03-13 14:11:41.018  1226  1226 E ANDR-PERF-DATA-POOL: EventDataPool is Full
03-13 14:11:41.018  1226  1226 E ANDR-PERF-MPCTL: perf request submission limit reached.
03-13 14:11:41.027  1222  1222 E SDM     : HWCSession::GetClientTargetProperty: GetClinetTargetProperty interface enter
03-13 14:11:41.027  1226  1226 E ANDR-PERF-DATA-POOL: EventDataPool is Full
03-13 14:11:41.027  1226  1226 E ANDR-PERF-MPCTL: perf request submission limit reached.
03-13 14:11:41.035  1222  1222 E SDM     : HWCSession::GetClientTargetProperty: GetClinetTargetProperty interface enter
03-13 14:11:41.036  1226  1226 E ANDR-PERF-DATA-POOL: EventDataPool is Full
03-13 14:11:41.036  1226  1226 E ANDR-PERF-MPCTL: perf request submission limit reached.
03-13 14:11:41.043  1222  1222 E SDM     : HWCSession::GetClientTargetProperty: GetClinetTargetProperty interface enter
03-13 14:11:41.043  1226  1226 E ANDR-PERF-DATA-POOL: EventDataPool is Full
03-13 14:11:41.043  1226  1226 E ANDR-PERF-MPCTL: perf request submission limit reached.
03-13 14:11:41.052  1222  1222 E SDM     : HWCSession::GetClientTargetProperty: GetClinetTargetProperty interface enter
03-13 14:11:41.052  1226  1226 E ANDR-PERF-DATA-POOL: EventDataPool is Full
03-13 14:11:41.052  1226  1226 E ANDR-PERF-MPCTL: perf request submission limit reached.
03-13 14:11:41.059  1222  1222 E SDM     : HWCSession::GetClientTargetProperty: GetClinetTargetProperty interface enter
03-13 14:11:41.059 31798 32060 E msys    : E[N mns]_OnDiskCacheGetData(632)=>Start post callback cache refresh DNS resolution
03-13 14:11:41.059  1226  1226 E ANDR-PERF-DATA-POOL: EventDataPool is Full
03-13 14:11:41.060  1226  1226 E ANDR-PERF-MPCTL: perf request submission limit reached.
03-13 14:11:41.061 31798 31872 E MQTTBypassDGWStreamGroupCallbacks.cpp: onStreamGroupError TransientError domain: MNSQUICConnection code: 1 detail: Local error: 0x40000015: 35 seconds timeout
03-13 14:11:41.067  1222  1222 E SDM     : HWCSession::GetClientTargetProperty: GetClinetTargetProperty interface enter
03-13 14:11:41.068  1226  1226 E ANDR-PERF-DATA-POOL: EventDataPool is Full
03-13 14:11:41.068  1226  1226 E ANDR-PERF-MPCTL: perf request submission limit reached.
03-13 14:11:41.072  1922  3729 E ExtM    : ExtM flush exist thrashing
03-13 14:11:41.076  1222  1222 E SDM     : HWCSession::GetClientTargetProperty: GetClinetTargetProperty interface enter
03-13 14:11:41.076  1226  1226 E ANDR-PERF-DATA-POOL: EventDataPool is Full
03-13 14:11:41.076  1226  1226 E ANDR-PERF-MPCTL: perf request submission limit reached.
03-13 14:11:41.077 31798 32060 E msys    : E[N mns]_OnSystemDNSSuccessCallback(340)=>Cache refresh succeeded with system DNS resolver. IP count: 1
03-13 14:11:41.084  1222  1222 E SDM     : HWCSession::GetClientTargetProperty: GetClinetTargetProperty interface enter
03-13 14:11:41.085  1226  1226 E ANDR-PERF-DATA-POOL: EventDataPool is Full
03-13 14:11:41.085  1226  1226 E ANDR-PERF-MPCTL: perf request submission limit reached.
03-13 14:11:41.093  1222  1222 E SDM     : HWCSession::GetClientTargetProperty: GetClinetTargetProperty interface enter
03-13 14:11:41.093  1226  1226 E ANDR-PERF-DATA-POOL: EventDataPool is Full
03-13 14:11:41.093  1226  1226 E ANDR-PERF-MPCTL: perf request submission limit reached.
03-13 14:11:41.101  1222  1222 E SDM     : HWCSession::GetClientTargetProperty: GetClinetTargetProperty interface enter
03-13 14:11:41.102  1226  1226 E ANDR-PERF-DATA-POOL: EventDataPool is Full
03-13 14:11:41.102  1226  1226 E ANDR-PERF-MPCTL: perf request submission limit reached.
03-13 14:11:41.109  1222  1222 E SDM     : HWCSession::GetClientTargetProperty: GetClinetTargetProperty interface enter
03-13 14:11:41.109  1226  1226 E ANDR-PERF-DATA-POOL: EventDataPool is Full
03-13 14:11:41.109  1226  1226 E ANDR-PERF-MPCTL: perf request submission limit reached.
03-13 14:11:41.119  1222  1222 E SDM     : HWCSession::GetClientTargetProperty: GetClinetTargetProperty interface enter
03-13 14:11:41.119  1226  1226 E ANDR-PERF-DATA-POOL: EventDataPool is Full
03-13 14:11:41.119  1226  1226 E ANDR-PERF-MPCTL: perf request submission limit reached.
03-13 14:11:41.122 27878 27907 E MiuiUtils: Cannot find package: com.android.quicksearchbox
03-13 14:11:41.122 27878 27907 E MiuiUtils: android.content.pm.PackageManager$NameNotFoundException: com.android.quicksearchbox
03-13 14:11:41.122 27878 27907 E MiuiUtils: 	at android.app.ApplicationPackageManager.getPackageInfoAsUser(ApplicationPackageManager.java:259)
03-13 14:11:41.122 27878 27907 E MiuiUtils: 	at android.app.ApplicationPackageManager.getPackageInfo(ApplicationPackageManager.java:219)
03-13 14:11:41.122 27878 27907 E MiuiUtils: 	at android.app.ApplicationPackageManager.getPackageInfo(ApplicationPackageManager.java:213)
03-13 14:11:41.122 27878 27907 E MiuiUtils: 	at com.android.settings.MiuiUtils.getAppLongVersionCode(MiuiUtils.java:1650)
03-13 14:11:41.122 27878 27907 E MiuiUtils: 	at com.android.settings.personal.FullScreenDisplayController.quickSearchBoxTooOld(FullScreenDisplayController.java:63)
03-13 14:11:41.122 27878 27907 E MiuiUtils: 	at com.android.settings.personal.FullScreenDisplayController.isRemoveEntryFromSettings(FullScreenDisplayController.java:69)
03-13 14:11:41.122 27878 27907 E MiuiUtils: 	at com.android.settings.personal.FullScreenDisplayController.initInfinityDisplaySettings(FullScreenDisplayController.java:47)
03-13 14:11:41.122 27878 27907 E MiuiUtils: 	at com.android.settings.SettingsApplication$InitTask.doInBackground(SettingsApplication.java:457)
03-13 14:11:41.122 27878 27907 E MiuiUtils: 	at com.android.settings.SettingsApplication$InitTask.doInBackground(SettingsApplication.java:437)
03-13 14:11:41.122 27878 27907 E MiuiUtils: 	at android.os.AsyncTask$3.call(AsyncTask.java:394)
03-13 14:11:41.122 27878 27907 E MiuiUtils: 	at java.util.concurrent.FutureTask.run(FutureTask.java:317)
03-13 14:11:41.122 27878 27907 E MiuiUtils: 	at java.util.concurrent.ThreadPoolExecutor.runWorker(ThreadPoolExecutor.java:1156)
03-13 14:11:41.122 27878 27907 E MiuiUtils: 	at java.util.concurrent.ThreadPoolExecutor$Worker.run(ThreadPoolExecutor.java:651)
03-13 14:11:41.122 27878 27907 E MiuiUtils: 	at java.lang.Thread.run(Thread.java:1119)
03-13 14:11:41.127  1222  1222 E SDM     : HWCSession::GetClientTargetProperty: GetClinetTargetProperty interface enter
03-13 14:11:41.127  1226  1226 E ANDR-PERF-DATA-POOL: EventDataPool is Full
03-13 14:11:41.127  1226  1226 E ANDR-PERF-MPCTL: perf request submission limit reached.
03-13 14:11:41.134  1922  3729 E ExtM    : can_flush_idle_pages:87093 flush_number_adjust: 5000
03-13 14:11:41.135  1222  1222 E SDM     : HWCSession::GetClientTargetProperty: GetClinetTargetProperty interface enter
03-13 14:11:41.136  1226  1226 E ANDR-PERF-DATA-POOL: EventDataPool is Full
03-13 14:11:41.136  1226  1226 E ANDR-PERF-MPCTL: perf request submission limit reached.
03-13 14:11:41.139 27878 27878 E FileUtils: err open mi_exception_log errno=2
03-13 14:11:41.139 27878 27878 E FileUtils: err write to mi_exception_log
03-13 14:11:41.143  1222  1222 E SDM     : HWCSession::GetClientTargetProperty: GetClinetTargetProperty interface enter
03-13 14:11:41.143  1226  1226 E ANDR-PERF-DATA-POOL: EventDataPool is Full
03-13 14:11:41.144  1226  1226 E ANDR-PERF-MPCTL: perf request submission limit reached.
03-13 14:11:41.152  1222  1222 E SDM     : HWCSession::GetClientTargetProperty: GetClinetTargetProperty interface enter
03-13 14:11:41.152  1226  1226 E ANDR-PERF-DATA-POOL: EventDataPool is Full
03-13 14:11:41.152  1226  1226 E ANDR-PERF-MPCTL: perf request submission limit reached.
03-13 14:11:41.157 27878 27902 E DynamicRefreshRate recy: dynamic is not enable
03-13 14:11:41.161  1222  1222 E SDM     : HWCSession::GetClientTargetProperty: GetClinetTargetProperty interface enter
03-13 14:11:41.161  1226  1226 E ANDR-PERF-DATA-POOL: EventDataPool is Full
03-13 14:11:41.161  1226  1226 E ANDR-PERF-MPCTL: perf request submission limit reached.
03-13 14:11:41.170  1222  1222 E SDM     : HWCSession::GetClientTargetProperty: GetClinetTargetProperty interface enter
03-13 14:11:41.170  1226  1226 E ANDR-PERF-DATA-POOL: EventDataPool is Full
03-13 14:11:41.170  1226  1226 E ANDR-PERF-MPCTL: perf request submission limit reached.
03-13 14:11:41.177  1222  1222 E SDM     : HWCSession::GetClientTargetProperty: GetClinetTargetProperty interface enter
03-13 14:11:41.177  1226  1226 E ANDR-PERF-DATA-POOL: EventDataPool is Full
03-13 14:11:41.177  1226  1226 E ANDR-PERF-MPCTL: perf request submission limit reached.
03-13 14:11:41.186  1222  1222 E SDM     : HWCSession::GetClientTargetProperty: GetClinetTargetProperty interface enter
03-13 14:11:41.186  1226  1226 E ANDR-PERF-DATA-POOL: EventDataPool is Full
03-13 14:11:41.186  1226  1226 E ANDR-PERF-MPCTL: perf request submission limit reached.
03-13 14:11:41.194  1222  1222 E SDM     : HWCSession::GetClientTargetProperty: GetClinetTargetProperty interface enter
03-13 14:11:41.194  1226  1226 E ANDR-PERF-DATA-POOL: EventDataPool is Full
03-13 14:11:41.194  1226  1226 E ANDR-PERF-MPCTL: perf request submission limit reached.
03-13 14:11:41.201 27918 27918 E vold    : maxCpuFreq=2400000
03-13 14:11:41.202 27918 27918 E vold    : maxCpuFreq=2400000
03-13 14:11:41.202  1222  1222 E SDM     : HWCSession::GetClientTargetProperty: GetClinetTargetProperty interface enter
03-13 14:11:41.202  1226  1226 E ANDR-PERF-DATA-POOL: EventDataPool is Full
03-13 14:11:41.202  1226  1226 E ANDR-PERF-MPCTL: perf request submission limit reached.
03-13 14:11:41.210  1222  1222 E SDM     : HWCSession::GetClientTargetProperty: GetClinetTargetProperty interface enter
03-13 14:11:41.210  1226  1226 E ANDR-PERF-DATA-POOL: EventDataPool is Full
03-13 14:11:41.210  1226  1226 E ANDR-PERF-MPCTL: perf request submission limit reached.
03-13 14:11:41.218  1222  1222 E SDM     : HWCSession::GetClientTargetProperty: GetClinetTargetProperty interface enter
03-13 14:11:41.218  1226  1226 E ANDR-PERF-DATA-POOL: EventDataPool is Full
03-13 14:11:41.218  1226  1226 E ANDR-PERF-MPCTL: perf request submission limit reached.
03-13 14:11:41.226  1222  1222 E SDM     : HWCSession::GetClientTargetProperty: GetClinetTargetProperty interface enter
03-13 14:11:41.226  1226  1226 E ANDR-PERF-DATA-POOL: EventDataPool is Full
03-13 14:11:41.226  1226  1226 E ANDR-PERF-MPCTL: perf request submission limit reached.
03-13 14:11:41.235  1222  1222 E SDM     : HWCSession::GetClientTargetProperty: GetClinetTargetProperty interface enter
03-13 14:11:41.236  1226  1226 E ANDR-PERF-DATA-POOL: EventDataPool is Full
03-13 14:11:41.236  1226  1226 E ANDR-PERF-MPCTL: perf request submission limit reached.
03-13 14:11:41.244  1222  1222 E SDM     : HWCSession::GetClientTargetProperty: GetClinetTargetProperty interface enter
03-13 14:11:41.244  1226  1226 E ANDR-PERF-DATA-POOL: EventDataPool is Full
03-13 14:11:41.244  1226  1226 E ANDR-PERF-MPCTL: perf request submission limit reached.
03-13 14:11:41.252  1222  1222 E SDM     : HWCSession::GetClientTargetProperty: GetClinetTargetProperty interface enter
03-13 14:11:41.252  1226  1226 E ANDR-PERF-DATA-POOL: EventDataPool is Full
03-13 14:11:41.252  1226  1226 E ANDR-PERF-MPCTL: perf request submission limit reached.
03-13 14:11:41.260  1222  1222 E SDM     : HWCSession::GetClientTargetProperty: GetClinetTargetProperty interface enter
03-13 14:11:41.260  1226  1226 E ANDR-PERF-DATA-POOL: EventDataPool is Full
03-13 14:11:41.260  1226  1226 E ANDR-PERF-MPCTL: perf request submission limit reached.
03-13 14:11:41.269  1222  1222 E SDM     : HWCSession::GetClientTargetProperty: GetClinetTargetProperty interface enter
03-13 14:11:41.269  1226  1226 E ANDR-PERF-DATA-POOL: EventDataPool is Full
03-13 14:11:41.269  1226  1226 E ANDR-PERF-MPCTL: perf request submission limit reached.
03-13 14:11:41.277  1222  1222 E SDM     : HWCSession::GetClientTargetProperty: GetClinetTargetProperty interface enter
03-13 14:11:41.277  1226  1226 E ANDR-PERF-DATA-POOL: EventDataPool is Full
03-13 14:11:41.277  1226  1226 E ANDR-PERF-MPCTL: perf request submission limit reached.
03-13 14:11:41.285  1222  1222 E SDM     : HWCSession::GetClientTargetProperty: GetClinetTargetProperty interface enter
03-13 14:11:41.285  1226  1226 E ANDR-PERF-DATA-POOL: EventDataPool is Full
03-13 14:11:41.285  1226  1226 E ANDR-PERF-MPCTL: perf request submission limit reached.
03-13 14:11:41.293  1222  1222 E SDM     : HWCSession::GetClientTargetProperty: GetClinetTargetProperty interface enter
03-13 14:11:41.294  1226  1226 E ANDR-PERF-DATA-POOL: EventDataPool is Full
03-13 14:11:41.294  1226  1226 E ANDR-PERF-MPCTL: perf request submission limit reached.
03-13 14:11:41.302  1222  1222 E SDM     : HWCSession::GetClientTargetProperty: GetClinetTargetProperty interface enter
03-13 14:11:41.302  1226  1226 E ANDR-PERF-DATA-POOL: EventDataPool is Full
03-13 14:11:41.302  1226  1226 E ANDR-PERF-MPCTL: perf request submission limit reached.
03-13 14:11:41.303  3337 27927 E AD-PLUGIN-SplashController: Get miui intent sender : null
03-13 14:11:41.306  7384 19497 E SystemAdContentProvider: query flag: 672
03-13 14:11:41.310  1222  1222 E SDM     : HWCSession::GetClientTargetProperty: GetClinetTargetProperty interface enter
03-13 14:11:41.310  1226  1226 E ANDR-PERF-DATA-POOL: EventDataPool is Full
03-13 14:11:41.310  1226  1226 E ANDR-PERF-MPCTL: perf request submission limit reached.
03-13 14:11:41.318  1222  1222 E SDM     : HWCSession::GetClientTargetProperty: GetClinetTargetProperty interface enter
03-13 14:11:41.318  1226  1226 E ANDR-PERF-DATA-POOL: EventDataPool is Full
03-13 14:11:41.318  1226  1226 E ANDR-PERF-MPCTL: perf request submission limit reached.
03-13 14:11:41.327  1222  1222 E SDM     : HWCSession::GetClientTargetProperty: GetClinetTargetProperty interface enter
03-13 14:11:41.327  1226  1226 E ANDR-PERF-DATA-POOL: EventDataPool is Full
03-13 14:11:41.327  1226  1226 E ANDR-PERF-MPCTL: perf request submission limit reached.
03-13 14:11:41.334  1222  1222 E SDM     : HWCSession::GetClientTargetProperty: GetClinetTargetProperty interface enter
03-13 14:11:41.334  1226  1226 E ANDR-PERF-DATA-POOL: EventDataPool is Full
03-13 14:11:41.335  1226  1226 E ANDR-PERF-MPCTL: perf request submission limit reached.
03-13 14:11:41.343  1222  1222 E SDM     : HWCSession::GetClientTargetProperty: GetClinetTargetProperty interface enter
03-13 14:11:41.343  1226  1226 E ANDR-PERF-DATA-POOL: EventDataPool is Full
03-13 14:11:41.343  1226  1226 E ANDR-PERF-MPCTL: perf request submission limit reached.
03-13 14:11:41.351  1222  1222 E SDM     : HWCSession::GetClientTargetProperty: GetClinetTargetProperty interface enter
03-13 14:11:41.353  1226  1226 E ANDR-PERF-DATA-POOL: EventDataPool is Full
03-13 14:11:41.353  1226  1226 E ANDR-PERF-MPCTL: perf request submission limit reached.
03-13 14:11:41.360  1222  1222 E SDM     : HWCSession::GetClientTargetProperty: GetClinetTargetProperty interface enter
03-13 14:11:41.360  1226  1226 E ANDR-PERF-DATA-POOL: EventDataPool is Full
03-13 14:11:41.361  1226  1226 E ANDR-PERF-MPCTL: perf request submission limit reached.
03-13 14:11:41.371  1222  1222 E SDM     : HWCSession::GetClientTargetProperty: GetClinetTargetProperty interface enter
03-13 14:11:41.372  1226  1226 E ANDR-PERF-DATA-POOL: EventDataPool is Full
03-13 14:11:41.372  1226  1226 E ANDR-PERF-MPCTL: perf request submission limit reached.
03-13 14:11:41.376  1222  1222 E SDM     : HWCSession::GetClientTargetProperty: GetClinetTargetProperty interface enter
03-13 14:11:41.376  1226  1226 E ANDR-PERF-DATA-POOL: EventDataPool is Full
03-13 14:11:41.376  1226  1226 E ANDR-PERF-MPCTL: perf request submission limit reached.
03-13 14:11:41.384  1222  1222 E SDM     : HWCSession::GetClientTargetProperty: GetClinetTargetProperty interface enter
03-13 14:11:41.385  1226  1226 E ANDR-PERF-DATA-POOL: EventDataPool is Full
03-13 14:11:41.385  1226  1226 E ANDR-PERF-MPCTL: perf request submission limit reached.
03-13 14:11:41.393  1222  1222 E SDM     : HWCSession::GetClientTargetProperty: GetClinetTargetProperty interface enter
03-13 14:11:41.394  1226  1226 E ANDR-PERF-DATA-POOL: EventDataPool is Full
03-13 14:11:41.394  1226  1226 E ANDR-PERF-MPCTL: perf request submission limit reached.
03-13 14:11:41.403  1222  1222 E SDM     : HWCSession::GetClientTargetProperty: GetClinetTargetProperty interface enter
03-13 14:11:41.403  1226  1226 E ANDR-PERF-DATA-POOL: EventDataPool is Full
03-13 14:11:41.403  1226  1226 E ANDR-PERF-MPCTL: perf request submission limit reached.
03-13 14:11:41.410  1222  1222 E SDM     : HWCSession::GetClientTargetProperty: GetClinetTargetProperty interface enter
03-13 14:11:41.410  1226  1226 E ANDR-PERF-DATA-POOL: EventDataPool is Full
03-13 14:11:41.410  1226  1226 E ANDR-PERF-MPCTL: perf request submission limit reached.
03-13 14:11:41.418  1222  1222 E SDM     : HWCSession::GetClientTargetProperty: GetClinetTargetProperty interface enter
03-13 14:11:41.419  1226  1226 E ANDR-PERF-DATA-POOL: EventDataPool is Full
03-13 14:11:41.420  1226  1226 E ANDR-PERF-MPCTL: perf request submission limit reached.
03-13 14:11:41.426  1222  1222 E SDM     : HWCSession::GetClientTargetProperty: GetClinetTargetProperty interface enter
03-13 14:11:41.427  1226  1226 E ANDR-PERF-DATA-POOL: EventDataPool is Full
03-13 14:11:41.427  1226  1226 E ANDR-PERF-MPCTL: perf request submission limit reached.
03-13 14:11:41.429  3337  3405 E c       : NameNotFound android.uid.system:1000
03-13 14:11:41.435  1222  1222 E SDM     : HWCSession::GetClientTargetProperty: GetClinetTargetProperty interface enter
03-13 14:11:41.435  1226  1226 E ANDR-PERF-DATA-POOL: EventDataPool is Full
03-13 14:11:41.435  1226  1226 E ANDR-PERF-MPCTL: perf request submission limit reached.
03-13 14:11:41.443  1222  1222 E SDM     : HWCSession::GetClientTargetProperty: GetClinetTargetProperty interface enter
03-13 14:11:41.444  1226  1226 E ANDR-PERF-DATA-POOL: EventDataPool is Full
03-13 14:11:41.444  1226  1226 E ANDR-PERF-MPCTL: perf request submission limit reached.
03-13 14:11:41.445  1226  1226 E vendor.qti.hardware.perf@2.2-service: Unknown params
03-13 14:11:41.445  1226  1226 E ANDR-PERF-DATA-POOL: EventDataPool is Full
03-13 14:11:41.445  1226  1226 E ANDR-PERF-MPCTL: perf request submission limit reached.
03-13 14:11:41.450  3947  4147 E SurfaceComposerClient: SurfaceComposerClient::Transaction::setAlpha: invalid alpha 1.000010, clamping
03-13 14:11:41.452  1222  1222 E SDM     : HWCSession::GetClientTargetProperty: GetClinetTargetProperty interface enter
03-13 14:11:41.452  1226  1226 E ANDR-PERF-DATA-POOL: EventDataPool is Full
03-13 14:11:41.452  1226  1226 E ANDR-PERF-MPCTL: perf request submission limit reached.
03-13 14:11:41.453  1226  1226 E vendor.qti.hardware.perf@2.2-service: Unknown params
03-13 14:11:41.454  1226  1226 E vendor.qti.hardware.perf@2.2-service: Unknown params
03-13 14:11:41.454  1226  1226 E ANDR-PERF-DATA-POOL: EventDataPool is Full
03-13 14:11:41.454  1226  1226 E ANDR-PERF-MPCTL: perf request submission limit reached.
03-13 14:11:41.454  1226  1226 E vendor.qti.hardware.perf@2.2-service: Unknown params
03-13 14:11:41.459  3947  4147 E SurfaceComposerClient: SurfaceComposerClient::Transaction::setAlpha: invalid alpha 1.000031, clamping
03-13 14:11:41.460  1222  1222 E SDM     : HWCSession::GetClientTargetProperty: GetClinetTargetProperty interface enter
03-13 14:11:41.461  1226  1226 E ANDR-PERF-DATA-POOL: EventDataPool is Full
03-13 14:11:41.461  1226  1226 E ANDR-PERF-MPCTL: perf request submission limit reached.
03-13 14:11:41.467  3947  4147 E SurfaceComposerClient: SurfaceComposerClient::Transaction::setAlpha: invalid alpha 1.000046, clamping
03-13 14:11:41.468  1222  1222 E SDM     : HWCSession::GetClientTargetProperty: GetClinetTargetProperty interface enter
03-13 14:11:41.469  1226  1226 E ANDR-PERF-DATA-POOL: EventDataPool is Full
03-13 14:11:41.469  1226  1226 E ANDR-PERF-MPCTL: perf request submission limit reached.
03-13 14:11:41.470 27878 27878 E FileUtils: err write to mi_exception_log
03-13 14:11:41.470 27878 27878 E FileUtils: err write to mi_exception_log
03-13 14:11:41.471 27878 27878 E FileUtils: err write to mi_exception_log
03-13 14:11:41.475  1226  1226 E vendor.qti.hardware.perf@2.2-service: Unknown params
03-13 14:11:41.475  1226  1226 E vendor.qti.hardware.perf@2.2-service: Unknown params
03-13 14:11:41.475  1226  1226 E ANDR-PERF-DATA-POOL: EventDataPool is Full
03-13 14:11:41.475  1226  1226 E ANDR-PERF-MPCTL: perf request submission limit reached.
03-13 14:11:41.475  3947  4147 E SurfaceComposerClient: SurfaceComposerClient::Transaction::setAlpha: invalid alpha 1.000057, clamping
03-13 14:11:41.477  1226  1226 E vendor.qti.hardware.perf@2.2-service: Unknown params
03-13 14:11:41.477  1226  1226 E ANDR-PERF-DATA-POOL: EventDataPool is Full
03-13 14:11:41.477  1226  1226 E ANDR-PERF-MPCTL: perf request submission limit reached.
03-13 14:11:41.477  1222  1222 E SDM     : HWCSession::GetClientTargetProperty: GetClinetTargetProperty interface enter
03-13 14:11:41.477  1226  1430 E ANDR-PERF-LM: MetaMeter: handleAsync() 166: AdaptLaunch Invalid Async
03-13 14:11:41.478  1226  1226 E ANDR-PERF-DATA-POOL: EventDataPool is Full
03-13 14:11:41.478  1226  1226 E ANDR-PERF-MPCTL: perf request submission limit reached.
03-13 14:11:41.482  1226  1226 E vendor.qti.hardware.perf@2.2-service: Unknown params
03-13 14:11:41.482  1226  1226 E ANDR-PERF-DATA-POOL: EventDataPool is Full
03-13 14:11:41.482  1226  1226 E ANDR-PERF-MPCTL: perf request submission limit reached.
03-13 14:11:41.482  1226  1226 E vendor.qti.hardware.perf@2.2-service: Unknown params
03-13 14:11:41.482  1226  1226 E ANDR-PERF-DATA-POOL: EventDataPool is Full
03-13 14:11:41.482  1226  1226 E ANDR-PERF-MPCTL: perf request submission limit reached.
03-13 14:11:41.484  3947  4147 E SurfaceComposerClient: SurfaceComposerClient::Transaction::setAlpha: invalid alpha 1.000064, clamping
03-13 14:11:41.485  3947  4147 E SurfaceComposerClient: SurfaceComposerClient::Transaction::setAlpha: invalid alpha 1.000064, clamping
03-13 14:11:41.485  1222  1222 E SDM     : HWCSession::GetClientTargetProperty: GetClinetTargetProperty interface enter
03-13 14:11:41.486  1226  1226 E ANDR-PERF-DATA-POOL: EventDataPool is Full
03-13 14:11:41.487  1226  1226 E ANDR-PERF-MPCTL: perf request submission limit reached.
03-13 14:11:41.494  1222  1222 E SDM     : HWCSession::GetClientTargetProperty: GetClinetTargetProperty interface enter
03-13 14:11:41.495  1226  1226 E ANDR-PERF-DATA-POOL: EventDataPool is Full
03-13 14:11:41.495  1226  1226 E ANDR-PERF-MPCTL: perf request submission limit reached.
03-13 14:11:41.533  3982  3982 E FileUtils: err write to mi_exception_log
03-13 14:11:41.539  5744  5744 E FileUtils: err write to mi_exception_log
03-13 14:11:41.586  3982  4422 E ActivityManagerWrapper: get all recent tasks force including 10559
03-13 14:11:41.588  3982  4422 E ActivityManagerWrapper: getRecentTasksForceIncludingTaskIdIfValid: getRecentTasks: size=4
03-13 14:11:41.588  3982  4422 E ActivityManagerWrapper:  mainTaskId=10559   userId=0   windowMode=1   baseIntent=Intent { act=android.settings.APPLICATION_DETAILS_SETTINGS flag=268468224 cmp=ComponentInfo{com.android.settings/com.android.settings.applications.InstalledAppDetails} }
03-13 14:11:41.588  3982  4422 E ActivityManagerWrapper:  mainTaskId=10556   userId=0   windowMode=1   baseIntent=Intent { act=android.intent.action.MAIN flag=287309824 cmp=ComponentInfo{com.facebook.katana/com.facebook.katana.LoginActivity} }
03-13 14:11:41.588  3982  4422 E ActivityManagerWrapper:  mainTaskId=10520   userId=0   windowMode=1   baseIntent=Intent { act=null flag=369098752 cmp=ComponentInfo{com.google.android.googlequicksearchbox/com.google.android.apps.search.assistant.surfaces.voice.robin.main.MainActivity} }
03-13 14:11:41.588  3982  4422 E ActivityManagerWrapper:  mainTaskId=10531   userId=0   windowMode=1   baseIntent=Intent { act=android.intent.action.MAIN flag=270532608 cmp=ComponentInfo{com.android.camera/com.android.camera.Camera} }
03-13 14:11:41.610  4728  4728 E DynamicRefreshRate recy: dynamic is not enable
03-13 14:11:41.629  4728  4728 E FileUtils: err write to mi_exception_log
03-13 14:11:41.652  4728  4903 E OpenGLRenderer: Unable to match the desired swap behavior.
03-13 14:11:41.656  3982  4422 E ActivityManagerWrapper: get all recent tasks force including 10559
03-13 14:11:41.662  3982  4422 E ActivityManagerWrapper: getRecentTasksForceIncludingTaskIdIfValid: getRecentTasks: size=4
03-13 14:11:41.662  3982  4422 E ActivityManagerWrapper:  mainTaskId=10559   userId=0   windowMode=1   baseIntent=Intent { act=android.settings.APPLICATION_DETAILS_SETTINGS flag=268468224 cmp=ComponentInfo{com.android.settings/com.android.settings.applications.InstalledAppDetails} }
03-13 14:11:41.662  3982  4422 E ActivityManagerWrapper:  mainTaskId=10556   userId=0   windowMode=1   baseIntent=Intent { act=android.intent.action.MAIN flag=287309824 cmp=ComponentInfo{com.facebook.katana/com.facebook.katana.LoginActivity} }
03-13 14:11:41.662  3982  4422 E ActivityManagerWrapper:  mainTaskId=10520   userId=0   windowMode=1   baseIntent=Intent { act=null flag=369098752 cmp=ComponentInfo{com.google.android.googlequicksearchbox/com.google.android.apps.search.assistant.surfaces.voice.robin.main.MainActivity} }
03-13 14:11:41.662  3982  4422 E ActivityManagerWrapper:  mainTaskId=10531   userId=0   windowMode=1   baseIntent=Intent { act=android.intent.action.MAIN flag=270532608 cmp=ComponentInfo{com.android.camera/com.android.camera.Camera} }
03-13 14:11:41.695  4728  4728 E FileUtils: err write to mi_exception_log
03-13 14:11:41.713  4728  4728 E OpenGLRenderer: setMiShadow is not show
03-13 14:11:41.724  1922  2440 E KernelCpuSpeedReader: Failed to read cpu-freq: /sys/devices/system/cpu/cpu┘د/cpufreq/stats/time_in_state: open failed: ENOENT (No such file or directory)
03-13 14:11:41.724  1922  2440 E KernelCpuSpeedReader: Failed to read cpu-freq: /sys/devices/system/cpu/cpu┘ج/cpufreq/stats/time_in_state: open failed: ENOENT (No such file or directory)
03-13 14:11:41.724  1922  2440 E KernelCpuSpeedReader: Failed to read cpu-freq: /sys/devices/system/cpu/cpu┘ب/cpufreq/stats/time_in_state: open failed: ENOENT (No such file or directory)
03-13 14:11:41.728   704   712 E android.system.suspend-service: Error opening kernel wakelock stats for: wakeup58 (../../devices/virtual/misc/msm_wma/wakeup58): Permission denied
03-13 14:11:41.731   704   712 E android.system.suspend-service: Error opening kernel wakelock stats for: wakeup4 (../../devices/platform/soc/soc:qcom,smp2p-modem/wakeup/wakeup4): Permission denied
03-13 14:11:41.737   704   712 E android.system.suspend-service: Error opening kernel wakelock stats for: wakeup28 (../../devices/platform/soc/4080000.qcom,mss/wakeup/wakeup28): Permission denied
03-13 14:11:41.738   704   712 E android.system.suspend-service: Error opening kernel wakelock stats for: wakeup18 (../../devices/platform/soc/soc:qcom,trustedvm@d0800000/wakeup/wakeup18): Permission denied
03-13 14:11:41.738   704   712 E android.system.suspend-service: Error opening kernel wakelock stats for: wakeup46 (../../devices/virtual/misc/msm_aac/wakeup46): Permission denied
03-13 14:11:41.738   704   712 E android.system.suspend-service: Error opening kernel wakelock stats for: wakeup2 (../../devices/platform/soc/soc:qcom,smp2p-adsp/wakeup/wakeup2): Permission denied
03-13 14:11:41.739   704   712 E android.system.suspend-service: Error opening kernel wakelock stats for: wakeup36 (../../devices/platform/soc/aab0000.qcom,venus/subsys7/wakeup/wakeup36): Permission denied
03-13 14:11:41.740   704   712 E android.system.suspend-service: Error opening kernel wakelock stats for: wakeup26 (../../devices/platform/soc/soc:qcom,wpss@8a00000/wakeup/wakeup26): Permission denied
03-13 14:11:41.741   704   712 E android.system.suspend-service: Error opening kernel wakelock stats for: wakeup16 (../../devices/platform/soc/1e00000.qcom,ipa/wakeup/wakeup16): Permission denied
03-13 14:11:41.743   704   712 E android.system.suspend-service: Error opening kernel wakelock stats for: wakeup24 (../../devices/platform/soc/3700000.qcom,lpass/wakeup/wakeup24): Permission denied
03-13 14:11:41.743   704   712 E android.system.suspend-service: Error opening kernel wakelock stats for: wakeup52 (../../devices/virtual/misc/msm_evrc/wakeup52): Permission denied
03-13 14:11:41.744   704   712 E android.system.suspend-service: Error opening kernel wakelock stats for: wakeup9 (../../devices/platform/soc/88e0000.qcom,msm-eud/wakeup/wakeup9): Permission denied
03-13 14:11:41.744   704   712 E android.system.suspend-service: Error opening kernel wakelock stats for: wakeup14 (../../devices/platform/soc/c440000.qcom,spmi/spmi-0/spmi0-00/c440000.qcom,spmi:qcom,pmk8350@0:rtc@6100/rtc/rtc0/wakeup14): Permission denied
03-13 14:11:41.745   704   712 E android.system.suspend-service: Error opening kernel wakelock stats for: wakeup42 (../../devices/platform/soc/17a10040.qcom,wcn6750/wakeup/wakeup42): Permission denied
03-13 14:11:41.746   704   712 E android.system.suspend-service: Error opening kernel wakelock stats for: wakeup32 (../../devices/platform/soc/99c000.qcom,qup_uart/wakeup/wakeup32): Permission denied
03-13 14:11:41.746   704   712 E android.system.suspend-service: Error opening kernel wakelock stats for: wakeup60 (../../devices/platform/soc/a94000.spi/spi_master/spi0/spi0.0/wakeup/wakeup60): Permission denied
03-13 14:11:41.746   704   712 E android.system.suspend-service: Error opening kernel wakelock stats for: wakeup22 (../../devices/platform/soc/soc:qcom,kgsl-hyp/wakeup/wakeup22): Permission denied
03-13 14:11:41.747   704   712 E android.system.suspend-service: Error opening kernel wakelock stats for: wakeup50 (../../devices/virtual/misc/msm_amrwbplus/wakeup50): Permission denied
03-13 14:11:41.747   704   712 E android.system.suspend-service: Error opening kernel wakelock stats for: wakeup7 (../../devices/platform/soc/soc:qcom,pmic_glink/wakeup/wakeup7): Permission denied
03-13 14:11:41.747   704   712 E android.system.suspend-service: Error opening kernel wakelock stats for: wakeup12 (../../devices/platform/soc/soc:md_testing_mode/wakeup/wakeup12): Permission denied
03-13 14:11:41.748   704   712 E android.system.suspend-service: Error opening kernel wakelock stats for: wakeup30 (../../devices/platform/soc/a300000.qcom,turing/wakeup/wakeup30): Permission denied
03-13 14:11:41.749   704   712 E android.system.suspend-service: Error opening kernel wakelock stats for: wakeup59 (../../devices/virtual/misc/msm_wmapro/wakeup59): Permission denied
03-13 14:11:41.749   704   712 E android.system.suspend-service: Error opening kernel wakelock stats for: wakeup20 (../../devices/platform/soc/soc:qcom,ipa_fws/wakeup/wakeup20): Permission denied
03-13 14:11:41.749   704   712 E android.system.suspend-service: Error opening kernel wakelock stats for: wakeup49 (../../devices/virtual/misc/msm_amrwb/wakeup49): Permission denied
03-13 14:11:41.749  4728  4728 E OpenGLRenderer: setMiShadow is not show
03-13 14:11:41.749   704   712 E android.system.suspend-service: Error opening kernel wakelock stats for: wakeup5 (../../devices/platform/soc/soc:qcom,smp2p-wpss/wakeup/wakeup5): Permission denied
03-13 14:11:41.750   704   712 E android.system.suspend-service: Error opening kernel wakelock stats for: wakeup10 (../../devices/virtual/fastrpc/adsprpc-smd/wakeup10): Permission denied
03-13 14:11:41.751   704   712 E android.system.suspend-service: Error opening kernel wakelock stats for: wakeup29 (../../devices/platform/soc/4080000.qcom,mss/subsys5/wakeup/wakeup29): Permission denied
03-13 14:11:41.751   704   712 E android.system.suspend-service: Error opening kernel wakelock stats for: wakeup57 (../../devices/virtual/misc/msm_qcelp/wakeup57): Permission denied
03-13 14:11:41.751   704   712 E android.system.suspend-service: Error opening kernel wakelock stats for: wakeup19 (../../devices/platform/soc/soc:qcom,trustedvm@d0800000/subsys0/wakeup/wakeup19): Permission denied
03-13 14:11:41.751   704   712 E android.system.suspend-service: Error opening kernel wakelock stats for: wakeup47 (../../devices/virtual/misc/msm_alac/wakeup47): Permission denied
03-13 14:11:41.752   704   712 E android.system.suspend-service: Error opening kernel wakelock stats for: wakeup3 (../../devices/platform/soc/soc:qcom,smp2p-nsp/wakeup/wakeup3): Permission denied
03-13 14:11:41.752   704   712 E android.system.suspend-service: Error opening kernel wakelock stats for: wakeup135 (../../devices/platform/dummy_hcd.0/usb1/wakeup/wakeup135): Permission denied
03-13 14:11:41.753   704   712 E android.system.suspend-service: Error opening kernel wakelock stats for: wakeup27 (../../devices/platform/soc/soc:qcom,wpss@8a00000/subsys4/wakeup/wakeup27): Permission denied
03-13 14:11:41.753   704   712 E android.system.suspend-service: Error opening kernel wakelock stats for: wakeup55 (../../devices/virtual/misc/msm_mp3/wakeup55): Permission denied
03-13 14:11:41.754   704   712 E android.system.suspend-service: Error opening kernel wakelock stats for: wakeup45 (../../devices/platform/soc/990000.i2c/i2c-2/2-0028/wakeup/wakeup45): Permission denied
03-13 14:11:41.755   704   712 E android.system.suspend-service: Error opening kernel wakelock stats for: wakeup35 (../../devices/platform/soc/aab0000.qcom,venus/wakeup/wakeup35): Permission denied
03-13 14:11:41.756   704   712 E android.system.suspend-service: Error opening kernel wakelock stats for: wakeup25 (../../devices/platform/soc/3700000.qcom,lpass/subsys3/wakeup/wakeup25): Permission denied
03-13 14:11:41.756   704   712 E android.system.suspend-service: Error opening kernel wakelock stats for: wakeup53 (../../devices/virtual/misc/msm_g711alaw/wakeup53): Permission denied
03-13 14:11:41.757   704   712 E android.system.suspend-service: Error opening kernel wakelock stats for: wakeup43 (../../devices/platform/soc/soc:fingerprint_goodix/wakeup/wakeup43): Permission denied
03-13 14:11:41.758   704   712 E android.system.suspend-service: Error opening kernel wakelock stats for: wakeup33 (../../devices/platform/soc/a84000.i2c/i2c-3/3-005a/wakeup/wakeup33): Permission denied
03-13 14:11:41.758   704   712 E android.system.suspend-service: Error opening kernel wakelock stats for: wakeup61 (../../devices/platform/goodix_ts.0/wakeup/wakeup61): Permission denied
03-13 14:11:41.758   704   712 E android.system.suspend-service: Error opening kernel wakelock stats for: wakeup23 (../../devices/platform/soc/soc:qcom,kgsl-hyp/subsys2/wakeup/wakeup23): Permission denied
03-13 14:11:41.759   704   712 E android.system.suspend-service: Error opening kernel wakelock stats for: wakeup51 (../../devices/virtual/misc/msm_ape/wakeup51): Permission denied
03-13 14:11:41.759   704   712 E android.system.suspend-service: Error opening kernel wakelock stats for: wakeup8 (../../devices/platform/soc/soc:qcom,pmic_glink_log/wakeup/wakeup8): Permission denied
03-13 14:11:41.760   704   712 E android.system.suspend-service: Error opening kernel wakelock stats for: wakeup31 (../../devices/platform/soc/a300000.qcom,turing/subsys6/wakeup/wakeup31): Permission denied
03-13 14:11:41.760   704   712 E android.system.suspend-service: Error opening kernel wakelock stats for: wakeup21 (../../devices/platform/soc/soc:qcom,ipa_fws/subsys1/wakeup/wakeup21): Permission denied
03-13 14:11:41.760   704   712 E android.system.suspend-service: Error opening kernel wakelock stats for: wakeup6 (../../devices/platform/soc/soc:qcom,smp2p_sleepstate/wakeup/wakeup6): Permission denied
03-13 14:11:41.761   704   712 E android.system.suspend-service: Error opening kernel wakelock stats for: wakeup11 (../../devices/virtual/fastrpc/adsprpc-smd-secure/wakeup11): Permission denied
03-13 14:11:41.761   704   712 E android.system.suspend-service: Error opening kernel wakelock stats for: wakeup138 (../../devices/platform/soc/soc:qcom,msm-audio-apr/soc:qcom,msm-audio-apr:qcom,q6core-audio/soc:qcom,msm-audio-apr:qcom,q6core-audio:sound/Listen 2 Audio Service/wakeup/wakeup138): Permission denied
03-13 14:11:41.766  1226  1226 E vendor.qti.hardware.perf@2.2-service: Unknown params
03-13 14:11:41.767  1226  1226 E vendor.qti.hardware.perf@2.2-service: Unknown params
03-13 14:11:41.796  3982  3982 E Launcher.application: setClickAppWaitForCallback = false
03-13 14:11:41.854  1922  3708 E SyncManager: SYNC_OP_STATE_INVALID: disallowed by settings/network
03-13 14:11:41.857  5744  5744 E FileUtils: err write to mi_exception_log
03-13 14:11:41.988  1158  4457 E sensors-hal: ssc_conn_event_cb:662, event[0] sensor:sar_detector_1  Wakeup, msg_id=1025, ts=4349456233963
03-13 14:11:41.988  1158  4457 E sensors-hal: handle_sns_client_event:52, sar_algo_event: ts=226528251885473, event=0.000000
03-13 14:11:41.998  3941  4406 E ModemController: mMiRilHook.sendQcRilHookMsg: Null Response
03-13 14:11:42.226  8844 10734 E AuthPII : [RequestTokenManager] getToken() -> BAD_AUTHENTICATION. App: com.android.vending, Service: oauth2:https://www.googleapis.com/auth/googleplay
03-13 14:11:42.226  8844 10734 E AuthPII : bgcc: Long live credential not available.
03-13 14:11:42.226  8844 10734 E AuthPII : 	at agtw.a(:com.google.android.gms@260931029@26.09.31 (190400-877989800):1347)
03-13 14:11:42.226  8844 10734 E AuthPII : 	at agud.b(:com.google.android.gms@260931029@26.09.31 (190400-877989800):26)
03-13 14:11:42.226  8844 10734 E AuthPII : 	at agub.a(:com.google.android.gms@260931029@26.09.31 (190400-877989800):738)
03-13 14:11:42.226  8844 10734 E AuthPII : 	at agua.b(:com.google.android.gms@260931029@26.09.31 (190400-877989800):145)
03-13 14:11:42.226  8844 10734 E AuthPII : 	at aaeo.d(:com.google.android.gms@260931029@26.09.31 (190400-877989800):800)
03-13 14:11:42.226  8844 10734 E AuthPII : 	at agnm.getAuthToken(:com.google.android.gms@260931029@26.09.31 (190400-877989800):411)
03-13 14:11:42.226  8844 10734 E AuthPII : 	at android.accounts.AbstractAccountAuthenticator$Transport.getAuthToken(AbstractAccountAuthenticator.java:251)
03-13 14:11:42.226  8844 10734 E AuthPII : 	at android.accounts.IAccountAuthenticator$Stub.onTransact(IAccountAuthenticator.java:253)
03-13 14:11:42.226  8844 10734 E AuthPII : 	at android.os.Binder.transact(Binder.java:1190)
03-13 14:11:42.226  8844 10734 E AuthPII : 	at cjzi.onTransact(:com.google.android.gms@260931029@26.09.31 (190400-877989800):10)
03-13 14:11:42.226  8844 10734 E AuthPII : 	at android.os.Binder.transact(Binder.java:1190)
03-13 14:11:42.226  8844 10734 E AuthPII : 	at bygo.onTransact(:com.google.android.gms@260931029@26.09.31 (190400-877989800):161)
03-13 14:11:42.226  8844 10734 E AuthPII : 	at android.os.Binder.execTransactInternal(Binder.java:1351)
03-13 14:11:42.226  8844 10734 E AuthPII : 	at android.os.Binder.execTransact(Binder.java:1282)
03-13 14:11:42.226  8844 10734 E AuthPII : Message is Long live credential not available.
03-13 14:11:42.226  8844 10734 E AuthPII : bgcc: Long live credential not available.
03-13 14:11:42.226  8844 10734 E AuthPII : 	at agtw.a(:com.google.android.gms@260931029@26.09.31 (190400-877989800):1347)
03-13 14:11:42.226  8844 10734 E AuthPII : 	at agud.b(:com.google.android.gms@260931029@26.09.31 (190400-877989800):26)
03-13 14:11:42.226  8844 10734 E AuthPII : 	at agub.a(:com.google.android.gms@260931029@26.09.31 (190400-877989800):738)
03-13 14:11:42.226  8844 10734 E AuthPII : 	at agua.b(:com.google.android.gms@260931029@26.09.31 (190400-877989800):145)
03-13 14:11:42.226  8844 10734 E AuthPII : 	at aaeo.d(:com.google.android.gms@260931029@26.09.31 (190400-877989800):800)
03-13 14:11:42.226  8844 10734 E AuthPII : 	at agnm.getAuthToken(:com.google.android.gms@260931029@26.09.31 (190400-877989800):411)
03-13 14:11:42.226  8844 10734 E AuthPII : 	at android.accounts.AbstractAccountAuthenticator$Transport.getAuthToken(AbstractAccountAuthenticator.java:251)
03-13 14:11:42.226  8844 10734 E AuthPII : 	at android.accounts.IAccountAuthenticator$Stub.onTransact(IAccountAuthenticator.java:253)
03-13 14:11:42.226  8844 10734 E AuthPII : 	at android.os.Binder.transact(Binder.java:1190)
