03-13 14:11:42.226  8844 10734 E AuthPII : 	at cjzi.onTransact(:com.google.android.gms@260931029@26.09.31 (190400-877989800):10)
03-13 14:11:42.226  8844 10734 E AuthPII : 	at android.os.Binder.transact(Binder.java:1190)
03-13 14:11:42.226  8844 10734 E AuthPII : 	at bygo.onTransact(:com.google.android.gms@260931029@26.09.31 (190400-877989800):161)
03-13 14:11:42.226  8844 10734 E AuthPII : 	at android.os.Binder.execTransactInternal(Binder.java:1351)
03-13 14:11:42.226  8844 10734 E AuthPII : 	at android.os.Binder.execTransact(Binder.java:1282)
03-13 14:11:42.247  8844 10734 E AuthPII : [RequestTokenManager] getToken() -> BAD_AUTHENTICATION. App: com.android.vending, Service: oauth2:https://www.googleapis.com/auth/googleplay
03-13 14:11:42.247  8844 10734 E AuthPII : bgcc: Long live credential not available.
03-13 14:11:42.247  8844 10734 E AuthPII : 	at agtw.a(:com.google.android.gms@260931029@26.09.31 (190400-877989800):1347)
03-13 14:11:42.247  8844 10734 E AuthPII : 	at agud.b(:com.google.android.gms@260931029@26.09.31 (190400-877989800):26)
03-13 14:11:42.247  8844 10734 E AuthPII : 	at agub.a(:com.google.android.gms@260931029@26.09.31 (190400-877989800):738)
03-13 14:11:42.247  8844 10734 E AuthPII : 	at agua.b(:com.google.android.gms@260931029@26.09.31 (190400-877989800):145)
03-13 14:11:42.247  8844 10734 E AuthPII : 	at aaeo.d(:com.google.android.gms@260931029@26.09.31 (190400-877989800):800)
03-13 14:11:42.247  8844 10734 E AuthPII : 	at agnm.getAuthToken(:com.google.android.gms@260931029@26.09.31 (190400-877989800):411)
03-13 14:11:42.247  8844 10734 E AuthPII : 	at android.accounts.AbstractAccountAuthenticator$Transport.getAuthToken(AbstractAccountAuthenticator.java:251)
03-13 14:11:42.247  8844 10734 E AuthPII : 	at android.accounts.IAccountAuthenticator$Stub.onTransact(IAccountAuthenticator.java:253)
03-13 14:11:42.247  8844 10734 E AuthPII : 	at android.os.Binder.transact(Binder.java:1190)
03-13 14:11:42.247  8844 10734 E AuthPII : 	at cjzi.onTransact(:com.google.android.gms@260931029@26.09.31 (190400-877989800):10)
03-13 14:11:42.247  8844 10734 E AuthPII : 	at android.os.Binder.transact(Binder.java:1190)
03-13 14:11:42.247  8844 10734 E AuthPII : 	at bygo.onTransact(:com.google.android.gms@260931029@26.09.31 (190400-877989800):161)
03-13 14:11:42.247  8844 10734 E AuthPII : 	at android.os.Binder.execTransactInternal(Binder.java:1351)
03-13 14:11:42.247  8844 10734 E AuthPII : 	at android.os.Binder.execTransact(Binder.java:1282)
03-13 14:11:42.247  8844 10734 E AuthPII : Message is Long live credential not available.
03-13 14:11:42.247  8844 10734 E AuthPII : bgcc: Long live credential not available.
03-13 14:11:42.247  8844 10734 E AuthPII : 	at agtw.a(:com.google.android.gms@260931029@26.09.31 (190400-877989800):1347)
03-13 14:11:42.247  8844 10734 E AuthPII : 	at agud.b(:com.google.android.gms@260931029@26.09.31 (190400-877989800):26)
03-13 14:11:42.247  8844 10734 E AuthPII : 	at agub.a(:com.google.android.gms@260931029@26.09.31 (190400-877989800):738)
03-13 14:11:42.247  8844 10734 E AuthPII : 	at agua.b(:com.google.android.gms@260931029@26.09.31 (190400-877989800):145)
03-13 14:11:42.247  8844 10734 E AuthPII : 	at aaeo.d(:com.google.android.gms@260931029@26.09.31 (190400-877989800):800)
03-13 14:11:42.247  8844 10734 E AuthPII : 	at agnm.getAuthToken(:com.google.android.gms@260931029@26.09.31 (190400-877989800):411)
03-13 14:11:42.247  8844 10734 E AuthPII : 	at android.accounts.AbstractAccountAuthenticator$Transport.getAuthToken(AbstractAccountAuthenticator.java:251)
03-13 14:11:42.247  8844 10734 E AuthPII : 	at android.accounts.IAccountAuthenticator$Stub.onTransact(IAccountAuthenticator.java:253)
03-13 14:11:42.247  8844 10734 E AuthPII : 	at android.os.Binder.transact(Binder.java:1190)
03-13 14:11:42.247  8844 10734 E AuthPII : 	at cjzi.onTransact(:com.google.android.gms@260931029@26.09.31 (190400-877989800):10)
03-13 14:11:42.247  8844 10734 E AuthPII : 	at android.os.Binder.transact(Binder.java:1190)
03-13 14:11:42.247  8844 10734 E AuthPII : 	at bygo.onTransact(:com.google.android.gms@260931029@26.09.31 (190400-877989800):161)
03-13 14:11:42.247  8844 10734 E AuthPII : 	at android.os.Binder.execTransactInternal(Binder.java:1351)
03-13 14:11:42.247  8844 10734 E AuthPII : 	at android.os.Binder.execTransact(Binder.java:1282)
03-13 14:11:42.266  8844 10734 E AuthPII : [RequestTokenManager] getToken() -> BAD_AUTHENTICATION. App: com.android.vending, Service: oauth2:https://www.googleapis.com/auth/googleplay
03-13 14:11:42.266  8844 10734 E AuthPII : bgcc: Long live credential not available.
03-13 14:11:42.266  8844 10734 E AuthPII : 	at agtw.a(:com.google.android.gms@260931029@26.09.31 (190400-877989800):1347)
03-13 14:11:42.266  8844 10734 E AuthPII : 	at agud.b(:com.google.android.gms@260931029@26.09.31 (190400-877989800):26)
03-13 14:11:42.266  8844 10734 E AuthPII : 	at agub.a(:com.google.android.gms@260931029@26.09.31 (190400-877989800):738)
03-13 14:11:42.266  8844 10734 E AuthPII : 	at agua.b(:com.google.android.gms@260931029@26.09.31 (190400-877989800):145)
03-13 14:11:42.266  8844 10734 E AuthPII : 	at aaeo.d(:com.google.android.gms@260931029@26.09.31 (190400-877989800):800)
03-13 14:11:42.266  8844 10734 E AuthPII : 	at agnm.getAuthToken(:com.google.android.gms@260931029@26.09.31 (190400-877989800):411)
03-13 14:11:42.266  8844 10734 E AuthPII : 	at android.accounts.AbstractAccountAuthenticator$Transport.getAuthToken(AbstractAccountAuthenticator.java:251)
03-13 14:11:42.266  8844 10734 E AuthPII : 	at android.accounts.IAccountAuthenticator$Stub.onTransact(IAccountAuthenticator.java:253)
03-13 14:11:42.266  8844 10734 E AuthPII : 	at android.os.Binder.transact(Binder.java:1190)
03-13 14:11:42.266  8844 10734 E AuthPII : 	at cjzi.onTransact(:com.google.android.gms@260931029@26.09.31 (190400-877989800):10)
03-13 14:11:42.266  8844 10734 E AuthPII : 	at android.os.Binder.transact(Binder.java:1190)
03-13 14:11:42.266  8844 10734 E AuthPII : 	at bygo.onTransact(:com.google.android.gms@260931029@26.09.31 (190400-877989800):161)
03-13 14:11:42.266  8844 10734 E AuthPII : 	at android.os.Binder.execTransactInternal(Binder.java:1351)
03-13 14:11:42.266  8844 10734 E AuthPII : 	at android.os.Binder.execTransact(Binder.java:1282)
03-13 14:11:42.266  8844 10734 E AuthPII : Message is Long live credential not available.
03-13 14:11:42.266  8844 10734 E AuthPII : bgcc: Long live credential not available.
03-13 14:11:42.266  8844 10734 E AuthPII : 	at agtw.a(:com.google.android.gms@260931029@26.09.31 (190400-877989800):1347)
03-13 14:11:42.266  8844 10734 E AuthPII : 	at agud.b(:com.google.android.gms@260931029@26.09.31 (190400-877989800):26)
03-13 14:11:42.266  8844 10734 E AuthPII : 	at agub.a(:com.google.android.gms@260931029@26.09.31 (190400-877989800):738)
03-13 14:11:42.266  8844 10734 E AuthPII : 	at agua.b(:com.google.android.gms@260931029@26.09.31 (190400-877989800):145)
03-13 14:11:42.266  8844 10734 E AuthPII : 	at aaeo.d(:com.google.android.gms@260931029@26.09.31 (190400-877989800):800)
03-13 14:11:42.266  8844 10734 E AuthPII : 	at agnm.getAuthToken(:com.google.android.gms@260931029@26.09.31 (190400-877989800):411)
03-13 14:11:42.266  8844 10734 E AuthPII : 	at android.accounts.AbstractAccountAuthenticator$Transport.getAuthToken(AbstractAccountAuthenticator.java:251)
03-13 14:11:42.266  8844 10734 E AuthPII : 	at android.accounts.IAccountAuthenticator$Stub.onTransact(IAccountAuthenticator.java:253)
03-13 14:11:42.266  8844 10734 E AuthPII : 	at android.os.Binder.transact(Binder.java:1190)
03-13 14:11:42.266  8844 10734 E AuthPII : 	at cjzi.onTransact(:com.google.android.gms@260931029@26.09.31 (190400-877989800):10)
03-13 14:11:42.266  8844 10734 E AuthPII : 	at android.os.Binder.transact(Binder.java:1190)
03-13 14:11:42.266  8844 10734 E AuthPII : 	at bygo.onTransact(:com.google.android.gms@260931029@26.09.31 (190400-877989800):161)
03-13 14:11:42.266  8844 10734 E AuthPII : 	at android.os.Binder.execTransactInternal(Binder.java:1351)
03-13 14:11:42.266  8844 10734 E AuthPII : 	at android.os.Binder.execTransact(Binder.java:1282)
03-13 14:11:42.287  8844 10734 E AuthPII : [RequestTokenManager] getToken() -> BAD_AUTHENTICATION. App: com.android.vending, Service: oauth2:https://www.googleapis.com/auth/googleplay
03-13 14:11:42.287  8844 10734 E AuthPII : bgcc: Long live credential not available.
03-13 14:11:42.287  8844 10734 E AuthPII : 	at agtw.a(:com.google.android.gms@260931029@26.09.31 (190400-877989800):1347)
03-13 14:11:42.287  8844 10734 E AuthPII : 	at agud.b(:com.google.android.gms@260931029@26.09.31 (190400-877989800):26)
03-13 14:11:42.287  8844 10734 E AuthPII : 	at agub.a(:com.google.android.gms@260931029@26.09.31 (190400-877989800):738)
03-13 14:11:42.287  8844 10734 E AuthPII : 	at agua.b(:com.google.android.gms@260931029@26.09.31 (190400-877989800):145)
03-13 14:11:42.287  8844 10734 E AuthPII : 	at aaeo.d(:com.google.android.gms@260931029@26.09.31 (190400-877989800):800)
03-13 14:11:42.287  8844 10734 E AuthPII : 	at agnm.getAuthToken(:com.google.android.gms@260931029@26.09.31 (190400-877989800):411)
03-13 14:11:42.287  8844 10734 E AuthPII : 	at android.accounts.AbstractAccountAuthenticator$Transport.getAuthToken(AbstractAccountAuthenticator.java:251)
03-13 14:11:42.287  8844 10734 E AuthPII : 	at android.accounts.IAccountAuthenticator$Stub.onTransact(IAccountAuthenticator.java:253)
03-13 14:11:42.287  8844 10734 E AuthPII : 	at android.os.Binder.transact(Binder.java:1190)
03-13 14:11:42.287  8844 10734 E AuthPII : 	at cjzi.onTransact(:com.google.android.gms@260931029@26.09.31 (190400-877989800):10)
03-13 14:11:42.287  8844 10734 E AuthPII : 	at android.os.Binder.transact(Binder.java:1190)
03-13 14:11:42.287  8844 10734 E AuthPII : 	at bygo.onTransact(:com.google.android.gms@260931029@26.09.31 (190400-877989800):161)
03-13 14:11:42.287  8844 10734 E AuthPII : 	at android.os.Binder.execTransactInternal(Binder.java:1351)
03-13 14:11:42.287  8844 10734 E AuthPII : 	at android.os.Binder.execTransact(Binder.java:1282)
03-13 14:11:42.287  8844 10734 E AuthPII : Message is Long live credential not available.
03-13 14:11:42.287  8844 10734 E AuthPII : bgcc: Long live credential not available.
03-13 14:11:42.287  8844 10734 E AuthPII : 	at agtw.a(:com.google.android.gms@260931029@26.09.31 (190400-877989800):1347)
03-13 14:11:42.287  8844 10734 E AuthPII : 	at agud.b(:com.google.android.gms@260931029@26.09.31 (190400-877989800):26)
03-13 14:11:42.287  8844 10734 E AuthPII : 	at agub.a(:com.google.android.gms@260931029@26.09.31 (190400-877989800):738)
03-13 14:11:42.287  8844 10734 E AuthPII : 	at agua.b(:com.google.android.gms@260931029@26.09.31 (190400-877989800):145)
03-13 14:11:42.287  8844 10734 E AuthPII : 	at aaeo.d(:com.google.android.gms@260931029@26.09.31 (190400-877989800):800)
03-13 14:11:42.287  8844 10734 E AuthPII : 	at agnm.getAuthToken(:com.google.android.gms@260931029@26.09.31 (190400-877989800):411)
03-13 14:11:42.287  8844 10734 E AuthPII : 	at android.accounts.AbstractAccountAuthenticator$Transport.getAuthToken(AbstractAccountAuthenticator.java:251)
03-13 14:11:42.287  8844 10734 E AuthPII : 	at android.accounts.IAccountAuthenticator$Stub.onTransact(IAccountAuthenticator.java:253)
03-13 14:11:42.287  8844 10734 E AuthPII : 	at android.os.Binder.transact(Binder.java:1190)
03-13 14:11:42.287  8844 10734 E AuthPII : 	at cjzi.onTransact(:com.google.android.gms@260931029@26.09.31 (190400-877989800):10)
03-13 14:11:42.287  8844 10734 E AuthPII : 	at android.os.Binder.transact(Binder.java:1190)
03-13 14:11:42.287  8844 10734 E AuthPII : 	at bygo.onTransact(:com.google.android.gms@260931029@26.09.31 (190400-877989800):161)
03-13 14:11:42.287  8844 10734 E AuthPII : 	at android.os.Binder.execTransactInternal(Binder.java:1351)
03-13 14:11:42.287  8844 10734 E AuthPII : 	at android.os.Binder.execTransact(Binder.java:1282)
03-13 14:11:42.494  4728  4903 E OpenGLRenderer: Unable to match the desired swap behavior.
03-13 14:11:43.359  4728  4903 E OpenGLRenderer: Unable to match the desired swap behavior.
03-13 14:11:43.886  1259 12799 E vendor.xiaomi.hardware.micharge@1.0-service: Failed to open node /sys/class/qcom-battery/reverse_chg_mode
03-13 14:11:44.138  1922  7691 E VibratorManagerServiceImpl: skipandroid.os.RemoteException: Method setUsageExt is unimplemented.
03-13 14:11:44.157  4728  4728 E FileUtils: err write to mi_exception_log
03-13 14:11:44.160  1922  2368 E libprocessgroup: No such cgroup attribute: /sys/fs/cgroup/uid_4294877599/cgroup.freeze
03-13 14:11:44.165  1922  2368 E libprocessgroup: No such cgroup attribute: /sys/fs/cgroup/uid_4294877599/cgroup.freeze
03-13 14:11:44.314 27974 27974 E Zygote  : process_name_ptr:27974 com.android.chrome
03-13 14:11:44.331 27974 27974 E .android.chrome: Not starting debugger since process cannot load the jdwp agent.
03-13 14:11:44.331  5617  5617 E NfcApduServiceInfo: SE extension not present, Setting default offhost seID
03-13 14:11:44.334  5617  5617 E RegisteredServicesCache: Next Tag=services
03-13 14:11:44.334  5617  5617 E RegisteredServicesCache: installedServices no uidString 
03-13 14:11:44.334  5617  5617 E RegisteredServicesCache: installedServices contains uidString : 10146
03-13 14:11:44.334  5617  5617 E RegisteredServicesCache: installedServices contains uidString : 10146
03-13 14:11:44.334  5617  5617 E RegisteredServicesCache: installedServices contains uidString : 10146
03-13 14:11:44.334  5617  5617 E RegisteredServicesCache: 1invalidateCache:WriteServiceStateToFile
03-13 14:11:44.334  5617  5617 E RegisteredServicesCache:  Writing service state Data Always
03-13 14:11:44.338  5617  5617 E RegisteredServicesCache: component namecom.google.android.gms/com.google.android.gms.nearby.mediums.nearfieldcommunication.NfcAdvertisingService
03-13 14:11:44.338  5617  5617 E RegisteredServicesCache: component namecom.google.android.gms/com.google.android.gms.fido.fido2.ui.hybrid.NfcEmulationService
03-13 14:11:44.338  5617  5617 E RegisteredServicesCache: component namecom.google.android.gms/com.google.android.gms.pay.hce.service.PayHceService
03-13 14:11:44.338  5617  5617 E RegisteredServicesCache: component namecom.google.android.gms/com.google.android.gms.dck.service.DckNfcApduService
03-13 14:11:44.348 27974 27974 E .android.chrome: Can't find memory status under: /sys/block/zram0/
03-13 14:11:44.370  5617  5617 E libnfc_nci: [ERROR:nfa_ee_api.cc(130)] NFA_EeGetInfo bad em state: 0
03-13 14:11:44.370  5617  5617 E libnfc_nci: [ERROR:SecureElement.cpp(1463)] SecureElement::getEeInfo: fail get info; error=0x3
03-13 14:11:44.377  5617  5617 E FileUtils: err write to mi_exception_log
03-13 14:11:44.385 26974 26974 E FileUtils: err write to mi_exception_log
03-13 14:11:44.412 31127 31127 E FileUtils: err write to mi_exception_log
03-13 14:11:44.423 27992 27992 E Zygote  : process_name_ptr:27992 com.google.android.documentsui
03-13 14:11:44.433 27992 27992 E oid.documentsui: Not starting debugger since process cannot load the jdwp agent.
03-13 14:11:44.440  8844 27988 E PhSharedDirectoryWriter: Failed to delete the CE shared dir for Android package: com.luxpro.vip. [CONTEXT service_id=51 ]
03-13 14:11:44.440  8844 27988 E PhSharedDirectoryWriter: java.lang.IllegalStateException: Failed to delete directory
03-13 14:11:44.440  8844 27988 E PhSharedDirectoryWriter: 	at gvdl.r(:com.google.android.gms@260931029@26.09.31 (190400-877989800):10)
03-13 14:11:44.440  8844 27988 E PhSharedDirectoryWriter: 	at etzz.a(:com.google.android.gms@260931029@26.09.31 (190400-877989800):87)
03-13 14:11:44.440  8844 27988 E PhSharedDirectoryWriter: 	at com.google.android.gms.phenotype.notification.PackagesChangedIntentOperation.onHandleIntent(:com.google.android.gms@260931029@26.09.31 (190400-877989800):332)
03-13 14:11:44.440  8844 27988 E PhSharedDirectoryWriter: 	at com.google.android.chimera.IntentOperation.onHandleIntent(:com.google.android.gms@260931029@26.09.31 (190400-877989800):1)
03-13 14:11:44.440  8844 27988 E PhSharedDirectoryWriter: 	at bbjn.onHandleIntent(:com.google.android.gms@260931029@26.09.31 (190400-877989800):84)
03-13 14:11:44.440  8844 27988 E PhSharedDirectoryWriter: 	at aand.run(:com.google.android.gms@260931029@26.09.31 (190400-877989800):64)
03-13 14:11:44.440  8844 27988 E PhSharedDirectoryWriter: 	at aanc.run(:com.google.android.gms@260931029@26.09.31 (190400-877989800):132)
03-13 14:11:44.440  8844 27988 E PhSharedDirectoryWriter: 	at gszf.run(:com.google.android.gms@260931029@26.09.31 (190400-877989800):19)
03-13 14:11:44.440  8844 27988 E PhSharedDirectoryWriter: 	at java.util.concurrent.ThreadPoolExecutor.runWorker(ThreadPoolExecutor.java:1156)
03-13 14:11:44.440  8844 27988 E PhSharedDirectoryWriter: 	at java.util.concurrent.ThreadPoolExecutor$Worker.run(ThreadPoolExecutor.java:651)
03-13 14:11:44.440  8844 27988 E PhSharedDirectoryWriter: 	at java.lang.Thread.run(Thread.java:1119)
03-13 14:11:44.441  8844 27988 E PhSharedDirectoryWriter: Failed to delete the DE shared dir for Android package: com.luxpro.vip. [CONTEXT service_id=51 ]
03-13 14:11:44.441  8844 27988 E PhSharedDirectoryWriter: java.lang.IllegalStateException: Failed to delete directory
03-13 14:11:44.441  8844 27988 E PhSharedDirectoryWriter: 	at gvdl.r(:com.google.android.gms@260931029@26.09.31 (190400-877989800):10)
03-13 14:11:44.441  8844 27988 E PhSharedDirectoryWriter: 	at etzz.a(:com.google.android.gms@260931029@26.09.31 (190400-877989800):136)
03-13 14:11:44.441  8844 27988 E PhSharedDirectoryWriter: 	at com.google.android.gms.phenotype.notification.PackagesChangedIntentOperation.onHandleIntent(:com.google.android.gms@260931029@26.09.31 (190400-877989800):332)
03-13 14:11:44.441  8844 27988 E PhSharedDirectoryWriter: 	at com.google.android.chimera.IntentOperation.onHandleIntent(:com.google.android.gms@260931029@26.09.31 (190400-877989800):1)
03-13 14:11:44.441  8844 27988 E PhSharedDirectoryWriter: 	at bbjn.onHandleIntent(:com.google.android.gms@260931029@26.09.31 (190400-877989800):84)
03-13 14:11:44.441  8844 27988 E PhSharedDirectoryWriter: 	at aand.run(:com.google.android.gms@260931029@26.09.31 (190400-877989800):64)
03-13 14:11:44.441  8844 27988 E PhSharedDirectoryWriter: 	at aanc.run(:com.google.android.gms@260931029@26.09.31 (190400-877989800):132)
03-13 14:11:44.441  8844 27988 E PhSharedDirectoryWriter: 	at gszf.run(:com.google.android.gms@260931029@26.09.31 (190400-877989800):19)
03-13 14:11:44.441  8844 27988 E PhSharedDirectoryWriter: 	at java.util.concurrent.ThreadPoolExecutor.runWorker(ThreadPoolExecutor.java:1156)
03-13 14:11:44.441  8844 27988 E PhSharedDirectoryWriter: 	at java.util.concurrent.ThreadPoolExecutor$Worker.run(ThreadPoolExecutor.java:651)
03-13 14:11:44.441  8844 27988 E PhSharedDirectoryWriter: 	at java.lang.Thread.run(Thread.java:1119)
03-13 14:11:44.483 28012 28012 E Zygote  : process_name_ptr:28012 com.miui.vsimcore
03-13 14:11:44.492 28012 28012 E m.miui.vsimcore: Not starting debugger since process cannot load the jdwp agent.
03-13 14:11:44.499 28012 28012 E m.miui.vsimcore: Can't find memory status under: /sys/block/zram0/
03-13 14:11:44.554 28026 28026 E Zygote  : process_name_ptr:28026 com.xiaomi.aicr:searchDataService
03-13 14:11:44.565 28026 28026 E archDataService: Not starting debugger since process cannot load the jdwp agent.
03-13 14:11:44.572 28026 28026 E archDataService: Can't find memory status under: /sys/block/zram0/
03-13 14:11:44.700 27974 27974 E FileUtils: err open mi_exception_log errno=2
03-13 14:11:44.700 27974 27974 E FileUtils: err write to mi_exception_log
03-13 14:11:44.739 28012 28012 E FileUtils: err open mi_exception_log errno=2
03-13 14:11:44.739 28012 28012 E FileUtils: err write to mi_exception_log
03-13 14:11:44.749 27992 27992 E FileUtils: err open mi_exception_log errno=2
03-13 14:11:44.749 27992 27992 E FileUtils: err write to mi_exception_log
03-13 14:11:44.895  1922  3227 E ProcessManager: error write exception log
03-13 14:11:44.958  9948 10023 E ActivityThread: Failed to find provider info for com.miui.permcenter.privacycenter
03-13 14:11:44.968 28026 28026 E FileUtils: err open mi_exception_log errno=2
03-13 14:11:44.968 28026 28026 E FileUtils: err write to mi_exception_log
03-13 14:11:45.208  4728  4903 E OpenGLRenderer: Unable to match the desired swap behavior.
03-13 14:11:45.688  3982  4115 E ActivityThread: Failed to find provider info for com.miui.personalassistant.servicedeliver.system.provider
03-13 14:11:45.689  3982  4115 E ServiceDeliveryCompat: isSupportServiceDelivery
03-13 14:11:45.689  3982  4115 E ServiceDeliveryCompat: java.lang.IllegalArgumentException: Unknown authority com.miui.personalassistant.servicedeliver.system.provider
03-13 14:11:45.689  3982  4115 E ServiceDeliveryCompat: 	at android.content.ContentResolver.call(ContentResolver.java:2466)
03-13 14:11:45.689  3982  4115 E ServiceDeliveryCompat: 	at android.content.ContentResolver.call(ContentResolver.java:2449)
03-13 14:11:45.689  3982  4115 E ServiceDeliveryCompat: 	at com.miui.home.launcher.servicedeliver.ServiceDeliveryUtils.isSupportServiceDelivery(ServiceDeliveryUtils.kt:28)
03-13 14:11:45.689  3982  4115 E ServiceDeliveryCompat: 	at com.miui.home.launcher.servicedeliver.ServiceDeliveryReplaceHelper.lambda$tryReplaceToServiceDelivery$1(ServiceDeliveryReplaceHelper.java:67)
03-13 14:11:45.689  3982  4115 E ServiceDeliveryCompat: 	at com.miui.home.launcher.servicedeliver.ServiceDeliveryReplaceHelper.$r8$lambda$WUWmthv-UjITX40FJ8ag1YKl6O8(Unknown Source:0)
03-13 14:11:45.689  3982  4115 E ServiceDeliveryCompat: 	at com.miui.home.launcher.servicedeliver.ServiceDeliveryReplaceHelper$$ExternalSyntheticLambda1.run(Unknown Source:2)
03-13 14:11:45.689  3982  4115 E ServiceDeliveryCompat: 	at java.util.concurrent.Executors$RunnableAdapter.call(Executors.java:524)
03-13 14:11:45.689  3982  4115 E ServiceDeliveryCompat: 	at java.util.concurrent.FutureTask.run(FutureTask.java:317)
03-13 14:11:45.689  3982  4115 E ServiceDeliveryCompat: 	at java.util.concurrent.ThreadPoolExecutor.runWorker(ThreadPoolExecutor.java:1156)
03-13 14:11:45.689  3982  4115 E ServiceDeliveryCompat: 	at java.util.concurrent.ThreadPoolExecutor$Worker.run(ThreadPoolExecutor.java:651)
03-13 14:11:45.689  3982  4115 E ServiceDeliveryCompat: 	at java.lang.Thread.run(Thread.java:1119)
03-13 14:11:45.915 28078 28078 E Zygote  : process_name_ptr:28078 com.facebook.services
03-13 14:11:45.919  1922  2010 E VibratorManagerServiceImpl: skipandroid.os.RemoteException: Method setUsageExt is unimplemented.
03-13 14:11:45.926 28078 28078 E cebook.services: Not starting debugger since process cannot load the jdwp agent.
03-13 14:11:45.971  1922  2781 E PackageManager: cleanupDexUseInfo failed.[Ljava.lang.StackTraceElement;@e8fb572
03-13 14:11:46.176  4728  4728 E FileUtils: err write to mi_exception_log
03-13 14:11:46.186  1226  1226 E vendor.qti.hardware.perf@2.2-service: Unknown params
03-13 14:11:46.223 28078 28078 E FileUtils: err open mi_exception_log errno=2
03-13 14:11:46.223 28078 28078 E FileUtils: err write to mi_exception_log
03-13 14:11:46.317  1922  2310 E FileUtils: err open mi_exception_log errno=2
03-13 14:11:46.317  1922  2310 E FileUtils: err write to mi_exception_log
03-13 14:11:46.317  4728  4728 E FileUtils: err write to mi_exception_log
03-13 14:11:46.317  4728  4728 E FileUtils: err write to mi_exception_log
03-13 14:11:46.325  3947  3947 E FileUtils: err write to mi_exception_log
03-13 14:11:46.327  3982  4422 E ActivityManagerWrapper: get all recent tasks force including 2
03-13 14:11:46.331  3947  3947 E FileUtils: err write to mi_exception_log
03-13 14:11:46.337  4728  4728 E FileUtils: err write to mi_exception_log
03-13 14:11:46.338 28078 28078 E FileUtils: err write to mi_exception_log
03-13 14:11:46.345  3982  4422 E ActivityManagerWrapper: getRecentTasksForceIncludingTaskIdIfValid: getRecentTasks: size=3
03-13 14:11:46.345  3982  4422 E ActivityManagerWrapper:  mainTaskId=10556   userId=0   windowMode=1   baseIntent=Intent { act=android.intent.action.MAIN flag=287309824 cmp=ComponentInfo{com.facebook.katana/com.facebook.katana.LoginActivity} }
03-13 14:11:46.345  3982  4422 E ActivityManagerWrapper:  mainTaskId=10520   userId=0   windowMode=1   baseIntent=Intent { act=null flag=369098752 cmp=ComponentInfo{com.google.android.googlequicksearchbox/com.google.android.apps.search.assistant.surfaces.voice.robin.main.MainActivity} }
03-13 14:11:46.345  3982  4422 E ActivityManagerWrapper:  mainTaskId=10531   userId=0   windowMode=1   baseIntent=Intent { act=android.intent.action.MAIN flag=270532608 cmp=ComponentInfo{com.android.camera/com.android.camera.Camera} }
03-13 14:11:46.347  1922  3141 E AppOps  : attributionTag VCN not declared in manifest of android
03-13 14:11:46.348  1922  3141 E AppOps  : attributionTag VCN not declared in manifest of android
03-13 14:11:46.350  1922  3141 E AppOps  : attributionTag VCN not declared in manifest of android
03-13 14:11:46.355  1922  3141 E AppOps  : attributionTag VCN not declared in manifest of android
03-13 14:11:46.355  1226  1226 E vendor.qti.hardware.perf@2.2-service: Unknown params
03-13 14:11:46.355  1226  1226 E vendor.qti.hardware.perf@2.2-service: Unknown params
03-13 14:11:46.355  1226  1226 E ANDR-PERF-DATA-POOL: EventDataPool is Full
03-13 14:11:46.355  1226  1226 E ANDR-PERF-MPCTL: perf request submission limit reached.
03-13 14:11:46.359  3909  3909 E QesdkSysService: No callback set, dropping uninstalled change message
03-13 14:11:46.361  1226  1226 E vendor.qti.hardware.perf@2.2-service: Unknown params
03-13 14:11:46.361  1226  1226 E ANDR-PERF-DATA-POOL: EventDataPool is Full
03-13 14:11:46.361  1226  1226 E ANDR-PERF-MPCTL: perf request submission limit reached.
03-13 14:11:46.366  3947  4355 E OpenGLRenderer: Unable to match the desired swap behavior.
03-13 14:11:46.381 28122 28122 E Zygote  : process_name_ptr:28122 com.facebook.appmanager
03-13 14:11:46.393  5744  6016 E OpenGLRenderer: Unable to match the desired swap behavior.
03-13 14:11:46.402  3947  3947 E FileUtils: err write to mi_exception_log
03-13 14:11:46.404 28122 28122 E book.appmanager: Not starting debugger since process cannot load the jdwp agent.
03-13 14:11:46.407  1226  1226 E vendor.qti.hardware.perf@2.2-service: Unknown params
03-13 14:11:46.407  1226  1226 E ANDR-PERF-DATA-POOL: EventDataPool is Full
03-13 14:11:46.407  1226  1226 E ANDR-PERF-MPCTL: perf request submission limit reached.
03-13 14:11:46.407  1226  1226 E vendor.qti.hardware.perf@2.2-service: Unknown params
03-13 14:11:46.407  1226  1226 E ANDR-PERF-DATA-POOL: EventDataPool is Full
03-13 14:11:46.407  1226  1226 E ANDR-PERF-MPCTL: perf request submission limit reached.
03-13 14:11:46.432  1235  1235 E vendor.qti.hardware.soter@1.0-impl: remove ASK send cmd failed
03-13 14:11:46.433  1235  1235 E vendor.qti.hardware.soter@1.0-impl: ret: 0
03-13 14:11:46.433  1235  1235 E vendor.qti.hardware.soter@1.0-impl: rsp->status: -5
03-13 14:11:46.438  1922  2310 E FileUtils: err open mi_exception_log errno=2
03-13 14:11:46.439  1922  2310 E FileUtils: err write to mi_exception_log
03-13 14:11:46.441  1922  6605 E PermissionManager: Missing permissions state for com.luxpro.vip and user 0
03-13 14:11:46.442 28122 28122 E book.appmanager: Can't find memory status under: /sys/block/zram0/
03-13 14:11:46.443  1922  1922 E FileUtils: err write to mi_exception_log
03-13 14:11:46.446  3982  3982 E FileUtils: err write to mi_exception_log
03-13 14:11:46.454  1922  4386 E PermissionManager: Missing permissions state for com.luxpro.vip and user 0
03-13 14:11:46.466  1922  3420 E AppScanObserverService: Try to remove an invalid package: 10303 | 0 | false
03-13 14:11:46.474  5744  5744 E FileUtils: err write to mi_exception_log
03-13 14:11:46.478  1922  1922 E SLM-SRV-SLAAppLib: initBroadcastReceivercom.luxpro.vip
03-13 14:11:46.481  3982  3982 E FileUtils: err write to mi_exception_log
03-13 14:11:46.483  3982  3982 E Launcher.application: setClickAppWaitForCallback = false
03-13 14:11:46.500  3982  3982 E FileUtils: err write to mi_exception_log
03-13 14:11:46.503 28078 28078 E FileUtils: err write to mi_exception_log
03-13 14:11:46.506  9811  9811 E FileUtils: err write to mi_exception_log
03-13 14:11:46.511 28141 28141 E Zygote  : process_name_ptr:28141 com.android.keychain
03-13 14:11:46.524  3982  4226 E OpenGLRenderer: Unable to match the desired swap behavior.
03-13 14:11:46.525 28078 28078 E FileUtils: err write to mi_exception_log
03-13 14:11:46.528  5970  5970 E FileUtils: err write to mi_exception_log
03-13 14:11:46.532 28141 28141 E ndroid.keychain: Not starting debugger since process cannot load the jdwp agent.
03-13 14:11:46.551  5970  6652 E IDM-IDMConfigCache: clearInternalCache clientIds == 0
03-13 14:11:46.568  3982  3982 E FileUtils: err write to mi_exception_log
03-13 14:11:46.586  1922  2310 E FileUtils: err open mi_exception_log errno=2
03-13 14:11:46.586  1922  2310 E FileUtils: err write to mi_exception_log
03-13 14:11:46.590  5744  5744 E FileUtils: err write to mi_exception_log
03-13 14:11:46.611  3982  4115 E Launcher: mFsGestureStatusRefreshRunnable:run usingFsGesture=true   show=true   focus=false   pause=false
03-13 14:11:46.646  1922  2310 E FileUtils: err open mi_exception_log errno=2
03-13 14:11:46.646  1922  2310 E FileUtils: err write to mi_exception_log
03-13 14:11:46.656  5617  5617 E NfcApduServiceInfo: SE extension not present, Setting default offhost seID
03-13 14:11:46.657  5617  5617 E RegisteredServicesCache: Next Tag=services
03-13 14:11:46.657  5617  5617 E RegisteredServicesCache: installedServices no uidString 
03-13 14:11:46.657  5617  5617 E RegisteredServicesCache: installedServices contains uidString : 10146
03-13 14:11:46.657  5617  5617 E RegisteredServicesCache: installedServices contains uidString : 10146
03-13 14:11:46.657  5617  5617 E RegisteredServicesCache: installedServices contains uidString : 10146
03-13 14:11:46.657  5617  5617 E RegisteredServicesCache: 1invalidateCache:WriteServiceStateToFile
03-13 14:11:46.657  5617  5617 E RegisteredServicesCache:  Writing service state Data Always
03-13 14:11:46.659  5617  5617 E RegisteredServicesCache: component namecom.google.android.gms/com.google.android.gms.nearby.mediums.nearfieldcommunication.NfcAdvertisingService
03-13 14:11:46.659  5617  5617 E RegisteredServicesCache: component namecom.google.android.gms/com.google.android.gms.fido.fido2.ui.hybrid.NfcEmulationService
03-13 14:11:46.659  5617  5617 E RegisteredServicesCache: component namecom.google.android.gms/com.google.android.gms.pay.hce.service.PayHceService
03-13 14:11:46.659  5617  5617 E RegisteredServicesCache: component namecom.google.android.gms/com.google.android.gms.dck.service.DckNfcApduService
03-13 14:11:46.661  5617  5617 E libnfc_nci: [ERROR:nfa_ee_api.cc(130)] NFA_EeGetInfo bad em state: 0
03-13 14:11:46.661  5617  5617 E libnfc_nci: [ERROR:SecureElement.cpp(1463)] SecureElement::getEeInfo: fail get info; error=0x3
03-13 14:11:46.666  5617  5617 E FileUtils: err write to mi_exception_log
03-13 14:11:46.685  1922  1922 E FileUtils: err write to mi_exception_log
03-13 14:11:46.687  3982  4422 E ActivityManagerWrapper: get all recent tasks force including 2
03-13 14:11:46.708  3982  4422 E ActivityManagerWrapper: getRecentTasksForceIncludingTaskIdIfValid: getRecentTasks: size=3
03-13 14:11:46.708  3982  4422 E ActivityManagerWrapper:  mainTaskId=10556   userId=0   windowMode=1   baseIntent=Intent { act=android.intent.action.MAIN flag=287309824 cmp=ComponentInfo{com.facebook.katana/com.facebook.katana.LoginActivity} }
03-13 14:11:46.708  3982  4422 E ActivityManagerWrapper:  mainTaskId=10520   userId=0   windowMode=1   baseIntent=Intent { act=null flag=369098752 cmp=ComponentInfo{com.google.android.googlequicksearchbox/com.google.android.apps.search.assistant.surfaces.voice.robin.main.MainActivity} }
03-13 14:11:46.708  3982  4422 E ActivityManagerWrapper:  mainTaskId=10531   userId=0   windowMode=1   baseIntent=Intent { act=android.intent.action.MAIN flag=270532608 cmp=ComponentInfo{com.android.camera/com.android.camera.Camera} }
03-13 14:11:46.712  3982  4422 E ActivityManagerWrapper: get all recent tasks force including 2
03-13 14:11:46.715  3982  4422 E ActivityManagerWrapper: getRecentTasksForceIncludingTaskIdIfValid: getRecentTasks: size=3
03-13 14:11:46.715  3982  4422 E ActivityManagerWrapper:  mainTaskId=10556   userId=0   windowMode=1   baseIntent=Intent { act=android.intent.action.MAIN flag=287309824 cmp=ComponentInfo{com.facebook.katana/com.facebook.katana.LoginActivity} }
03-13 14:11:46.715  3982  4422 E ActivityManagerWrapper:  mainTaskId=10520   userId=0   windowMode=1   baseIntent=Intent { act=null flag=369098752 cmp=ComponentInfo{com.google.android.googlequicksearchbox/com.google.android.apps.search.assistant.surfaces.voice.robin.main.MainActivity} }
03-13 14:11:46.715  3982  4422 E ActivityManagerWrapper:  mainTaskId=10531   userId=0   windowMode=1   baseIntent=Intent { act=android.intent.action.MAIN flag=270532608 cmp=ComponentInfo{com.android.camera/com.android.camera.Camera} }
03-13 14:11:46.717  3947  3947 E onWindowDecorRectChanged: start size:0
03-13 14:11:46.726 31192 28159 E PackageUtils: exception when getPackageInfo :
03-13 14:11:46.726 31192 28159 E PackageUtils: android.content.pm.PackageManager$NameNotFoundException: com.luxpro.vip
03-13 14:11:46.726 31192 28159 E PackageUtils: 	at android.app.ApplicationPackageManager.getPackageInfoAsUser(ApplicationPackageManager.java:259)
03-13 14:11:46.726 31192 28159 E PackageUtils: 	at android.app.ApplicationPackageManager.getPackageInfo(ApplicationPackageManager.java:219)
03-13 14:11:46.726 31192 28159 E PackageUtils: 	at android.app.ApplicationPackageManager.getPackageInfo(ApplicationPackageManager.java:213)
03-13 14:11:46.726 31192 28159 E PackageUtils: 	at L1.h.d(Unknown Source:6)
03-13 14:11:46.726 31192 28159 E PackageUtils: 	at E1.b.b(Unknown Source:13)
03-13 14:11:46.726 31192 28159 E PackageUtils: 	at com.miui.guardprovider.manager.SecurityService$a.B0(Unknown Source:15)
03-13 14:11:46.726 31192 28159 E PackageUtils: 	at com.miui.guardprovider.manager.SecurityService$a.A0(Unknown Source:0)
03-13 14:11:46.726 31192 28159 E PackageUtils: 	at com.miui.guardprovider.manager.a.run(Unknown Source:4)
03-13 14:11:46.726 31192 28159 E PackageUtils: 	at java.util.concurrent.ThreadPoolExecutor.runWorker(ThreadPoolExecutor.java:1156)
03-13 14:11:46.726 31192 28159 E PackageUtils: 	at java.util.concurrent.ThreadPoolExecutor$Worker.run(ThreadPoolExecutor.java:651)
03-13 14:11:46.726 31192 28159 E PackageUtils: 	at java.lang.Thread.run(Thread.java:1119)
03-13 14:11:46.738 28160 28160 E Zygote  : process_name_ptr:28160 com.google.android.apps.maps
03-13 14:11:46.739  3982  3982 E WindowTransitionCompat: TransitionTest wrapRemoteTransition
03-13 14:11:46.739  3982  3982 E WindowTransitionCompat: printLeash::index = 0, root = Surface(name=Transition Root #3480: Task=1#53937)/@0x5652488
03-13 14:11:46.740  3982  3982 E WindowTransitionCompat: 0, check isClosingType type = 2, mode = 3
03-13 14:11:46.740  3982  3982 E WindowTransitionCompat: 1, check isClosingType type = 1, mode = 2
03-13 14:11:46.740  1922  2310 E FileUtils: err open mi_exception_log errno=2
03-13 14:11:46.740  1922  2310 E FileUtils: err write to mi_exception_log
03-13 14:11:46.749  5617  5617 E FileUtils: err write to mi_exception_log
03-13 14:11:46.752 16147 16147 E FileUtils: err write to mi_exception_log
03-13 14:11:46.771  3982  3982 E WindowAnimParamsProvider: getWindowTargetBounds    bounds=Rect(0, 0 - 1080, 2400)
03-13 14:11:46.773  1226  1226 E ANDR-PERF-DATA-POOL: EventDataPool is Full
03-13 14:11:46.773  1226  1226 E ANDR-PERF-MPCTL: perf request submission limit reached.
03-13 14:11:46.779  3982  3982 E ActivityManagerWrapper: get all recent tasks force including 10559
03-13 14:11:46.781 16492 16492 E FileUtils: err write to mi_exception_log
03-13 14:11:46.784  3982  3982 E ActivityManagerWrapper: getRecentTasksForceIncludingTaskIdIfValid: getRecentTasks: size=3
03-13 14:11:46.784  3982  3982 E ActivityManagerWrapper:  mainTaskId=10556   userId=0   windowMode=1   baseIntent=Intent { act=android.intent.action.MAIN flag=287309824 cmp=ComponentInfo{com.facebook.katana/com.facebook.katana.LoginActivity} }
03-13 14:11:46.784  3982  3982 E ActivityManagerWrapper:  mainTaskId=10520   userId=0   windowMode=1   baseIntent=Intent { act=null flag=369098752 cmp=ComponentInfo{com.google.android.googlequicksearchbox/com.google.android.apps.search.assistant.surfaces.voice.robin.main.MainActivity} }
03-13 14:11:46.784  3982  3982 E ActivityManagerWrapper:  mainTaskId=10531   userId=0   windowMode=1   baseIntent=Intent { act=android.intent.action.MAIN flag=270532608 cmp=ComponentInfo{com.android.camera/com.android.camera.Camera} }
03-13 14:11:46.786  1922  1922 E FileUtils: err write to mi_exception_log
03-13 14:11:46.788 16410 16410 E FileUtils: err write to mi_exception_log
03-13 14:11:46.788  1226  1226 E vendor.qti.hardware.perf@2.2-service: Unknown params
03-13 14:11:46.788  1226  1226 E vendor.qti.hardware.perf@2.2-service: Unknown params
03-13 14:11:46.788  1226  1226 E vendor.qti.hardware.perf@2.2-service: Unknown params
03-13 14:11:46.788  1226  1226 E ANDR-PERF-DATA-POOL: EventDataPool is Full
03-13 14:11:46.788  1226  1226 E ANDR-PERF-MPCTL: perf request submission limit reached.
03-13 14:11:46.794  1922  3227 E ProcessManager: error write exception log
03-13 14:11:46.795  3982  3982 E ClipAnimationHelper: updateSourceStack  mSourceInsets=Rect(0, 0 - 0, 0), mSourceStackBounds=Rect(0, 0 - 1080, 2400)
03-13 14:11:46.795  3982  3982 E ClipAnimationHelper: updateHomeStack  mSourceInsets=Rect(0, 0 - 0, 0), mHomeStackBounds=Rect(0, 0 - 1080, 2400)
03-13 14:11:46.795  3982  3982 E ClipAnimationHelper: updateTargetRect  mSourceRect=RectF(0.0, 0.0, 1080.0, 2400.0)   mTargetRect=RectF(0.0, 0.0, 1080.0, 2400.0)   mSourceWindowClipInsets=RectF(0.0, 0.0, 0.0, 0.0)   mHomeStackBounds=Rect(0, 0 - 1080, 2400)   targetRect=Rect(0, 0 - 1080, 2400)
03-13 14:11:46.801  3982  3982 E MultiSpringDynamicAnimationca731a3: ERROR Not Found Bundle SurfaceExtAlpha
03-13 14:11:46.808 28160 28160 E droid.apps.maps: Can't find memory status under: /sys/block/zram0/
03-13 14:11:46.810  3982  3982 E MultiSpringDynamicAnimationca731a3: ERROR Not Found Bundle SurfaceExtAlpha
03-13 14:11:46.810  3982  3982 E MultiSpringDynamicAnimationca731a3: ERROR Not Found Bundle SurfaceExtAlpha
03-13 14:11:46.811  3982  3982 E MultiSpringDynamicAnimation8a26a1a: ERROR Not Found Bundle scaleY
03-13 14:11:46.811  3982  3982 E FileUtils: err write to mi_exception_log
03-13 14:11:46.813  3982  4115 E StateNotifyUtils: sendFsStateBroadCast state=closeWindow   channel=navigation_bar   packageName=
03-13 14:11:46.814 31201 31201 E FileUtils: err write to mi_exception_log
03-13 14:11:46.822  2846  2846 E FileUtils: err write to mi_exception_log
03-13 14:11:46.826  1222  1222 E SDM     : HWCSession::GetClientTargetProperty: GetClinetTargetProperty interface enter
03-13 14:11:46.828  1226  1226 E ANDR-PERF-DATA-POOL: EventDataPool is Full
03-13 14:11:46.828  1226  1226 E ANDR-PERF-MPCTL: perf request submission limit reached.
03-13 14:11:46.837  1222  1222 E SDM     : HWCSession::GetClientTargetProperty: GetClinetTargetProperty interface enter
03-13 14:11:46.838  1226  1226 E ANDR-PERF-DATA-POOL: EventDataPool is Full
03-13 14:11:46.838  1226  1226 E ANDR-PERF-MPCTL: perf request submission limit reached.
03-13 14:11:46.849  1222  1222 E SDM     : HWCSession::GetClientTargetProperty: GetClinetTargetProperty interface enter
03-13 14:11:46.852  1226  1226 E ANDR-PERF-DATA-POOL: EventDataPool is Full
03-13 14:11:46.853  1226  1226 E ANDR-PERF-MPCTL: perf request submission limit reached.
03-13 14:11:46.862  1222  1222 E SDM     : HWCSession::GetClientTargetProperty: GetClinetTargetProperty interface enter
03-13 14:11:46.864  1226  1226 E ANDR-PERF-DATA-POOL: EventDataPool is Full
03-13 14:11:46.864  1226  1226 E ANDR-PERF-MPCTL: perf request submission limit reached.
03-13 14:11:46.878  1222  1222 E SDM     : HWCSession::GetClientTargetProperty: GetClinetTargetProperty interface enter
03-13 14:11:46.879  1226  1226 E ANDR-PERF-DATA-POOL: EventDataPool is Full
03-13 14:11:46.879  1226  1226 E ANDR-PERF-MPCTL: perf request submission limit reached.
03-13 14:11:46.885  3947  3947 E FileUtils: err write to mi_exception_log
03-13 14:11:46.890  1226  1226 E vendor.qti.hardware.perf@2.2-service: Unknown params
03-13 14:11:46.890  1226  1226 E vendor.qti.hardware.perf@2.2-service: Unknown params
03-13 14:11:46.890  1226  1226 E vendor.qti.hardware.perf@2.2-service: Unknown params
03-13 14:11:46.890  1226  1226 E ANDR-PERF-DATA-POOL: EventDataPool is Full
03-13 14:11:46.890  1226  1226 E ANDR-PERF-MPCTL: perf request submission limit reached.
03-13 14:11:46.890  1922  3227 E ProcessManager: error write exception log
03-13 14:11:46.898  1222  1222 E SDM     : HWCSession::GetClientTargetProperty: GetClinetTargetProperty interface enter
03-13 14:11:46.898  1226  1226 E ANDR-PERF-DATA-POOL: EventDataPool is Full
03-13 14:11:46.898  1226  1226 E ANDR-PERF-MPCTL: perf request submission limit reached.
03-13 14:11:46.911  1222  1222 E SDM     : HWCSession::GetClientTargetProperty: GetClinetTargetProperty interface enter
03-13 14:11:46.911 16473 16473 E FileUtils: err write to mi_exception_log
03-13 14:11:46.911  1226  1226 E ANDR-PERF-DATA-POOL: EventDataPool is Full
03-13 14:11:46.911  1226  1226 E ANDR-PERF-MPCTL: perf request submission limit reached.
03-13 14:11:46.925  1222  1222 E SDM     : HWCSession::GetClientTargetProperty: GetClinetTargetProperty interface enter
03-13 14:11:46.925  1226  1226 E ANDR-PERF-DATA-POOL: EventDataPool is Full
03-13 14:11:46.925  1226  1226 E ANDR-PERF-MPCTL: perf request submission limit reached.
03-13 14:11:46.925 16147 28157 E RoleControllerServiceImpl: Default/fallback role holder package doesn't qualify for the role, package: com.google.android.gms.supervision, role: android.app.role.SYSTEM_SUPERVISION, user: 0
03-13 14:11:46.937  1222  1222 E SDM     : HWCSession::GetClientTargetProperty: GetClinetTargetProperty interface enter
03-13 14:11:46.940  1226  1226 E ANDR-PERF-DATA-POOL: EventDataPool is Full
03-13 14:11:46.940  1226  1226 E ANDR-PERF-MPCTL: perf request submission limit reached.
03-13 14:11:46.947  1222  1222 E SDM     : HWCSession::GetClientTargetProperty: GetClinetTargetProperty interface enter
03-13 14:11:46.948  1226  1226 E ANDR-PERF-DATA-POOL: EventDataPool is Full
03-13 14:11:46.948  1226  1226 E ANDR-PERF-MPCTL: perf request submission limit reached.
03-13 14:11:46.960  1222  1222 E SDM     : HWCSession::GetClientTargetProperty: GetClinetTargetProperty interface enter
03-13 14:11:46.960  1226  1226 E ANDR-PERF-DATA-POOL: EventDataPool is Full
03-13 14:11:46.960  1226  1226 E ANDR-PERF-MPCTL: perf request submission limit reached.
03-13 14:11:46.973  1222  1222 E SDM     : HWCSession::GetClientTargetProperty: GetClinetTargetProperty interface enter
03-13 14:11:46.973  1226  1226 E ANDR-PERF-DATA-POOL: EventDataPool is Full
03-13 14:11:46.973  1226  1226 E ANDR-PERF-MPCTL: perf request submission limit reached.
03-13 14:11:46.985  1222  1222 E SDM     : HWCSession::GetClientTargetProperty: GetClinetTargetProperty interface enter
03-13 14:11:46.985  1226  1226 E ANDR-PERF-DATA-POOL: EventDataPool is Full
03-13 14:11:46.985  1226  1226 E ANDR-PERF-MPCTL: perf request submission limit reached.
03-13 14:11:46.997  1222  1222 E SDM     : HWCSession::GetClientTargetProperty: GetClinetTargetProperty interface enter
03-13 14:11:46.999  1226  1226 E ANDR-PERF-DATA-POOL: EventDataPool is Full
03-13 14:11:46.999  1226  1226 E ANDR-PERF-MPCTL: perf request submission limit reached.
03-13 14:11:47.004  1222  1222 E SDM     : HWCSession::GetClientTargetProperty: GetClinetTargetProperty interface enter
03-13 14:11:47.004  1226  1226 E ANDR-PERF-DATA-POOL: EventDataPool is Full
03-13 14:11:47.004  1226  1226 E ANDR-PERF-MPCTL: perf request submission limit reached.
03-13 14:11:47.011  1222  1222 E SDM     : HWCSession::GetClientTargetProperty: GetClinetTargetProperty interface enter
03-13 14:11:47.012  1226  1226 E ANDR-PERF-DATA-POOL: EventDataPool is Full
03-13 14:11:47.012  1226  1226 E ANDR-PERF-MPCTL: perf request submission limit reached.
03-13 14:11:47.020  1222  1222 E SDM     : HWCSession::GetClientTargetProperty: GetClinetTargetProperty interface enter
03-13 14:11:47.020  1226  1226 E ANDR-PERF-DATA-POOL: EventDataPool is Full
03-13 14:11:47.020  1226  1226 E ANDR-PERF-MPCTL: perf request submission limit reached.
03-13 14:11:47.015 28141 28141 E FileUtils: err open mi_exception_log errno=2
03-13 14:11:47.022 28141 28141 E FileUtils: err write to mi_exception_log
03-13 14:11:47.029  1222  1222 E SDM     : HWCSession::GetClientTargetProperty: GetClinetTargetProperty interface enter
03-13 14:11:47.029  1226  1226 E ANDR-PERF-DATA-POOL: EventDataPool is Full
03-13 14:11:47.029  1226  1226 E ANDR-PERF-MPCTL: perf request submission limit reached.
03-13 14:11:47.037  1222  1222 E SDM     : HWCSession::GetClientTargetProperty: GetClinetTargetProperty interface enter
03-13 14:11:47.037  1226  1226 E ANDR-PERF-DATA-POOL: EventDataPool is Full
03-13 14:11:47.037  1226  1226 E ANDR-PERF-MPCTL: perf request submission limit reached.
03-13 14:11:47.045  1222  1222 E SDM     : HWCSession::GetClientTargetProperty: GetClinetTargetProperty interface enter
03-13 14:11:47.046  1226  1226 E ANDR-PERF-DATA-POOL: EventDataPool is Full
03-13 14:11:47.046  1226  1226 E ANDR-PERF-MPCTL: perf request submission limit reached.
03-13 14:11:47.053  1222  1222 E SDM     : HWCSession::GetClientTargetProperty: GetClinetTargetProperty interface enter
03-13 14:11:47.054  1226  1226 E ANDR-PERF-DATA-POOL: EventDataPool is Full
03-13 14:11:47.054  1226  1226 E ANDR-PERF-MPCTL: perf request submission limit reached.
03-13 14:11:47.062  1222  1222 E SDM     : HWCSession::GetClientTargetProperty: GetClinetTargetProperty interface enter
03-13 14:11:47.062  1226  1226 E ANDR-PERF-DATA-POOL: EventDataPool is Full
03-13 14:11:47.062  1226  1226 E ANDR-PERF-MPCTL: perf request submission limit reached.
03-13 14:11:47.069  1222  1222 E SDM     : HWCSession::GetClientTargetProperty: GetClinetTargetProperty interface enter
03-13 14:11:47.070  1226  1226 E ANDR-PERF-DATA-POOL: EventDataPool is Full
03-13 14:11:47.070  1226  1226 E ANDR-PERF-MPCTL: perf request submission limit reached.
03-13 14:11:47.077  1222  1222 E SDM     : HWCSession::GetClientTargetProperty: GetClinetTargetProperty interface enter
03-13 14:11:47.078  1226  1226 E ANDR-PERF-DATA-POOL: EventDataPool is Full
03-13 14:11:47.078  1226  1226 E ANDR-PERF-MPCTL: perf request submission limit reached.
03-13 14:11:47.086  1222  1222 E SDM     : HWCSession::GetClientTargetProperty: GetClinetTargetProperty interface enter
03-13 14:11:47.086  1226  1226 E ANDR-PERF-DATA-POOL: EventDataPool is Full
03-13 14:11:47.086  1226  1226 E ANDR-PERF-MPCTL: perf request submission limit reached.
03-13 14:11:47.094  1222  1222 E SDM     : HWCSession::GetClientTargetProperty: GetClinetTargetProperty interface enter
03-13 14:11:47.095  1226  1226 E ANDR-PERF-DATA-POOL: EventDataPool is Full
03-13 14:11:47.095  1226  1226 E ANDR-PERF-MPCTL: perf request submission limit reached.
03-13 14:11:47.102  1222  1222 E SDM     : HWCSession::GetClientTargetProperty: GetClinetTargetProperty interface enter
03-13 14:11:47.104  1226  1226 E ANDR-PERF-DATA-POOL: EventDataPool is Full
03-13 14:11:47.104  1226  1226 E ANDR-PERF-MPCTL: perf request submission limit reached.
03-13 14:11:47.114  1222  1222 E SDM     : HWCSession::GetClientTargetProperty: GetClinetTargetProperty interface enter
03-13 14:11:47.114  1226  1226 E ANDR-PERF-DATA-POOL: EventDataPool is Full
03-13 14:11:47.114  1226  1226 E ANDR-PERF-MPCTL: perf request submission limit reached.
03-13 14:11:47.119  1222  1222 E SDM     : HWCSession::GetClientTargetProperty: GetClinetTargetProperty interface enter
03-13 14:11:47.120  1226  1226 E ANDR-PERF-DATA-POOL: EventDataPool is Full
03-13 14:11:47.120  1226  1226 E ANDR-PERF-MPCTL: perf request submission limit reached.
03-13 14:11:47.177  1922 23888 E JavaBinder: !!! FAILED BINDER TRANSACTION !!!  (parcel size = 576636)
03-13 14:11:47.229  3982  4115 E InstallApkReceiver: uninstall:package:com.luxpro.vip
03-13 14:11:47.275 28122 28122 E FileUtils: err open mi_exception_log errno=2
03-13 14:11:47.275 28122 28122 E FileUtils: err write to mi_exception_log
03-13 14:11:47.310  1922 28190 E JavaBinder: !!! FAILED BINDER TRANSACTION !!!  (parcel size = 576520)
03-13 14:11:47.323  1226  1226 E vendor.qti.hardware.perf@2.2-service: Unknown params
03-13 14:11:47.345 28122 28122 E FileUtils: err write to mi_exception_log
03-13 14:11:47.387  1922  7693 E PermissionManager: Missing permissions state for com.luxpro.vip and user 0
03-13 14:11:47.388  8551 27500 E PermissionManagerProvider:  getPackageInfo is null packageName : com.luxpro.vip
03-13 14:11:47.396  8844 27984 E PhSharedDirectoryWriter: Failed to delete the CE shared dir for Android package: com.luxpro.vip. [CONTEXT service_id=51 ]
03-13 14:11:47.396  8844 27984 E PhSharedDirectoryWriter: java.lang.IllegalStateException: Failed to delete directory
03-13 14:11:47.396  8844 27984 E PhSharedDirectoryWriter: 	at gvdl.r(:com.google.android.gms@260931029@26.09.31 (190400-877989800):10)
03-13 14:11:47.396  8844 27984 E PhSharedDirectoryWriter: 	at etzz.a(:com.google.android.gms@260931029@26.09.31 (190400-877989800):87)
03-13 14:11:47.396  8844 27984 E PhSharedDirectoryWriter: 	at com.google.android.gms.phenotype.notification.PackagesChangedIntentOperation.onHandleIntent(:com.google.android.gms@260931029@26.09.31 (190400-877989800):105)
